# timestamp  face |bytes    packets errs drop fifo frame compressed multicast|bytes    packets errs drop fifo colls carrier compressed
1777810712.935023148     lo:   26844     352    0    0    0     0          0         0    26844     352    0    0    0     0       0          0
1777810712.935023148 enP1p1s0: 18192554063 65129360    0    0    0     0          0        40 18192554719 65129369    0    4    0     0       0          0
1777810712.935023148   eth0:       0       0    0    0    0     0          0         0        0       0    0    0    0     0       0          0
1777810712.935023148  wlan0:  323275    1982    0    0    0     0          0         6   220140    1853    0    0    0     0       0          0
1777810713.946258072     lo:   26844     352    0    0    0     0          0         0    26844     352    0    0    0     0       0          0
1777810713.946258072 enP1p1s0: 18192554063 65129360    0    0    0     0          0        40 18192554719 65129369    0    4    0     0       0          0
1777810713.946258072   eth0:       0       0    0    0    0     0          0         0        0       0    0    0    0     0       0          0
1777810713.946258072  wlan0:  327727    2033    0    0    0     0          0         6   225042    1900    0    0    0     0       0          0
1777810714.955375952     lo:   26844     352    0    0    0     0          0         0    26844     352    0    0    0     0       0          0
1777810714.955375952 enP1p1s0: 18192554063 65129360    0    0    0     0          0        40 18192554719 65129369    0    4    0     0       0          0
1777810714.955375952   eth0:       0       0    0    0    0     0          0         0        0       0    0    0    0     0       0          0
1777810714.955375952  wlan0:  332215    2084    0    0    0     0          0         6   230244    1951    0    0    0     0       0          0
1777810715.964696907     lo:   26844     352    0    0    0     0          0         0    26844     352    0    0    0     0       0          0
1777810715.964696907 enP1p1s0: 18192554063 65129360    0    0    0     0          0        40 18192554719 65129369    0    4    0     0       0          0
1777810715.964696907   eth0:       0       0    0    0    0     0          0         0        0       0    0    0    0     0       0          0
1777810715.964696907  wlan0:  334431    2110    0    0    0     0          0         6   232842    1976    0    0    0     0       0          0
1777810716.973936751     lo:   26844     352    0    0    0     0          0         0    26844     352    0    0    0     0       0          0
1777810716.973936751 enP1p1s0: 18192554063 65129360    0    0    0     0          0        40 18192554719 65129369    0    4    0     0       0          0
1777810716.973936751   eth0:       0       0    0    0    0     0          0         0        0       0    0    0    0     0       0          0
1777810716.973936751  wlan0:  334431    2110    0    0    0     0          0         6   232842    1976    0    0    0     0       0          0
1777810717.983032260     lo:   26844     352    0    0    0     0          0         0    26844     352    0    0    0     0       0          0
1777810717.983032260 enP1p1s0: 18192554063 65129360    0    0    0     0          0        40 18192554719 65129369    0    4    0     0       0          0
1777810717.983032260   eth0:       0       0    0    0    0     0          0         0        0       0    0    0    0     0       0          0
1777810717.983032260  wlan0:  334431    2110    0    0    0     0          0         6   232842    1976    0    0    0     0       0          0
1777810718.992111844     lo:   26844     352    0    0    0     0          0         0    26844     352    0    0    0     0       0          0
1777810718.992111844 enP1p1s0: 18192554063 65129360    0    0    0     0          0        40 18192554719 65129369    0    4    0     0       0          0
1777810718.992111844   eth0:       0       0    0    0    0     0          0         0        0       0    0    0    0     0       0          0
1777810718.992111844  wlan0:  334431    2110    0    0    0     0          0         6   232842    1976    0    0    0     0       0          0
1777810720.001164501     lo:   26844     352    0    0    0     0          0         0    26844     352    0    0    0     0       0          0
1777810720.001164501 enP1p1s0: 18192554063 65129360    0    0    0     0          0        40 18192554719 65129369    0    4    0     0       0          0
1777810720.001164501   eth0:       0       0    0    0    0     0          0         0        0       0    0    0    0     0       0          0
1777810720.001164501  wlan0:  334431    2110    0    0    0     0          0         6   232842    1976    0    0    0     0       0          0
1777810721.010242677     lo:   26844     352    0    0    0     0          0         0    26844     352    0    0    0     0       0          0
1777810721.010242677 enP1p1s0: 18192554063 65129360    0    0    0     0          0        40 18192554719 65129369    0    4    0     0       0          0
1777810721.010242677   eth0:       0       0    0    0    0     0          0         0        0       0    0    0    0     0       0          0
1777810721.010242677  wlan0:  334483    2111    0    0    0     0          0         6   232992    1977    0    0    0     0       0          0
1777810722.019265409     lo:   26844     352    0    0    0     0          0         0    26844     352    0    0    0     0       0          0
1777810722.019265409 enP1p1s0: 18192554063 65129360    0    0    0     0          0        40 18192554719 65129369    0    4    0     0       0          0
1777810722.019265409   eth0:       0       0    0    0    0     0          0         0        0       0    0    0    0     0       0          0
1777810722.019265409  wlan0:  334483    2111    0    0    0     0          0         6   232992    1977    0    0    0     0       0          0
1777810723.028303455     lo:   26844     352    0    0    0     0          0         0    26844     352    0    0    0     0       0          0
1777810723.028303455 enP1p1s0: 18192554063 65129360    0    0    0     0          0        40 18192554719 65129369    0    4    0     0       0          0
1777810723.028303455   eth0:       0       0    0    0    0     0          0         0        0       0    0    0    0     0       0          0
1777810723.028303455  wlan0:  334699    2112    0    0    0     0          0         6   233222    1978    0    0    0     0       0          0
1777810724.037321464     lo:   26844     352    0    0    0     0          0         0    26844     352    0    0    0     0       0          0
1777810724.037321464 enP1p1s0: 18192554063 65129360    0    0    0     0          0        40 18192554719 65129369    0    4    0     0       0          0
1777810724.037321464   eth0:       0       0    0    0    0     0          0         0        0       0    0    0    0     0       0          0
1777810724.037321464  wlan0:  334699    2112    0    0    0     0          0         6   233222    1978    0    0    0     0       0          0
1777810725.046387170     lo:   26844     352    0    0    0     0          0         0    26844     352    0    0    0     0       0          0
1777810725.046387170 enP1p1s0: 18192554063 65129360    0    0    0     0          0        40 18192554719 65129369    0    4    0     0       0          0
1777810725.046387170   eth0:       0       0    0    0    0     0          0         0        0       0    0    0    0     0       0          0
1777810725.046387170  wlan0:  335563    2116    0    0    0     0          0         6   234142    1982    0    0    0     0       0          0
1777810726.055452947     lo:   26844     352    0    0    0     0          0         0    26844     352    0    0    0     0       0          0
1777810726.055452947 enP1p1s0: 18192554063 65129360    0    0    0     0          0        40 18192554719 65129369    0    4    0     0       0          0
1777810726.055452947   eth0:       0       0    0    0    0     0          0         0        0       0    0    0    0     0       0          0
1777810726.055452947  wlan0:  335615    2117    0    0    0     0          0         6   234292    1983    0    0    0     0       0          0
1777810727.064522335     lo:   26844     352    0    0    0     0          0         0    26844     352    0    0    0     0       0          0
1777810727.064522335 enP1p1s0: 18192554063 65129360    0    0    0     0          0        40 18192554719 65129369    0    4    0     0       0          0
1777810727.064522335   eth0:       0       0    0    0    0     0          0         0        0       0    0    0    0     0       0          0
1777810727.064522335  wlan0:  335615    2117    0    0    0     0          0         6   234292    1983    0    0    0     0       0          0
1777810728.074673300     lo:   26844     352    0    0    0     0          0         0    26844     352    0    0    0     0       0          0
1777810728.074673300 enP1p1s0: 18237925615 65159328    0    0    0     0          0        40 18237894477 65159316    0    4    0     0       0          0
1777810728.074673300   eth0:       0       0    0    0    0     0          0         0        0       0    0    0    0     0       0          0
1777810728.074673300  wlan0:  335643    2118    0    0    0     0          0         6   234334    1984    0    0    0     0       0          0
1777810729.086234177     lo:   26844     352    0    0    0     0          0         0    26844     352    0    0    0     0       0          0
1777810729.086234177 enP1p1s0: 18362396097 65241541    0    0    0     0          0        40 18362330137 65241506    0    4    0     0       0          0
1777810729.086234177   eth0:       0       0    0    0    0     0          0         0        0       0    0    0    0     0       0          0
1777810729.086234177  wlan0:  335643    2118    0    0    0     0          0         6   234334    1984    0    0    0     0       0          0
1777810730.097891758     lo:   26844     352    0    0    0     0          0         0    26844     352    0    0    0     0       0          0
1777810730.097891758 enP1p1s0: 18486875663 65323760    0    0    0     0          0        40 18486836955 65323743    0    4    0     0       0          0
1777810730.097891758   eth0:       0       0    0    0    0     0          0         0        0       0    0    0    0     0       0          0
1777810730.097891758  wlan0:  335643    2118    0    0    0     0          0         6   234334    1984    0    0    0     0       0          0
1777810731.109505432     lo:   26844     352    0    0    0     0          0         0    26844     352    0    0    0     0       0          0
1777810731.109505432 enP1p1s0: 18611362799 65405984    0    0    0     0          0        40 18611319549 65405964    0    4    0     0       0          0
1777810731.109505432   eth0:       0       0    0    0    0     0          0         0        0       0    0    0    0     0       0          0
1777810731.109505432  wlan0:  335643    2118    0    0    0     0          0         6   234484    1985    0    0    0     0       0          0
1777810732.121194661     lo:   26844     352    0    0    0     0          0         0    26844     352    0    0    0     0       0          0
1777810732.121194661 enP1p1s0: 18735462351 65487952    0    0    0     0          0        40 18735426671 65487937    0    4    0     0       0          0
1777810732.121194661   eth0:       0       0    0    0    0     0          0         0        0       0    0    0    0     0       0          0
1777810732.121194661  wlan0:  335695    2119    0    0    0     0          0         6   234484    1985    0    0    0     0       0          0
1777810733.132872853     lo:   26844     352    0    0    0     0          0         0    26844     352    0    0    0     0       0          0
1777810733.132872853 enP1p1s0: 18859949607 65570178    0    0    0     0          0        40 18859929067 65570173    0    4    0     0       0          0
1777810733.132872853   eth0:       0       0    0    0    0     0          0         0        0       0    0    0    0     0       0          0
1777810733.132872853  wlan0:  335695    2119    0    0    0     0          0         6   234484    1985    0    0    0     0       0          0
1777810734.144476693     lo:   26844     352    0    0    0     0          0         0    26844     352    0    0    0     0       0          0
1777810734.144476693 enP1p1s0: 18984421603 65652392    0    0    0     0          0        40 18984370783 65652367    0    4    0     0       0          0
1777810734.144476693   eth0:       0       0    0    0    0     0          0         0        0       0    0    0    0     0       0          0
1777810734.144476693  wlan0:  335695    2119    0    0    0     0          0         6   234484    1985    0    0    0     0       0          0
1777810735.156121478     lo:   26844     352    0    0    0     0          0         0    26844     352    0    0    0     0       0          0
1777810735.156121478 enP1p1s0: 19108908739 65734616    0    0    0     0          0        40 19108854891 65734589    0    4    0     0       0          0
1777810735.156121478   eth0:       0       0    0    0    0     0          0         0        0       0    0    0    0     0       0          0
1777810735.156121478  wlan0:  335695    2119    0    0    0     0          0         6   234484    1985    0    0    0     0       0          0
1777810736.167981819     lo:   26844     352    0    0    0     0          0         0    26844     352    0    0    0     0       0          0
1777810736.167981819 enP1p1s0: 19233397389 65816841    0    0    0     0          0        40 19233360195 65816825    0    4    0     0       0          0
1777810736.167981819   eth0:       0       0    0    0    0     0          0         0        0       0    0    0    0     0       0          0
1777810736.167981819  wlan0:  335747    2120    0    0    0     0          0         6   234634    1986    0    0    0     0       0          0
1777810737.179488584     lo:   26844     352    0    0    0     0          0         0    26844     352    0    0    0     0       0          0
1777810737.179488584 enP1p1s0: 19357846675 65899040    0    0    0     0          0        40 19357815537 65899028    0    4    0     0       0          0
1777810737.179488584   eth0:       0       0    0    0    0     0          0         0        0       0    0    0    0     0       0          0
1777810737.179488584  wlan0:  335747    2120    0    0    0     0          0         6   234634    1986    0    0    0     0       0          0
1777810738.191072424     lo:   26844     352    0    0    0     0          0         0    26844     352    0    0    0     0       0          0
1777810738.191072424 enP1p1s0: 19482329269 65981261    0    0    0     0          0        40 19482269365 65981230    0    4    0     0       0          0
1777810738.191072424   eth0:       0       0    0    0    0     0          0         0        0       0    0    0    0     0       0          0
1777810738.191072424  wlan0:  335747    2120    0    0    0     0          0         6   234634    1986    0    0    0     0       0          0
1777810739.202679820     lo:   26844     352    0    0    0     0          0         0    26844     352    0    0    0     0       0          0
1777810739.202679820 enP1p1s0: 19606778555 66063460    0    0    0     0          0        40 19606751959 66063451    0    4    0     0       0          0
1777810739.202679820   eth0:       0       0    0    0    0     0          0         0        0       0    0    0    0     0       0          0
1777810739.202679820  wlan0:  335747    2120    0    0    0     0          0         6   234634    1986    0    0    0     0       0          0
1777810740.214460068     lo:   26844     352    0    0    0     0          0         0    26844     352    0    0    0     0       0          0
1777810740.214460068 enP1p1s0: 19731265691 66145684    0    0    0     0          0        40 19731228497 66145668    0    4    0     0       0          0
1777810740.214460068   eth0:       0       0    0    0    0     0          0         0        0       0    0    0    0     0       0          0
1777810740.214460068  wlan0:  335747    2120    0    0    0     0          0         6   234634    1986    0    0    0     0       0          0
1777810741.226344539     lo:   26844     352    0    0    0     0          0         0    26844     352    0    0    0     0       0          0
1777810741.226344539 enP1p1s0: 19855770995 66227920    0    0    0     0          0        40 19855738343 66227907    0    4    0     0       0          0
1777810741.226344539   eth0:       0       0    0    0    0     0          0         0        0       0    0    0    0     0       0          0
1777810741.226344539  wlan0:  335799    2121    0    0    0     0          0         6   234784    1987    0    0    0     0       0          0
1777810742.237985490     lo:   26844     352    0    0    0     0          0         0    26844     352    0    0    0     0       0          0
1777810742.237985490 enP1p1s0: 19980264187 66310148    0    0    0     0          0        40 19980222451 66310129    0    4    0     0       0          0
1777810742.237985490   eth0:       0       0    0    0    0     0          0         0        0       0    0    0    0     0       0          0
1777810742.237985490  wlan0:  335799    2121    0    0    0     0          0         6   234784    1987    0    0    0     0       0          0
1777810743.249700460     lo:   26844     352    0    0    0     0          0         0    26844     352    0    0    0     0       0          0
1777810743.249700460 enP1p1s0: 20104739211 66392364    0    0    0     0          0        40 20104702017 66392348    0    4    0     0       0          0
1777810743.249700460   eth0:       0       0    0    0    0     0          0         0        0       0    0    0    0     0       0          0
1777810743.249700460  wlan0:  335799    2121    0    0    0     0          0         6   234784    1987    0    0    0     0       0          0
1777810744.261391134     lo:   26844     352    0    0    0     0          0         0    26844     352    0    0    0     0       0          0
1777810744.261391134 enP1p1s0: 20229220291 66474584    0    0    0     0          0        40 20229186125 66474570    0    4    0     0       0          0
1777810744.261391134   eth0:       0       0    0    0    0     0          0         0        0       0    0    0    0     0       0          0
1777810744.261391134  wlan0:  335799    2121    0    0    0     0          0         6   234784    1987    0    0    0     0       0          0
1777810745.273225253     lo:   26844     352    0    0    0     0          0         0    26844     352    0    0    0     0       0          0
1777810745.273225253 enP1p1s0: 20353719539 66556816    0    0    0     0          0        40 20353692943 66556807    0    4    0     0       0          0
1777810745.273225253   eth0:       0       0    0    0    0     0          0         0        0       0    0    0    0     0       0          0
1777810745.273225253  wlan0:  335799    2121    0    0    0     0          0         6   234784    1987    0    0    0     0       0          0
1777810746.285082112     lo:   26844     352    0    0    0     0          0         0    26844     352    0    0    0     0       0          0
1777810746.285082112 enP1p1s0: 20478224843 66639052    0    0    0     0          0        40 20478175537 66639028    0    4    0     0       0          0
1777810746.285082112   eth0:       0       0    0    0    0     0          0         0        0       0    0    0    0     0       0          0
1777810746.285082112  wlan0:  335851    2122    0    0    0     0          0         6   234934    1988    0    0    0     0       0          0
1777810747.296936860     lo:   26844     352    0    0    0     0          0         0    26844     352    0    0    0     0       0          0
1777810747.296936860 enP1p1s0: 20602736203 66721292    0    0    0     0          0        40 20602658131 66721249    0    4    0     0       0          0
1777810747.296936860   eth0:       0       0    0    0    0     0          0         0        0       0    0    0    0     0       0          0
1777810747.296936860  wlan0:  335851    2122    0    0    0     0          0         6   234934    1988    0    0    0     0       0          0
1777810748.308996535     lo:   26844     352    0    0    0     0          0         0    26844     352    0    0    0     0       0          0
1777810748.308996535 enP1p1s0: 20727259675 66803540    0    0    0     0          0        40 20727211883 66803517    0    4    0     0       0          0
1777810748.308996535   eth0:       0       0    0    0    0     0          0         0        0       0    0    0    0     0       0          0
1777810748.308996535  wlan0:  335851    2122    0    0    0     0          0         6   234934    1988    0    0    0     0       0          0
1777810749.320577079     lo:   26844     352    0    0    0     0          0         0    26844     352    0    0    0     0       0          0
1777810749.320577079 enP1p1s0: 20851739241 66885759    0    0    0     0          0        40 20851694477 66885738    0    4    0     0       0          0
1777810749.320577079   eth0:       0       0    0    0    0     0          0         0        0       0    0    0    0     0       0          0
1777810749.320577079  wlan0:  335851    2122    0    0    0     0          0         6   234934    1988    0    0    0     0       0          0
1777810750.332142085     lo:   26844     352    0    0    0     0          0         0    26844     352    0    0    0     0       0          0
1777810750.332142085 enP1p1s0: 20976170359 66967946    0    0    0     0          0        40 20976105913 66967912    0    4    0     0       0          0
1777810750.332142085   eth0:       0       0    0    0    0     0          0         0        0       0    0    0    0     0       0          0
1777810750.332142085  wlan0:  335851    2122    0    0    0     0          0         6   234934    1988    0    0    0     0       0          0
1777810751.343912852     lo:   26844     352    0    0    0     0          0         0    26844     352    0    0    0     0       0          0
1777810751.343912852 enP1p1s0: 21100672635 67050180    0    0    0     0          0        40 21100588507 67050133    0    4    0     0       0          0
1777810751.343912852   eth0:       0       0    0    0    0     0          0         0        0       0    0    0    0     0       0          0
1777810751.343912852  wlan0:  335903    2123    0    0    0     0          0         6   235084    1989    0    0    0     0       0          0
1777810752.355514174     lo:   26844     352    0    0    0     0          0         0    26844     352    0    0    0     0       0          0
1777810752.355514174 enP1p1s0: 21225108295 67132370    0    0    0     0          0        40 21225062017 67132348    0    4    0     0       0          0
1777810752.355514174   eth0:       0       0    0    0    0     0          0         0        0       0    0    0    0     0       0          0
1777810752.355514174  wlan0:  335903    2123    0    0    0     0          0         6   235084    1989    0    0    0     0       0          0
1777810753.367073828     lo:   26844     352    0    0    0     0          0         0    26844     352    0    0    0     0       0          0
1777810753.367073828 enP1p1s0: 21349556067 67214568    0    0    0     0          0        40 21349543097 67214568    0    4    0     0       0          0
1777810753.367073828   eth0:       0       0    0    0    0     0          0         0        0       0    0    0    0     0       0          0
1777810753.367073828  wlan0:  335903    2123    0    0    0     0          0         6   235084    1989    0    0    0     0       0          0
1777810754.378659428     lo:   26844     352    0    0    0     0          0         0    26844     352    0    0    0     0       0          0
1777810754.378659428 enP1p1s0: 21474034119 67296786    0    0    0     0          0        40 21473971187 67296753    0    4    0     0       0          0
1777810754.378659428   eth0:       0       0    0    0    0     0          0         0        0       0    0    0    0     0       0          0
1777810754.378659428  wlan0:  335903    2123    0    0    0     0          0         6   235084    1989    0    0    0     0       0          0
1777810755.390374842     lo:   26844     352    0    0    0     0          0         0    26844     352    0    0    0     0       0          0
1777810755.390374842 enP1p1s0: 21598494003 67378992    0    0    0     0          0        40 21598438641 67378964    0    4    0     0       0          0
1777810755.390374842   eth0:       0       0    0    0    0     0          0         0        0       0    0    0    0     0       0          0
1777810755.390374842  wlan0:  335903    2123    0    0    0     0          0         6   235084    1989    0    0    0     0       0          0
1777810756.401981293     lo:   26844     352    0    0    0     0          0         0    26844     352    0    0    0     0       0          0
1777810756.401981293 enP1p1s0: 21722962971 67461204    0    0    0     0          0        40 21722933347 67461193    0    4    0     0       0          0
1777810756.401981293   eth0:       0       0    0    0    0     0          0         0        0       0    0    0    0     0       0          0
1777810756.401981293  wlan0:  335955    2124    0    0    0     0          0         6   235234    1990    0    0    0     0       0          0
1777810757.414123691     lo:   26844     352    0    0    0     0          0         0    26844     352    0    0    0     0       0          0
1777810757.414123691 enP1p1s0: 21847516723 67543472    0    0    0     0          0        40 21847487099 67543461    0    4    0     0       0          0
1777810757.414123691   eth0:       0       0    0    0    0     0          0         0        0       0    0    0    0     0       0          0
1777810757.414123691  wlan0:  335955    2124    0    0    0     0          0         6   235234    1990    0    0    0     0       0          0
1777810758.427428610     lo:   26844     352    0    0    0     0          0         0    26844     352    0    0    0     0       0          0
1777810758.427428610 enP1p1s0: 21972318771 67625904    0    0    0     0          0        40 21972245241 67625864    0    4    0     0       0          0
1777810758.427428610   eth0:       0       0    0    0    0     0          0         0        0       0    0    0    0     0       0          0
1777810758.427428610  wlan0:  335955    2124    0    0    0     0          0         6   235234    1990    0    0    0     0       0          0
1777810759.443996021     lo:   26844     352    0    0    0     0          0         0    26844     352    0    0    0     0       0          0
1777810759.443996021 enP1p1s0: 22097266163 67708432    0    0    0     0          0        40 22097260763 67708437    0    4    0     0       0          0
1777810759.443996021   eth0:       0       0    0    0    0     0          0         0        0       0    0    0    0     0       0          0
1777810759.443996021  wlan0:  335955    2124    0    0    0     0          0         6   235234    1990    0    0    0     0       0          0
1777810760.456143011     lo:   26844     352    0    0    0     0          0         0    26844     352    0    0    0     0       0          0
1777810760.456143011 enP1p1s0: 22221795691 67790684    0    0    0     0          0        40 22221753955 67790665    0    4    0     0       0          0
1777810760.456143011   eth0:       0       0    0    0    0     0          0         0        0       0    0    0    0     0       0          0
1777810760.456143011  wlan0:  335955    2124    0    0    0     0          0         6   235234    1990    0    0    0     0       0          0
1777810761.468346834     lo:   26844     352    0    0    0     0          0         0    26844     352    0    0    0     0       0          0
1777810761.468346834 enP1p1s0: 22346361555 67872960    0    0    0     0          0        40 22346307707 67872933    0    4    0     0       0          0
1777810761.468346834   eth0:       0       0    0    0    0     0          0         0        0       0    0    0    0     0       0          0
1777810761.468346834  wlan0:  336007    2125    0    0    0     0          0         6   235384    1991    0    0    0     0       0          0
1777810762.480572954     lo:   26844     352    0    0    0     0          0         0    26844     352    0    0    0     0       0          0
1777810762.480572954 enP1p1s0: 22470885027 67955208    0    0    0     0          0        40 22470837235 67955185    0    4    0     0       0          0
1777810762.480572954   eth0:       0       0    0    0    0     0          0         0        0       0    0    0    0     0       0          0
1777810762.480572954  wlan0:  336007    2125    0    0    0     0          0         6   235384    1991    0    0    0     0       0          0
1777810763.492541036     lo:   26844     352    0    0    0     0          0         0    26844     352    0    0    0     0       0          0
1777810763.492541036 enP1p1s0: 22595366107 68037428    0    0    0     0          0        40 22595354651 68037429    0    4    0     0       0          0
1777810763.492541036   eth0:       0       0    0    0    0     0          0         0        0       0    0    0    0     0       0          0
1777810763.492541036  wlan0:  336007    2125    0    0    0     0          0         6   235384    1991    0    0    0     0       0          0
1777810764.504546433     lo:   26844     352    0    0    0     0          0         0    26844     352    0    0    0     0       0          0
1777810764.504546433 enP1p1s0: 22719895635 68119680    0    0    0     0          0        40 22719826647 68119643    0    4    0     0       0          0
1777810764.504546433   eth0:       0       0    0    0    0     0          0         0        0       0    0    0    0     0       0          0
1777810764.504546433  wlan0:  336007    2125    0    0    0     0          0         6   235384    1991    0    0    0     0       0          0
1777810765.516475441     lo:   26844     352    0    0    0     0          0         0    26844     352    0    0    0     0       0          0
1777810765.516475441 enP1p1s0: 22844413051 68201924    0    0    0     0          0        40 22844356175 68201895    0    4    0     0       0          0
1777810765.516475441   eth0:       0       0    0    0    0     0          0         0        0       0    0    0    0     0       0          0
1777810765.516475441  wlan0:  336007    2125    0    0    0     0          0         6   235384    1991    0    0    0     0       0          0
1777810766.528380115     lo:   26844     352    0    0    0     0          0         0    26844     352    0    0    0     0       0          0
1777810766.528380115 enP1p1s0: 22968948635 68284180    0    0    0     0          0        40 22968909927 68284163    0    4    0     0       0          0
1777810766.528380115   eth0:       0       0    0    0    0     0          0         0        0       0    0    0    0     0       0          0
1777810766.528380115  wlan0:  336059    2126    0    0    0     0          0         6   235534    1992    0    0    0     0       0          0
1777810767.540429845     lo:   26844     352    0    0    0     0          0         0    26844     352    0    0    0     0       0          0
1777810767.540429845 enP1p1s0: 23093423659 68366396    0    0    0     0          0        40 23093378895 68366375    0    4    0     0       0          0
1777810767.540429845   eth0:       0       0    0    0    0     0          0         0        0       0    0    0    0     0       0          0
1777810767.540429845  wlan0:  336059    2126    0    0    0     0          0         6   235534    1992    0    0    0     0       0          0
1777810768.552134834     lo:   26844     352    0    0    0     0          0         0    26844     352    0    0    0     0       0          0
1777810768.552134834 enP1p1s0: 23217898683 68448612    0    0    0     0          0        40 23217873601 68448604    0    4    0     0       0          0
1777810768.552134834   eth0:       0       0    0    0    0     0          0         0        0       0    0    0    0     0       0          0
1777810768.552134834  wlan0:  336059    2126    0    0    0     0          0         6   235534    1992    0    0    0     0       0          0
1777810769.564293083     lo:   26844     352    0    0    0     0          0         0    26844     352    0    0    0     0       0          0
1777810769.564293083 enP1p1s0: 23342382791 68530834    0    0    0     0          0        40 23342378905 68530840    0    4    0     0       0          0
1777810769.564293083   eth0:       0       0    0    0    0     0          0         0        0       0    0    0    0     0       0          0
1777810769.564293083  wlan0:  336059    2126    0    0    0     0          0         6   235534    1992    0    0    0     0       0          0
1777810770.576346184     lo:   26844     352    0    0    0     0          0         0    26844     352    0    0    0     0       0          0
1777810770.576346184 enP1p1s0: 23466904749 68613081    0    0    0     0          0        40 23466878153 68613072    0    4    0     0       0          0
1777810770.576346184   eth0:       0       0    0    0    0     0          0         0        0       0    0    0    0     0       0          0
1777810770.576346184  wlan0:  336059    2126    0    0    0     0          0         6   235534    1992    0    0    0     0       0          0
1777810771.588171339     lo:   26844     352    0    0    0     0          0         0    26844     352    0    0    0     0       0          0
1777810771.588171339 enP1p1s0: 23591384315 68695300    0    0    0     0          0        40 23591371345 68695300    0    4    0     0       0          0
1777810771.588171339   eth0:       0       0    0    0    0     0          0         0        0       0    0    0    0     0       0          0
1777810771.588171339  wlan0:  336111    2127    0    0    0     0          0         6   235684    1993    0    0    0     0       0          0
1777810772.600089292     lo:   26844     352    0    0    0     0          0         0    26844     352    0    0    0     0       0          0
1777810772.600089292 enP1p1s0: 23715889619 68777536    0    0    0     0          0        40 23715867565 68777530    0    4    0     0       0          0
1777810772.600089292   eth0:       0       0    0    0    0     0          0         0        0       0    0    0    0     0       0          0
1777810772.600089292  wlan0:  336111    2127    0    0    0     0          0         6   235684    1993    0    0    0     0       0          0
1777810773.611809854     lo:   26844     352    0    0    0     0          0         0    26844     352    0    0    0     0       0          0
1777810773.611809854 enP1p1s0: 23840373727 68859758    0    0    0     0          0        40 23840350159 68859751    0    4    0     0       0          0
1777810773.611809854   eth0:       0       0    0    0    0     0          0         0        0       0    0    0    0     0       0          0
1777810773.611809854  wlan0:  336111    2127    0    0    0     0          0         6   235684    1993    0    0    0     0       0          0
1777810774.623625732     lo:   26844     352    0    0    0     0          0         0    26844     352    0    0    0     0       0          0
1777810774.623625732 enP1p1s0: 23964863891 68941984    0    0    0     0          0        40 23964822155 68941965    0    4    0     0       0          0
1777810774.623625732   eth0:       0       0    0    0    0     0          0         0        0       0    0    0    0     0       0          0
1777810774.623625732  wlan0:  336111    2127    0    0    0     0          0         6   235684    1993    0    0    0     0       0          0
1777810775.635470277     lo:   26844     352    0    0    0     0          0         0    26844     352    0    0    0     0       0          0
1777810775.635470277 enP1p1s0: 24089351027 69024208    0    0    0     0          0        40 24089304749 69024186    0    4    0     0       0          0
1777810775.635470277   eth0:       0       0    0    0    0     0          0         0        0       0    0    0    0     0       0          0
1777810775.635470277  wlan0:  336111    2127    0    0    0     0          0         6   235684    1993    0    0    0     0       0          0
1777810776.647322340     lo:   26844     352    0    0    0     0          0         0    26844     352    0    0    0     0       0          0
1777810776.647322340 enP1p1s0: 24213484007 69106200    0    0    0     0          0        40 24213460439 69106193    0    4    0     0       0          0
1777810776.647322340   eth0:       0       0    0    0    0     0          0         0        0       0    0    0    0     0       0          0
1777810776.647322340  wlan0:  336163    2128    0    0    0     0          0         6   235834    1994    0    0    0     0       0          0
1777810777.659236144     lo:   26844     352    0    0    0     0          0         0    26844     352    0    0    0     0       0          0
1777810777.659236144 enP1p1s0: 24337965087 69188420    0    0    0     0          0        40 24337918809 69188398    0    4    0     0       0          0
1777810777.659236144   eth0:       0       0    0    0    0     0          0         0        0       0    0    0    0     0       0          0
1777810777.659236144  wlan0:  336163    2128    0    0    0     0          0         6   235834    1994    0    0    0     0       0          0
1777810778.670899780     lo:   26844     352    0    0    0     0          0         0    26844     352    0    0    0     0       0          0
1777810778.670899780 enP1p1s0: 24462412859 69270618    0    0    0     0          0        40 24462390805 69270612    0    4    0     0       0          0
1777810778.670899780   eth0:       0       0    0    0    0     0          0         0        0       0    0    0    0     0       0          0
1777810778.670899780  wlan0:  336163    2128    0    0    0     0          0         6   235834    1994    0    0    0     0       0          0
1777810779.682508250     lo:   26844     352    0    0    0     0          0         0    26844     352    0    0    0     0       0          0
1777810779.682508250 enP1p1s0: 24586859117 69352815    0    0    0     0          0        40 24586847661 69352816    0    4    0     0       0          0
1777810779.682508250   eth0:       0       0    0    0    0     0          0         0        0       0    0    0    0     0       0          0
1777810779.682508250  wlan0:  336163    2128    0    0    0     0          0         6   235834    1994    0    0    0     0       0          0
1777810780.694421721     lo:   26844     352    0    0    0     0          0         0    26844     352    0    0    0     0       0          0
1777810780.694421721 enP1p1s0: 24711391673 69435069    0    0    0     0          0        40 24711365077 69435060    0    4    0     0       0          0
1777810780.694421721   eth0:       0       0    0    0    0     0          0         0        0       0    0    0    0     0       0          0
1777810780.694421721  wlan0:  336163    2128    0    0    0     0          0         6   235834    1994    0    0    0     0       0          0
1777810781.706387914     lo:   26844     352    0    0    0     0          0         0    26844     352    0    0    0     0       0          0
1777810781.706387914 enP1p1s0: 24835901519 69517308    0    0    0     0          0        40 24835829503 69517269    0    4    0     0       0          0
1777810781.706387914   eth0:       0       0    0    0    0     0          0         0        0       0    0    0    0     0       0          0
1777810781.706387914  wlan0:  336215    2129    0    0    0     0          0         6   235984    1995    0    0    0     0       0          0
