Linux 6.17.0-1011-raspi (raspberrypi) 	05/03/26 	_aarch64_	(4 CPU)

13:36:18     CPU    %usr   %nice    %sys %iowait    %irq   %soft  %steal  %guest  %gnice   %idle
13:36:19     all    3.01    0.00   24.06    0.00    0.00    0.00    0.00    0.00    0.00   72.93
13:36:19       0    0.00    0.00    2.02    0.00    0.00    0.00    0.00    0.00    0.00   97.98
13:36:19       1   10.00    0.00   90.00    0.00    0.00    0.00    0.00    0.00    0.00    0.00
13:36:19       2    1.01    0.00    1.01    0.00    0.00    0.00    0.00    0.00    0.00   97.98
13:36:19       3    0.99    0.00    2.97    0.00    0.00    0.00    0.00    0.00    0.00   96.04

13:36:19     CPU    %usr   %nice    %sys %iowait    %irq   %soft  %steal  %guest  %gnice   %idle
13:36:20     all    3.26    0.00   23.56    0.00    0.00    0.00    0.00    0.00    0.00   73.18
13:36:20       0    1.00    0.00    1.00    0.00    0.00    0.00    0.00    0.00    0.00   98.00
13:36:20       1   10.00    0.00   90.00    0.00    0.00    0.00    0.00    0.00    0.00    0.00
13:36:20       2    1.00    0.00    2.00    0.00    0.00    0.00    0.00    0.00    0.00   97.00
13:36:20       3    1.01    0.00    1.01    0.00    0.00    0.00    0.00    0.00    0.00   97.98

13:36:20     CPU    %usr   %nice    %sys %iowait    %irq   %soft  %steal  %guest  %gnice   %idle
13:36:21     all    4.00    0.00   23.00    0.00    0.00    0.00    0.00    0.00    0.00   73.00
13:36:21       0    1.00    0.00    2.00    0.00    0.00    0.00    0.00    0.00    0.00   97.00
13:36:21       1   13.00    0.00   87.00    0.00    0.00    0.00    0.00    0.00    0.00    0.00
13:36:21       2    2.00    0.00    1.00    0.00    0.00    0.00    0.00    0.00    0.00   97.00
13:36:21       3    0.00    0.00    2.00    0.00    0.00    0.00    0.00    0.00    0.00   98.00

13:36:21     CPU    %usr   %nice    %sys %iowait    %irq   %soft  %steal  %guest  %gnice   %idle
13:36:22     all    3.50    0.00   23.25    0.00    0.00    0.00    0.00    0.00    0.00   73.25
13:36:22       0    0.00    0.00    2.00    0.00    0.00    0.00    0.00    0.00    0.00   98.00
13:36:22       1   12.00    0.00   88.00    0.00    0.00    0.00    0.00    0.00    0.00    0.00
13:36:22       2    1.00    0.00    2.00    0.00    0.00    0.00    0.00    0.00    0.00   97.00
13:36:22       3    1.00    0.00    1.00    0.00    0.00    0.00    0.00    0.00    0.00   98.00

13:36:22     CPU    %usr   %nice    %sys %iowait    %irq   %soft  %steal  %guest  %gnice   %idle
13:36:23     all    3.50    0.00   23.25    0.00    0.00    0.00    0.00    0.00    0.00   73.25
13:36:23       0    0.00    0.00    1.01    0.00    0.00    0.00    0.00    0.00    0.00   98.99
13:36:23       1   12.00    0.00   88.00    0.00    0.00    0.00    0.00    0.00    0.00    0.00
13:36:23       2    0.99    0.00    1.98    0.00    0.00    0.00    0.00    0.00    0.00   97.03
13:36:23       3    1.00    0.00    2.00    0.00    0.00    0.00    0.00    0.00    0.00   97.00

13:36:23     CPU    %usr   %nice    %sys %iowait    %irq   %soft  %steal  %guest  %gnice   %idle
13:36:24     all    3.50    0.00   23.00    0.25    0.00    0.00    0.00    0.00    0.00   73.25
13:36:24       0    0.99    0.00    1.98    0.00    0.00    0.00    0.00    0.00    0.00   97.03
13:36:24       1   12.00    0.00   88.00    0.00    0.00    0.00    0.00    0.00    0.00    0.00
13:36:24       2    0.00    0.00    1.02    0.00    0.00    0.00    0.00    0.00    0.00   98.98
13:36:24       3    0.99    0.00    0.99    0.99    0.00    0.00    0.00    0.00    0.00   97.03

13:36:24     CPU    %usr   %nice    %sys %iowait    %irq   %soft  %steal  %guest  %gnice   %idle
13:36:25     all    3.75    0.00   23.00    0.00    0.00    0.00    0.00    0.00    0.00   73.25
13:36:25       0    1.00    0.00    1.00    0.00    0.00    0.00    0.00    0.00    0.00   98.00
13:36:25       1   12.00    0.00   88.00    0.00    0.00    0.00    0.00    0.00    0.00    0.00
13:36:25       2    1.00    0.00    2.00    0.00    0.00    0.00    0.00    0.00    0.00   97.00
13:36:25       3    1.00    0.00    1.00    0.00    0.00    0.00    0.00    0.00    0.00   98.00

13:36:25     CPU    %usr   %nice    %sys %iowait    %irq   %soft  %steal  %guest  %gnice   %idle
13:36:26     all    4.01    1.75   23.56    0.75    0.00    0.00    0.00    0.00    0.00   69.92
13:36:26       0    1.01    1.01    2.02    2.02    0.00    0.00    0.00    0.00    0.00   93.94
13:36:26       1   12.00    0.00   88.00    0.00    0.00    0.00    0.00    0.00    0.00    0.00
13:36:26       2    1.98    0.00    1.98    0.99    0.00    0.00    0.00    0.00    0.00   95.05
13:36:26       3    1.01    6.06    2.02    0.00    0.00    0.00    0.00    0.00    0.00   90.91

13:36:26     CPU    %usr   %nice    %sys %iowait    %irq   %soft  %steal  %guest  %gnice   %idle
13:36:27     all    3.27    0.00   24.12    0.00    0.00    0.00    0.00    0.00    0.00   72.61
13:36:27       0    1.00    0.00    3.00    0.00    0.00    0.00    0.00    0.00    0.00   96.00
13:36:27       1   11.00    0.00   89.00    0.00    0.00    0.00    0.00    0.00    0.00    0.00
13:36:27       2    1.01    0.00    2.02    0.00    0.00    0.00    0.00    0.00    0.00   96.97
13:36:27       3    0.00    0.00    2.02    0.00    0.00    0.00    0.00    0.00    0.00   97.98

13:36:27     CPU    %usr   %nice    %sys %iowait    %irq   %soft  %steal  %guest  %gnice   %idle
13:36:28     all    3.25    0.00   23.25    0.00    0.00    0.00    0.00    0.00    0.00   73.50
13:36:28       0    1.00    0.00    1.00    0.00    0.00    0.00    0.00    0.00    0.00   98.00
13:36:28       1   11.00    0.00   89.00    0.00    0.00    0.00    0.00    0.00    0.00    0.00
13:36:28       2    0.00    0.00    1.01    0.00    0.00    0.00    0.00    0.00    0.00   98.99
13:36:28       3    0.99    0.00    1.98    0.00    0.00    0.00    0.00    0.00    0.00   97.03

13:36:28     CPU    %usr   %nice    %sys %iowait    %irq   %soft  %steal  %guest  %gnice   %idle
13:36:29     all    3.01    0.00   23.81    0.00    0.00    0.00    0.00    0.00    0.00   73.18
13:36:29       0    1.00    0.00    1.00    0.00    0.00    0.00    0.00    0.00    0.00   98.00
13:36:29       1   10.00    0.00   90.00    0.00    0.00    0.00    0.00    0.00    0.00    0.00
13:36:29       2    1.00    0.00    2.00    0.00    0.00    0.00    0.00    0.00    0.00   97.00
13:36:29       3    0.00    0.00    2.02    0.00    0.00    0.00    0.00    0.00    0.00   97.98

13:36:29     CPU    %usr   %nice    %sys %iowait    %irq   %soft  %steal  %guest  %gnice   %idle
13:36:30     all    3.51    0.00   23.06    0.00    0.00    0.00    0.00    0.00    0.00   73.43
13:36:30       0    1.00    0.00    1.00    0.00    0.00    0.00    0.00    0.00    0.00   98.00
13:36:30       1   11.00    0.00   89.00    0.00    0.00    0.00    0.00    0.00    0.00    0.00
13:36:30       2    1.01    0.00    1.01    0.00    0.00    0.00    0.00    0.00    0.00   97.98
13:36:30       3    1.00    0.00    1.00    0.00    0.00    0.00    0.00    0.00    0.00   98.00

13:36:30     CPU    %usr   %nice    %sys %iowait    %irq   %soft  %steal  %guest  %gnice   %idle
13:36:31     all    3.74    0.00   23.19    0.00    0.00    0.00    0.00    0.00    0.00   73.07
13:36:31       0    0.00    0.00    1.01    0.00    0.00    0.00    0.00    0.00    0.00   98.99
13:36:31       1   12.87    0.00   87.13    0.00    0.00    0.00    0.00    0.00    0.00    0.00
13:36:31       2    1.00    0.00    2.00    0.00    0.00    0.00    0.00    0.00    0.00   97.00
13:36:31       3    0.99    0.00    1.98    0.00    0.00    0.00    0.00    0.00    0.00   97.03

13:36:31     CPU    %usr   %nice    %sys %iowait    %irq   %soft  %steal  %guest  %gnice   %idle
13:36:32     all    3.27    0.00   23.37    0.25    0.00    0.00    0.00    0.00    0.00   73.12
13:36:32       0    1.00    0.00    2.00    0.00    0.00    0.00    0.00    0.00    0.00   97.00
13:36:32       1   11.11    0.00   88.89    0.00    0.00    0.00    0.00    0.00    0.00    0.00
13:36:32       2    1.00    0.00    2.00    0.00    0.00    0.00    0.00    0.00    0.00   97.00
13:36:32       3    0.00    0.00    1.01    1.01    0.00    0.00    0.00    0.00    0.00   97.98

13:36:32     CPU    %usr   %nice    %sys %iowait    %irq   %soft  %steal  %guest  %gnice   %idle
13:36:33     all    2.75    0.00   24.25    0.00    0.00    0.00    0.00    0.00    0.00   73.00
13:36:33       0    1.02    0.00    1.02    0.00    0.00    0.00    0.00    0.00    0.00   97.96
13:36:33       1    7.00    0.00   93.00    0.00    0.00    0.00    0.00    0.00    0.00    0.00
13:36:33       2    1.00    0.00    1.00    0.00    0.00    0.00    0.00    0.00    0.00   98.00
13:36:33       3    1.96    0.00    1.96    0.00    0.00    0.00    0.00    0.00    0.00   96.08

13:36:33     CPU    %usr   %nice    %sys %iowait    %irq   %soft  %steal  %guest  %gnice   %idle
13:36:34     all    2.27    0.00   25.00    0.00    0.00    0.51    0.00    0.00    0.00   72.22
13:36:34       0    1.04    0.00    2.08    0.00    0.00    1.04    0.00    0.00    0.00   95.83
13:36:34       1    8.00    0.00   92.00    0.00    0.00    0.00    0.00    0.00    0.00    0.00
13:36:34       2    0.00    0.00    2.97    0.00    0.00    0.99    0.00    0.00    0.00   96.04
13:36:34       3    0.00    0.00    2.02    0.00    0.00    0.00    0.00    0.00    0.00   97.98

13:36:34     CPU    %usr   %nice    %sys %iowait    %irq   %soft  %steal  %guest  %gnice   %idle
13:36:35     all    2.53    0.00   25.06    0.00    0.00    0.25    0.00    0.00    0.00   72.15
13:36:35       0    2.08    0.00    2.08    0.00    0.00    1.04    0.00    0.00    0.00   94.79
13:36:35       1    5.05    0.00   94.95    0.00    0.00    0.00    0.00    0.00    0.00    0.00
13:36:35       2    2.00    0.00    1.00    0.00    0.00    0.00    0.00    0.00    0.00   97.00
13:36:35       3    1.00    0.00    2.00    0.00    0.00    0.00    0.00    0.00    0.00   97.00

13:36:35     CPU    %usr   %nice    %sys %iowait    %irq   %soft  %steal  %guest  %gnice   %idle
13:36:36     all    2.53    0.00   25.25    0.51    0.00    0.25    0.00    0.00    0.00   71.46
13:36:36       0    1.04    0.00    2.08    0.00    0.00    1.04    0.00    0.00    0.00   95.83
13:36:36       1    6.93    0.00   93.07    0.00    0.00    0.00    0.00    0.00    0.00    0.00
13:36:36       2    1.01    0.00    2.02    2.02    0.00    0.00    0.00    0.00    0.00   94.95
13:36:36       3    1.00    0.00    2.00    0.00    0.00    0.00    0.00    0.00    0.00   97.00

13:36:36     CPU    %usr   %nice    %sys %iowait    %irq   %soft  %steal  %guest  %gnice   %idle
13:36:37     all    2.02    0.00   25.69    0.00    0.00    0.50    0.00    0.00    0.00   71.79
13:36:37       0    1.04    0.00    2.08    0.00    0.00    1.04    0.00    0.00    0.00   95.83
13:36:37       1    4.95    0.00   94.06    0.00    0.00    0.99    0.00    0.00    0.00    0.00
13:36:37       2    1.00    0.00    3.00    0.00    0.00    0.00    0.00    0.00    0.00   96.00
13:36:37       3    1.00    0.00    2.00    0.00    0.00    0.00    0.00    0.00    0.00   97.00

13:36:37     CPU    %usr   %nice    %sys %iowait    %irq   %soft  %steal  %guest  %gnice   %idle
13:36:38     all    2.03    0.00   25.13    0.00    0.00    0.00    0.00    0.00    0.00   72.84
13:36:38       0    1.04    0.00    2.08    0.00    0.00    0.00    0.00    0.00    0.00   96.88
13:36:38       1    6.06    0.00   93.94    0.00    0.00    0.00    0.00    0.00    0.00    0.00
13:36:38       2    0.00    0.00    2.02    0.00    0.00    0.00    0.00    0.00    0.00   97.98
13:36:38       3    1.00    0.00    2.00    0.00    0.00    0.00    0.00    0.00    0.00   97.00

13:36:38     CPU    %usr   %nice    %sys %iowait    %irq   %soft  %steal  %guest  %gnice   %idle
13:36:39     all    2.53    0.00   25.00    0.00    0.00    0.25    0.00    0.00    0.00   72.22
13:36:39       0    1.04    0.00    2.08    0.00    0.00    1.04    0.00    0.00    0.00   95.83
13:36:39       1    6.00    0.00   94.00    0.00    0.00    0.00    0.00    0.00    0.00    0.00
13:36:39       2    2.00    0.00    1.00    0.00    0.00    0.00    0.00    0.00    0.00   97.00
13:36:39       3    1.00    0.00    2.00    0.00    0.00    0.00    0.00    0.00    0.00   97.00

13:36:39     CPU    %usr   %nice    %sys %iowait    %irq   %soft  %steal  %guest  %gnice   %idle
13:36:40     all    2.53    0.00   25.32    0.00    0.00    0.25    0.00    0.00    0.00   71.90
13:36:40       0    1.05    0.00    2.11    0.00    0.00    1.05    0.00    0.00    0.00   95.79
13:36:40       1    7.00    0.00   93.00    0.00    0.00    0.00    0.00    0.00    0.00    0.00
13:36:40       2    1.00    0.00    2.00    0.00    0.00    0.00    0.00    0.00    0.00   97.00
13:36:40       3    1.00    0.00    3.00    0.00    0.00    0.00    0.00    0.00    0.00   96.00

13:36:40     CPU    %usr   %nice    %sys %iowait    %irq   %soft  %steal  %guest  %gnice   %idle
13:36:41     all    1.77    0.00   25.82    0.00    0.00    0.00    0.00    0.00    0.00   72.41
13:36:41       0    0.00    0.00    3.16    0.00    0.00    0.00    0.00    0.00    0.00   96.84
13:36:41       1    6.00    0.00   94.00    0.00    0.00    0.00    0.00    0.00    0.00    0.00
13:36:41       2    0.99    0.00    2.97    0.00    0.00    0.00    0.00    0.00    0.00   96.04
13:36:41       3    0.00    0.00    2.02    0.00    0.00    0.00    0.00    0.00    0.00   97.98

13:36:41     CPU    %usr   %nice    %sys %iowait    %irq   %soft  %steal  %guest  %gnice   %idle
13:36:42     all    2.52    0.00   25.19    0.00    0.00    0.25    0.00    0.00    0.00   72.04
13:36:42       0    1.03    0.00    2.06    0.00    0.00    1.03    0.00    0.00    0.00   95.88
13:36:42       1    6.93    0.00   93.07    0.00    0.00    0.00    0.00    0.00    0.00    0.00
13:36:42       2    1.01    0.00    2.02    0.00    0.00    0.00    0.00    0.00    0.00   96.97
13:36:42       3    1.00    0.00    2.00    0.00    0.00    0.00    0.00    0.00    0.00   97.00

13:36:42     CPU    %usr   %nice    %sys %iowait    %irq   %soft  %steal  %guest  %gnice   %idle
13:36:43     all    2.03    0.00   25.57    0.00    0.00    0.25    0.00    0.00    0.00   72.15
13:36:43       0    1.04    0.00    2.08    0.00    0.00    1.04    0.00    0.00    0.00   95.83
13:36:43       1    5.05    0.00   94.95    0.00    0.00    0.00    0.00    0.00    0.00    0.00
13:36:43       2    0.99    0.00    2.97    0.00    0.00    0.00    0.00    0.00    0.00   96.04
13:36:43       3    1.01    0.00    2.02    0.00    0.00    0.00    0.00    0.00    0.00   96.97

13:36:43     CPU    %usr   %nice    %sys %iowait    %irq   %soft  %steal  %guest  %gnice   %idle
13:36:44     all    2.28    0.00   25.06    0.00    0.00    0.25    0.00    0.00    0.00   72.41
13:36:44       0    0.00    0.00    3.12    0.00    0.00    1.04    0.00    0.00    0.00   95.83
13:36:44       1    6.06    0.00   93.94    0.00    0.00    0.00    0.00    0.00    0.00    0.00
13:36:44       2    2.02    0.00    1.01    0.00    0.00    0.00    0.00    0.00    0.00   96.97
13:36:44       3    0.99    0.00    1.98    0.00    0.00    0.00    0.00    0.00    0.00   97.03

13:36:44     CPU    %usr   %nice    %sys %iowait    %irq   %soft  %steal  %guest  %gnice   %idle
13:36:45     all    2.02    0.00   25.69    0.00    0.00    0.25    0.00    0.00    0.00   72.04
13:36:45       0    1.04    0.00    2.08    0.00    0.00    1.04    0.00    0.00    0.00   95.83
13:36:45       1    5.94    0.00   94.06    0.00    0.00    0.00    0.00    0.00    0.00    0.00
13:36:45       2    0.00    0.00    3.00    0.00    0.00    0.00    0.00    0.00    0.00   97.00
13:36:45       3    1.00    0.00    2.00    0.00    0.00    0.00    0.00    0.00    0.00   97.00

13:36:45     CPU    %usr   %nice    %sys %iowait    %irq   %soft  %steal  %guest  %gnice   %idle
13:36:46     all    2.54    0.00   24.94    0.00    0.00    0.00    0.00    0.00    0.00   72.52
13:36:46       0    1.05    0.00    2.11    0.00    0.00    0.00    0.00    0.00    0.00   96.84
13:36:46       1    7.07    0.00   92.93    0.00    0.00    0.00    0.00    0.00    0.00    0.00
13:36:46       2    1.01    0.00    2.02    0.00    0.00    0.00    0.00    0.00    0.00   96.97
13:36:46       3    1.00    0.00    2.00    0.00    0.00    0.00    0.00    0.00    0.00   97.00

13:36:46     CPU    %usr   %nice    %sys %iowait    %irq   %soft  %steal  %guest  %gnice   %idle
13:36:47     all    2.27    0.00   25.51    0.00    0.00    0.25    0.00    0.00    0.00   71.97
13:36:47       0    2.06    0.00    2.06    0.00    0.00    1.03    0.00    0.00    0.00   94.85
13:36:47       1    5.00    0.00   95.00    0.00    0.00    0.00    0.00    0.00    0.00    0.00
13:36:47       2    1.00    0.00    2.00    0.00    0.00    0.00    0.00    0.00    0.00   97.00
13:36:47       3    1.01    0.00    2.02    0.00    0.00    0.00    0.00    0.00    0.00   96.97

13:36:47     CPU    %usr   %nice    %sys %iowait    %irq   %soft  %steal  %guest  %gnice   %idle
13:36:48     all    2.51    0.00   24.87    0.00    0.00    0.50    0.00    0.00    0.00   72.11
13:36:48       0    1.04    0.00    2.08    0.00    0.00    1.04    0.00    0.00    0.00   95.83
13:36:48       1    6.93    0.00   92.08    0.00    0.00    0.99    0.00    0.00    0.00    0.00
13:36:48       2    0.99    0.00    1.98    0.00    0.00    0.00    0.00    0.00    0.00   97.03
13:36:48       3    1.00    0.00    2.00    0.00    0.00    0.00    0.00    0.00    0.00   97.00

13:36:48     CPU    %usr   %nice    %sys %iowait    %irq   %soft  %steal  %guest  %gnice   %idle
13:36:49     all    2.77    0.00   24.94    0.00    0.00    0.25    0.00    0.00    0.00   72.04
13:36:49       0    1.03    0.00    2.06    0.00    0.00    1.03    0.00    0.00    0.00   95.88
13:36:49       1    8.00    0.00   92.00    0.00    0.00    0.00    0.00    0.00    0.00    0.00
13:36:49       2    1.00    0.00    2.00    0.00    0.00    0.00    0.00    0.00    0.00   97.00
13:36:49       3    1.00    0.00    3.00    0.00    0.00    0.00    0.00    0.00    0.00   96.00

13:36:49     CPU    %usr   %nice    %sys %iowait    %irq   %soft  %steal  %guest  %gnice   %idle
13:36:50     all    1.02    0.00   24.74    0.00    0.00    0.00    0.00    0.00    0.00   74.23
13:36:50       0    0.00    0.00    1.05    0.00    0.00    0.00    0.00    0.00    0.00   98.95
13:36:50       1    4.04    0.00   95.96    0.00    0.00    0.00    0.00    0.00    0.00    0.00
13:36:50       2    0.00    0.00    0.00    0.00    0.00    0.00    0.00    0.00    0.00  100.00
13:36:50       3    0.00    0.00    1.00    0.00    0.00    0.00    0.00    0.00    0.00   99.00

13:36:50     CPU    %usr   %nice    %sys %iowait    %irq   %soft  %steal  %guest  %gnice   %idle
13:36:51     all    2.26    0.00   25.13    0.00    0.00    0.25    0.00    0.00    0.00   72.36
13:36:51       0    1.03    0.00    2.06    0.00    0.00    1.03    0.00    0.00    0.00   95.88
13:36:51       1    6.00    0.00   94.00    0.00    0.00    0.00    0.00    0.00    0.00    0.00
13:36:51       2    0.99    0.00    1.98    0.00    0.00    0.00    0.00    0.00    0.00   97.03
13:36:51       3    1.00    0.00    2.00    0.00    0.00    0.00    0.00    0.00    0.00   97.00

13:36:51     CPU    %usr   %nice    %sys %iowait    %irq   %soft  %steal  %guest  %gnice   %idle
13:36:52     all    2.27    0.00   25.44    0.25    0.00    0.00    0.00    0.00    0.00   72.04
13:36:52       0    1.04    0.00    3.12    0.00    0.00    0.00    0.00    0.00    0.00   95.83
13:36:52       1    6.93    0.00   93.07    0.00    0.00    0.00    0.00    0.00    0.00    0.00
13:36:52       2    0.00    0.00    2.00    1.00    0.00    0.00    0.00    0.00    0.00   97.00
13:36:52       3    1.00    0.00    2.00    0.00    0.00    0.00    0.00    0.00    0.00   97.00

13:36:52     CPU    %usr   %nice    %sys %iowait    %irq   %soft  %steal  %guest  %gnice   %idle
13:36:53     all    2.28    0.00   25.06    0.00    0.00    0.51    0.00    0.00    0.00   72.15
13:36:53       0    1.04    0.00    2.08    0.00    0.00    1.04    0.00    0.00    0.00   95.83
13:36:53       1    5.94    0.00   93.07    0.00    0.00    0.99    0.00    0.00    0.00    0.00
13:36:53       2    1.01    0.00    1.01    0.00    0.00    0.00    0.00    0.00    0.00   97.98
13:36:53       3    1.01    0.00    2.02    0.00    0.00    0.00    0.00    0.00    0.00   96.97

13:36:53     CPU    %usr   %nice    %sys %iowait    %irq   %soft  %steal  %guest  %gnice   %idle
13:36:54     all    2.03    0.00   25.57    0.00    0.00    0.25    0.00    0.00    0.00   72.15
13:36:54       0    1.05    0.00    2.11    0.00    0.00    1.05    0.00    0.00    0.00   95.79
13:36:54       1    6.06    0.00   93.94    0.00    0.00    0.00    0.00    0.00    0.00    0.00
13:36:54       2    0.99    0.00    2.97    0.00    0.00    0.00    0.00    0.00    0.00   96.04
13:36:54       3    0.00    0.00    3.00    0.00    0.00    0.00    0.00    0.00    0.00   97.00

13:36:54     CPU    %usr   %nice    %sys %iowait    %irq   %soft  %steal  %guest  %gnice   %idle
13:36:55     all    2.53    0.00   24.81    0.00    0.00    0.25    0.00    0.00    0.00   72.41
13:36:55       0    1.05    0.00    1.05    0.00    0.00    1.05    0.00    0.00    0.00   96.84
13:36:55       1    7.00    0.00   93.00    0.00    0.00    0.00    0.00    0.00    0.00    0.00
13:36:55       2    1.00    0.00    2.00    0.00    0.00    0.00    0.00    0.00    0.00   97.00
13:36:55       3    1.00    0.00    2.00    0.00    0.00    0.00    0.00    0.00    0.00   97.00

13:36:55     CPU    %usr   %nice    %sys %iowait    %irq   %soft  %steal  %guest  %gnice   %idle
13:36:56     all    2.52    0.00   25.19    0.00    0.00    0.25    0.00    0.00    0.00   72.04
13:36:56       0    2.06    0.00    2.06    0.00    0.00    1.03    0.00    0.00    0.00   94.85
13:36:56       1    6.00    0.00   94.00    0.00    0.00    0.00    0.00    0.00    0.00    0.00
13:36:56       2    1.00    0.00    2.00    0.00    0.00    0.00    0.00    0.00    0.00   97.00
13:36:56       3    1.00    0.00    2.00    0.00    0.00    0.00    0.00    0.00    0.00   97.00

13:36:56     CPU    %usr   %nice    %sys %iowait    %irq   %soft  %steal  %guest  %gnice   %idle
13:36:57     all    2.29    0.00   25.19    2.29    0.00    0.00    0.00    0.00    0.00   70.23
13:36:57       0    1.06    0.00    2.13    6.38    0.00    0.00    0.00    0.00    0.00   90.43
13:36:57       1    7.00    0.00   93.00    0.00    0.00    0.00    0.00    0.00    0.00    0.00
13:36:57       2    0.00    0.00    2.02    3.03    0.00    0.00    0.00    0.00    0.00   94.95
13:36:57       3    1.00    0.00    2.00    0.00    0.00    0.00    0.00    0.00    0.00   97.00

13:36:57     CPU    %usr   %nice    %sys %iowait    %irq   %soft  %steal  %guest  %gnice   %idle
13:36:58     all    2.27    0.00   25.69    0.00    0.00    0.25    0.00    0.00    0.00   71.79
13:36:58       0    1.04    0.00    2.08    0.00    0.00    1.04    0.00    0.00    0.00   95.83
13:36:58       1    6.00    0.00   94.00    0.00    0.00    0.00    0.00    0.00    0.00    0.00
13:36:58       2    1.00    0.00    3.00    0.00    0.00    0.00    0.00    0.00    0.00   96.00
13:36:58       3    0.99    0.00    2.97    0.00    0.00    0.00    0.00    0.00    0.00   96.04

13:36:58     CPU    %usr   %nice    %sys %iowait    %irq   %soft  %steal  %guest  %gnice   %idle
13:36:59     all    2.28    0.00   25.32    0.00    0.00    0.25    0.00    0.00    0.00   72.15
13:36:59       0    0.00    0.00    3.16    0.00    0.00    1.05    0.00    0.00    0.00   95.79
13:36:59       1    7.00    0.00   93.00    0.00    0.00    0.00    0.00    0.00    0.00    0.00
13:36:59       2    1.00    0.00    2.00    0.00    0.00    0.00    0.00    0.00    0.00   97.00
13:36:59       3    1.00    0.00    2.00    0.00    0.00    0.00    0.00    0.00    0.00   97.00

13:36:59     CPU    %usr   %nice    %sys %iowait    %irq   %soft  %steal  %guest  %gnice   %idle
13:37:00     all    2.53    0.00   25.25    0.00    0.00    0.00    0.00    0.00    0.00   72.22
13:37:00       0    2.08    0.00    2.08    0.00    0.00    0.00    0.00    0.00    0.00   95.83
13:37:00       1    6.00    0.00   94.00    0.00    0.00    0.00    0.00    0.00    0.00    0.00
13:37:00       2    1.00    0.00    2.00    0.00    0.00    0.00    0.00    0.00    0.00   97.00
13:37:00       3    1.00    0.00    2.00    0.00    0.00    0.00    0.00    0.00    0.00   97.00

13:37:00     CPU    %usr   %nice    %sys %iowait    %irq   %soft  %steal  %guest  %gnice   %idle
13:37:01     all    2.28    0.00   25.06    0.00    0.00    0.51    0.00    0.00    0.00   72.15
13:37:01       0    1.04    0.00    2.08    0.00    0.00    1.04    0.00    0.00    0.00   95.83
13:37:01       1    6.00    0.00   93.00    0.00    0.00    1.00    0.00    0.00    0.00    0.00
13:37:01       2    1.00    0.00    2.00    0.00    0.00    0.00    0.00    0.00    0.00   97.00
13:37:01       3    1.01    0.00    2.02    0.00    0.00    0.00    0.00    0.00    0.00   96.97

13:37:01     CPU    %usr   %nice    %sys %iowait    %irq   %soft  %steal  %guest  %gnice   %idle
13:37:02     all    2.51    0.00   25.31    0.25    0.00    0.25    0.00    0.00    0.00   71.68
13:37:02       0    1.03    0.00    2.06    1.03    0.00    1.03    0.00    0.00    0.00   94.85
13:37:02       1    6.93    0.00   93.07    0.00    0.00    0.00    0.00    0.00    0.00    0.00
13:37:02       2    0.00    0.00    3.00    0.00    0.00    0.00    0.00    0.00    0.00   97.00
13:37:02       3    1.98    0.00    1.98    0.00    0.00    0.00    0.00    0.00    0.00   96.04

13:37:02     CPU    %usr   %nice    %sys %iowait    %irq   %soft  %steal  %guest  %gnice   %idle
13:37:03     all    2.03    0.00   25.38    0.00    0.00    0.25    0.00    0.00    0.00   72.34
13:37:03       0    1.04    0.00    3.12    0.00    0.00    1.04    0.00    0.00    0.00   94.79
13:37:03       1    6.06    0.00   93.94    0.00    0.00    0.00    0.00    0.00    0.00    0.00
13:37:03       2    1.00    0.00    2.00    0.00    0.00    0.00    0.00    0.00    0.00   97.00
13:37:03       3    0.00    0.00    2.02    0.00    0.00    0.00    0.00    0.00    0.00   97.98

13:37:03     CPU    %usr   %nice    %sys %iowait    %irq   %soft  %steal  %guest  %gnice   %idle
13:37:04     all    2.27    0.00   25.44    0.00    0.00    0.25    0.00    0.00    0.00   72.04
13:37:04       0    1.04    0.00    2.08    0.00    0.00    1.04    0.00    0.00    0.00   95.83
13:37:04       1    5.00    0.00   95.00    0.00    0.00    0.00    0.00    0.00    0.00    0.00
13:37:04       2    1.00    0.00    2.00    0.00    0.00    0.00    0.00    0.00    0.00   97.00
13:37:04       3    1.98    0.00    1.98    0.00    0.00    0.00    0.00    0.00    0.00   96.04

13:37:04     CPU    %usr   %nice    %sys %iowait    %irq   %soft  %steal  %guest  %gnice   %idle
13:37:05     all    2.27    0.00   25.51    0.00    0.00    0.00    0.00    0.00    0.00   72.22
13:37:05       0    1.04    0.00    3.12    0.00    0.00    0.00    0.00    0.00    0.00   95.83
13:37:05       1    6.00    0.00   94.00    0.00    0.00    0.00    0.00    0.00    0.00    0.00
13:37:05       2    0.99    0.00    2.97    0.00    0.00    0.00    0.00    0.00    0.00   96.04
13:37:05       3    1.01    0.00    1.01    0.00    0.00    0.00    0.00    0.00    0.00   97.98

13:37:05     CPU    %usr   %nice    %sys %iowait    %irq   %soft  %steal  %guest  %gnice   %idle
13:37:06     all    2.53    0.00   25.51    0.00    0.00    0.25    0.00    0.00    0.00   71.72
13:37:06       0    1.04    0.00    3.12    0.00    0.00    1.04    0.00    0.00    0.00   94.79
13:37:06       1    6.93    0.00   93.07    0.00    0.00    0.00    0.00    0.00    0.00    0.00
13:37:06       2    1.01    0.00    2.02    0.00    0.00    0.00    0.00    0.00    0.00   96.97
13:37:06       3    1.00    0.00    2.00    0.00    0.00    0.00    0.00    0.00    0.00   97.00

13:37:06     CPU    %usr   %nice    %sys %iowait    %irq   %soft  %steal  %guest  %gnice   %idle
13:37:07     all    2.02    0.00   25.51    0.00    0.00    0.25    0.00    0.00    0.00   72.22
13:37:07       0    1.04    0.00    2.08    0.00    0.00    1.04    0.00    0.00    0.00   95.83
13:37:07       1    6.06    0.00   93.94    0.00    0.00    0.00    0.00    0.00    0.00    0.00
13:37:07       2    0.99    0.00    2.97    0.00    0.00    0.00    0.00    0.00    0.00   96.04
13:37:07       3    0.00    0.00    3.00    0.00    0.00    0.00    0.00    0.00    0.00   97.00

13:37:07     CPU    %usr   %nice    %sys %iowait    %irq   %soft  %steal  %guest  %gnice   %idle
13:37:08     all    2.03    0.00   25.63    0.00    0.00    0.00    0.00    0.00    0.00   72.34
13:37:08       0    0.00    0.00    3.19    0.00    0.00    0.00    0.00    0.00    0.00   96.81
13:37:08       1    6.00    0.00   94.00    0.00    0.00    0.00    0.00    0.00    0.00    0.00
13:37:08       2    1.00    0.00    2.00    0.00    0.00    0.00    0.00    0.00    0.00   97.00
13:37:08       3    1.00    0.00    2.00    0.00    0.00    0.00    0.00    0.00    0.00   97.00

13:37:08     CPU    %usr   %nice    %sys %iowait    %irq   %soft  %steal  %guest  %gnice   %idle
13:37:09     all    2.52    0.00   24.94    0.00    0.00    0.50    0.00    0.00    0.00   72.04
13:37:09       0    2.06    0.00    2.06    0.00    0.00    1.03    0.00    0.00    0.00   94.85
13:37:09       1    5.94    0.00   93.07    0.00    0.00    0.99    0.00    0.00    0.00    0.00
13:37:09       2    1.01    0.00    1.01    0.00    0.00    0.00    0.00    0.00    0.00   97.98
13:37:09       3    1.00    0.00    2.00    0.00    0.00    0.00    0.00    0.00    0.00   97.00

13:37:09     CPU    %usr   %nice    %sys %iowait    %irq   %soft  %steal  %guest  %gnice   %idle
13:37:10     all    2.04    0.00   25.51    0.00    0.00    0.00    0.00    0.00    0.00   72.45
13:37:10       0    1.06    0.00    2.13    0.00    0.00    0.00    0.00    0.00    0.00   96.81
13:37:10       1    5.05    0.00   94.95    0.00    0.00    0.00    0.00    0.00    0.00    0.00
13:37:10       2    1.01    0.00    2.02    0.00    0.00    0.00    0.00    0.00    0.00   96.97
13:37:10       3    1.00    0.00    2.00    0.00    0.00    0.00    0.00    0.00    0.00   97.00

13:37:10     CPU    %usr   %nice    %sys %iowait    %irq   %soft  %steal  %guest  %gnice   %idle
13:37:11     all    2.26    0.00   25.63    0.00    0.00    0.25    0.00    0.00    0.00   71.86
13:37:11       0    2.06    0.00    2.06    0.00    0.00    1.03    0.00    0.00    0.00   94.85
13:37:11       1    6.93    0.00   93.07    0.00    0.00    0.00    0.00    0.00    0.00    0.00
13:37:11       2    0.00    0.00    3.00    0.00    0.00    0.00    0.00    0.00    0.00   97.00
13:37:11       3    0.00    0.00    3.00    0.00    0.00    0.00    0.00    0.00    0.00   97.00

13:37:11     CPU    %usr   %nice    %sys %iowait    %irq   %soft  %steal  %guest  %gnice   %idle
13:37:12     all    2.28    0.00   25.06    0.00    0.00    0.25    0.00    0.00    0.00   72.41
13:37:12       0    1.05    0.00    2.11    0.00    0.00    1.05    0.00    0.00    0.00   95.79
13:37:12       1    6.06    0.00   93.94    0.00    0.00    0.00    0.00    0.00    0.00    0.00
13:37:12       2    1.00    0.00    2.00    0.00    0.00    0.00    0.00    0.00    0.00   97.00
13:37:12       3    0.99    0.00    1.98    0.00    0.00    0.00    0.00    0.00    0.00   97.03

13:37:12     CPU    %usr   %nice    %sys %iowait    %irq   %soft  %steal  %guest  %gnice   %idle
13:37:13     all    2.53    0.00   25.32    0.00    0.00    0.00    0.00    0.00    0.00   72.15
13:37:13       0    1.04    0.00    3.12    0.00    0.00    0.00    0.00    0.00    0.00   95.83
13:37:13       1    7.00    0.00   93.00    0.00    0.00    0.00    0.00    0.00    0.00    0.00
13:37:13       2    1.00    0.00    2.00    0.00    0.00    0.00    0.00    0.00    0.00   97.00
13:37:13       3    1.01    0.00    2.02    0.00    0.00    0.00    0.00    0.00    0.00   96.97

13:37:13     CPU    %usr   %nice    %sys %iowait    %irq   %soft  %steal  %guest  %gnice   %idle
13:37:14     all    2.54    0.00   24.68    0.00    0.00    0.25    0.00    0.00    0.00   72.52
13:37:14       0    1.06    0.00    1.06    0.00    0.00    1.06    0.00    0.00    0.00   96.81
13:37:14       1    8.00    0.00   92.00    0.00    0.00    0.00    0.00    0.00    0.00    0.00
13:37:14       2    1.00    0.00    2.00    0.00    0.00    0.00    0.00    0.00    0.00   97.00
13:37:14       3    0.00    0.00    2.02    0.00    0.00    0.00    0.00    0.00    0.00   97.98

13:37:14     CPU    %usr   %nice    %sys %iowait    %irq   %soft  %steal  %guest  %gnice   %idle
13:37:15     all    2.01    0.00   25.63    0.00    0.00    0.50    0.00    0.00    0.00   71.86
13:37:15       0    1.03    0.00    3.09    0.00    0.00    1.03    0.00    0.00    0.00   94.85
13:37:15       1    5.94    0.00   93.07    0.00    0.00    0.99    0.00    0.00    0.00    0.00
13:37:15       2    0.00    0.00    3.00    0.00    0.00    0.00    0.00    0.00    0.00   97.00
13:37:15       3    1.00    0.00    2.00    0.00    0.00    0.00    0.00    0.00    0.00   97.00

13:37:15     CPU    %usr   %nice    %sys %iowait    %irq   %soft  %steal  %guest  %gnice   %idle
13:37:16     all    2.03    0.00   25.32    0.00    0.00    0.25    0.00    0.00    0.00   72.41
13:37:16       0    1.04    0.00    2.08    0.00    0.00    1.04    0.00    0.00    0.00   95.83
13:37:16       1    5.05    0.00   94.95    0.00    0.00    0.00    0.00    0.00    0.00    0.00
13:37:16       2    1.00    0.00    2.00    0.00    0.00    0.00    0.00    0.00    0.00   97.00
13:37:16       3    1.00    0.00    2.00    0.00    0.00    0.00    0.00    0.00    0.00   97.00

13:37:16     CPU    %usr   %nice    %sys %iowait    %irq   %soft  %steal  %guest  %gnice   %idle
13:37:17     all    2.27    0.00   25.44    0.00    0.00    0.25    0.00    0.00    0.00   72.04
13:37:17       0    2.06    0.00    2.06    0.00    0.00    1.03    0.00    0.00    0.00   94.85
13:37:17       1    5.00    0.00   95.00    0.00    0.00    0.00    0.00    0.00    0.00    0.00
13:37:17       2    1.00    0.00    2.00    0.00    0.00    0.00    0.00    0.00    0.00   97.00
13:37:17       3    1.00    0.00    2.00    0.00    0.00    0.00    0.00    0.00    0.00   97.00

13:37:17     CPU    %usr   %nice    %sys %iowait    %irq   %soft  %steal  %guest  %gnice   %idle
13:37:18     all    2.03    0.00   24.62    0.25    0.00    0.00    0.00    0.00    0.00   73.10
13:37:18       0    1.05    0.00    2.11    0.00    0.00    0.00    0.00    0.00    0.00   96.84
13:37:18       1    7.00    0.00   93.00    0.00    0.00    0.00    0.00    0.00    0.00    0.00
13:37:18       2    0.00    0.00    1.01    0.00    0.00    0.00    0.00    0.00    0.00   98.99
13:37:18       3    0.00    0.00    1.00    1.00    0.00    0.00    0.00    0.00    0.00   98.00

13:37:18     CPU    %usr   %nice    %sys %iowait    %irq   %soft  %steal  %guest  %gnice   %idle
13:37:19     all    2.03    0.00   24.56    0.00    0.00    0.25    0.00    0.00    0.00   73.16
13:37:19       0    0.00    0.00    1.05    0.00    0.00    1.05    0.00    0.00    0.00   97.89
13:37:19       1    6.00    0.00   94.00    0.00    0.00    0.00    0.00    0.00    0.00    0.00
13:37:19       2    1.00    0.00    1.00    0.00    0.00    0.00    0.00    0.00    0.00   98.00
13:37:19       3    1.00    0.00    1.00    0.00    0.00    0.00    0.00    0.00    0.00   98.00

13:37:19     CPU    %usr   %nice    %sys %iowait    %irq   %soft  %steal  %guest  %gnice   %idle
13:37:20     all    2.27    0.00   25.44    0.00    0.00    0.25    0.00    0.00    0.00   72.04
13:37:20       0    2.04    0.00    3.06    0.00    0.00    1.02    0.00    0.00    0.00   93.88
13:37:20       1    6.00    0.00   94.00    0.00    0.00    0.00    0.00    0.00    0.00    0.00
13:37:20       2    0.00    0.00    3.00    0.00    0.00    0.00    0.00    0.00    0.00   97.00
13:37:20       3    1.01    0.00    1.01    0.00    0.00    0.00    0.00    0.00    0.00   97.98

13:37:20     CPU    %usr   %nice    %sys %iowait    %irq   %soft  %steal  %guest  %gnice   %idle
13:37:21     all    2.54    0.00   24.94    0.00    0.00    0.00    0.00    0.00    0.00   72.52
13:37:21       0    1.06    0.00    2.13    0.00    0.00    0.00    0.00    0.00    0.00   96.81
13:37:21       1    7.07    0.00   92.93    0.00    0.00    0.00    0.00    0.00    0.00    0.00
13:37:21       2    1.01    0.00    2.02    0.00    0.00    0.00    0.00    0.00    0.00   96.97
13:37:21       3    0.99    0.00    1.98    0.00    0.00    0.00    0.00    0.00    0.00   97.03

13:37:21     CPU    %usr   %nice    %sys %iowait    %irq   %soft  %steal  %guest  %gnice   %idle
13:37:22     all    2.52    0.00   25.19    0.00    0.00    0.25    0.00    0.00    0.00   72.04
13:37:22       0    2.06    0.00    2.06    0.00    0.00    1.03    0.00    0.00    0.00   94.85
13:37:22       1    6.93    0.00   93.07    0.00    0.00    0.00    0.00    0.00    0.00    0.00
13:37:22       2    1.00    0.00    2.00    0.00    0.00    0.00    0.00    0.00    0.00   97.00
13:37:22       3    0.00    0.00    2.02    0.00    0.00    0.00    0.00    0.00    0.00   97.98

13:37:22     CPU    %usr   %nice    %sys %iowait    %irq   %soft  %steal  %guest  %gnice   %idle
13:37:23     all    1.77    0.00   25.57    0.25    0.00    0.25    0.00    0.00    0.00   72.15
13:37:23       0    0.00    0.00    3.12    1.04    0.00    1.04    0.00    0.00    0.00   94.79
13:37:23       1    6.00    0.00   94.00    0.00    0.00    0.00    0.00    0.00    0.00    0.00
13:37:23       2    0.00    0.00    2.02    0.00    0.00    0.00    0.00    0.00    0.00   97.98
13:37:23       3    1.00    0.00    2.00    0.00    0.00    0.00    0.00    0.00    0.00   97.00

13:37:23     CPU    %usr   %nice    %sys %iowait    %irq   %soft  %steal  %guest  %gnice   %idle
13:37:24     all    3.03    0.00   24.75    0.00    0.00    0.25    0.00    0.00    0.00   71.97
13:37:24       0    2.11    0.00    1.05    0.00    0.00    0.00    0.00    0.00    0.00   96.84
13:37:24       1    6.93    0.00   92.08    0.00    0.00    0.99    0.00    0.00    0.00    0.00
13:37:24       2    1.00    0.00    2.00    0.00    0.00    0.00    0.00    0.00    0.00   97.00
13:37:24       3    2.00    0.00    2.00    0.00    0.00    0.00    0.00    0.00    0.00   96.00

13:37:24     CPU    %usr   %nice    %sys %iowait    %irq   %soft  %steal  %guest  %gnice   %idle
13:37:25     all    2.52    0.00   25.19    0.00    0.00    0.25    0.00    0.00    0.00   72.04
13:37:25       0    1.04    0.00    3.12    0.00    0.00    1.04    0.00    0.00    0.00   94.79
13:37:25       1    7.00    0.00   93.00    0.00    0.00    0.00    0.00    0.00    0.00    0.00
13:37:25       2    0.99    0.00    1.98    0.00    0.00    0.00    0.00    0.00    0.00   97.03
13:37:25       3    1.00    0.00    2.00    0.00    0.00    0.00    0.00    0.00    0.00   97.00

13:37:25     CPU    %usr   %nice    %sys %iowait    %irq   %soft  %steal  %guest  %gnice   %idle
13:37:26     all    2.28    0.00   25.06    0.00    0.00    0.25    0.00    0.00    0.00   72.41
13:37:26       0    1.03    0.00    2.06    0.00    0.00    1.03    0.00    0.00    0.00   95.88
13:37:26       1    6.06    0.00   93.94    0.00    0.00    0.00    0.00    0.00    0.00    0.00
13:37:26       2    1.00    0.00    2.00    0.00    0.00    0.00    0.00    0.00    0.00   97.00
13:37:26       3    1.01    0.00    2.02    0.00    0.00    0.00    0.00    0.00    0.00   96.97

13:37:26     CPU    %usr   %nice    %sys %iowait    %irq   %soft  %steal  %guest  %gnice   %idle
13:37:27     all    2.53    0.00   25.25    0.00    0.00    0.25    0.00    0.00    0.00   71.97
13:37:27       0    2.08    0.00    2.08    0.00    0.00    1.04    0.00    0.00    0.00   94.79
13:37:27       1    6.00    0.00   94.00    0.00    0.00    0.00    0.00    0.00    0.00    0.00
13:37:27       2    1.00    0.00    2.00    0.00    0.00    0.00    0.00    0.00    0.00   97.00
13:37:27       3    1.00    0.00    2.00    0.00    0.00    0.00    0.00    0.00    0.00   97.00

13:37:27     CPU    %usr   %nice    %sys %iowait    %irq   %soft  %steal  %guest  %gnice   %idle
13:37:28     all    2.03    0.00   25.13    0.00    0.00    0.25    0.00    0.00    0.00   72.59
13:37:28       0    1.04    0.00    2.08    0.00    0.00    1.04    0.00    0.00    0.00   95.83
13:37:28       1    7.00    0.00   93.00    0.00    0.00    0.00    0.00    0.00    0.00    0.00
13:37:28       2    0.00    0.00    2.02    0.00    0.00    0.00    0.00    0.00    0.00   97.98
13:37:28       3    0.00    0.00    2.02    0.00    0.00    0.00    0.00    0.00    0.00   97.98

Average:     CPU    %usr   %nice    %sys %iowait    %irq   %soft  %steal  %guest  %gnice   %idle
Average:     all    2.53    0.03   24.85    0.07    0.00    0.18    0.00    0.00    0.00   72.35
Average:       0    1.03    0.01    2.08    0.15    0.00    0.61    0.00    0.00    0.00   96.11
Average:       1    7.31    0.00   92.59    0.00    0.00    0.10    0.00    0.00    0.00    0.00
Average:       2    0.86    0.00    1.97    0.10    0.00    0.01    0.00    0.00    0.00   97.05
Average:       3    0.84    0.09    1.94    0.04    0.00    0.00    0.00    0.00    0.00   97.08
