# timestamp  face |bytes    packets errs drop fifo frame compressed multicast|bytes    packets errs drop fifo colls carrier compressed
1777803868.672264416     lo:   26124     348    0    0    0     0          0         0    26124     348    0    0    0     0       0          0
1777803868.672264416 enP1p1s0:    7182      65    0    0    0     0          0        59     8958      86    0    0    0     0       0          0
1777803868.672264416   eth0:       0       0    0    0    0     0          0         0        0       0    0    0    0     0       0          0
1777803868.672264416  wlan0:   72946     720    0    0    0     0          0         2    82033     671    0    0    0     0       0          0
1777803868.672264416    br0:    3456      36    0    0    0     0          0        34      914      11    0    0    0     0       0          0
1777803869.685026338     lo:   26124     348    0    0    0     0          0         0    26124     348    0    0    0     0       0          0
1777803869.685026338 enP1p1s0:    7182      65    0    0    0     0          0        59     8958      86    0    0    0     0       0          0
1777803869.685026338   eth0:       0       0    0    0    0     0          0         0        0       0    0    0    0     0       0          0
1777803869.685026338  wlan0:   77714     775    0    0    0     0          0         2    87481     725    0    0    0     0       0          0
1777803869.685026338    br0:    3456      36    0    0    0     0          0        34      914      11    0    0    0     0       0          0
1777803870.693983133     lo:   26124     348    0    0    0     0          0         0    26124     348    0    0    0     0       0          0
1777803870.693983133 enP1p1s0:    7182      65    0    0    0     0          0        59     8958      86    0    0    0     0       0          0
1777803870.693983133   eth0:       0       0    0    0    0     0          0         0        0       0    0    0    0     0       0          0
1777803870.693983133  wlan0:   80774     811    0    0    0     0          0         2    90715     756    0    0    0     0       0          0
1777803870.693983133    br0:    3456      36    0    0    0     0          0        34      914      11    0    0    0     0       0          0
1777803871.702721816     lo:   26124     348    0    0    0     0          0         0    26124     348    0    0    0     0       0          0
1777803871.702721816 enP1p1s0:    7182      65    0    0    0     0          0        59     8958      86    0    0    0     0       0          0
1777803871.702721816   eth0:       0       0    0    0    0     0          0         0        0       0    0    0    0     0       0          0
1777803871.702721816  wlan0:   80774     811    0    0    0     0          0         2    90715     756    0    0    0     0       0          0
1777803871.702721816    br0:    3456      36    0    0    0     0          0        34      914      11    0    0    0     0       0          0
1777803872.711636852     lo:   26124     348    0    0    0     0          0         0    26124     348    0    0    0     0       0          0
1777803872.711636852 enP1p1s0:    7182      65    0    0    0     0          0        59     8958      86    0    0    0     0       0          0
1777803872.711636852   eth0:       0       0    0    0    0     0          0         0        0       0    0    0    0     0       0          0
1777803872.711636852  wlan0:   80774     811    0    0    0     0          0         2    90715     756    0    0    0     0       0          0
1777803872.711636852    br0:    3456      36    0    0    0     0          0        34      914      11    0    0    0     0       0          0
1777803873.720525332     lo:   26124     348    0    0    0     0          0         0    26124     348    0    0    0     0       0          0
1777803873.720525332 enP1p1s0:    7182      65    0    0    0     0          0        59     8958      86    0    0    0     0       0          0
1777803873.720525332   eth0:       0       0    0    0    0     0          0         0        0       0    0    0    0     0       0          0
1777803873.720525332  wlan0:   80774     811    0    0    0     0          0         2    90715     756    0    0    0     0       0          0
1777803873.720525332    br0:    3456      36    0    0    0     0          0        34      914      11    0    0    0     0       0          0
1777803874.729405239     lo:   26124     348    0    0    0     0          0         0    26124     348    0    0    0     0       0          0
1777803874.729405239 enP1p1s0:    7252      66    0    0    0     0          0        60     9028      87    0    0    0     0       0          0
1777803874.729405239   eth0:       0       0    0    0    0     0          0         0        0       0    0    0    0     0       0          0
1777803874.729405239  wlan0:   80774     811    0    0    0     0          0         2    90715     756    0    0    0     0       0          0
1777803874.729405239    br0:    3512      37    0    0    0     0          0        35      914      11    0    0    0     0       0          0
1777803875.738230552     lo:   26124     348    0    0    0     0          0         0    26124     348    0    0    0     0       0          0
1777803875.738230552 enP1p1s0:    7252      66    0    0    0     0          0        60     9028      87    0    0    0     0       0          0
1777803875.738230552   eth0:       0       0    0    0    0     0          0         0        0       0    0    0    0     0       0          0
1777803875.738230552  wlan0:   80990     812    0    0    0     0          0         2    90945     757    0    0    0     0       0          0
1777803875.738230552    br0:    3512      37    0    0    0     0          0        35      914      11    0    0    0     0       0          0
1777803876.747107606     lo:   26124     348    0    0    0     0          0         0    26124     348    0    0    0     0       0          0
1777803876.747107606 enP1p1s0:    7252      66    0    0    0     0          0        60     9028      87    0    0    0     0       0          0
1777803876.747107606   eth0:       0       0    0    0    0     0          0         0        0       0    0    0    0     0       0          0
1777803876.747107606  wlan0:   81422     814    0    0    0     0          0         2    91405     759    0    0    0     0       0          0
1777803876.747107606    br0:    3512      37    0    0    0     0          0        35      914      11    0    0    0     0       0          0
1777803877.755971882     lo:   26124     348    0    0    0     0          0         0    26124     348    0    0    0     0       0          0
1777803877.755971882 enP1p1s0:    7322      67    0    0    0     0          0        61     9098      88    0    0    0     0       0          0
1777803877.755971882   eth0:       0       0    0    0    0     0          0         0        0       0    0    0    0     0       0          0
1777803877.755971882  wlan0:   81422     814    0    0    0     0          0         2    91405     759    0    0    0     0       0          0
1777803877.755971882    br0:    3568      38    0    0    0     0          0        36      914      11    0    0    0     0       0          0
1777803878.764884826     lo:   26124     348    0    0    0     0          0         0    26124     348    0    0    0     0       0          0
1777803878.764884826 enP1p1s0:    7322      67    0    0    0     0          0        61     9098      88    0    0    0     0       0          0
1777803878.764884826   eth0:       0       0    0    0    0     0          0         0        0       0    0    0    0     0       0          0
1777803878.764884826  wlan0:   81422     814    0    0    0     0          0         2    91405     759    0    0    0     0       0          0
1777803878.764884826    br0:    3568      38    0    0    0     0          0        36      914      11    0    0    0     0       0          0
1777803879.773771283     lo:   26124     348    0    0    0     0          0         0    26124     348    0    0    0     0       0          0
1777803879.773771283 enP1p1s0:    7322      67    0    0    0     0          0        61     9098      88    0    0    0     0       0          0
1777803879.773771283   eth0:       0       0    0    0    0     0          0         0        0       0    0    0    0     0       0          0
1777803879.773771283  wlan0:   81638     815    0    0    0     0          0         2    91635     760    0    0    0     0       0          0
1777803879.773771283    br0:    3568      38    0    0    0     0          0        36      914      11    0    0    0     0       0          0
1777803880.782597600     lo:   26124     348    0    0    0     0          0         0    26124     348    0    0    0     0       0          0
1777803880.782597600 enP1p1s0:    7322      67    0    0    0     0          0        61     9098      88    0    0    0     0       0          0
1777803880.782597600   eth0:       0       0    0    0    0     0          0         0        0       0    0    0    0     0       0          0
1777803880.782597600  wlan0:   81638     815    0    0    0     0          0         2    91635     760    0    0    0     0       0          0
1777803880.782597600    br0:    3568      38    0    0    0     0          0        36      914      11    0    0    0     0       0          0
1777803881.791364491     lo:   26124     348    0    0    0     0          0         0    26124     348    0    0    0     0       0          0
1777803881.791364491 enP1p1s0:    7322      67    0    0    0     0          0        61     9098      88    0    0    0     0       0          0
1777803881.791364491   eth0:       0       0    0    0    0     0          0         0        0       0    0    0    0     0       0          0
1777803881.791364491  wlan0:   81666     816    0    0    0     0          0         2    91677     761    0    0    0     0       0          0
1777803881.791364491    br0:    3568      38    0    0    0     0          0        36      914      11    0    0    0     0       0          0
1777803882.800804349     lo:   26124     348    0    0    0     0          0         0    26124     348    0    0    0     0       0          0
1777803882.800804349 enP1p1s0: 25595030  328115    0    0    0     0          0        61 25596572  328133    0    0    0     0       0          0
1777803882.800804349   eth0:       0       0    0    0    0     0          0         0        0       0    0    0    0     0       0          0
1777803882.800804349  wlan0:   81666     816    0    0    0     0          0         2    91677     761    0    0    0     0       0          0
1777803882.800804349    br0:    3614      39    0    0    0     0          0        36      914      11    0    0    0     0       0          0
1777803883.814406880     lo:   26124     348    0    0    0     0          0         0    26124     348    0    0    0     0       0          0
1777803883.814406880 enP1p1s0: 53098454  680723    0    0    0     0          0        61 53097266  680706    0    0    0     0       0          0
1777803883.814406880   eth0:       0       0    0    0    0     0          0         0        0       0    0    0    0     0       0          0
1777803883.814406880  wlan0:   81882     817    0    0    0     0          0         2    91907     762    0    0    0     0       0          0
1777803883.814406880    br0:    3614      39    0    0    0     0          0        36      914      11    0    0    0     0       0          0
1777803884.824614687     lo:   26124     348    0    0    0     0          0         0    26124     348    0    0    0     0       0          0
1777803884.824614687 enP1p1s0: 80757316 1035324    0    0    0     0          0        62 80758000 1035331    0    0    0     0       0          0
1777803884.824614687   eth0:       0       0    0    0    0     0          0         0        0       0    0    0    0     0       0          0
1777803884.824614687  wlan0:   81882     817    0    0    0     0          0         2    91907     762    0    0    0     0       0          0
1777803884.824614687    br0:    3662      40    0    0    0     0          0        37      914      11    0    0    0     0       0          0
1777803885.841795073     lo:   26124     348    0    0    0     0          0         0    26124     348    0    0    0     0       0          0
1777803885.841795073 enP1p1s0: 108437566 1390199    0    0    0     0          0        62 108438640 1390211    0    0    0     0       0          0
1777803885.841795073   eth0:       0       0    0    0    0     0          0         0        0       0    0    0    0     0       0          0
1777803885.841795073  wlan0:   81882     817    0    0    0     0          0         2    91907     762    0    0    0     0       0          0
1777803885.841795073    br0:    3662      40    0    0    0     0          0        37      914      11    0    0    0     0       0          0
1777803886.856586722     lo:   26124     348    0    0    0     0          0         0    26124     348    0    0    0     0       0          0
1777803886.856586722 enP1p1s0: 136173508 1745788    0    0    0     0          0        62 136172632 1745775    0    0    0     0       0          0
1777803886.856586722   eth0:       0       0    0    0    0     0          0         0        0       0    0    0    0     0       0          0
1777803886.856586722  wlan0:   81882     817    0    0    0     0          0         2    91907     762    0    0    0     0       0          0
1777803886.856586722    br0:    3662      40    0    0    0     0          0        37      914      11    0    0    0     0       0          0
1777803887.870208865     lo:   26124     348    0    0    0     0          0         0    26124     348    0    0    0     0       0          0
1777803887.870208865 enP1p1s0: 163685356 2098504    0    0    0     0          0        62 163686040 2098511    0    0    0     0       0          0
1777803887.870208865   eth0:       0       0    0    0    0     0          0         0        0       0    0    0    0     0       0          0
1777803887.870208865  wlan0:   81882     817    0    0    0     0          0         2    91907     762    0    0    0     0       0          0
1777803887.870208865    br0:    3662      40    0    0    0     0          0        37      914      11    0    0    0     0       0          0
1777803888.880284652     lo:   26124     348    0    0    0     0          0         0    26124     348    0    0    0     0       0          0
1777803888.880284652 enP1p1s0: 190986916 2448524    0    0    0     0          0        62 190986040 2448511    0    0    0     0       0          0
1777803888.880284652   eth0:       0       0    0    0    0     0          0         0        0       0    0    0    0     0       0          0
1777803888.880284652  wlan0:   81882     817    0    0    0     0          0         2    91907     762    0    0    0     0       0          0
1777803888.880284652    br0:    3662      40    0    0    0     0          0        37      914      11    0    0    0     0       0          0
1777803889.890340366     lo:   26124     348    0    0    0     0          0         0    26124     348    0    0    0     0       0          0
1777803889.890340366 enP1p1s0: 218285356 2798504    0    0    0     0          0        62 218284480 2798491    0    0    0     0       0          0
1777803889.890340366   eth0:       0       0    0    0    0     0          0         0        0       0    0    0    0     0       0          0
1777803889.890340366  wlan0:   81882     817    0    0    0     0          0         2    91907     762    0    0    0     0       0          0
1777803889.890340366    br0:    3662      40    0    0    0     0          0        37      914      11    0    0    0     0       0          0
1777803890.903906897     lo:   26124     348    0    0    0     0          0         0    26124     348    0    0    0     0       0          0
1777803890.903906897 enP1p1s0: 245835580 3151712    0    0    0     0          0        62 245837200 3151731    0    0    0     0       0          0
1777803890.903906897   eth0:       0       0    0    0    0     0          0         0        0       0    0    0    0     0       0          0
1777803890.903906897  wlan0:   81882     817    0    0    0     0          0         2    91907     762    0    0    0     0       0          0
1777803890.903906897    br0:    3662      40    0    0    0     0          0        37      914      11    0    0    0     0       0          0
1777803891.916870442     lo:   26124     348    0    0    0     0          0         0    26124     348    0    0    0     0       0          0
1777803891.916870442 enP1p1s0: 273561300 3507167    0    0    0     0          0        64 273562842 3507185    0    0    0     0       0          0
1777803891.916870442   eth0:       0       0    0    0    0     0          0         0        0       0    0    0    0     0       0          0
1777803891.916870442  wlan0:   81882     817    0    0    0     0          0         2    91907     762    0    0    0     0       0          0
1777803891.916870442    br0:    4020      42    0    0    0     0          0        39      914      11    0    0    0     0       0          0
1777803892.930404177     lo:   26124     348    0    0    0     0          0         0    26124     348    0    0    0     0       0          0
1777803892.930404177 enP1p1s0: 301050294 3859590    0    0    0     0          0        64 301049262 3859575    0    0    0     0       0          0
1777803892.930404177   eth0:       0       0    0    0    0     0          0         0        0       0    0    0    0     0       0          0
1777803892.930404177  wlan0:   81882     817    0    0    0     0          0         2    91907     762    0    0    0     0       0          0
1777803892.930404177    br0:    4020      42    0    0    0     0          0        39      914      11    0    0    0     0       0          0
1777803893.940472853     lo:   26124     348    0    0    0     0          0         0    26124     348    0    0    0     0       0          0
1777803893.940472853 enP1p1s0: 328537494 4211990    0    0    0     0          0        64 328538178 4211997    0    0    0     0       0          0
1777803893.940472853   eth0:       0       0    0    0    0     0          0         0        0       0    0    0    0     0       0          0
1777803893.940472853  wlan0:   81882     817    0    0    0     0          0         2    91907     762    0    0    0     0       0          0
1777803893.940472853    br0:    4020      42    0    0    0     0          0        39      914      11    0    0    0     0       0          0
1777803894.950486659     lo:   26124     348    0    0    0     0          0         0    26124     348    0    0    0     0       0          0
1777803894.950486659 enP1p1s0: 355983822 4563866    0    0    0     0          0        64 355982634 4563849    0    0    0     0       0          0
1777803894.950486659   eth0:       0       0    0    0    0     0          0         0        0       0    0    0    0     0       0          0
1777803894.950486659  wlan0:   81882     817    0    0    0     0          0         2    91907     762    0    0    0     0       0          0
1777803894.950486659    br0:    4020      42    0    0    0     0          0        39      914      11    0    0    0     0       0          0
1777803895.960489668     lo:   26124     348    0    0    0     0          0         0    26124     348    0    0    0     0       0          0
1777803895.960489668 enP1p1s0: 383551596 4917299    0    0    0     0          0        64 383552748 4917312    0    0    0     0       0          0
1777803895.960489668   eth0:       0       0    0    0    0     0          0         0        0       0    0    0    0     0       0          0
1777803895.960489668  wlan0:   81882     817    0    0    0     0          0         2    91907     762    0    0    0     0       0          0
1777803895.960489668    br0:    4020      42    0    0    0     0          0        39      914      11    0    0    0     0       0          0
1777803896.974106866     lo:   26124     348    0    0    0     0          0         0    26124     348    0    0    0     0       0          0
1777803896.974106866 enP1p1s0: 411024990 5269522    0    0    0     0          0        64 411024496 5269514    0    0    0     0       0          0
1777803896.974106866   eth0:       0       0    0    0    0     0          0         0        0       0    0    0    0     0       0          0
1777803896.974106866  wlan0:   81882     817    0    0    0     0          0         2    91907     762    0    0    0     0       0          0
1777803896.974106866    br0:    4020      42    0    0    0     0          0        39      984      12    0    0    0     0       0          0
1777803897.984375451     lo:   26124     348    0    0    0     0          0         0    26124     348    0    0    0     0       0          0
1777803897.984375451 enP1p1s0: 438481302 5621526    0    0    0     0          0        64 438482992 5621546    0    0    0     0       0          0
1777803897.984375451   eth0:       0       0    0    0    0     0          0         0        0       0    0    0    0     0       0          0
1777803897.984375451  wlan0:   81882     817    0    0    0     0          0         2    91907     762    0    0    0     0       0          0
1777803897.984375451    br0:    4020      42    0    0    0     0          0        39      984      12    0    0    0     0       0          0
1777803898.994474683     lo:   26124     348    0    0    0     0          0         0    26124     348    0    0    0     0       0          0
1777803898.994474683 enP1p1s0: 465976224 5974025    0    0    0     0          0        64 465977368 5974038    0    0    0     0       0          0
1777803898.994474683   eth0:       0       0    0    0    0     0          0         0        0       0    0    0    0     0       0          0
1777803898.994474683  wlan0:   81882     817    0    0    0     0          0         2    91907     762    0    0    0     0       0          0
1777803898.994474683    br0:    4020      42    0    0    0     0          0        39      984      12    0    0    0     0       0          0
1777803900.008191123     lo:   26124     348    0    0    0     0          0         0    26124     348    0    0    0     0       0          0
1777803900.008191123 enP1p1s0: 493486434 6326720    0    0    0     0          0        64 493487500 6326732    0    0    0     0       0          0
1777803900.008191123   eth0:       0       0    0    0    0     0          0         0        0       0    0    0    0     0       0          0
1777803900.008191123  wlan0:   81882     817    0    0    0     0          0         2    91907     762    0    0    0     0       0          0
1777803900.008191123    br0:    4020      42    0    0    0     0          0        39      984      12    0    0    0     0       0          0
1777803901.021727468     lo:   26124     348    0    0    0     0          0         0    26124     348    0    0    0     0       0          0
1777803901.021727468 enP1p1s0: 521027142 6679806    0    0    0     0          0        64 521029058 6679829    0    0    0     0       0          0
1777803901.021727468   eth0:       0       0    0    0    0     0          0         0        0       0    0    0    0     0       0          0
1777803901.021727468  wlan0:   81882     817    0    0    0     0          0         2    91907     762    0    0    0     0       0          0
1777803901.021727468    br0:    4020      42    0    0    0     0          0        39      984      12    0    0    0     0       0          0
1777803902.035315629     lo:   26124     348    0    0    0     0          0         0    26124     348    0    0    0     0       0          0
1777803902.035315629 enP1p1s0: 548425734 7031070    0    0    0     0          0        64 548426480 7031078    0    0    0     0       0          0
1777803902.035315629   eth0:       0       0    0    0    0     0          0         0        0       0    0    0    0     0       0          0
1777803902.035315629  wlan0:   81958     818    0    0    0     0          0         2    91907     762    0    0    0     0       0          0
1777803902.035315629    br0:    4020      42    0    0    0     0          0        39      984      12    0    0    0     0       0          0
1777803903.045574288     lo:   26124     348    0    0    0     0          0         0    26124     348    0    0    0     0       0          0
1777803903.045574288 enP1p1s0: 575956060 7384023    0    0    0     0          0        65 575957742 7384043    0    0    0     0       0          0
1777803903.045574288   eth0:       0       0    0    0    0     0          0         0        0       0    0    0    0     0       0          0
1777803903.045574288  wlan0:   81958     818    0    0    0     0          0         2    91907     762    0    0    0     0       0          0
1777803903.045574288    br0:    4076      43    0    0    0     0          0        40      984      12    0    0    0     0       0          0
1777803904.062552247     lo:   26124     348    0    0    0     0          0         0    26124     348    0    0    0     0       0          0
1777803904.062552247 enP1p1s0: 603407692 7735967    0    0    0     0          0        65 603408438 7735975    0    0    0     0       0          0
1777803904.062552247   eth0:       0       0    0    0    0     0          0         0        0       0    0    0    0     0       0          0
1777803904.062552247  wlan0:   81958     818    0    0    0     0          0         2    91907     762    0    0    0     0       0          0
1777803904.062552247    br0:    4076      43    0    0    0     0          0        40      984      12    0    0    0     0       0          0
1777803905.076383279     lo:   26124     348    0    0    0     0          0         0    26124     348    0    0    0     0       0          0
1777803905.076383279 enP1p1s0: 630953626 8089120    0    0    0     0          0        65 630954606 8089131    0    0    0     0       0          0
1777803905.076383279   eth0:       0       0    0    0    0     0          0         0        0       0    0    0    0     0       0          0
1777803905.076383279  wlan0:   81958     818    0    0    0     0          0         2    91907     762    0    0    0     0       0          0
1777803905.076383279    br0:    4076      43    0    0    0     0          0        40      984      12    0    0    0     0       0          0
1777803906.094693265     lo:   26124     348    0    0    0     0          0         0    26124     348    0    0    0     0       0          0
1777803906.094693265 enP1p1s0: 658573036 8443215    0    0    0     0          0        65 658574952 8443238    0    0    0     0       0          0
1777803906.094693265   eth0:       0       0    0    0    0     0          0         0        0       0    0    0    0     0       0          0
1777803906.094693265  wlan0:   81958     818    0    0    0     0          0         2    91907     762    0    0    0     0       0          0
1777803906.094693265    br0:    4076      43    0    0    0     0          0        40      984      12    0    0    0     0       0          0
1777803907.109616081     lo:   26124     348    0    0    0     0          0         0    26124     348    0    0    0     0       0          0
1777803907.109616081 enP1p1s0: 686020300 8795103    0    0    0     0          0        65 686021982 8795123    0    0    0     0       0          0
1777803907.109616081   eth0:       0       0    0    0    0     0          0         0        0       0    0    0    0     0       0          0
1777803907.109616081  wlan0:   81958     818    0    0    0     0          0         2    91907     762    0    0    0     0       0          0
1777803907.109616081    br0:    4076      43    0    0    0     0          0        40      984      12    0    0    0     0       0          0
1777803908.122987389     lo:   26548     352    0    0    0     0          0         0    26548     352    0    0    0     0       0          0
1777803908.122987389 enP1p1s0: 713187778 9143404    0    0    0     0          0        65 713189070 9143419    0    0    0     0       0          0
1777803908.122987389   eth0:       0       0    0    0    0     0          0         0        0       0    0    0    0     0       0          0
1777803908.122987389  wlan0:   90464     831    0    0    0     0          0         2    97009     778    0    0    0     0       0          0
1777803908.122987389    br0:    4076      43    0    0    0     0          0        40      984      12    0    0    0     0       0          0
1777803909.133199825     lo:   26548     352    0    0    0     0          0         0    26548     352    0    0    0     0       0          0
1777803909.133199825 enP1p1s0: 740440588 9492799    0    0    0     0          0        65 740439462 9492783    0    0    0     0       0          0
1777803909.133199825   eth0:       0       0    0    0    0     0          0         0        0       0    0    0    0     0       0          0
1777803909.133199825  wlan0:   90464     831    0    0    0     0          0         2    97009     778    0    0    0     0       0          0
1777803909.133199825    br0:    4076      43    0    0    0     0          0        40      984      12    0    0    0     0       0          0
1777803910.162050300     lo:   26548     352    0    0    0     0          0         0    26548     352    0    0    0     0       0          0
1777803910.162050300 enP1p1s0: 768392980 9851163    0    0    0     0          0        65 768393726 9851171    0    0    0     0       0          0
1777803910.162050300   eth0:       0       0    0    0    0     0          0         0        0       0    0    0    0     0       0          0
1777803910.162050300  wlan0:   90464     831    0    0    0     0          0         2    97009     778    0    0    0     0       0          0
1777803910.162050300    br0:    4076      43    0    0    0     0          0        40      984      12    0    0    0     0       0          0
1777803911.174468620     lo:   26548     352    0    0    0     0          0         0    26548     352    0    0    0     0       0          0
1777803911.174468620 enP1p1s0: 795728150 10201614    0    0    0     0          0        66 795729364 10201628    0    0    0     0       0          0
1777803911.174468620   eth0:       0       0    0    0    0     0          0         0        0       0    0    0    0     0       0          0
1777803911.174468620  wlan0:   90464     831    0    0    0     0          0         2    97009     778    0    0    0     0       0          0
1777803911.174468620    br0:    4132      44    0    0    0     0          0        41      984      12    0    0    0     0       0          0
1777803912.186903441     lo:   26548     352    0    0    0     0          0         0    26548     352    0    0    0     0       0          0
1777803912.186903441 enP1p1s0: 823096946 10552496    0    0    0     0          0        66 823096132 10552484    0    0    0     0       0          0
1777803912.186903441   eth0:       0       0    0    0    0     0          0         0        0       0    0    0    0     0       0          0
1777803912.186903441  wlan0:   90464     831    0    0    0     0          0         2    97009     778    0    0    0     0       0          0
1777803912.186903441    br0:    4132      44    0    0    0     0          0        41      984      12    0    0    0     0       0          0
1777803913.199911505     lo:   26548     352    0    0    0     0          0         0    26548     352    0    0    0     0       0          0
1777803913.199911505 enP1p1s0: 850601540 10905119    0    0    0     0          0        66 850602676 10905132    0    0    0     0       0          0
1777803913.199911505   eth0:       0       0    0    0    0     0          0         0        0       0    0    0    0     0       0          0
1777803913.199911505  wlan0:   90672     835    0    0    0     0          0         2    97231     781    0    0    0     0       0          0
1777803913.199911505    br0:    4132      44    0    0    0     0          0        41      984      12    0    0    0     0       0          0
1777803914.213271794     lo:   26548     352    0    0    0     0          0         0    26548     352    0    0    0     0       0          0
1777803914.213271794 enP1p1s0: 877972910 11256034    0    0    0     0          0        66 877974046 11256047    0    0    0     0       0          0
1777803914.213271794   eth0:       0       0    0    0    0     0          0         0        0       0    0    0    0     0       0          0
1777803914.213271794  wlan0:   90672     835    0    0    0     0          0         2    97231     781    0    0    0     0       0          0
1777803914.213271794    br0:    4132      44    0    0    0     0          0        41      984      12    0    0    0     0       0          0
1777803915.227225531     lo:   26548     352    0    0    0     0          0         0    26548     352    0    0    0     0       0          0
1777803915.227225531 enP1p1s0: 905546846 11609546    0    0    0     0          0        66 905548060 11609560    0    0    0     0       0          0
1777803915.227225531   eth0:       0       0    0    0    0     0          0         0        0       0    0    0    0     0       0          0
1777803915.227225531  wlan0:   90672     835    0    0    0     0          0         2    97231     781    0    0    0     0       0          0
1777803915.227225531    br0:    4132      44    0    0    0     0          0        41      984      12    0    0    0     0       0          0
1777803916.245912315     lo:   26548     352    0    0    0     0          0         0    26548     352    0    0    0     0       0          0
1777803916.245912315 enP1p1s0: 933007370 11961604    0    0    0     0          0        66 933006556 11961592    0    0    0     0       0          0
1777803916.245912315   eth0:       0       0    0    0    0     0          0         0        0       0    0    0    0     0       0          0
1777803916.245912315  wlan0:   90672     835    0    0    0     0          0         2    97231     781    0    0    0     0       0          0
1777803916.245912315    br0:    4132      44    0    0    0     0          0        41      984      12    0    0    0     0       0          0
1777803917.260696187     lo:   26548     352    0    0    0     0          0         0    26548     352    0    0    0     0       0          0
1777803917.260696187 enP1p1s0: 960418754 12313032    0    0    0     0          0        66 960418564 12313028    0    0    0     0       0          0
1777803917.260696187   eth0:       0       0    0    0    0     0          0         0        0       0    0    0    0     0       0          0
1777803917.260696187  wlan0:   90672     835    0    0    0     0          0         2    97231     781    0    0    0     0       0          0
1777803917.260696187    br0:    4132      44    0    0    0     0          0        41      984      12    0    0    0     0       0          0
1777803918.270878956     lo:   26548     352    0    0    0     0          0         0    26548     352    0    0    0     0       0          0
1777803918.270878956 enP1p1s0: 987792776 12663981    0    0    0     0          0        66 987792508 12663976    0    0    0     0       0          0
1777803918.270878956   eth0:       0       0    0    0    0     0          0         0        0       0    0    0    0     0       0          0
1777803918.270878956  wlan0:   90672     835    0    0    0     0          0         2    97231     781    0    0    0     0       0          0
1777803918.270878956    br0:    4132      44    0    0    0     0          0        41      984      12    0    0    0     0       0          0
1777803919.280134721     lo:   26548     352    0    0    0     0          0         0    26548     352    0    0    0     0       0          0
1777803919.280134721 enP1p1s0: 1015183256 13015141    0    0    0     0          0        66 1015182988 13015136    0    0    0     0       0          0
1777803919.280134721   eth0:       0       0    0    0    0     0          0         0        0       0    0    0    0     0       0          0
1777803919.280134721  wlan0:   90672     835    0    0    0     0          0         2    97231     781    0    0    0     0       0          0
1777803919.280134721    br0:    4132      44    0    0    0     0          0        41      984      12    0    0    0     0       0          0
1777803920.290263416     lo:   26548     352    0    0    0     0          0         0    26548     352    0    0    0     0       0          0
1777803920.290263416 enP1p1s0: 1042552910 13366034    0    0    0     0          0        66 1042553812 13366044    0    0    0     0       0          0
1777803920.290263416   eth0:       0       0    0    0    0     0          0         0        0       0    0    0    0     0       0          0
1777803920.290263416  wlan0:   90672     835    0    0    0     0          0         2    97231     781    0    0    0     0       0          0
1777803920.290263416    br0:    4132      44    0    0    0     0          0        41      984      12    0    0    0     0       0          0
1777803921.304037318     lo:   26548     352    0    0    0     0          0         0    26548     352    0    0    0     0       0          0
1777803921.304037318 enP1p1s0: 1070033402 13718348    0    0    0     0          0        66 1070032588 13718336    0    0    0     0       0          0
1777803921.304037318   eth0:       0       0    0    0    0     0          0         0        0       0    0    0    0     0       0          0
1777803921.304037318  wlan0:   90672     835    0    0    0     0          0         2    97231     781    0    0    0     0       0          0
1777803921.304037318    br0:    4132      44    0    0    0     0          0        41      984      12    0    0    0     0       0          0
1777803922.315778801     lo:   26548     352    0    0    0     0          0         0    26548     352    0    0    0     0       0          0
1777803922.315778801 enP1p1s0: 1097404460 14069259    0    0    0     0          0        66 1097405596 14069272    0    0    0     0       0          0
1777803922.315778801   eth0:       0       0    0    0    0     0          0         0        0       0    0    0    0     0       0          0
1777803922.315778801  wlan0:   90672     835    0    0    0     0          0         2    97231     781    0    0    0     0       0          0
1777803922.315778801    br0:    4132      44    0    0    0     0          0        41      984      12    0    0    0     0       0          0
1777803923.325859719     lo:   26548     352    0    0    0     0          0         0    26548     352    0    0    0     0       0          0
1777803923.325859719 enP1p1s0: 1124168834 14412392    0    0    0     0          0        66 1124170516 14412412    0    0    0     0       0          0
1777803923.325859719   eth0:       0       0    0    0    0     0          0         0        0       0    0    0    0     0       0          0
1777803923.325859719  wlan0:   90672     835    0    0    0     0          0         2    97231     781    0    0    0     0       0          0
1777803923.325859719    br0:    4132      44    0    0    0     0          0        41      984      12    0    0    0     0       0          0
1777803924.344166593     lo:   26548     352    0    0    0     0          0         0    26548     352    0    0    0     0       0          0
1777803924.344166593 enP1p1s0: 1151202854 14758982    0    0    0     0          0        66 1151204068 14758996    0    0    0     0       0          0
1777803924.344166593   eth0:       0       0    0    0    0     0          0         0        0       0    0    0    0     0       0          0
1777803924.344166593  wlan0:   90672     835    0    0    0     0          0         2    97231     781    0    0    0     0       0          0
1777803924.344166593    br0:    4132      44    0    0    0     0          0        41      984      12    0    0    0     0       0          0
1777803925.359284096     lo:   26548     352    0    0    0     0          0         0    26548     352    0    0    0     0       0          0
1777803925.359284096 enP1p1s0: 1178067146 15103396    0    0    0     0          0        66 1178066020 15103380    0    0    0     0       0          0
1777803925.359284096   eth0:       0       0    0    0    0     0          0         0        0       0    0    0    0     0       0          0
1777803925.359284096  wlan0:   90672     835    0    0    0     0          0         2    97231     781    0    0    0     0       0          0
1777803925.359284096    br0:    4132      44    0    0    0     0          0        41      984      12    0    0    0     0       0          0
1777803926.371004745     lo:   26548     352    0    0    0     0          0         0    26548     352    0    0    0     0       0          0
1777803926.371004745 enP1p1s0: 1204782146 15445896    0    0    0     0          0        66 1204783828 15445916    0    0    0     0       0          0
1777803926.371004745   eth0:       0       0    0    0    0     0          0         0        0       0    0    0    0     0       0          0
1777803926.371004745  wlan0:   90672     835    0    0    0     0          0         2    97231     781    0    0    0     0       0          0
1777803926.371004745    br0:    4132      44    0    0    0     0          0        41      984      12    0    0    0     0       0          0
1777803927.381184126     lo:   26548     352    0    0    0     0          0         0    26548     352    0    0    0     0       0          0
1777803927.381184126 enP1p1s0: 1231556738 15789160    0    0    0     0          0        66 1231558654 15789183    0    0    0     0       0          0
1777803927.381184126   eth0:       0       0    0    0    0     0          0         0        0       0    0    0    0     0       0          0
1777803927.381184126  wlan0:   90672     835    0    0    0     0          0         2    97231     781    0    0    0     0       0          0
1777803927.381184126    br0:    4132      44    0    0    0     0          0        41      984      12    0    0    0     0       0          0
1777803928.394918880     lo:   26548     352    0    0    0     0          0         0    26548     352    0    0    0     0       0          0
1777803928.394918880 enP1p1s0: 1259006618 16141082    0    0    0     0          0        66 1259007364 16141090    0    0    0     0       0          0
1777803928.394918880   eth0:       0       0    0    0    0     0          0         0        0       0    0    0    0     0       0          0
1777803928.394918880  wlan0:   90672     835    0    0    0     0          0         2    97231     781    0    0    0     0       0          0
1777803928.394918880    br0:    4132      44    0    0    0     0          0        41      984      12    0    0    0     0       0          0
1777803929.410011235     lo:   26548     352    0    0    0     0          0         0    26548     352    0    0    0     0       0          0
1777803929.410011235 enP1p1s0: 1286538122 16494050    0    0    0     0          0        66 1286537308 16494038    0    0    0     0       0          0
1777803929.410011235   eth0:       0       0    0    0    0     0          0         0        0       0    0    0    0     0       0          0
1777803929.410011235  wlan0:   90672     835    0    0    0     0          0         2    97231     781    0    0    0     0       0          0
1777803929.410011235    br0:    4132      44    0    0    0     0          0        41      984      12    0    0    0     0       0          0
1777803930.423960991     lo:   26548     352    0    0    0     0          0         0    26548     352    0    0    0     0       0          0
1777803930.423960991 enP1p1s0: 1314023450 16846426    0    0    0     0          0        66 1314025132 16846446    0    0    0     0       0          0
1777803930.423960991   eth0:       0       0    0    0    0     0          0         0        0       0    0    0    0     0       0          0
1777803930.423960991  wlan0:   90672     835    0    0    0     0          0         2    97231     781    0    0    0     0       0          0
1777803930.423960991    br0:    4132      44    0    0    0     0          0        41      984      12    0    0    0     0       0          0
1777803931.434145538     lo:   26548     352    0    0    0     0          0         0    26548     352    0    0    0     0       0          0
1777803931.434145538 enP1p1s0: 1341435926 17197868    0    0    0     0          0        66 1341437140 17197882    0    0    0     0       0          0
1777803931.434145538   eth0:       0       0    0    0    0     0          0         0        0       0    0    0    0     0       0          0
1777803931.434145538  wlan0:   90672     835    0    0    0     0          0         2    97231     781    0    0    0     0       0          0
1777803931.434145538    br0:    4132      44    0    0    0     0          0        41      984      12    0    0    0     0       0          0
1777803932.447858792     lo:   26548     352    0    0    0     0          0         0    26548     352    0    0    0     0       0          0
1777803932.447858792 enP1p1s0: 1368931940 17550381    0    0    0     0          0        66 1368933076 17550394    0    0    0     0       0          0
1777803932.447858792   eth0:       0       0    0    0    0     0          0         0        0       0    0    0    0     0       0          0
1777803932.447858792  wlan0:   90672     835    0    0    0     0          0         2    97231     781    0    0    0     0       0          0
1777803932.447858792    br0:    4132      44    0    0    0     0          0        41      984      12    0    0    0     0       0          0
1777803933.461061432     lo:   26548     352    0    0    0     0          0         0    26548     352    0    0    0     0       0          0
1777803933.461061432 enP1p1s0: 1396520228 17904077    0    0    0     0          0        66 1396521364 17904090    0    0    0     0       0          0
1777803933.461061432   eth0:       0       0    0    0    0     0          0         0        0       0    0    0    0     0       0          0
1777803933.461061432  wlan0:   90672     835    0    0    0     0          0         2    97231     781    0    0    0     0       0          0
1777803933.461061432    br0:    4132      44    0    0    0     0          0        41      984      12    0    0    0     0       0          0
1777803934.478230559     lo:   26548     352    0    0    0     0          0         0    26548     352    0    0    0     0       0          0
1777803934.478230559 enP1p1s0: 1424136050 18258126    0    0    0     0          0        66 1424137732 18258146    0    0    0     0       0          0
1777803934.478230559   eth0:       0       0    0    0    0     0          0         0        0       0    0    0    0     0       0          0
1777803934.478230559  wlan0:   90672     835    0    0    0     0          0         2    97231     781    0    0    0     0       0          0
1777803934.478230559    br0:    4132      44    0    0    0     0          0        41      984      12    0    0    0     0       0          0
1777803935.496557285     lo:   26548     352    0    0    0     0          0         0    26548     352    0    0    0     0       0          0
1777803935.496557285 enP1p1s0: 1451724026 18611818    0    0    0     0          0        66 1451725708 18611838    0    0    0     0       0          0
1777803935.496557285   eth0:       0       0    0    0    0     0          0         0        0       0    0    0    0     0       0          0
1777803935.496557285  wlan0:   90672     835    0    0    0     0          0         2    97231     781    0    0    0     0       0          0
1777803935.496557285    br0:    4132      44    0    0    0     0          0        41      984      12    0    0    0     0       0          0
1777803936.511530602     lo:   26548     352    0    0    0     0          0         0    26548     352    0    0    0     0       0          0
1777803936.511530602 enP1p1s0: 1479201554 18964094    0    0    0     0          0        66 1479203236 18964114    0    0    0     0       0          0
1777803936.511530602   eth0:       0       0    0    0    0     0          0         0        0       0    0    0    0     0       0          0
1777803936.511530602  wlan0:   90672     835    0    0    0     0          0         2    97231     781    0    0    0     0       0          0
1777803936.511530602    br0:    4132      44    0    0    0     0          0        41      984      12    0    0    0     0       0          0
1777803937.521829113     lo:   26548     352    0    0    0     0          0         0    26548     352    0    0    0     0       0          0
1777803937.521829113 enP1p1s0: 1506637898 19315842    0    0    0     0          0        66 1506637240 19315832    0    0    0     0       0          0
1777803937.521829113   eth0:       0       0    0    0    0     0          0         0        0       0    0    0    0     0       0          0
1777803937.521829113  wlan0:   90672     835    0    0    0     0          0         2    97231     781    0    0    0     0       0          0
1777803937.521829113    br0:    4132      44    0    0    0     0          0        41      984      12    0    0    0     0       0          0
