Linux 6.17.0-1011-raspi (raspberrypi) 	05/03/26 	_aarch64_	(4 CPU)

13:24:28     CPU    %usr   %nice    %sys %iowait    %irq   %soft  %steal  %guest  %gnice   %idle
13:24:29     all    0.75    0.00    1.25    0.25    0.00    0.00    0.00    0.00    0.00   97.76
13:24:29       0    1.00    0.00    1.00    0.00    0.00    0.00    0.00    0.00    0.00   98.00
13:24:29       1    0.00    0.00    1.01    0.00    0.00    0.00    0.00    0.00    0.00   98.99
13:24:29       2    1.00    0.00    1.00    0.00    0.00    0.00    0.00    0.00    0.00   98.00
13:24:29       3    0.98    0.00    1.96    0.98    0.00    0.00    0.00    0.00    0.00   96.08

13:24:29     CPU    %usr   %nice    %sys %iowait    %irq   %soft  %steal  %guest  %gnice   %idle
13:24:30     all    0.74    0.00    1.49    0.00    0.00    0.00    0.00    0.00    0.00   97.77
13:24:30       0    0.99    0.00    1.98    0.00    0.00    0.00    0.00    0.00    0.00   97.03
13:24:30       1    0.98    0.00    1.96    0.00    0.00    0.00    0.00    0.00    0.00   97.06
13:24:30       2    1.00    0.00    1.00    0.00    0.00    0.00    0.00    0.00    0.00   98.00
13:24:30       3    0.00    0.00    1.00    0.00    0.00    0.00    0.00    0.00    0.00   99.00

13:24:30     CPU    %usr   %nice    %sys %iowait    %irq   %soft  %steal  %guest  %gnice   %idle
13:24:31     all    0.50    0.00    1.25    0.00    0.00    0.00    0.00    0.00    0.00   98.25
13:24:31       0    0.99    0.00    1.98    0.00    0.00    0.00    0.00    0.00    0.00   97.03
13:24:31       1    1.00    0.00    1.00    0.00    0.00    0.00    0.00    0.00    0.00   98.00
13:24:31       2    0.00    0.00    1.00    0.00    0.00    0.00    0.00    0.00    0.00   99.00
13:24:31       3    0.00    0.00    1.01    0.00    0.00    0.00    0.00    0.00    0.00   98.99

13:24:31     CPU    %usr   %nice    %sys %iowait    %irq   %soft  %steal  %guest  %gnice   %idle
13:24:32     all    0.25    0.00    1.01    0.00    0.00    0.00    0.00    0.00    0.00   98.74
13:24:32       0    0.00    0.00    1.02    0.00    0.00    0.00    0.00    0.00    0.00   98.98
13:24:32       1    0.00    0.00    1.01    0.00    0.00    0.00    0.00    0.00    0.00   98.99
13:24:32       2    0.00    0.00    1.01    0.00    0.00    0.00    0.00    0.00    0.00   98.99
13:24:32       3    0.99    0.00    0.99    0.00    0.00    0.00    0.00    0.00    0.00   98.02

13:24:32     CPU    %usr   %nice    %sys %iowait    %irq   %soft  %steal  %guest  %gnice   %idle
13:24:33     all    0.25    0.00    1.75    0.00    0.00    0.00    0.00    0.00    0.00   98.00
13:24:33       0    0.99    0.00    1.98    0.00    0.00    0.00    0.00    0.00    0.00   97.03
13:24:33       1    0.00    0.00    1.00    0.00    0.00    0.00    0.00    0.00    0.00   99.00
13:24:33       2    0.00    0.00    2.00    0.00    0.00    0.00    0.00    0.00    0.00   98.00
13:24:33       3    0.00    0.00    2.00    0.00    0.00    0.00    0.00    0.00    0.00   98.00

13:24:33     CPU    %usr   %nice    %sys %iowait    %irq   %soft  %steal  %guest  %gnice   %idle
13:24:34     all    0.50    0.00    0.75    0.00    0.00    0.00    0.00    0.00    0.00   98.74
13:24:34       0    0.00    0.00    1.01    0.00    0.00    0.00    0.00    0.00    0.00   98.99
13:24:34       1    0.00    0.00    1.01    0.00    0.00    0.00    0.00    0.00    0.00   98.99
13:24:34       2    1.00    0.00    0.00    0.00    0.00    0.00    0.00    0.00    0.00   99.00
13:24:34       3    1.00    0.00    1.00    0.00    0.00    0.00    0.00    0.00    0.00   98.00

13:24:34     CPU    %usr   %nice    %sys %iowait    %irq   %soft  %steal  %guest  %gnice   %idle
13:24:35     all    1.00    0.00    1.00    0.00    0.00    0.00    0.00    0.00    0.00   98.00
13:24:35       0    1.00    0.00    1.00    0.00    0.00    0.00    0.00    0.00    0.00   98.00
13:24:35       1    1.00    0.00    1.00    0.00    0.00    0.00    0.00    0.00    0.00   98.00
13:24:35       2    1.00    0.00    1.00    0.00    0.00    0.00    0.00    0.00    0.00   98.00
13:24:35       3    1.00    0.00    1.00    0.00    0.00    0.00    0.00    0.00    0.00   98.00

13:24:35     CPU    %usr   %nice    %sys %iowait    %irq   %soft  %steal  %guest  %gnice   %idle
13:24:36     all    0.50    0.00    1.25    0.00    0.00    0.00    0.00    0.00    0.00   98.25
13:24:36       0    0.99    0.00    0.99    0.00    0.00    0.00    0.00    0.00    0.00   98.02
13:24:36       1    0.00    0.00    1.00    0.00    0.00    0.00    0.00    0.00    0.00   99.00
13:24:36       2    0.00    0.00    2.00    0.00    0.00    0.00    0.00    0.00    0.00   98.00
13:24:36       3    1.00    0.00    1.00    0.00    0.00    0.00    0.00    0.00    0.00   98.00

13:24:36     CPU    %usr   %nice    %sys %iowait    %irq   %soft  %steal  %guest  %gnice   %idle
13:24:37     all    0.25    0.00    1.01    0.00    0.00    0.00    0.00    0.00    0.00   98.74
13:24:37       0    0.00    0.00    1.01    0.00    0.00    0.00    0.00    0.00    0.00   98.99
13:24:37       1    1.00    0.00    1.00    0.00    0.00    0.00    0.00    0.00    0.00   98.00
13:24:37       2    0.00    0.00    1.01    0.00    0.00    0.00    0.00    0.00    0.00   98.99
13:24:37       3    0.00    0.00    1.01    0.00    0.00    0.00    0.00    0.00    0.00   98.99

13:24:37     CPU    %usr   %nice    %sys %iowait    %irq   %soft  %steal  %guest  %gnice   %idle
13:24:38     all    0.75    0.00    1.25    0.00    0.00    0.00    0.00    0.00    0.00   98.00
13:24:38       0    1.00    0.00    1.00    0.00    0.00    0.00    0.00    0.00    0.00   98.00
13:24:38       1    0.00    0.00    2.00    0.00    0.00    0.00    0.00    0.00    0.00   98.00
13:24:38       2    1.00    0.00    1.00    0.00    0.00    0.00    0.00    0.00    0.00   98.00
13:24:38       3    0.99    0.00    0.99    0.00    0.00    0.00    0.00    0.00    0.00   98.02

13:24:38     CPU    %usr   %nice    %sys %iowait    %irq   %soft  %steal  %guest  %gnice   %idle
13:24:39     all    0.25    0.00    1.50    0.00    0.00    0.00    0.00    0.00    0.00   98.25
13:24:39       0    0.00    0.00    1.01    0.00    0.00    0.00    0.00    0.00    0.00   98.99
13:24:39       1    0.99    0.00    1.98    0.00    0.00    0.00    0.00    0.00    0.00   97.03
13:24:39       2    0.00    0.00    2.00    0.00    0.00    0.00    0.00    0.00    0.00   98.00
13:24:39       3    0.00    0.00    1.01    0.00    0.00    0.00    0.00    0.00    0.00   98.99

13:24:39     CPU    %usr   %nice    %sys %iowait    %irq   %soft  %steal  %guest  %gnice   %idle
13:24:40     all    0.50    0.00    1.00    0.00    0.00    0.00    0.00    0.00    0.00   98.50
13:24:40       0    0.99    0.00    0.99    0.00    0.00    0.00    0.00    0.00    0.00   98.02
13:24:40       1    0.00    0.00    1.01    0.00    0.00    0.00    0.00    0.00    0.00   98.99
13:24:40       2    0.00    0.00    1.00    0.00    0.00    0.00    0.00    0.00    0.00   99.00
13:24:40       3    1.00    0.00    1.00    0.00    0.00    0.00    0.00    0.00    0.00   98.00

13:24:40     CPU    %usr   %nice    %sys %iowait    %irq   %soft  %steal  %guest  %gnice   %idle
13:24:41     all    0.75    0.00    1.25    0.00    0.00    0.00    0.00    0.00    0.00   98.00
13:24:41       0    1.00    0.00    1.00    0.00    0.00    0.00    0.00    0.00    0.00   98.00
13:24:41       1    1.00    0.00    1.00    0.00    0.00    0.00    0.00    0.00    0.00   98.00
13:24:41       2    0.99    0.00    1.98    0.00    0.00    0.00    0.00    0.00    0.00   97.03
13:24:41       3    0.00    0.00    1.00    0.00    0.00    0.00    0.00    0.00    0.00   99.00

13:24:41     CPU    %usr   %nice    %sys %iowait    %irq   %soft  %steal  %guest  %gnice   %idle
13:24:42     all    0.56    0.00    1.40    0.00    0.00    1.40    0.00    0.00    0.00   96.65
13:24:42       0    0.00    0.00    3.39    0.00    0.00    8.47    0.00    0.00    0.00   88.14
13:24:42       1    0.00    0.00    1.01    0.00    0.00    0.00    0.00    0.00    0.00   98.99
13:24:42       2    1.00    0.00    1.00    0.00    0.00    0.00    0.00    0.00    0.00   98.00
13:24:42       3    1.00    0.00    1.00    0.00    0.00    0.00    0.00    0.00    0.00   98.00

13:24:42     CPU    %usr   %nice    %sys %iowait    %irq   %soft  %steal  %guest  %gnice   %idle
13:24:43     all    0.85    0.00    1.41    0.00    0.00    3.11    0.00    0.00    0.00   94.63
13:24:43       0    1.89    0.00    0.00    0.00    0.00   20.75    0.00    0.00    0.00   77.36
13:24:43       1    0.99    0.00    1.98    0.00    0.00    0.00    0.00    0.00    0.00   97.03
13:24:43       2    1.00    0.00    1.00    0.00    0.00    0.00    0.00    0.00    0.00   98.00
13:24:43       3    0.00    0.00    2.00    0.00    0.00    0.00    0.00    0.00    0.00   98.00

13:24:43     CPU    %usr   %nice    %sys %iowait    %irq   %soft  %steal  %guest  %gnice   %idle
13:24:44     all    0.57    0.00    1.15    0.00    0.00    2.58    0.00    0.00    0.00   95.70
13:24:44       0    0.00    0.00    2.00    0.00    0.00   18.00    0.00    0.00    0.00   80.00
13:24:44       1    0.00    0.00    1.00    0.00    0.00    0.00    0.00    0.00    0.00   99.00
13:24:44       2    1.01    0.00    1.01    0.00    0.00    0.00    0.00    0.00    0.00   97.98
13:24:44       3    1.00    0.00    1.00    0.00    0.00    0.00    0.00    0.00    0.00   98.00

13:24:44     CPU    %usr   %nice    %sys %iowait    %irq   %soft  %steal  %guest  %gnice   %idle
13:24:45     all    0.86    0.00    1.14    0.00    0.00    2.29    0.00    0.00    0.00   95.71
13:24:45       0    1.96    0.00    1.96    0.00    0.00   15.69    0.00    0.00    0.00   80.39
13:24:45       1    1.00    0.00    1.00    0.00    0.00    0.00    0.00    0.00    0.00   98.00
13:24:45       2    1.00    0.00    1.00    0.00    0.00    0.00    0.00    0.00    0.00   98.00
13:24:45       3    0.00    0.00    1.01    0.00    0.00    0.00    0.00    0.00    0.00   98.99

13:24:45     CPU    %usr   %nice    %sys %iowait    %irq   %soft  %steal  %guest  %gnice   %idle
13:24:46     all    0.57    0.00    1.71    0.00    0.00    2.00    0.00    0.00    0.00   95.71
13:24:46       0    0.00    0.00    4.00    0.00    0.00   14.00    0.00    0.00    0.00   82.00
13:24:46       1    0.99    0.00    1.98    0.00    0.00    0.00    0.00    0.00    0.00   97.03
13:24:46       2    1.00    0.00    1.00    0.00    0.00    0.00    0.00    0.00    0.00   98.00
13:24:46       3    0.00    0.00    1.01    0.00    0.00    0.00    0.00    0.00    0.00   98.99

13:24:46     CPU    %usr   %nice    %sys %iowait    %irq   %soft  %steal  %guest  %gnice   %idle
13:24:47     all    0.57    0.00    1.14    0.00    0.00    3.41    0.00    0.00    0.00   94.89
13:24:47       0    1.85    0.00    1.85    0.00    0.00   22.22    0.00    0.00    0.00   74.07
13:24:47       1    0.00    0.00    1.01    0.00    0.00    0.00    0.00    0.00    0.00   98.99
13:24:47       2    0.00    0.00    1.01    0.00    0.00    0.00    0.00    0.00    0.00   98.99
13:24:47       3    1.00    0.00    1.00    0.00    0.00    0.00    0.00    0.00    0.00   98.00

13:24:47     CPU    %usr   %nice    %sys %iowait    %irq   %soft  %steal  %guest  %gnice   %idle
13:24:48     all    0.85    0.00    1.71    0.00    0.00    1.71    0.00    0.00    0.00   95.73
13:24:48       0    0.00    0.00    2.08    0.00    0.00   12.50    0.00    0.00    0.00   85.42
13:24:48       1    0.99    0.00    1.98    0.00    0.00    0.00    0.00    0.00    0.00   97.03
13:24:48       2    0.99    0.00    1.98    0.00    0.00    0.00    0.00    0.00    0.00   97.03
13:24:48       3    0.99    0.00    0.99    0.00    0.00    0.00    0.00    0.00    0.00   98.02

13:24:48     CPU    %usr   %nice    %sys %iowait    %irq   %soft  %steal  %guest  %gnice   %idle
13:24:49     all    0.29    0.00    1.43    0.00    0.00    2.57    0.00    0.00    0.00   95.71
13:24:49       0    1.89    0.00    1.89    0.00    0.00   16.98    0.00    0.00    0.00   79.25
13:24:49       1    0.00    0.00    1.01    0.00    0.00    0.00    0.00    0.00    0.00   98.99
13:24:49       2    0.00    0.00    1.01    0.00    0.00    0.00    0.00    0.00    0.00   98.99
13:24:49       3    0.00    0.00    2.02    0.00    0.00    0.00    0.00    0.00    0.00   97.98

13:24:49     CPU    %usr   %nice    %sys %iowait    %irq   %soft  %steal  %guest  %gnice   %idle
13:24:50     all    0.84    0.00    1.68    0.28    0.00    3.63    0.00    0.00    0.00   93.58
13:24:50       0    0.00    0.00    1.82    0.00    0.00   23.64    0.00    0.00    0.00   74.55
13:24:50       1    0.99    0.00    1.98    0.00    0.00    0.00    0.00    0.00    0.00   97.03
13:24:50       2    0.99    0.00    1.98    0.00    0.00    0.00    0.00    0.00    0.00   97.03
13:24:50       3    0.99    0.00    0.99    0.99    0.00    0.00    0.00    0.00    0.00   97.03

13:24:50     CPU    %usr   %nice    %sys %iowait    %irq   %soft  %steal  %guest  %gnice   %idle
13:24:51     all    0.57    0.00    1.44    0.00    0.00    2.30    0.00    0.00    0.00   95.69
13:24:51       0    0.00    0.00    4.00    0.00    0.00   16.00    0.00    0.00    0.00   80.00
13:24:51       1    0.00    0.00    1.01    0.00    0.00    0.00    0.00    0.00    0.00   98.99
13:24:51       2    1.01    0.00    1.01    0.00    0.00    0.00    0.00    0.00    0.00   97.98
13:24:51       3    1.00    0.00    1.00    0.00    0.00    0.00    0.00    0.00    0.00   98.00

13:24:51     CPU    %usr   %nice    %sys %iowait    %irq   %soft  %steal  %guest  %gnice   %idle
13:24:52     all    0.57    0.00    1.13    0.00    0.00    3.40    0.00    0.00    0.00   94.90
13:24:52       0    0.00    0.00    0.00    0.00    0.00   22.64    0.00    0.00    0.00   77.36
13:24:52       1    1.00    0.00    1.00    0.00    0.00    0.00    0.00    0.00    0.00   98.00
13:24:52       2    1.00    0.00    1.00    0.00    0.00    0.00    0.00    0.00    0.00   98.00
13:24:52       3    0.00    0.00    2.00    0.00    0.00    0.00    0.00    0.00    0.00   98.00

13:24:52     CPU    %usr   %nice    %sys %iowait    %irq   %soft  %steal  %guest  %gnice   %idle
13:24:53     all    0.57    0.00    1.70    0.00    0.00    2.55    0.00    0.00    0.00   95.18
13:24:53       0    1.89    0.00    3.77    0.00    0.00   16.98    0.00    0.00    0.00   77.36
13:24:53       1    0.00    0.00    1.01    0.00    0.00    0.00    0.00    0.00    0.00   98.99
13:24:53       2    0.00    0.00    2.00    0.00    0.00    0.00    0.00    0.00    0.00   98.00
13:24:53       3    0.99    0.00    0.99    0.00    0.00    0.00    0.00    0.00    0.00   98.02

13:24:53     CPU    %usr   %nice    %sys %iowait    %irq   %soft  %steal  %guest  %gnice   %idle
13:24:54     all    0.57    0.00    1.43    0.00    0.00    2.29    0.00    0.00    0.00   95.70
13:24:54       0    0.00    0.00    2.04    0.00    0.00   16.33    0.00    0.00    0.00   81.63
13:24:54       1    0.99    0.00    1.98    0.00    0.00    0.00    0.00    0.00    0.00   97.03
13:24:54       2    1.00    0.00    1.00    0.00    0.00    0.00    0.00    0.00    0.00   98.00
13:24:54       3    0.00    0.00    1.01    0.00    0.00    0.00    0.00    0.00    0.00   98.99

13:24:54     CPU    %usr   %nice    %sys %iowait    %irq   %soft  %steal  %guest  %gnice   %idle
13:24:55     all    0.28    0.00    1.42    0.00    0.00    2.84    0.00    0.00    0.00   95.45
13:24:55       0    0.00    0.00    0.00    0.00    0.00   19.61    0.00    0.00    0.00   80.39
13:24:55       1    1.00    0.00    1.00    0.00    0.00    0.00    0.00    0.00    0.00   98.00
13:24:55       2    0.00    0.00    2.00    0.00    0.00    0.00    0.00    0.00    0.00   98.00
13:24:55       3    0.00    0.00    1.98    0.00    0.00    0.00    0.00    0.00    0.00   98.02

13:24:55     CPU    %usr   %nice    %sys %iowait    %irq   %soft  %steal  %guest  %gnice   %idle
13:24:56     all    0.85    0.00    1.42    0.00    0.00    2.85    0.00    0.00    0.00   94.87
13:24:56       0    1.89    0.00    1.89    0.00    0.00   18.87    0.00    0.00    0.00   77.36
13:24:56       1    1.00    0.00    2.00    0.00    0.00    0.00    0.00    0.00    0.00   97.00
13:24:56       2    1.01    0.00    1.01    0.00    0.00    0.00    0.00    0.00    0.00   97.98
13:24:56       3    0.00    0.00    1.01    0.00    0.00    0.00    0.00    0.00    0.00   98.99

13:24:56     CPU    %usr   %nice    %sys %iowait    %irq   %soft  %steal  %guest  %gnice   %idle
13:24:57     all    0.28    0.00    1.42    0.00    0.00    2.56    0.00    0.00    0.00   95.74
13:24:57       0    0.00    0.00    1.96    0.00    0.00   17.65    0.00    0.00    0.00   80.39
13:24:57       1    0.00    0.00    1.01    0.00    0.00    0.00    0.00    0.00    0.00   98.99
13:24:57       2    0.98    0.00    1.96    0.00    0.00    0.00    0.00    0.00    0.00   97.06
13:24:57       3    0.00    0.00    1.00    0.00    0.00    0.00    0.00    0.00    0.00   99.00

13:24:57     CPU    %usr   %nice    %sys %iowait    %irq   %soft  %steal  %guest  %gnice   %idle
13:24:58     all    0.57    0.00    0.57    0.00    0.00    2.56    0.00    0.00    0.00   96.31
13:24:58       0    0.00    0.00    1.92    0.00    0.00   17.31    0.00    0.00    0.00   80.77
13:24:58       1    0.99    0.00    0.99    0.00    0.00    0.00    0.00    0.00    0.00   98.02
13:24:58       2    0.00    0.00    0.00    0.00    0.00    0.00    0.00    0.00    0.00  100.00
13:24:58       3    1.00    0.00    0.00    0.00    0.00    0.00    0.00    0.00    0.00   99.00

13:24:58     CPU    %usr   %nice    %sys %iowait    %irq   %soft  %steal  %guest  %gnice   %idle
13:24:59     all    0.56    0.00    1.13    0.00    0.00    3.39    0.00    0.00    0.00   94.92
13:24:59       0    1.82    0.00    1.82    0.00    0.00   21.82    0.00    0.00    0.00   74.55
13:24:59       1    0.00    0.00    1.00    0.00    0.00    0.00    0.00    0.00    0.00   99.00
13:24:59       2    1.00    0.00    1.00    0.00    0.00    0.00    0.00    0.00    0.00   98.00
13:24:59       3    0.00    0.00    1.01    0.00    0.00    0.00    0.00    0.00    0.00   98.99

13:24:59     CPU    %usr   %nice    %sys %iowait    %irq   %soft  %steal  %guest  %gnice   %idle
13:25:00     all    0.57    0.00    1.70    0.00    0.00    2.83    0.00    0.00    0.00   94.90
13:25:00       0    0.00    0.00    1.92    0.00    0.00   19.23    0.00    0.00    0.00   78.85
13:25:00       1    0.00    0.00    1.01    0.00    0.00    0.00    0.00    0.00    0.00   98.99
13:25:00       2    0.99    0.00    1.98    0.00    0.00    0.00    0.00    0.00    0.00   97.03
13:25:00       3    0.99    0.00    1.98    0.00    0.00    0.00    0.00    0.00    0.00   97.03

13:25:00     CPU    %usr   %nice    %sys %iowait    %irq   %soft  %steal  %guest  %gnice   %idle
13:25:01     all    0.85    0.00    1.13    0.57    0.00    3.12    0.00    0.00    0.00   94.33
13:25:01       0    1.85    0.00    0.00    1.85    0.00   20.37    0.00    0.00    0.00   75.93
13:25:01       1    1.00    0.00    2.00    0.00    0.00    0.00    0.00    0.00    0.00   97.00
13:25:01       2    0.00    0.00    1.01    1.01    0.00    0.00    0.00    0.00    0.00   97.98
13:25:01       3    1.00    0.00    1.00    0.00    0.00    0.00    0.00    0.00    0.00   98.00

13:25:01     CPU    %usr   %nice    %sys %iowait    %irq   %soft  %steal  %guest  %gnice   %idle
13:25:02     all    0.85    0.00    1.41    0.00    0.00    3.10    0.00    0.00    0.00   94.65
13:25:02       0    0.00    0.00    1.89    0.00    0.00   20.75    0.00    0.00    0.00   77.36
13:25:02       1    0.99    0.00    0.99    0.00    0.00    0.00    0.00    0.00    0.00   98.02
13:25:02       2    0.99    0.00    1.98    0.00    0.00    0.00    0.00    0.00    0.00   97.03
13:25:02       3    1.00    0.00    1.00    0.00    0.00    0.00    0.00    0.00    0.00   98.00

13:25:02     CPU    %usr   %nice    %sys %iowait    %irq   %soft  %steal  %guest  %gnice   %idle
13:25:03     all    0.57    0.00    1.15    0.00    0.00    2.58    0.00    0.00    0.00   95.70
13:25:03       0    1.92    0.00    1.92    0.00    0.00   17.31    0.00    0.00    0.00   78.85
13:25:03       1    1.01    0.00    1.01    0.00    0.00    0.00    0.00    0.00    0.00   97.98
13:25:03       2    0.00    0.00    1.01    0.00    0.00    0.00    0.00    0.00    0.00   98.99
13:25:03       3    0.00    0.00    1.01    0.00    0.00    0.00    0.00    0.00    0.00   98.99

13:25:03     CPU    %usr   %nice    %sys %iowait    %irq   %soft  %steal  %guest  %gnice   %idle
13:25:04     all    0.28    0.00    1.69    0.00    0.00    3.66    0.00    0.00    0.00   94.37
13:25:04       0    0.00    0.00    3.64    0.00    0.00   23.64    0.00    0.00    0.00   72.73
13:25:04       1    0.00    0.00    1.00    0.00    0.00    0.00    0.00    0.00    0.00   99.00
13:25:04       2    0.00    0.00    2.00    0.00    0.00    0.00    0.00    0.00    0.00   98.00
13:25:04       3    1.00    0.00    1.00    0.00    0.00    0.00    0.00    0.00    0.00   98.00

13:25:04     CPU    %usr   %nice    %sys %iowait    %irq   %soft  %steal  %guest  %gnice   %idle
13:25:05     all    0.85    0.00    1.41    0.00    0.00    3.10    0.00    0.00    0.00   94.65
13:25:05       0    1.85    0.00    1.85    0.00    0.00   20.37    0.00    0.00    0.00   75.93
13:25:05       1    1.00    0.00    1.00    0.00    0.00    0.00    0.00    0.00    0.00   98.00
13:25:05       2    0.99    0.00    1.98    0.00    0.00    0.00    0.00    0.00    0.00   97.03
13:25:05       3    0.00    0.00    1.00    0.00    0.00    0.00    0.00    0.00    0.00   99.00

13:25:05     CPU    %usr   %nice    %sys %iowait    %irq   %soft  %steal  %guest  %gnice   %idle
13:25:06     all    0.57    0.00    1.42    0.00    0.00    2.56    0.00    0.00    0.00   95.44
13:25:06       0    1.92    0.00    1.92    0.00    0.00   17.31    0.00    0.00    0.00   78.85
13:25:06       1    0.00    0.00    1.01    0.00    0.00    0.00    0.00    0.00    0.00   98.99
13:25:06       2    1.00    0.00    1.00    0.00    0.00    0.00    0.00    0.00    0.00   98.00
13:25:06       3    0.00    0.00    2.00    0.00    0.00    0.00    0.00    0.00    0.00   98.00

13:25:06     CPU    %usr   %nice    %sys %iowait    %irq   %soft  %steal  %guest  %gnice   %idle
13:25:07     all    4.82    0.00    2.27    0.28    0.00    3.68    0.00    0.00    0.00   88.95
13:25:07       0    0.00    0.00    1.85    0.00    0.00   24.07    0.00    0.00    0.00   74.07
13:25:07       1   15.00    0.00    5.00    1.00    0.00    0.00    0.00    0.00    0.00   79.00
13:25:07       2    1.01    0.00    1.01    0.00    0.00    0.00    0.00    0.00    0.00   97.98
13:25:07       3    1.00    0.00    1.00    0.00    0.00    0.00    0.00    0.00    0.00   98.00

13:25:07     CPU    %usr   %nice    %sys %iowait    %irq   %soft  %steal  %guest  %gnice   %idle
13:25:08     all    0.86    0.00    1.72    0.00    0.00    2.01    0.00    0.00    0.00   95.42
13:25:08       0    2.00    0.00    2.00    0.00    0.00   14.00    0.00    0.00    0.00   82.00
13:25:08       1    0.99    0.00    1.98    0.00    0.00    0.00    0.00    0.00    0.00   97.03
13:25:08       2    1.00    0.00    2.00    0.00    0.00    0.00    0.00    0.00    0.00   97.00
13:25:08       3    0.00    0.00    1.02    0.00    0.00    0.00    0.00    0.00    0.00   98.98

13:25:08     CPU    %usr   %nice    %sys %iowait    %irq   %soft  %steal  %guest  %gnice   %idle
13:25:09     all    0.29    0.00    1.43    0.00    0.00    2.01    0.00    0.00    0.00   96.28
13:25:09       0    0.00    0.00    0.00    0.00    0.00   14.29    0.00    0.00    0.00   85.71
13:25:09       1    0.00    0.00    2.02    0.00    0.00    0.00    0.00    0.00    0.00   97.98
13:25:09       2    0.00    0.00    1.01    0.00    0.00    0.00    0.00    0.00    0.00   98.99
13:25:09       3    0.98    0.00    1.96    0.00    0.00    0.00    0.00    0.00    0.00   97.06

13:25:09     CPU    %usr   %nice    %sys %iowait    %irq   %soft  %steal  %guest  %gnice   %idle
13:25:10     all    0.86    0.00    1.15    0.00    0.00    2.29    0.00    0.00    0.00   95.70
13:25:10       0    0.00    0.00    2.00    0.00    0.00   16.00    0.00    0.00    0.00   82.00
13:25:10       1    1.00    0.00    1.00    0.00    0.00    0.00    0.00    0.00    0.00   98.00
13:25:10       2    1.00    0.00    1.00    0.00    0.00    0.00    0.00    0.00    0.00   98.00
13:25:10       3    1.01    0.00    1.01    0.00    0.00    0.00    0.00    0.00    0.00   97.98

13:25:10     CPU    %usr   %nice    %sys %iowait    %irq   %soft  %steal  %guest  %gnice   %idle
13:25:11     all    0.57    0.00    1.99    0.00    0.00    2.27    0.00    0.00    0.00   95.17
13:25:11       0    1.92    0.00    1.92    0.00    0.00   15.38    0.00    0.00    0.00   80.77
13:25:11       1    0.00    0.00    2.02    0.00    0.00    0.00    0.00    0.00    0.00   97.98
13:25:11       2    0.00    0.00    2.00    0.00    0.00    0.00    0.00    0.00    0.00   98.00
13:25:11       3    0.99    0.00    1.98    0.00    0.00    0.00    0.00    0.00    0.00   97.03

13:25:11     CPU    %usr   %nice    %sys %iowait    %irq   %soft  %steal  %guest  %gnice   %idle
13:25:12     all    0.57    0.00    0.86    0.00    0.00    2.58    0.00    0.00    0.00   95.99
13:25:12       0    0.00    0.00    1.96    0.00    0.00   17.65    0.00    0.00    0.00   80.39
13:25:12       1    1.00    0.00    1.00    0.00    0.00    0.00    0.00    0.00    0.00   98.00
13:25:12       2    1.00    0.00    1.00    0.00    0.00    0.00    0.00    0.00    0.00   98.00
13:25:12       3    0.00    0.00    0.00    0.00    0.00    0.00    0.00    0.00    0.00  100.00

13:25:12     CPU    %usr   %nice    %sys %iowait    %irq   %soft  %steal  %guest  %gnice   %idle
13:25:13     all    0.85    0.00    1.14    0.00    0.00    2.28    0.00    0.00    0.00   95.73
13:25:13       0    0.00    0.00    2.00    0.00    0.00   16.00    0.00    0.00    0.00   82.00
13:25:13       1    1.00    0.00    1.00    0.00    0.00    0.00    0.00    0.00    0.00   98.00
13:25:13       2    1.00    0.00    1.00    0.00    0.00    0.00    0.00    0.00    0.00   98.00
13:25:13       3    0.99    0.00    0.99    0.00    0.00    0.00    0.00    0.00    0.00   98.02

13:25:13     CPU    %usr   %nice    %sys %iowait    %irq   %soft  %steal  %guest  %gnice   %idle
13:25:14     all    0.29    0.00    1.44    0.00    0.00    2.01    0.00    0.00    0.00   96.26
13:25:14       0    0.00    0.00    0.00    0.00    0.00   14.58    0.00    0.00    0.00   85.42
13:25:14       1    0.99    0.00    1.98    0.00    0.00    0.00    0.00    0.00    0.00   97.03
13:25:14       2    0.00    0.00    1.01    0.00    0.00    0.00    0.00    0.00    0.00   98.99
13:25:14       3    0.00    0.00    2.00    0.00    0.00    0.00    0.00    0.00    0.00   98.00

13:25:14     CPU    %usr   %nice    %sys %iowait    %irq   %soft  %steal  %guest  %gnice   %idle
13:25:15     all    0.85    0.00    1.42    0.00    0.00    2.56    0.00    0.00    0.00   95.16
13:25:15       0    1.89    0.00    3.77    0.00    0.00   16.98    0.00    0.00    0.00   77.36
13:25:15       1    0.00    0.00    1.01    0.00    0.00    0.00    0.00    0.00    0.00   98.99
13:25:15       2    1.00    0.00    1.00    0.00    0.00    0.00    0.00    0.00    0.00   98.00
13:25:15       3    1.01    0.00    1.01    0.00    0.00    0.00    0.00    0.00    0.00   97.98

13:25:15     CPU    %usr   %nice    %sys %iowait    %irq   %soft  %steal  %guest  %gnice   %idle
13:25:16     all    0.57    0.00    1.14    0.00    0.00    2.29    0.00    0.00    0.00   96.00
13:25:16       0    0.00    0.00    2.00    0.00    0.00   16.00    0.00    0.00    0.00   82.00
13:25:16       1    1.00    0.00    1.00    0.00    0.00    0.00    0.00    0.00    0.00   98.00
13:25:16       2    1.00    0.00    1.00    0.00    0.00    0.00    0.00    0.00    0.00   98.00
13:25:16       3    0.00    0.00    1.00    0.00    0.00    0.00    0.00    0.00    0.00   99.00

13:25:16     CPU    %usr   %nice    %sys %iowait    %irq   %soft  %steal  %guest  %gnice   %idle
13:25:17     all    0.57    0.00    1.42    0.00    0.00    2.56    0.00    0.00    0.00   95.45
13:25:17       0    0.00    0.00    1.92    0.00    0.00   17.31    0.00    0.00    0.00   80.77
13:25:17       1    0.99    0.00    1.98    0.00    0.00    0.00    0.00    0.00    0.00   97.03
13:25:17       2    0.00    0.00    1.01    0.00    0.00    0.00    0.00    0.00    0.00   98.99
13:25:17       3    1.00    0.00    1.00    0.00    0.00    0.00    0.00    0.00    0.00   98.00

13:25:17     CPU    %usr   %nice    %sys %iowait    %irq   %soft  %steal  %guest  %gnice   %idle
13:25:18     all    0.57    0.00    1.71    0.00    0.00    2.00    0.00    0.00    0.00   95.71
13:25:18       0    0.00    0.00    2.04    0.00    0.00   14.29    0.00    0.00    0.00   83.67
13:25:18       1    0.00    0.00    1.01    0.00    0.00    0.00    0.00    0.00    0.00   98.99
13:25:18       2    0.99    0.00    1.98    0.00    0.00    0.00    0.00    0.00    0.00   97.03
13:25:18       3    0.99    0.00    1.98    0.00    0.00    0.00    0.00    0.00    0.00   97.03

13:25:18     CPU    %usr   %nice    %sys %iowait    %irq   %soft  %steal  %guest  %gnice   %idle
13:25:19     all    0.28    0.00    1.70    0.00    0.00    2.56    0.00    0.00    0.00   95.45
13:25:19       0    0.00    0.00    1.92    0.00    0.00   17.31    0.00    0.00    0.00   80.77
13:25:19       1    0.99    0.00    1.98    0.00    0.00    0.00    0.00    0.00    0.00   97.03
13:25:19       2    0.00    0.00    1.01    0.00    0.00    0.00    0.00    0.00    0.00   98.99
13:25:19       3    0.00    0.00    2.00    0.00    0.00    0.00    0.00    0.00    0.00   98.00

13:25:19     CPU    %usr   %nice    %sys %iowait    %irq   %soft  %steal  %guest  %gnice   %idle
13:25:20     all    0.85    0.00    0.85    0.00    0.00    3.13    0.00    0.00    0.00   95.16
13:25:20       0    0.00    0.00    0.00    0.00    0.00   21.15    0.00    0.00    0.00   78.85
13:25:20       1    1.00    0.00    1.00    0.00    0.00    0.00    0.00    0.00    0.00   98.00
13:25:20       2    1.01    0.00    1.01    0.00    0.00    0.00    0.00    0.00    0.00   97.98
13:25:20       3    1.00    0.00    1.00    0.00    0.00    0.00    0.00    0.00    0.00   98.00

13:25:20     CPU    %usr   %nice    %sys %iowait    %irq   %soft  %steal  %guest  %gnice   %idle
13:25:21     all    0.85    0.00    1.42    0.00    0.00    2.27    0.00    0.00    0.00   95.45
13:25:21       0    1.92    0.00    1.92    0.00    0.00   15.38    0.00    0.00    0.00   80.77
13:25:21       1    1.00    0.00    1.00    0.00    0.00    0.00    0.00    0.00    0.00   98.00
13:25:21       2    0.99    0.00    1.98    0.00    0.00    0.00    0.00    0.00    0.00   97.03
13:25:21       3    0.00    0.00    1.01    0.00    0.00    0.00    0.00    0.00    0.00   98.99

13:25:21     CPU    %usr   %nice    %sys %iowait    %irq   %soft  %steal  %guest  %gnice   %idle
13:25:22     all    0.86    0.00    0.86    0.00    0.00    2.86    0.00    0.00    0.00   95.43
13:25:22       0    0.00    0.00    0.00    0.00    0.00   19.61    0.00    0.00    0.00   80.39
13:25:22       1    1.00    0.00    1.00    0.00    0.00    0.00    0.00    0.00    0.00   98.00
13:25:22       2    1.01    0.00    1.01    0.00    0.00    0.00    0.00    0.00    0.00   97.98
13:25:22       3    1.00    0.00    1.00    0.00    0.00    0.00    0.00    0.00    0.00   98.00

13:25:22     CPU    %usr   %nice    %sys %iowait    %irq   %soft  %steal  %guest  %gnice   %idle
13:25:23     all    0.28    0.00    0.85    0.00    0.00    2.82    0.00    0.00    0.00   96.06
13:25:23       0    1.82    0.00    1.82    0.00    0.00   18.18    0.00    0.00    0.00   78.18
13:25:23       1    0.00    0.00    0.00    0.00    0.00    0.00    0.00    0.00    0.00  100.00
13:25:23       2    0.00    0.00    0.99    0.00    0.00    0.00    0.00    0.00    0.00   99.01
13:25:23       3    0.00    0.00    1.00    0.00    0.00    0.00    0.00    0.00    0.00   99.00

13:25:23     CPU    %usr   %nice    %sys %iowait    %irq   %soft  %steal  %guest  %gnice   %idle
13:25:24     all    0.28    0.00    1.42    0.00    0.00    2.55    0.00    0.00    0.00   95.75
13:25:24       0    0.00    0.00    1.89    0.00    0.00   16.98    0.00    0.00    0.00   81.13
13:25:24       1    0.00    0.00    2.00    0.00    0.00    0.00    0.00    0.00    0.00   98.00
13:25:24       2    0.00    0.00    1.01    0.00    0.00    0.00    0.00    0.00    0.00   98.99
13:25:24       3    0.99    0.00    0.99    0.00    0.00    0.00    0.00    0.00    0.00   98.02

13:25:24     CPU    %usr   %nice    %sys %iowait    %irq   %soft  %steal  %guest  %gnice   %idle
13:25:25     all    0.85    0.00    1.13    0.00    0.00    3.11    0.00    0.00    0.00   94.92
13:25:25       0    0.00    0.00    0.00    0.00    0.00   20.37    0.00    0.00    0.00   79.63
13:25:25       1    1.00    0.00    1.00    0.00    0.00    0.00    0.00    0.00    0.00   98.00
13:25:25       2    1.00    0.00    1.00    0.00    0.00    0.00    0.00    0.00    0.00   98.00
13:25:25       3    1.00    0.00    2.00    0.00    0.00    0.00    0.00    0.00    0.00   97.00

13:25:25     CPU    %usr   %nice    %sys %iowait    %irq   %soft  %steal  %guest  %gnice   %idle
13:25:26     all    0.85    0.00    1.42    0.00    0.00    2.55    0.00    0.00    0.00   95.18
13:25:26       0    1.89    0.00    1.89    0.00    0.00   16.98    0.00    0.00    0.00   79.25
13:25:26       1    1.00    0.00    1.00    0.00    0.00    0.00    0.00    0.00    0.00   98.00
13:25:26       2    0.99    0.00    1.98    0.00    0.00    0.00    0.00    0.00    0.00   97.03
13:25:26       3    0.00    0.00    1.01    0.00    0.00    0.00    0.00    0.00    0.00   98.99

13:25:26     CPU    %usr   %nice    %sys %iowait    %irq   %soft  %steal  %guest  %gnice   %idle
13:25:27     all    0.57    0.00    1.14    0.00    0.00    1.99    0.00    0.00    0.00   96.30
13:25:27       0    1.92    0.00    3.85    0.00    0.00   13.46    0.00    0.00    0.00   80.77
13:25:27       1    0.00    0.00    1.00    0.00    0.00    0.00    0.00    0.00    0.00   99.00
13:25:27       2    0.00    0.00    0.00    0.00    0.00    0.00    0.00    0.00    0.00  100.00
13:25:27       3    1.00    0.00    1.00    0.00    0.00    0.00    0.00    0.00    0.00   98.00

13:25:27     CPU    %usr   %nice    %sys %iowait    %irq   %soft  %steal  %guest  %gnice   %idle
13:25:28     all    0.86    0.00    1.43    0.00    0.00    2.29    0.00    0.00    0.00   95.43
13:25:28       0    0.00    0.00    2.00    0.00    0.00   16.00    0.00    0.00    0.00   82.00
13:25:28       1    1.00    0.00    1.00    0.00    0.00    0.00    0.00    0.00    0.00   98.00
13:25:28       2    1.00    0.00    2.00    0.00    0.00    0.00    0.00    0.00    0.00   97.00
13:25:28       3    1.00    0.00    1.00    0.00    0.00    0.00    0.00    0.00    0.00   98.00

13:25:28     CPU    %usr   %nice    %sys %iowait    %irq   %soft  %steal  %guest  %gnice   %idle
13:25:29     all    0.86    0.00    1.14    0.00    0.00    2.57    0.00    0.00    0.00   95.43
13:25:29       0    1.96    0.00    1.96    0.00    0.00   17.65    0.00    0.00    0.00   78.43
13:25:29       1    1.00    0.00    1.00    0.00    0.00    0.00    0.00    0.00    0.00   98.00
13:25:29       2    0.00    0.00    1.01    0.00    0.00    0.00    0.00    0.00    0.00   98.99
13:25:29       3    1.00    0.00    1.00    0.00    0.00    0.00    0.00    0.00    0.00   98.00

13:25:29     CPU    %usr   %nice    %sys %iowait    %irq   %soft  %steal  %guest  %gnice   %idle
13:25:30     all    0.00    0.00    2.26    0.00    0.00    2.82    0.00    0.00    0.00   94.92
13:25:30       0    0.00    0.00    3.70    0.00    0.00   18.52    0.00    0.00    0.00   77.78
13:25:30       1    0.00    0.00    2.00    0.00    0.00    0.00    0.00    0.00    0.00   98.00
13:25:30       2    0.00    0.00    2.00    0.00    0.00    0.00    0.00    0.00    0.00   98.00
13:25:30       3    0.00    0.00    2.00    0.00    0.00    0.00    0.00    0.00    0.00   98.00

13:25:30     CPU    %usr   %nice    %sys %iowait    %irq   %soft  %steal  %guest  %gnice   %idle
13:25:31     all    0.57    0.00    0.86    0.00    0.00    2.58    0.00    0.00    0.00   95.99
13:25:31       0    0.00    0.00    0.00    0.00    0.00   18.00    0.00    0.00    0.00   82.00
13:25:31       1    0.00    0.00    1.01    0.00    0.00    0.00    0.00    0.00    0.00   98.99
13:25:31       2    1.00    0.00    1.00    0.00    0.00    0.00    0.00    0.00    0.00   98.00
13:25:31       3    1.00    0.00    1.00    0.00    0.00    0.00    0.00    0.00    0.00   98.00

13:25:31     CPU    %usr   %nice    %sys %iowait    %irq   %soft  %steal  %guest  %gnice   %idle
13:25:32     all    0.84    0.00    1.69    0.00    0.00    3.37    0.00    0.00    0.00   94.10
13:25:32       0    1.82    0.00    1.82    0.00    0.00   21.82    0.00    0.00    0.00   74.55
13:25:32       1    0.99    0.00    1.98    0.00    0.00    0.00    0.00    0.00    0.00   97.03
13:25:32       2    0.00    0.00    2.00    0.00    0.00    0.00    0.00    0.00    0.00   98.00
13:25:32       3    1.00    0.00    1.00    0.00    0.00    0.00    0.00    0.00    0.00   98.00

13:25:32     CPU    %usr   %nice    %sys %iowait    %irq   %soft  %steal  %guest  %gnice   %idle
13:25:33     all    0.56    0.00    1.13    0.56    0.00    3.38    0.00    0.00    0.00   94.37
13:25:33       0    0.00    0.00    0.00    0.00    0.00   22.64    0.00    0.00    0.00   77.36
13:25:33       1    1.00    0.00    0.00    1.00    0.00    0.00    0.00    0.00    0.00   98.00
13:25:33       2    0.98    0.00    1.96    0.98    0.00    0.00    0.00    0.00    0.00   96.08
13:25:33       3    0.00    0.00    2.00    0.00    0.00    0.00    0.00    0.00    0.00   98.00

13:25:33     CPU    %usr   %nice    %sys %iowait    %irq   %soft  %steal  %guest  %gnice   %idle
13:25:34     all    0.85    0.00    1.70    0.00    0.00    2.83    0.00    0.00    0.00   94.62
13:25:34       0    1.85    0.00    3.70    0.00    0.00   18.52    0.00    0.00    0.00   75.93
13:25:34       1    0.99    0.00    1.98    0.00    0.00    0.00    0.00    0.00    0.00   97.03
13:25:34       2    1.01    0.00    1.01    0.00    0.00    0.00    0.00    0.00    0.00   97.98
13:25:34       3    0.00    0.00    1.01    0.00    0.00    0.00    0.00    0.00    0.00   98.99

13:25:34     CPU    %usr   %nice    %sys %iowait    %irq   %soft  %steal  %guest  %gnice   %idle
13:25:35     all    0.57    0.00    1.43    0.00    0.00    2.00    0.00    0.00    0.00   96.00
13:25:35       0    0.00    0.00    2.04    0.00    0.00   14.29    0.00    0.00    0.00   83.67
13:25:35       1    0.00    0.00    2.02    0.00    0.00    0.00    0.00    0.00    0.00   97.98
13:25:35       2    0.99    0.00    0.99    0.00    0.00    0.00    0.00    0.00    0.00   98.02
13:25:35       3    0.99    0.00    0.99    0.00    0.00    0.00    0.00    0.00    0.00   98.02

13:25:35     CPU    %usr   %nice    %sys %iowait    %irq   %soft  %steal  %guest  %gnice   %idle
13:25:36     all    0.56    0.00    1.41    0.00    0.00    3.66    0.00    0.00    0.00   94.37
13:25:36       0    1.79    0.00    1.79    0.00    0.00   23.21    0.00    0.00    0.00   73.21
13:25:36       1    1.00    0.00    1.00    0.00    0.00    0.00    0.00    0.00    0.00   98.00
13:25:36       2    0.00    0.00    1.01    0.00    0.00    0.00    0.00    0.00    0.00   98.99
13:25:36       3    0.00    0.00    2.00    0.00    0.00    0.00    0.00    0.00    0.00   98.00

13:25:36     CPU    %usr   %nice    %sys %iowait    %irq   %soft  %steal  %guest  %gnice   %idle
13:25:37     all    0.56    0.00    1.41    0.00    0.00    3.94    0.00    0.00    0.00   94.08
13:25:37       0    0.00    0.00    1.79    0.00    0.00   25.00    0.00    0.00    0.00   73.21
13:25:37       1    1.00    0.00    1.00    0.00    0.00    0.00    0.00    0.00    0.00   98.00
13:25:37       2    1.00    0.00    2.00    0.00    0.00    0.00    0.00    0.00    0.00   97.00
13:25:37       3    0.00    0.00    1.01    0.00    0.00    0.00    0.00    0.00    0.00   98.99

13:25:37     CPU    %usr   %nice    %sys %iowait    %irq   %soft  %steal  %guest  %gnice   %idle
13:25:38     all    0.00    0.00    0.29    0.00    0.00    0.86    0.00    0.00    0.00   98.85
13:25:38       0    0.00    0.00    0.00    0.00    0.00    6.52    0.00    0.00    0.00   93.48
13:25:38       1    0.00    0.00    0.99    0.00    0.00    0.00    0.00    0.00    0.00   99.01
13:25:38       2    0.00    0.00    0.00    0.00    0.00    0.00    0.00    0.00    0.00  100.00
13:25:38       3    0.00    0.00    0.00    0.00    0.00    0.00    0.00    0.00    0.00  100.00

Average:     CPU    %usr   %nice    %sys %iowait    %irq   %soft  %steal  %guest  %gnice   %idle
Average:     all    0.65    0.00    1.33    0.03    0.00    2.11    0.00    0.00    0.00   95.88
Average:       0    0.73    0.00    1.64    0.02    0.00   12.46    0.00    0.00    0.00   85.15
Average:       1    0.79    0.00    1.33    0.03    0.00    0.00    0.00    0.00    0.00   97.86
Average:       2    0.60    0.00    1.27    0.03    0.00    0.00    0.00    0.00    0.00   98.10
Average:       3    0.53    0.00    1.20    0.03    0.00    0.00    0.00    0.00    0.00   98.24
