# timestamp cpu_some_avg10 cpu_some_avg60 cpu_full_avg10 cpu_full_avg60 mem_some_avg10 mem_some_avg60 mem_full_avg10 mem_full_avg60 io_some_avg10 io_some_avg60 io_full_avg10 io_full_avg60
1777826667.947443192 .. .. .. .. .. ..
1777826668.978774604 .. .. .. .. .. ..
1777826670.004801920 .. .. .. .. .. ..
1777826671.030872440 .. .. .. .. .3. .3.
1777826672.056656386 .. .. .. .. .3. .3.
1777826673.082569443 .. .. .. .. .29. .29.
1777826674.108426814 .. .. .. .. .29. .29.
1777826675.134448538 .. .. .. .. .24. .24.
1777826676.160280614 .. .. .. .. .24. .24.
1777826677.186172152 .. .. .. .. .9.5 .9.5
1777826678.212082468 .. .. .. .. .9.5 .9.5
1777826679.242309491 .. .. .. .. ..5 ..5
1777826680.295290932 .. .. .. .. ..5 ..5
1777826681.339029350 .. .. .. .. .3.5 .3.5
1777826682.380893433 .. .. .. .. .3.5 .3.5
1777826683.422210183 .. .. .. .. ..5 ..5
1777826684.463907304 .. .. .. .. ..5 ..5
1777826685.502820867 .. .. .. .. .8.5 .8.5
1777826686.545747229 .. .. .. .. .8.5 .8.5
1777826687.588086554 .. .. .. .. .7.4 .7.4
1777826688.628365285 .. .. .. .. .5.4 .5.4
1777826689.680964855 .. .. .. .. .5.4 .5.4
1777826690.722719291 .. .. .. .. .4.4 .4.4
1777826691.765795597 .. .. .. .. .4.4 .4.4
1777826692.811545201 .. .. .. .. .3.4 .3.4
1777826693.852385951 .. .. .. .. .3.4 .3.4
1777826694.892336719 .. .. .. .. .3.4 .3.4
1777826695.931565764 .. .. .. .. .3.4 .3.4
1777826696.965030918 .. .. .. .. .2.4 .2.4
1777826698.013550060 .. .. .. .. .2.4 .2.4
1777826699.051686716 .. .. .. .. .2.3 .2.3
1777826700.094213004 .. .. .. .. .2.3 .2.3
1777826701.135677568 .. .. .. .. ..3 ..3
1777826702.185115230 .. .. .. .. ..3 ..3
1777826703.228898611 .. .. .. .. ..3 ..3
1777826704.272478843 .. .. .. .. ..3 ..3
1777826705.322665857 .. .. .. .. ..3 ..3
1777826706.365777923 .. .. .. .. ..3 ..3
1777826707.397597946 .. .. .. .. ..3 ..3
1777826708.443538624 .. .. .. .. ..3 ..3
1777826709.481486354 .. .. .. .. ..3 ..3
1777826710.523101993 .. .. .. .. ..3 ..3
1777826711.565430688 .. .. .. .. ..2 ..2
1777826712.617746610 .. .. .. .. ..2 ..2
1777826713.656627803 .. .. .. .. ..2 ..2
1777826714.696459979 .. .. .. .. ..2 ..2
1777826715.737499358 .. .. .. .. ..2 ..2
1777826716.775981070 .. .. .. .. ..2 ..2
1777826717.816472004 .. .. .. .. ..2 ..2
1777826718.853825234 .. .. .. .. ..2 ..2
1777826719.898427226 .. .. .. .. ..2 ..2
1777826720.941708551 .. .. .. .. ..2 ..2
1777826721.985194932 .. .. .. .. ..2 ..2
1777826723.030452721 .. .. .. .. ..2 ..2
1777826724.071205026 .. .. .. .. ..2 ..2
1777826725.107154737 .. .. .. .. ..2 ..2
1777826726.149705654 .. .. .. .. ..2 ..2
1777826727.194090905 .. .. .. .. ..2 ..2
1777826728.230941079 .. .. .. .. ..2 ..2
1777826729.265219918 .. .. .. .. ..2 ..2
1777826730.309289114 .. .. .. .. ..2 ..2
1777826731.344748657 .. .. .. .. ..2 ..2
1777826732.386802463 .. .. .. .. ..2 ..2
1777826733.435605828 .. .. .. .. .. ..
1777826734.476835837 .. .. .. .. .. ..
1777826735.513401807 .. .. .. .. .. ..
1777826736.556593114 .. .. .. .. .. ..
1777826737.593011676 .. .. .. .. .. ..
1777826738.637312224 .. .. .. .. .. ..
1777826739.681619383 .. .. .. .. .. ..
1777826740.727934580 .. .. .. .. .. ..
1777826741.775572666 .. .. .. .. .. ..
1777826742.827063255 .. .. .. .. .. ..
1777826743.866595744 .. .. .. .. .. ..
1777826744.905426290 .. .. .. .. .. ..
1777826745.942105241 .. .. .. .. .. ..
1777826746.982140731 .. .. .. .. .. ..
1777826748.030822966 .. .. .. .. .. ..
1777826749.077843682 .. .. .. .. .. ..
1777826750.124542620 .. .. .. .. .. ..
1777826751.177480950 .. .. .. .. .. ..
1777826752.223071943 .. .. .. .. .. ..
1777826753.264196933 .. .. .. .. .. ..
1777826754.306361462 .. .. .. .. .. ..
1777826755.352406066 .. .. .. .. .. ..
1777826756.401492931 .. .. .. .. .. ..
1777826757.446967720 .. .. .. .. .. ..
1777826758.494374640 .. .. .. .. .. ..
1777826759.540123392 .. .. .. .. .. ..
1777826760.590451721 .. .. .. .. .. ..
1777826761.630325914 .. .. .. .. .. ..
1777826762.673721369 .. .. .. .. .. ..
1777826763.722789179 .. .. .. .. .. ..
1777826764.768294449 .. .. .. .. .. ..
1777826765.812024182 .. .. .. .. .. ..
1777826766.854451210 .. .. .. .. .. ..
1777826767.894682052 .. .. .. .. .. ..
1777826768.932230986 .. .. .. .. .. ..
1777826769.975680422 .. .. .. .. .. ..
1777826771.016584968 .. .. .. .. .. ..
1777826772.056047569 .. .. .. .. .. ..
1777826773.099745172 .. .. .. .. .. ..
1777826774.144579127 .. .. .. .. .. ..
1777826775.182736802 .. .. .. .. .. ..
1777826776.225619627 .. .. .. .. .. ..
1777826777.274569677 .. .. .. .. .. ..
1777826778.316726872 .. .. .. .. .. ..
1777826779.356565325 .. .. .. .. .. ..
1777826780.399611798 .. .. .. .. .. ..
1777826781.446389699 .. .. .. .. .. ..
1777826782.487124800 .. .. .. .. .. ..
1777826783.536598999 .. .. .. .. .. ..
1777826784.581577954 .. .. .. .. .. ..
1777826785.623463594 .. .. .. .. .. ..
1777826786.670804976 .. .. .. .. .. ..
1777826787.709921077 .. .. .. .. .. ..
1777826788.746985825 .. .. .. .. .. ..
1777826789.786738778 .. .. .. .. .. ..
1777826790.837960144 .. .. .. .. .. ..
1777826791.882997933 .. .. .. .. .. ..
1777826792.929217037 .. .. .. .. .. ..
1777826793.973039974 .. .. .. .. .. ..
1777826795.016257373 .. .. .. .. .. ..
1777826796.059393827 .. .. .. .. .. ..
1777826797.100792133 .. .. .. .. .. ..
1777826798.141545864 .. .. .. .. .. ..
1777826799.184918652 .. .. .. .. .. ..
1777826800.227417236 .. .. .. .. .. ..
1777826801.260770778 .. .. .. .. .. ..
1777826802.296755470 .. .. .. .. .. ..
1777826803.338920313 .. .. .. .. .. ..
1777826804.378531229 .. .. .. .. .. ..
1777826805.419430423 .. .. .. .. .. ..
1777826806.454115596 .. .. .. .. .. ..
1777826807.499696663 .. .. .. .. .. ..
1777826808.534293520 .. .. .. .. .. ..
1777826809.575826067 .. .. .. .. .. ..
1777826810.617205095 .. .. .. .. .. ..
1777826811.660948494 .. .. .. .. .. ..
1777826812.698988224 .. .. .. .. .. ..
1777826813.744715902 .. .. .. .. .. ..
1777826814.782331854 .. .. .. .. .. ..
1777826815.831680071 .. .. .. .. .. ..
1777826816.876341526 .. .. .. .. .. ..
