# timestamp  face |bytes    packets errs drop fifo frame compressed multicast|bytes    packets errs drop fifo colls carrier compressed
1777826348.771775528     lo:   27995     368    0    0    0     0          0         0    27995     368    0    0    0     0       0          0
1777826348.771775528 enP1p1s0: 28629937352 201057165    0    0    0     0          0        90 28628746824 201041907    0   17    0     0       0          0
1777826348.771775528   eth0:       0       0    0    0    0     0          0         0        0       0    0    0    0     0       0          0
1777826348.771775528  wlan0:  308197    2887    0    0    0     0          0        18   335635    2727    0    0    0     0       0          0
1777826349.785653277     lo:   27995     368    0    0    0     0          0         0    27995     368    0    0    0     0       0          0
1777826349.785653277 enP1p1s0: 28629937352 201057165    0    0    0     0          0        90 28628746824 201041907    0   17    0     0       0          0
1777826349.785653277   eth0:       0       0    0    0    0     0          0         0        0       0    0    0    0     0       0          0
1777826349.785653277  wlan0:  313017    2943    0    0    0     0          0        18   341017    2780    0    0    0     0       0          0
1777826350.794570673     lo:   27995     368    0    0    0     0          0         0    27995     368    0    0    0     0       0          0
1777826350.794570673 enP1p1s0: 28629937352 201057165    0    0    0     0          0        90 28628746824 201041907    0   17    0     0       0          0
1777826350.794570673   eth0:       0       0    0    0    0     0          0         0        0       0    0    0    0     0       0          0
1777826350.794570673  wlan0:  318025    3004    0    0    0     0          0        18   346361    2832    0    0    0     0       0          0
1777826351.803509846     lo:   27995     368    0    0    0     0          0         0    27995     368    0    0    0     0       0          0
1777826351.803509846 enP1p1s0: 28629937352 201057165    0    0    0     0          0        90 28628746824 201041907    0   17    0     0       0          0
1777826351.803509846   eth0:       0       0    0    0    0     0          0         0        0       0    0    0    0     0       0          0
1777826351.803509846  wlan0:  318809    3014    0    0    0     0          0        18   347177    2840    0    0    0     0       0          0
1777826352.812341277     lo:   27995     368    0    0    0     0          0         0    27995     368    0    0    0     0       0          0
1777826352.812341277 enP1p1s0: 28629937352 201057165    0    0    0     0          0        90 28628746824 201041907    0   17    0     0       0          0
1777826352.812341277   eth0:       0       0    0    0    0     0          0         0        0       0    0    0    0     0       0          0
1777826352.812341277  wlan0:  318809    3014    0    0    0     0          0        18   347177    2840    0    0    0     0       0          0
1777826353.821154227     lo:   27995     368    0    0    0     0          0         0    27995     368    0    0    0     0       0          0
1777826353.821154227 enP1p1s0: 28629937352 201057165    0    0    0     0          0        90 28628746824 201041907    0   17    0     0       0          0
1777826353.821154227   eth0:       0       0    0    0    0     0          0         0        0       0    0    0    0     0       0          0
1777826353.821154227  wlan0:  318809    3014    0    0    0     0          0        18   347177    2840    0    0    0     0       0          0
1777826354.829722175     lo:   27995     368    0    0    0     0          0         0    27995     368    0    0    0     0       0          0
1777826354.829722175 enP1p1s0: 28629937352 201057165    0    0    0     0          0        90 28628746824 201041907    0   17    0     0       0          0
1777826354.829722175   eth0:       0       0    0    0    0     0          0         0        0       0    0    0    0     0       0          0
1777826354.829722175  wlan0:  318809    3014    0    0    0     0          0        18   347177    2840    0    0    0     0       0          0
1777826355.838537477     lo:   27995     368    0    0    0     0          0         0    27995     368    0    0    0     0       0          0
1777826355.838537477 enP1p1s0: 28629937352 201057165    0    0    0     0          0        90 28628746824 201041907    0   17    0     0       0          0
1777826355.838537477   eth0:       0       0    0    0    0     0          0         0        0       0    0    0    0     0       0          0
1777826355.838537477  wlan0:  318861    3015    0    0    0     0          0        18   347319    2841    0    0    0     0       0          0
1777826356.847429465     lo:   27995     368    0    0    0     0          0         0    27995     368    0    0    0     0       0          0
1777826356.847429465 enP1p1s0: 28629937352 201057165    0    0    0     0          0        90 28628746824 201041907    0   17    0     0       0          0
1777826356.847429465   eth0:       0       0    0    0    0     0          0         0        0       0    0    0    0     0       0          0
1777826356.847429465  wlan0:  318861    3015    0    0    0     0          0        18   347319    2841    0    0    0     0       0          0
1777826357.856231859     lo:   27995     368    0    0    0     0          0         0    27995     368    0    0    0     0       0          0
1777826357.856231859 enP1p1s0: 28629937352 201057165    0    0    0     0          0        90 28628746824 201041907    0   17    0     0       0          0
1777826357.856231859   eth0:       0       0    0    0    0     0          0         0        0       0    0    0    0     0       0          0
1777826357.856231859  wlan0:  318861    3015    0    0    0     0          0        18   347319    2841    0    0    0     0       0          0
1777826358.865076402     lo:   27995     368    0    0    0     0          0         0    27995     368    0    0    0     0       0          0
1777826358.865076402 enP1p1s0: 28629937352 201057165    0    0    0     0          0        90 28628746824 201041907    0   17    0     0       0          0
1777826358.865076402   eth0:       0       0    0    0    0     0          0         0        0       0    0    0    0     0       0          0
1777826358.865076402  wlan0:  318861    3015    0    0    0     0          0        18   347319    2841    0    0    0     0       0          0
1777826359.873874074     lo:   27995     368    0    0    0     0          0         0    27995     368    0    0    0     0       0          0
1777826359.873874074 enP1p1s0: 28629937352 201057165    0    0    0     0          0        90 28628746824 201041907    0   17    0     0       0          0
1777826359.873874074   eth0:       0       0    0    0    0     0          0         0        0       0    0    0    0     0       0          0
1777826359.873874074  wlan0:  318861    3015    0    0    0     0          0        18   347461    2842    0    0    0     0       0          0
1777826360.882652598     lo:   27995     368    0    0    0     0          0         0    27995     368    0    0    0     0       0          0
1777826360.882652598 enP1p1s0: 28629937352 201057165    0    0    0     0          0        90 28628746824 201041907    0   17    0     0       0          0
1777826360.882652598   eth0:       0       0    0    0    0     0          0         0        0       0    0    0    0     0       0          0
1777826360.882652598  wlan0:  318913    3016    0    0    0     0          0        18   347461    2842    0    0    0     0       0          0
1777826361.891485696     lo:   27995     368    0    0    0     0          0         0    27995     368    0    0    0     0       0          0
1777826361.891485696 enP1p1s0: 28629937352 201057165    0    0    0     0          0        90 28628746824 201041907    0   17    0     0       0          0
1777826361.891485696   eth0:       0       0    0    0    0     0          0         0        0       0    0    0    0     0       0          0
1777826361.891485696  wlan0:  318913    3016    0    0    0     0          0        18   347461    2842    0    0    0     0       0          0
1777826362.901205098     lo:   27995     368    0    0    0     0          0         0    27995     368    0    0    0     0       0          0
1777826362.901205098 enP1p1s0: 28641944792 201211107    0    0    0     0          0        90 28640753016 201195833    0   17    0     0       0          0
1777826362.901205098   eth0:       0       0    0    0    0     0          0         0        0       0    0    0    0     0       0          0
1777826362.901205098  wlan0:  318913    3016    0    0    0     0          0        18   347461    2842    0    0    0     0       0          0
1777826363.911851044     lo:   27995     368    0    0    0     0          0         0    27995     368    0    0    0     0       0          0
1777826363.911851044 enP1p1s0: 28668907832 201556787    0    0    0     0          0        90 28667715510 201541506    0   17    0     0       0          0
1777826363.911851044   eth0:       0       0    0    0    0     0          0         0        0       0    0    0    0     0       0          0
1777826363.911851044  wlan0:  318913    3016    0    0    0     0          0        18   347461    2842    0    0    0     0       0          0
1777826364.922527045     lo:   27995     368    0    0    0     0          0         0    27995     368    0    0    0     0       0          0
1777826364.922527045 enP1p1s0: 28695875474 201902526    0    0    0     0          0        90 28694683776 201887253    0   17    0     0       0          0
1777826364.922527045   eth0:       0       0    0    0    0     0          0         0        0       0    0    0    0     0       0          0
1777826364.922527045  wlan0:  318965    3017    0    0    0     0          0        18   347611    2843    0    0    0     0       0          0
1777826365.933231566     lo:   27995     368    0    0    0     0          0         0    27995     368    0    0    0     0       0          0
1777826365.933231566 enP1p1s0: 28723051688 202250939    0    0    0     0          0        90 28721860458 202235672    0   17    0     0       0          0
1777826365.933231566   eth0:       0       0    0    0    0     0          0         0        0       0    0    0    0     0       0          0
1777826365.933231566  wlan0:  318965    3017    0    0    0     0          0        18   347611    2843    0    0    0     0       0          0
1777826366.944041976     lo:   27995     368    0    0    0     0          0         0    27995     368    0    0    0     0       0          0
1777826366.944041976 enP1p1s0: 28750494740 202602773    0    0    0     0          0        90 28749301326 202587478    0   17    0     0       0          0
1777826366.944041976   eth0:       0       0    0    0    0     0          0         0        0       0    0    0    0     0       0          0
1777826366.944041976  wlan0:  318965    3017    0    0    0     0          0        18   347611    2843    0    0    0     0       0          0
1777826367.954687626     lo:   27995     368    0    0    0     0          0         0    27995     368    0    0    0     0       0          0
1777826367.954687626 enP1p1s0: 28777849496 202953475    0    0    0     0          0        90 28776658110 202938206    0   17    0     0       0          0
1777826367.954687626   eth0:       0       0    0    0    0     0          0         0        0       0    0    0    0     0       0          0
1777826367.954687626  wlan0:  318965    3017    0    0    0     0          0        18   347611    2843    0    0    0     0       0          0
1777826368.965524555     lo:   27995     368    0    0    0     0          0         0    27995     368    0    0    0     0       0          0
1777826368.965524555 enP1p1s0: 28805242862 203304672    0    0    0     0          0        90 28804050930 203289396    0   17    0     0       0          0
1777826368.965524555   eth0:       0       0    0    0    0     0          0         0        0       0    0    0    0     0       0          0
1777826368.965524555  wlan0:  318965    3017    0    0    0     0          0        18   347611    2843    0    0    0     0       0          0
1777826369.976361446     lo:   27995     368    0    0    0     0          0         0    27995     368    0    0    0     0       0          0
1777826369.976361446 enP1p1s0: 28831955206 203647135    0    0    0     0          0        92 28830764288 203631872    0   17    0     0       0          0
1777826369.976361446   eth0:       0       0    0    0    0     0          0         0        0       0    0    0    0     0       0          0
1777826369.976361446  wlan0:  319017    3018    0    0    0     0          0        18   347761    2844    0    0    0     0       0          0
1777826370.988562682     lo:   27995     368    0    0    0     0          0         0    27995     368    0    0    0     0       0          0
1777826370.988562682 enP1p1s0: 28858602190 203988763    0    0    0     0          0        92 28857408932 203973470    0   17    0     0       0          0
1777826370.988562682   eth0:       0       0    0    0    0     0          0         0        0       0    0    0    0     0       0          0
1777826370.988562682  wlan0:  319017    3018    0    0    0     0          0        18   347761    2844    0    0    0     0       0          0
1777826372.001331756     lo:   27995     368    0    0    0     0          0         0    27995     368    0    0    0     0       0          0
1777826372.001331756 enP1p1s0: 28885419526 204332575    0    0    0     0          0        92 28884228374 204317309    0   17    0     0       0          0
1777826372.001331756   eth0:       0       0    0    0    0     0          0         0        0       0    0    0    0     0       0          0
1777826372.001331756  wlan0:  319017    3018    0    0    0     0          0        18   347761    2844    0    0    0     0       0          0
1777826373.012854709     lo:   27995     368    0    0    0     0          0         0    27995     368    0    0    0     0       0          0
1777826373.012854709 enP1p1s0: 28913282998 204689799    0    0    0     0          0        92 28912091534 204674529    0   17    0     0       0          0
1777826373.012854709   eth0:       0       0    0    0    0     0          0         0        0       0    0    0    0     0       0          0
1777826373.012854709  wlan0:  319017    3018    0    0    0     0          0        18   347761    2844    0    0    0     0       0          0
1777826374.025362818     lo:   27995     368    0    0    0     0          0         0    27995     368    0    0    0     0       0          0
1777826374.025362818 enP1p1s0: 28941859780 205056168    0    0    0     0          0        92 28940667692 205040890    0   17    0     0       0          0
1777826374.025362818   eth0:       0       0    0    0    0     0          0         0        0       0    0    0    0     0       0          0
1777826374.025362818  wlan0:  319017    3018    0    0    0     0          0        18   347761    2844    0    0    0     0       0          0
1777826375.038026632     lo:   27995     368    0    0    0     0          0         0    27995     368    0    0    0     0       0          0
1777826375.038026632 enP1p1s0: 28970489446 205423215    0    0    0     0          0        92 28969297124 205407934    0   17    0     0       0          0
1777826375.038026632   eth0:       0       0    0    0    0     0          0         0        0       0    0    0    0     0       0          0
1777826375.038026632  wlan0:  319017    3018    0    0    0     0          0        18   347911    2845    0    0    0     0       0          0
1777826376.050636241     lo:   27995     368    0    0    0     0          0         0    27995     368    0    0    0     0       0          0
1777826376.050636241 enP1p1s0: 28999320976 205792850    0    0    0     0          0        92 28998128108 205777562    0   17    0     0       0          0
1777826376.050636241   eth0:       0       0    0    0    0     0          0         0        0       0    0    0    0     0       0          0
1777826376.050636241  wlan0:  319133    3020    0    0    0     0          0        18   348061    2846    0    0    0     0       0          0
1777826377.062631346     lo:   27995     368    0    0    0     0          0         0    27995     368    0    0    0     0       0          0
1777826377.062631346 enP1p1s0: 29026650070 206143223    0    0    0     0          0        92 29025458294 206127949    0   17    0     0       0          0
1777826377.062631346   eth0:       0       0    0    0    0     0          0         0        0       0    0    0    0     0       0          0
1777826377.062631346  wlan0:  319133    3020    0    0    0     0          0        18   348061    2846    0    0    0     0       0          0
1777826378.074079206     lo:   27995     368    0    0    0     0          0         0    27995     368    0    0    0     0       0          0
1777826378.074079206 enP1p1s0: 29052290854 206471951    0    0    0     0          0        92 29051099702 206456685    0   17    0     0       0          0
1777826378.074079206   eth0:       0       0    0    0    0     0          0         0        0       0    0    0    0     0       0          0
1777826378.074079206  wlan0:  319133    3020    0    0    0     0          0        18   348061    2846    0    0    0     0       0          0
1777826379.085620677     lo:   27995     368    0    0    0     0          0         0    27995     368    0    0    0     0       0          0
1777826379.085620677 enP1p1s0: 29077899190 206800263    0    0    0     0          0        92 29076706322 206784975    0   17    0     0       0          0
1777826379.085620677   eth0:       0       0    0    0    0     0          0         0        0       0    0    0    0     0       0          0
1777826379.085620677  wlan0:  319133    3020    0    0    0     0          0        18   348061    2846    0    0    0     0       0          0
1777826380.097140426     lo:   27995     368    0    0    0     0          0         0    27995     368    0    0    0     0       0          0
1777826380.097140426 enP1p1s0: 29103604870 207129823    0    0    0     0          0        92 29102413718 207114557    0   17    0     0       0          0
1777826380.097140426   eth0:       0       0    0    0    0     0          0         0        0       0    0    0    0     0       0          0
1777826380.097140426  wlan0:  319185    3021    0    0    0     0          0        18   348211    2847    0    0    0     0       0          0
1777826381.108693435     lo:   27995     368    0    0    0     0          0         0    27995     368    0    0    0     0       0          0
1777826381.108693435 enP1p1s0: 29129089100 207456544    0    0    0     0          0        93 29127897558 207441273    0   17    0     0       0          0
1777826381.108693435   eth0:       0       0    0    0    0     0          0         0        0       0    0    0    0     0       0          0
1777826381.108693435  wlan0:  319185    3021    0    0    0     0          0        18   348441    2848    0    0    0     0       0          0
1777826382.119222047     lo:   27995     368    0    0    0     0          0         0    27995     368    0    0    0     0       0          0
1777826382.119222047 enP1p1s0: 29149849190 207722699    0    0    0     0          0        93 29148656868 207707418    0   17    0     0       0          0
1777826382.119222047   eth0:       0       0    0    0    0     0          0         0        0       0    0    0    0     0       0          0
1777826382.119222047  wlan0:  319185    3021    0    0    0     0          0        18   348441    2848    0    0    0     0       0          0
1777826383.129938771     lo:   27995     368    0    0    0     0          0         0    27995     368    0    0    0     0       0          0
1777826383.129938771 enP1p1s0: 29164418186 207909481    0    0    0     0          0        93 29163226956 207894214    0   17    0     0       0          0
1777826383.129938771   eth0:       0       0    0    0    0     0          0         0        0       0    0    0    0     0       0          0
1777826383.129938771  wlan0:  319185    3021    0    0    0     0          0        18   348441    2848    0    0    0     0       0          0
1777826384.141040554     lo:   27995     368    0    0    0     0          0         0    27995     368    0    0    0     0       0          0
1777826384.141040554 enP1p1s0: 29190574316 208244816    0    0    0     0          0        93 29189382852 208229546    0   17    0     0       0          0
1777826384.141040554   eth0:       0       0    0    0    0     0          0         0        0       0    0    0    0     0       0          0
1777826384.141040554  wlan0:  319617    3023    0    0    0     0          0        18   348901    2850    0    0    0     0       0          0
1777826385.153385143     lo:   27995     368    0    0    0     0          0         0    27995     368    0    0    0     0       0          0
1777826385.153385143 enP1p1s0: 29219139164 208611032    0    0    0     0          0        93 29217946452 208595746    0   17    0     0       0          0
1777826385.153385143   eth0:       0       0    0    0    0     0          0         0        0       0    0    0    0     0       0          0
1777826385.153385143  wlan0:  319669    3024    0    0    0     0          0        18   349051    2851    0    0    0     0       0          0
1777826386.166286792     lo:   27995     368    0    0    0     0          0         0    27995     368    0    0    0     0       0          0
1777826386.166286792 enP1p1s0: 29248006886 208981131    0    0    0     0          0        93 29246814876 208965854    0   17    0     0       0          0
1777826386.166286792   eth0:       0       0    0    0    0     0          0         0        0       0    0    0    0     0       0          0
1777826386.166286792  wlan0:  319697    3025    0    0    0     0          0        18   349093    2852    0    0    0     0       0          0
1777826387.179342034     lo:   27995     368    0    0    0     0          0         0    27995     368    0    0    0     0       0          0
1777826387.179342034 enP1p1s0: 29276424782 209345463    0    0    0     0          0        93 29275232460 209330182    0   17    0     0       0          0
1777826387.179342034   eth0:       0       0    0    0    0     0          0         0        0       0    0    0    0     0       0          0
1777826387.179342034  wlan0:  319697    3025    0    0    0     0          0        18   349093    2852    0    0    0     0       0          0
1777826388.191653049     lo:   27995     368    0    0    0     0          0         0    27995     368    0    0    0     0       0          0
1777826388.191653049 enP1p1s0: 29297929850 209621169    0    0    0     0          0        93 29296737996 209605894    0   17    0     0       0          0
1777826388.191653049   eth0:       0       0    0    0    0     0          0         0        0       0    0    0    0     0       0          0
1777826388.191653049  wlan0:  319697    3025    0    0    0     0          0        18   349093    2852    0    0    0     0       0          0
1777826389.202613146     lo:   27995     368    0    0    0     0          0         0    27995     368    0    0    0     0       0          0
1777826389.202613146 enP1p1s0: 29312614052 209809428    0    0    0     0          0        93 29311422042 209794151    0   17    0     0       0          0
1777826389.202613146   eth0:       0       0    0    0    0     0          0         0        0       0    0    0    0     0       0          0
1777826389.202613146  wlan0:  319697    3025    0    0    0     0          0        18   349093    2852    0    0    0     0       0          0
1777826390.213315796     lo:   27995     368    0    0    0     0          0         0    27995     368    0    0    0     0       0          0
1777826390.213315796 enP1p1s0: 29327274854 209997387    0    0    0     0          0        93 29326083468 209982118    0   17    0     0       0          0
1777826390.213315796   eth0:       0       0    0    0    0     0          0         0        0       0    0    0    0     0       0          0
1777826390.213315796  wlan0:  319749    3026    0    0    0     0          0        18   349243    2853    0    0    0     0       0          0
1777826391.224088539     lo:   27995     368    0    0    0     0          0         0    27995     368    0    0    0     0       0          0
1777826391.224088539 enP1p1s0: 29342054450 210186869    0    0    0     0          0        93 29340862908 210171598    0   17    0     0       0          0
1777826391.224088539   eth0:       0       0    0    0    0     0          0         0        0       0    0    0    0     0       0          0
1777826391.224088539  wlan0:  319749    3026    0    0    0     0          0        18   349243    2853    0    0    0     0       0          0
1777826392.234753578     lo:   27995     368    0    0    0     0          0         0    27995     368    0    0    0     0       0          0
1777826392.234753578 enP1p1s0: 29356748558 210375255    0    0    0     0          0        93 29355557172 210359986    0   17    0     0       0          0
1777826392.234753578   eth0:       0       0    0    0    0     0          0         0        0       0    0    0    0     0       0          0
1777826392.234753578  wlan0:  319749    3026    0    0    0     0          0        18   349243    2853    0    0    0     0       0          0
1777826393.245458598     lo:   27995     368    0    0    0     0          0         0    27995     368    0    0    0     0       0          0
1777826393.245458598 enP1p1s0: 29371475270 210564059    0    0    0     0          0        93 29370283260 210548782    0   17    0     0       0          0
1777826393.245458598   eth0:       0       0    0    0    0     0          0         0        0       0    0    0    0     0       0          0
1777826393.245458598  wlan0:  319749    3026    0    0    0     0          0        18   349243    2853    0    0    0     0       0          0
1777826394.256019099     lo:   27995     368    0    0    0     0          0         0    27995     368    0    0    0     0       0          0
1777826394.256019099 enP1p1s0: 29386217114 210753057    0    0    0     0          0        93 29385026196 210737794    0   17    0     0       0          0
1777826394.256019099   eth0:       0       0    0    0    0     0          0         0        0       0    0    0    0     0       0          0
1777826394.256019099  wlan0:  319749    3026    0    0    0     0          0        18   349243    2853    0    0    0     0       0          0
1777826395.266736305     lo:   27995     368    0    0    0     0          0         0    27995     368    0    0    0     0       0          0
1777826395.266736305 enP1p1s0: 29406098300 211007944    0    0    0     0          0        93 29404905042 210992651    0   17    0     0       0          0
1777826395.266736305   eth0:       0       0    0    0    0     0          0         0        0       0    0    0    0     0       0          0
1777826395.266736305  wlan0:  319889    3028    0    0    0     0          0        18   349393    2854    0    0    0     0       0          0
1777826396.277735031     lo:   27995     368    0    0    0     0          0         0    27995     368    0    0    0     0       0          0
1777826396.277735031 enP1p1s0: 29431796726 211337411    0    0    0     0          0        93 29430604404 211322130    0   17    0     0       0          0
1777826396.277735031   eth0:       0       0    0    0    0     0          0         0        0       0    0    0    0     0       0          0
1777826396.277735031  wlan0:  319889    3028    0    0    0     0          0        18   349393    2854    0    0    0     0       0          0
1777826397.290771089     lo:   27995     368    0    0    0     0          0         0    27995     368    0    0    0     0       0          0
1777826397.290771089 enP1p1s0: 29457238298 211663585    0    0    0     0          0        93 29456045352 211648296    0   17    0     0       0          0
1777826397.290771089   eth0:       0       0    0    0    0     0          0         0        0       0    0    0    0     0       0          0
1777826397.290771089  wlan0:  319889    3028    0    0    0     0          0        18   349393    2854    0    0    0     0       0          0
1777826398.307477730     lo:   27995     368    0    0    0     0          0         0    27995     368    0    0    0     0       0          0
1777826398.307477730 enP1p1s0: 29482488302 211987303    0    0    0     0          0        93 29481296214 211972025    0   17    0     0       0          0
1777826398.307477730   eth0:       0       0    0    0    0     0          0         0        0       0    0    0    0     0       0          0
1777826398.307477730  wlan0:  319889    3028    0    0    0     0          0        18   349393    2854    0    0    0     0       0          0
1777826399.318761218     lo:   27995     368    0    0    0     0          0         0    27995     368    0    0    0     0       0          0
1777826399.318761218 enP1p1s0: 29503058696 212251026    0    0    0     0          0        93 29501866920 212235752    0   17    0     0       0          0
1777826399.318761218   eth0:       0       0    0    0    0     0          0         0        0       0    0    0    0     0       0          0
1777826399.318761218  wlan0:  319889    3028    0    0    0     0          0        18   349393    2854    0    0    0     0       0          0
1777826400.332684042     lo:   27995     368    0    0    0     0          0         0    27995     368    0    0    0     0       0          0
1777826400.332684042 enP1p1s0: 29528742926 212580311    0    0    0     0          0        93 29527551696 212565044    0   17    0     0       0          0
1777826400.332684042   eth0:       0       0    0    0    0     0          0         0        0       0    0    0    0     0       0          0
1777826400.332684042  wlan0:  319941    3029    0    0    0     0          0        18   349543    2855    0    0    0     0       0          0
1777826401.344021753     lo:   27995     368    0    0    0     0          0         0    27995     368    0    0    0     0       0          0
1777826401.344021753 enP1p1s0: 29547623294 212822367    0    0    0     0          0        93 29546431284 212807090    0   17    0     0       0          0
1777826401.344021753   eth0:       0       0    0    0    0     0          0         0        0       0    0    0    0     0       0          0
1777826401.344021753  wlan0:  319941    3029    0    0    0     0          0        18   349543    2855    0    0    0     0       0          0
1777826402.355092572     lo:   27995     368    0    0    0     0          0         0    27995     368    0    0    0     0       0          0
1777826402.355092572 enP1p1s0: 29562266390 213010099    0    0    0     0          0        93 29561075316 212994834    0   17    0     0       0          0
1777826402.355092572   eth0:       0       0    0    0    0     0          0         0        0       0    0    0    0     0       0          0
1777826402.355092572  wlan0:  319941    3029    0    0    0     0          0        18   349543    2855    0    0    0     0       0          0
1777826403.365391738     lo:   27995     368    0    0    0     0          0         0    27995     368    0    0    0     0       0          0
1777826403.365391738 enP1p1s0: 29583828164 213286532    0    0    0     0          0        93 29582635374 213271245    0   17    0     0       0          0
1777826403.365391738   eth0:       0       0    0    0    0     0          0         0        0       0    0    0    0     0       0          0
1777826403.365391738  wlan0:  319941    3029    0    0    0     0          0        18   349543    2855    0    0    0     0       0          0
1777826404.376158129     lo:   27995     368    0    0    0     0          0         0    27995     368    0    0    0     0       0          0
1777826404.376158129 enP1p1s0: 29608794950 213606619    0    0    0     0          0        93 29607603798 213591353    0   17    0     0       0          0
1777826404.376158129   eth0:       0       0    0    0    0     0          0         0        0       0    0    0    0     0       0          0
1777826404.376158129  wlan0:  319941    3029    0    0    0     0          0        18   349543    2855    0    0    0     0       0          0
1777826405.386947336     lo:   27995     368    0    0    0     0          0         0    27995     368    0    0    0     0       0          0
1777826405.386947336 enP1p1s0: 29633808614 213927307    0    0    0     0          0        93 29632617618 213912043    0   17    0     0       0          0
1777826405.386947336   eth0:       0       0    0    0    0     0          0         0        0       0    0    0    0     0       0          0
1777826405.386947336  wlan0:  319993    3030    0    0    0     0          0        18   349693    2856    0    0    0     0       0          0
1777826406.397899839     lo:   27995     368    0    0    0     0          0         0    27995     368    0    0    0     0       0          0
1777826406.397899839 enP1p1s0: 29658690614 214246307    0    0    0     0          0        93 29657499618 214231043    0   17    0     0       0          0
1777826406.397899839   eth0:       0       0    0    0    0     0          0         0        0       0    0    0    0     0       0          0
1777826406.397899839  wlan0:  319993    3030    0    0    0     0          0        18   349693    2856    0    0    0     0       0          0
1777826407.408791084     lo:   27995     368    0    0    0     0          0         0    27995     368    0    0    0     0       0          0
1777826407.408791084 enP1p1s0: 29684037770 214571271    0    0    0     0          0        93 29682846384 214556002    0   17    0     0       0          0
1777826407.408791084   eth0:       0       0    0    0    0     0          0         0        0       0    0    0    0     0       0          0
1777826407.408791084  wlan0:  319993    3030    0    0    0     0          0        18   349693    2856    0    0    0     0       0          0
1777826408.419597086     lo:   27995     368    0    0    0     0          0         0    27995     368    0    0    0     0       0          0
1777826408.419597086 enP1p1s0: 29709332234 214895559    0    0    0     0          0        93 29708140380 214880284    0   17    0     0       0          0
1777826408.419597086   eth0:       0       0    0    0    0     0          0         0        0       0    0    0    0     0       0          0
1777826408.419597086  wlan0:  319993    3030    0    0    0     0          0        18   349693    2856    0    0    0     0       0          0
1777826409.430450756     lo:   27995     368    0    0    0     0          0         0    27995     368    0    0    0     0       0          0
1777826409.430450756 enP1p1s0: 29734887686 215223193    0    0    0     0          0        93 29733694740 215207904    0   17    0     0       0          0
1777826409.430450756   eth0:       0       0    0    0    0     0          0         0        0       0    0    0    0     0       0          0
1777826409.430450756  wlan0:  319993    3030    0    0    0     0          0        18   349693    2856    0    0    0     0       0          0
1777826410.441326278     lo:   27995     368    0    0    0     0          0         0    27995     368    0    0    0     0       0          0
1777826410.441326278 enP1p1s0: 29760474962 215551235    0    0    0     0          0        93 29759282640 215535954    0   17    0     0       0          0
1777826410.441326278   eth0:       0       0    0    0    0     0          0         0        0       0    0    0    0     0       0          0
1777826410.441326278  wlan0:  320045    3031    0    0    0     0          0        18   349843    2857    0    0    0     0       0          0
1777826411.452156188     lo:   27995     368    0    0    0     0          0         0    27995     368    0    0    0     0       0          0
1777826411.452156188 enP1p1s0: 29785893056 215877108    0    0    0     0          0        93 29784699954 215861817    0   17    0     0       0          0
1777826411.452156188   eth0:       0       0    0    0    0     0          0         0        0       0    0    0    0     0       0          0
1777826411.452156188  wlan0:  320045    3031    0    0    0     0          0        18   349843    2857    0    0    0     0       0          0
1777826412.462864375     lo:   27995     368    0    0    0     0          0         0    27995     368    0    0    0     0       0          0
1777826412.462864375 enP1p1s0: 29807464112 216153660    0    0    0     0          0        93 29806273272 216138398    0   17    0     0       0          0
1777826412.462864375   eth0:       0       0    0    0    0     0          0         0        0       0    0    0    0     0       0          0
1777826412.462864375  wlan0:  320045    3031    0    0    0     0          0        18   349843    2857    0    0    0     0       0          0
1777826413.473194134     lo:   27995     368    0    0    0     0          0         0    27995     368    0    0    0     0       0          0
1777826413.473194134 enP1p1s0: 29822371394 216344779    0    0    0     0          0        93 29821179384 216329502    0   17    0     0       0          0
1777826413.473194134   eth0:       0       0    0    0    0     0          0         0        0       0    0    0    0     0       0          0
1777826413.473194134  wlan0:  320045    3031    0    0    0     0          0        18   349843    2857    0    0    0     0       0          0
1777826414.483824005     lo:   27995     368    0    0    0     0          0         0    27995     368    0    0    0     0       0          0
1777826414.483824005 enP1p1s0: 29841014720 216583796    0    0    0     0          0        93 29839821618 216568505    0   17    0     0       0          0
1777826414.483824005   eth0:       0       0    0    0    0     0          0         0        0       0    0    0    0     0       0          0
1777826414.483824005  wlan0:  320045    3031    0    0    0     0          0        18   349843    2857    0    0    0     0       0          0
1777826415.494777380     lo:   27995     368    0    0    0     0          0         0    27995     368    0    0    0     0       0          0
1777826415.494777380 enP1p1s0: 29868806666 216940103    0    0    0     0          0        93 29867615592 216924838    0   17    0     0       0          0
1777826415.494777380   eth0:       0       0    0    0    0     0          0         0        0       0    0    0    0     0       0          0
1777826415.494777380  wlan0:  320097    3032    0    0    0     0          0        18   349993    2858    0    0    0     0       0          0
1777826416.505762680     lo:   27995     368    0    0    0     0          0         0    27995     368    0    0    0     0       0          0
1777826416.505762680 enP1p1s0: 29897830154 217312199    0    0    0     0          0        93 29896639002 217296933    0   17    0     0       0          0
1777826416.505762680   eth0:       0       0    0    0    0     0          0         0        0       0    0    0    0     0       0          0
1777826416.505762680  wlan0:  320097    3032    0    0    0     0          0        18   349993    2858    0    0    0     0       0          0
1777826417.516752758     lo:   27995     368    0    0    0     0          0         0    27995     368    0    0    0     0       0          0
1777826417.516752758 enP1p1s0: 29926729154 217682699    0    0    0     0          0        93 29925537456 217667426    0   17    0     0       0          0
1777826417.516752758   eth0:       0       0    0    0    0     0          0         0        0       0    0    0    0     0       0          0
1777826417.516752758  wlan0:  320097    3032    0    0    0     0          0        18   349993    2858    0    0    0     0       0          0
1777826418.527648984     lo:   27995     368    0    0    0     0          0         0    27995     368    0    0    0     0       0          0
1777826418.527648984 enP1p1s0: 29955606938 218052927    0    0    0     0          0        93 29954415552 218037658    0   17    0     0       0          0
1777826418.527648984   eth0:       0       0    0    0    0     0          0         0        0       0    0    0    0     0       0          0
1777826418.527648984  wlan0:  320097    3032    0    0    0     0          0        18   349993    2858    0    0    0     0       0          0
1777826419.538739119     lo:   27995     368    0    0    0     0          0         0    27995     368    0    0    0     0       0          0
1777826419.538739119 enP1p1s0: 29984318270 218421021    0    0    0     0          0        93 29983125792 218405738    0   17    0     0       0          0
1777826419.538739119   eth0:       0       0    0    0    0     0          0         0        0       0    0    0    0     0       0          0
1777826419.538739119  wlan0:  320097    3032    0    0    0     0          0        18   349993    2858    0    0    0     0       0          0
1777826420.549639511     lo:   27995     368    0    0    0     0          0         0    27995     368    0    0    0     0       0          0
1777826420.549639511 enP1p1s0: 30013208456 218791408    0    0    0     0          0        93 30012016602 218776133    0   17    0     0       0          0
1777826420.549639511   eth0:       0       0    0    0    0     0          0         0        0       0    0    0    0     0       0          0
1777826420.549639511  wlan0:  320149    3033    0    0    0     0          0        18   350143    2859    0    0    0     0       0          0
1777826421.560558552     lo:   27995     368    0    0    0     0          0         0    27995     368    0    0    0     0       0          0
1777826421.560558552 enP1p1s0: 30042112058 219161967    0    0    0     0          0        93 30040919736 219146686    0   17    0     0       0          0
1777826421.560558552   eth0:       0       0    0    0    0     0          0         0        0       0    0    0    0     0       0          0
1777826421.560558552  wlan0:  320149    3033    0    0    0     0          0        18   350143    2859    0    0    0     0       0          0
1777826422.571506593     lo:   27995     368    0    0    0     0          0         0    27995     368    0    0    0     0       0          0
1777826422.571506593 enP1p1s0: 30071182034 219534659    0    0    0     0          0        93 30069990960 219519394    0   17    0     0       0          0
1777826422.571506593   eth0:       0       0    0    0    0     0          0         0        0       0    0    0    0     0       0          0
1777826422.571506593  wlan0:  320149    3033    0    0    0     0          0        18   350143    2859    0    0    0     0       0          0
1777826423.582476782     lo:   27995     368    0    0    0     0          0         0    27995     368    0    0    0     0       0          0
1777826423.582476782 enP1p1s0: 30100157006 219906133    0    0    0     0          0        93 30098965464 219890862    0   17    0     0       0          0
1777826423.582476782   eth0:       0       0    0    0    0     0          0         0        0       0    0    0    0     0       0          0
1777826423.582476782  wlan0:  320149    3033    0    0    0     0          0        18   350143    2859    0    0    0     0       0          0
1777826424.593533361     lo:   27995     368    0    0    0     0          0         0    27995     368    0    0    0     0       0          0
1777826424.593533361 enP1p1s0: 30128856482 220274075    0    0    0     0          0        93 30127665408 220258810    0   17    0     0       0          0
1777826424.593533361   eth0:       0       0    0    0    0     0          0         0        0       0    0    0    0     0       0          0
1777826424.593533361  wlan0:  320149    3033    0    0    0     0          0        18   350143    2859    0    0    0     0       0          0
1777826425.604551995     lo:   27995     368    0    0    0     0          0         0    27995     368    0    0    0     0       0          0
1777826425.604551995 enP1p1s0: 30157810394 220645279    0    0    0     0          0        93 30156616590 220629979    0   17    0     0       0          0
1777826425.604551995   eth0:       0       0    0    0    0     0          0         0        0       0    0    0    0     0       0          0
1777826425.604551995  wlan0:  320201    3034    0    0    0     0          0        18   350293    2860    0    0    0     0       0          0
1777826426.615668352     lo:   27995     368    0    0    0     0          0         0    27995     368    0    0    0     0       0          0
1777826426.615668352 enP1p1s0: 30186166514 221008819    0    0    0     0          0        93 30184975440 220993554    0   17    0     0       0          0
1777826426.615668352   eth0:       0       0    0    0    0     0          0         0        0       0    0    0    0     0       0          0
1777826426.615668352  wlan0:  320201    3034    0    0    0     0          0        18   350293    2860    0    0    0     0       0          0
1777826427.626611004     lo:   27995     368    0    0    0     0          0         0    27995     368    0    0    0     0       0          0
1777826427.626611004 enP1p1s0: 30214376306 221370483    0    0    0     0          0        93 30213183984 221355202    0   17    0     0       0          0
1777826427.626611004   eth0:       0       0    0    0    0     0          0         0        0       0    0    0    0     0       0          0
1777826427.626611004  wlan0:  320201    3034    0    0    0     0          0        18   350293    2860    0    0    0     0       0          0
1777826428.637656509     lo:   27995     368    0    0    0     0          0         0    27995     368    0    0    0     0       0          0
1777826428.637656509 enP1p1s0: 30242434778 221730207    0    0    0     0          0        93 30241243392 221714938    0   17    0     0       0          0
1777826428.637656509   eth0:       0       0    0    0    0     0          0         0        0       0    0    0    0     0       0          0
1777826428.637656509  wlan0:  320201    3034    0    0    0     0          0        18   350293    2860    0    0    0     0       0          0
1777826429.648590938     lo:   27995     368    0    0    0     0          0         0    27995     368    0    0    0     0       0          0
1777826429.648590938 enP1p1s0: 30270443096 222089288    0    0    0     0          0        93 30269251008 222074010    0   17    0     0       0          0
1777826429.648590938   eth0:       0       0    0    0    0     0          0         0        0       0    0    0    0     0       0          0
1777826429.648590938  wlan0:  320201    3034    0    0    0     0          0        18   350293    2860    0    0    0     0       0          0
1777826430.659453275     lo:   27995     368    0    0    0     0          0         0    27995     368    0    0    0     0       0          0
1777826430.659453275 enP1p1s0: 30298481834 222448759    0    0    0     0          0        93 30297291150 222433499    0   17    0     0       0          0
1777826430.659453275   eth0:       0       0    0    0    0     0          0         0        0       0    0    0    0     0       0          0
1777826430.659453275  wlan0:  320253    3035    0    0    0     0          0        18   350443    2861    0    0    0     0       0          0
1777826431.670613003     lo:   27995     368    0    0    0     0          0         0    27995     368    0    0    0     0       0          0
1777826431.670613003 enP1p1s0: 30327015134 222814571    0    0    0     0          0        93 30325823748 222799302    0   17    0     0       0          0
1777826431.670613003   eth0:       0       0    0    0    0     0          0         0        0       0    0    0    0     0       0          0
1777826431.670613003  wlan0:  320253    3035    0    0    0     0          0        18   350443    2861    0    0    0     0       0          0
1777826432.681533117     lo:   27995     368    0    0    0     0          0         0    27995     368    0    0    0     0       0          0
1777826432.681533117 enP1p1s0: 30355476398 223179459    0    0    0     0          0        93 30354282906 223164163    0   17    0     0       0          0
1777826432.681533117   eth0:       0       0    0    0    0     0          0         0        0       0    0    0    0     0       0          0
1777826432.681533117  wlan0:  320253    3035    0    0    0     0          0        18   350443    2861    0    0    0     0       0          0
1777826433.692509825     lo:   27995     368    0    0    0     0          0         0    27995     368    0    0    0     0       0          0
1777826433.692509825 enP1p1s0: 30384053414 223545831    0    0    0     0          0        93 30382861950 223530561    0   17    0     0       0          0
1777826433.692509825   eth0:       0       0    0    0    0     0          0         0        0       0    0    0    0     0       0          0
1777826433.692509825  wlan0:  320253    3035    0    0    0     0          0        18   350443    2861    0    0    0     0       0          0
1777826434.703630367     lo:   27995     368    0    0    0     0          0         0    27995     368    0    0    0     0       0          0
1777826434.703630367 enP1p1s0: 30412579886 223911555    0    0    0     0          0        93 30411388734 223896289    0   17    0     0       0          0
1777826434.703630367   eth0:       0       0    0    0    0     0          0         0        0       0    0    0    0     0       0          0
1777826434.703630367  wlan0:  320253    3035    0    0    0     0          0        18   350443    2861    0    0    0     0       0          0
1777826435.714412166     lo:   27995     368    0    0    0     0          0         0    27995     368    0    0    0     0       0          0
1777826435.714412166 enP1p1s0: 30441562658 224283129    0    0    0     0          0        93 30440370336 224267848    0   17    0     0       0          0
1777826435.714412166   eth0:       0       0    0    0    0     0          0         0        0       0    0    0    0     0       0          0
1777826435.714412166  wlan0:  320305    3036    0    0    0     0          0        18   350593    2862    0    0    0     0       0          0
1777826436.725515282     lo:   27995     368    0    0    0     0          0         0    27995     368    0    0    0     0       0          0
1777826436.725515282 enP1p1s0: 30470451206 224653495    0    0    0     0          0        93 30469259508 224638222    0   17    0     0       0          0
1777826436.725515282   eth0:       0       0    0    0    0     0          0         0        0       0    0    0    0     0       0          0
1777826436.725515282  wlan0:  320305    3036    0    0    0     0          0        18   350593    2862    0    0    0     0       0          0
1777826437.736480120     lo:   27995     368    0    0    0     0          0         0    27995     368    0    0    0     0       0          0
1777826437.736480120 enP1p1s0: 30499280942 225023107    0    0    0     0          0        93 30498089244 225007834    0   17    0     0       0          0
1777826437.736480120   eth0:       0       0    0    0    0     0          0         0        0       0    0    0    0     0       0          0
1777826437.736480120  wlan0:  320305    3036    0    0    0     0          0        18   350593    2862    0    0    0     0       0          0
1777826438.747053880     lo:   27995     368    0    0    0     0          0         0    27995     368    0    0    0     0       0          0
1777826438.747053880 enP1p1s0: 30528074798 225392259    0    0    0     0          0        93 30526882788 225376982    0   17    0     0       0          0
1777826438.747053880   eth0:       0       0    0    0    0     0          0         0        0       0    0    0    0     0       0          0
1777826438.747053880  wlan0:  320305    3036    0    0    0     0          0        18   350593    2862    0    0    0     0       0          0
1777826439.759550192     lo:   27995     368    0    0    0     0          0         0    27995     368    0    0    0     0       0          0
1777826439.759550192 enP1p1s0: 30556902662 225761847    0    0    0     0          0        93 30555707610 225746531    0   17    0     0       0          0
1777826439.759550192   eth0:       0       0    0    0    0     0          0         0        0       0    0    0    0     0       0          0
1777826439.759550192  wlan0:  320305    3036    0    0    0     0          0        18   350593    2862    0    0    0     0       0          0
1777826440.774858971     lo:   27995     368    0    0    0     0          0         0    27995     368    0    0    0     0       0          0
1777826440.774858971 enP1p1s0: 30586049702 226135527    0    0    0     0          0        93 30584857926 226120253    0   17    0     0       0          0
1777826440.774858971   eth0:       0       0    0    0    0     0          0         0        0       0    0    0    0     0       0          0
1777826440.774858971  wlan0:  320357    3037    0    0    0     0          0        18   350743    2863    0    0    0     0       0          0
1777826441.786402702     lo:   27995     368    0    0    0     0          0         0    27995     368    0    0    0     0       0          0
1777826441.786402702 enP1p1s0: 30614892854 226505311    0    0    0     0          0        93 30613700220 226490026    0   17    0     0       0          0
1777826441.786402702   eth0:       0       0    0    0    0     0          0         0        0       0    0    0    0     0       0          0
1777826441.786402702  wlan0:  320357    3037    0    0    0     0          0        18   350743    2863    0    0    0     0       0          0
1777826442.797438948     lo:   27995     368    0    0    0     0          0         0    27995     368    0    0    0     0       0          0
1777826442.797438948 enP1p1s0: 30643087046 226866775    0    0    0     0          0        93 30641895894 226851509    0   17    0     0       0          0
1777826442.797438948   eth0:       0       0    0    0    0     0          0         0        0       0    0    0    0     0       0          0
1777826442.797438948  wlan0:  320357    3037    0    0    0     0          0        18   350743    2863    0    0    0     0       0          0
1777826443.808356544     lo:   27995     368    0    0    0     0          0         0    27995     368    0    0    0     0       0          0
1777826443.808356544 enP1p1s0: 30672113654 227238911    0    0    0     0          0        93 30670921332 227223630    0   17    0     0       0          0
1777826443.808356544   eth0:       0       0    0    0    0     0          0         0        0       0    0    0    0     0       0          0
1777826443.808356544  wlan0:  320357    3037    0    0    0     0          0        18   350743    2863    0    0    0     0       0          0
1777826444.819376252     lo:   27995     368    0    0    0     0          0         0    27995     368    0    0    0     0       0          0
1777826444.819376252 enP1p1s0: 30701104694 227610591    0    0    0     0          0        93 30699912450 227595311    0   17    0     0       0          0
1777826444.819376252   eth0:       0       0    0    0    0     0          0         0        0       0    0    0    0     0       0          0
1777826444.819376252  wlan0:  320357    3037    0    0    0     0          0        18   350743    2863    0    0    0     0       0          0
1777826445.830386645     lo:   27995     368    0    0    0     0          0         0    27995     368    0    0    0     0       0          0
1777826445.830386645 enP1p1s0: 30730098542 227982307    0    0    0     0          0        93 30728907390 227967041    0   17    0     0       0          0
1777826445.830386645   eth0:       0       0    0    0    0     0          0         0        0       0    0    0    0     0       0          0
1777826445.830386645  wlan0:  320693    3039    0    0    0     0          0        18   351191    2865    0    0    0     0       0          0
1777826446.841409094     lo:   27995     368    0    0    0     0          0         0    27995     368    0    0    0     0       0          0
1777826446.841409094 enP1p1s0: 30759012206 228352995    0    0    0     0          0        93 30757819884 228337714    0   17    0     0       0          0
1777826446.841409094   eth0:       0       0    0    0    0     0          0         0        0       0    0    0    0     0       0          0
1777826446.841409094  wlan0:  320693    3039    0    0    0     0          0        18   351191    2865    0    0    0     0       0          0
1777826447.852369302     lo:   27995     368    0    0    0     0          0         0    27995     368    0    0    0     0       0          0
1777826447.852369302 enP1p1s0: 30787731494 228721191    0    0    0     0          0        93 30786540420 228705926    0   17    0     0       0          0
1777826447.852369302   eth0:       0       0    0    0    0     0          0         0        0       0    0    0    0     0       0          0
1777826447.852369302  wlan0:  320693    3039    0    0    0     0          0        18   351191    2865    0    0    0     0       0          0
1777826448.863598808     lo:   27995     368    0    0    0     0          0         0    27995     368    0    0    0     0       0          0
1777826448.863598808 enP1p1s0: 30816501014 229090031    0    0    0     0          0        93 30815308692 229074750    0   17    0     0       0          0
1777826448.863598808   eth0:       0       0    0    0    0     0          0         0        0       0    0    0    0     0       0          0
1777826448.863598808  wlan0:  320693    3039    0    0    0     0          0        18   351191    2865    0    0    0     0       0          0
1777826449.874701091     lo:   27995     368    0    0    0     0          0         0    27995     368    0    0    0     0       0          0
1777826449.874701091 enP1p1s0: 30845303606 229459295    0    0    0     0          0        93 30844112220 229444026    0   17    0     0       0          0
1777826449.874701091   eth0:       0       0    0    0    0     0          0         0        0       0    0    0    0     0       0          0
1777826449.874701091  wlan0:  320693    3039    0    0    0     0          0        18   351191    2865    0    0    0     0       0          0
1777826450.885394407     lo:   27995     368    0    0    0     0          0         0    27995     368    0    0    0     0       0          0
1777826450.885394407 enP1p1s0: 30873835382 229825087    0    0    0     0          0        93 30872644230 229809821    0   17    0     0       0          0
1777826450.885394407   eth0:       0       0    0    0    0     0          0         0        0       0    0    0    0     0       0          0
1777826450.885394407  wlan0:  320773    3041    0    0    0     0          0        18   351383    2867    0    0    0     0       0          0
1777826451.896464820     lo:   27995     368    0    0    0     0          0         0    27995     368    0    0    0     0       0          0
1777826451.896464820 enP1p1s0: 30901951574 230185551    0    0    0     0          0        93 30900760344 230170284    0   17    0     0       0          0
1777826451.896464820   eth0:       0       0    0    0    0     0          0         0        0       0    0    0    0     0       0          0
1777826451.896464820  wlan0:  320773    3041    0    0    0     0          0        18   351383    2867    0    0    0     0       0          0
1777826452.907424472     lo:   27995     368    0    0    0     0          0         0    27995     368    0    0    0     0       0          0
1777826452.907424472 enP1p1s0: 30929963246 230544675    0    0    0     0          0        93 30928772094 230529409    0   17    0     0       0          0
1777826452.907424472   eth0:       0       0    0    0    0     0          0         0        0       0    0    0    0     0       0          0
1777826452.907424472  wlan0:  320773    3041    0    0    0     0          0        18   351383    2867    0    0    0     0       0          0
1777826453.918374513     lo:   27995     368    0    0    0     0          0         0    27995     368    0    0    0     0       0          0
1777826453.918374513 enP1p1s0: 30957825938 230901889    0    0    0     0          0        93 30956634084 230886614    0   17    0     0       0          0
1777826453.918374513   eth0:       0       0    0    0    0     0          0         0        0       0    0    0    0     0       0          0
1777826453.918374513  wlan0:  320809    3042    0    0    0     0          0        19   351383    2867    0    0    0     0       0          0
1777826454.929264090     lo:   27995     368    0    0    0     0          0         0    27995     368    0    0    0     0       0          0
1777826454.929264090 enP1p1s0: 30985773494 231260191    0    0    0     0          0        93 30984582264 231244924    0   17    0     0       0          0
1777826454.929264090   eth0:       0       0    0    0    0     0          0         0        0       0    0    0    0     0       0          0
1777826454.929264090  wlan0:  320809    3042    0    0    0     0          0        19   351383    2867    0    0    0     0       0          0
1777826455.940144908     lo:   27995     368    0    0    0     0          0         0    27995     368    0    0    0     0       0          0
1777826455.940144908 enP1p1s0: 31013822882 231619799    0    0    0     0          0        93 31012631496 231604530    0   17    0     0       0          0
1777826455.940144908   eth0:       0       0    0    0    0     0          0         0        0       0    0    0    0     0       0          0
1777826455.940144908  wlan0:  321077    3044    0    0    0     0          0        19   351763    2869    0    0    0     0       0          0
1777826456.951771510     lo:   27995     368    0    0    0     0          0         0    27995     368    0    0    0     0       0          0
1777826456.951771510 enP1p1s0: 31042664786 231989567    0    0    0     0          0        93 31041473400 231974298    0   17    0     0       0          0
1777826456.951771510   eth0:       0       0    0    0    0     0          0         0        0       0    0    0    0     0       0          0
1777826456.951771510  wlan0:  321077    3044    0    0    0     0          0        19   351763    2869    0    0    0     0       0          0
1777826457.964349231     lo:   27995     368    0    0    0     0          0         0    27995     368    0    0    0     0       0          0
1777826457.964349231 enP1p1s0: 31071639914 232361043    0    0    0     0          0        93 31070448216 232345770    0   17    0     0       0          0
1777826457.964349231   eth0:       0       0    0    0    0     0          0         0        0       0    0    0    0     0       0          0
1777826457.964349231  wlan0:  321077    3044    0    0    0     0          0        19   351763    2869    0    0    0     0       0          0
1777826458.976550596     lo:   27995     368    0    0    0     0          0         0    27995     368    0    0    0     0       0          0
1777826458.976550596 enP1p1s0: 31100523938 232731351    0    0    0     0          0        93 31099332006 232716075    0   17    0     0       0          0
1777826458.976550596   eth0:       0       0    0    0    0     0          0         0        0       0    0    0    0     0       0          0
1777826458.976550596  wlan0:  321077    3044    0    0    0     0          0        19   351763    2869    0    0    0     0       0          0
1777826459.989102150     lo:   27995     368    0    0    0     0          0         0    27995     368    0    0    0     0       0          0
1777826459.989102150 enP1p1s0: 31129389866 233101427    0    0    0     0          0        93 31128198480 233086158    0   17    0     0       0          0
1777826459.989102150   eth0:       0       0    0    0    0     0          0         0        0       0    0    0    0     0       0          0
1777826459.989102150  wlan0:  321077    3044    0    0    0     0          0        19   351763    2869    0    0    0     0       0          0
1777826461.001417572     lo:   27995     368    0    0    0     0          0         0    27995     368    0    0    0     0       0          0
1777826461.001417572 enP1p1s0: 31158360626 233472847    0    0    0     0          0        93 31157168850 233457573    0   17    0     0       0          0
1777826461.001417572   eth0:       0       0    0    0    0     0          0         0        0       0    0    0    0     0       0          0
1777826461.001417572  wlan0:  321129    3045    0    0    0     0          0        19   351913    2870    0    0    0     0       0          0
1777826462.012553929     lo:   27995     368    0    0    0     0          0         0    27995     368    0    0    0     0       0          0
1777826462.012553929 enP1p1s0: 31187170160 233842200    0    0    0     0          0        93 31185978228 233826924    0   17    0     0       0          0
1777826462.012553929   eth0:       0       0    0    0    0     0          0         0        0       0    0    0    0     0       0          0
1777826462.012553929  wlan0:  321129    3045    0    0    0     0          0        19   351913    2870    0    0    0     0       0          0
1777826463.023473636     lo:   27995     368    0    0    0     0          0         0    27995     368    0    0    0     0       0          0
1777826463.023473636 enP1p1s0: 31215959258 234211291    0    0    0     0          0        93 31214767248 234196014    0   17    0     0       0          0
1777826463.023473636   eth0:       0       0    0    0    0     0          0         0        0       0    0    0    0     0       0          0
1777826463.023473636  wlan0:  321129    3045    0    0    0     0          0        19   351913    2870    0    0    0     0       0          0
1777826464.034407974     lo:   27995     368    0    0    0     0          0         0    27995     368    0    0    0     0       0          0
1777826464.034407974 enP1p1s0: 31244950610 234582975    0    0    0     0          0        93 31243758834 234567701    0   17    0     0       0          0
1777826464.034407974   eth0:       0       0    0    0    0     0          0         0        0       0    0    0    0     0       0          0
1777826464.034407974  wlan0:  321129    3045    0    0    0     0          0        19   351913    2870    0    0    0     0       0          0
1777826465.045333366     lo:   27995     368    0    0    0     0          0         0    27995     368    0    0    0     0       0          0
1777826465.045333366 enP1p1s0: 31273916456 234954332    0    0    0     0          0        93 31272725304 234939066    0   17    0     0       0          0
1777826465.045333366   eth0:       0       0    0    0    0     0          0         0        0       0    0    0    0     0       0          0
1777826465.045333366  wlan0:  321129    3045    0    0    0     0          0        19   352063    2871    0    0    0     0       0          0
1777826466.056334056     lo:   27995     368    0    0    0     0          0         0    27995     368    0    0    0     0       0          0
1777826466.056334056 enP1p1s0: 31302810386 235324767    0    0    0     0          0        93 31301619000 235309498    0   17    0     0       0          0
1777826466.056334056   eth0:       0       0    0    0    0     0          0         0        0       0    0    0    0     0       0          0
1777826466.056334056  wlan0:  321181    3046    0    0    0     0          0        19   352063    2871    0    0    0     0       0          0
1777826467.067390153     lo:   27995     368    0    0    0     0          0         0    27995     368    0    0    0     0       0          0
1777826467.067390153 enP1p1s0: 31331640122 235694379    0    0    0     0          0        93 31330448034 235679101    0   17    0     0       0          0
1777826467.067390153   eth0:       0       0    0    0    0     0          0         0        0       0    0    0    0     0       0          0
1777826467.067390153  wlan0:  321181    3046    0    0    0     0          0        19   352063    2871    0    0    0     0       0          0
1777826468.078449361     lo:   27995     368    0    0    0     0          0         0    27995     368    0    0    0     0       0          0
1777826468.078449361 enP1p1s0: 31360783418 236068011    0    0    0     0          0        93 31359590784 236052726    0   17    0     0       0          0
1777826468.078449361   eth0:       0       0    0    0    0     0          0         0        0       0    0    0    0     0       0          0
1777826468.078449361  wlan0:  321181    3046    0    0    0     0          0        19   352063    2871    0    0    0     0       0          0
1777826469.089566718     lo:   27995     368    0    0    0     0          0         0    27995     368    0    0    0     0       0          0
1777826469.089566718 enP1p1s0: 31389880226 236441047    0    0    0     0          0        93 31388688216 236425770    0   17    0     0       0          0
1777826469.089566718   eth0:       0       0    0    0    0     0          0         0        0       0    0    0    0     0       0          0
1777826469.089566718  wlan0:  321181    3046    0    0    0     0          0        19   352063    2871    0    0    0     0       0          0
1777826470.100984652     lo:   27995     368    0    0    0     0          0         0    27995     368    0    0    0     0       0          0
1777826470.100984652 enP1p1s0: 31418807930 236811915    0    0    0     0          0        93 31417615296 236796630    0   17    0     0       0          0
1777826470.100984652   eth0:       0       0    0    0    0     0          0         0        0       0    0    0    0     0       0          0
1777826470.100984652  wlan0:  321389    3049    0    0    0     0          0        19   352213    2872    0    0    0     0       0          0
1777826471.112127213     lo:   27995     368    0    0    0     0          0         0    27995     368    0    0    0     0       0          0
1777826471.112127213 enP1p1s0: 31447747490 237182935    0    0    0     0          0        93 31446554856 237167650    0   17    0     0       0          0
1777826471.112127213   eth0:       0       0    0    0    0     0          0         0        0       0    0    0    0     0       0          0
1777826471.112127213  wlan0:  321467    3050    0    0    0     0          0        19   352213    2872    0    0    0     0       0          0
1777826472.124072391     lo:   27995     368    0    0    0     0          0         0    27995     368    0    0    0     0       0          0
1777826472.124072391 enP1p1s0: 31476160394 237547203    0    0    0     0          0        93 31474968696 237531930    0   17    0     0       0          0
1777826472.124072391   eth0:       0       0    0    0    0     0          0         0        0       0    0    0    0     0       0          0
1777826472.124072391  wlan0:  321949    3053    0    0    0     0          0        19   352213    2872    0    0    0     0       0          0
1777826473.135824679     lo:   27995     368    0    0    0     0          0         0    27995     368    0    0    0     0       0          0
1777826473.135824679 enP1p1s0: 31505149250 237918855    0    0    0     0          0        93 31503955368 237903554    0   17    0     0       0          0
1777826473.135824679   eth0:       0       0    0    0    0     0          0         0        0       0    0    0    0     0       0          0
1777826473.135824679  wlan0:  322157    3056    0    0    0     0          0        19   352213    2872    0    0    0     0       0          0
1777826474.146852702     lo:   27995     368    0    0    0     0          0         0    27995     368    0    0    0     0       0          0
1777826474.146852702 enP1p1s0: 31532923022 238274929    0    0    0     0          0        93 31531730856 238259650    0   17    0     0       0          0
1777826474.146852702   eth0:       0       0    0    0    0     0          0         0        0       0    0    0    0     0       0          0
1777826474.146852702  wlan0:  322389    3059    0    0    0     0          0        19   352213    2872    0    0    0     0       0          0
1777826475.158069394     lo:   27995     368    0    0    0     0          0         0    27995     368    0    0    0     0       0          0
1777826475.158069394 enP1p1s0: 31561053098 238635571    0    0    0     0          0        93 31559860776 238620290    0   17    0     0       0          0
1777826475.158069394   eth0:       0       0    0    0    0     0          0         0        0       0    0    0    0     0       0          0
1777826475.158069394  wlan0:  322519    3061    0    0    0     0          0        19   352363    2873    0    0    0     0       0          0
1777826476.169096213     lo:   27995     368    0    0    0     0          0         0    27995     368    0    0    0     0       0          0
1777826476.169096213 enP1p1s0: 31588956818 238993311    0    0    0     0          0        93 31587764340 238978028    0   17    0     0       0          0
1777826476.169096213   eth0:       0       0    0    0    0     0          0         0        0       0    0    0    0     0       0          0
1777826476.169096213  wlan0:  322519    3061    0    0    0     0          0        19   352363    2873    0    0    0     0       0          0
1777826477.180048050     lo:   27995     368    0    0    0     0          0         0    27995     368    0    0    0     0       0          0
1777826477.180048050 enP1p1s0: 31616501036 239346442    0    0    0     0          0        93 31615309104 239331166    0   17    0     0       0          0
1777826477.180048050   eth0:       0       0    0    0    0     0          0         0        0       0    0    0    0     0       0          0
1777826477.180048050  wlan0:  322575    3062    0    0    0     0          0        19   352363    2873    0    0    0     0       0          0
1777826478.191153148     lo:   27995     368    0    0    0     0          0         0    27995     368    0    0    0     0       0          0
1777826478.191153148 enP1p1s0: 31644059762 239699759    0    0    0     0          0        93 31642867440 239684478    0   17    0     0       0          0
1777826478.191153148   eth0:       0       0    0    0    0     0          0         0        0       0    0    0    0     0       0          0
1777826478.191153148  wlan0:  322575    3062    0    0    0     0          0        19   352363    2873    0    0    0     0       0          0
1777826479.202189152     lo:   27995     368    0    0    0     0          0         0    27995     368    0    0    0     0       0          0
1777826479.202189152 enP1p1s0: 31671686816 240053952    0    0    0     0          0        93 31670494728 240038674    0   17    0     0       0          0
1777826479.202189152   eth0:       0       0    0    0    0     0          0         0        0       0    0    0    0     0       0          0
1777826479.202189152  wlan0:  322575    3062    0    0    0     0          0        19   352363    2873    0    0    0     0       0          0
1777826480.212676893     lo:   27995     368    0    0    0     0          0         0    27995     368    0    0    0     0       0          0
1777826480.212676893 enP1p1s0: 31699197650 240406655    0    0    0     0          0        93 31698005328 240391374    0   17    0     0       0          0
1777826480.212676893   eth0:       0       0    0    0    0     0          0         0        0       0    0    0    0     0       0          0
1777826480.212676893  wlan0:  322627    3063    0    0    0     0          0        19   352513    2874    0    0    0     0       0          0
1777826481.224913593     lo:   27995     368    0    0    0     0          0         0    27995     368    0    0    0     0       0          0
1777826481.224913593 enP1p1s0: 31726924820 240762132    0    0    0     0          0        93 31725733512 240746864    0   17    0     0       0          0
1777826481.224913593   eth0:       0       0    0    0    0     0          0         0        0       0    0    0    0     0       0          0
1777826481.224913593  wlan0:  322627    3063    0    0    0     0          0        19   352513    2874    0    0    0     0       0          0
1777826482.240745376     lo:   27995     368    0    0    0     0          0         0    27995     368    0    0    0     0       0          0
1777826482.240745376 enP1p1s0: 31754447510 241114987    0    0    0     0          0        93 31753249884 241099638    0   17    0     0       0          0
1777826482.240745376   eth0:       0       0    0    0    0     0          0         0        0       0    0    0    0     0       0          0
1777826482.240745376  wlan0:  322627    3063    0    0    0     0          0        19   352513    2874    0    0    0     0       0          0
1777826483.255115573     lo:   27995     368    0    0    0     0          0         0    27995     368    0    0    0     0       0          0
1777826483.255115573 enP1p1s0: 31782464174 241474175    0    0    0     0          0        93 31781272476 241458902    0   17    0     0       0          0
1777826483.255115573   eth0:       0       0    0    0    0     0          0         0        0       0    0    0    0     0       0          0
1777826483.255115573  wlan0:  322627    3063    0    0    0     0          0        19   352513    2874    0    0    0     0       0          0
1777826484.267073530     lo:   27995     368    0    0    0     0          0         0    27995     368    0    0    0     0       0          0
1777826484.267073530 enP1p1s0: 31808170478 241803743    0    0    0     0          0        93 31806978780 241788470    0   17    0     0       0          0
1777826484.267073530   eth0:       0       0    0    0    0     0          0         0        0       0    0    0    0     0       0          0
1777826484.267073530  wlan0:  322627    3063    0    0    0     0          0        19   352513    2874    0    0    0     0       0          0
1777826485.278201868     lo:   27995     368    0    0    0     0          0         0    27995     368    0    0    0     0       0          0
1777826485.278201868 enP1p1s0: 31835379686 242152579    0    0    0     0          0        93 31834188222 242137309    0   17    0     0       0          0
1777826485.278201868   eth0:       0       0    0    0    0     0          0         0        0       0    0    0    0     0       0          0
1777826485.278201868  wlan0:  322735    3065    0    0    0     0          0        19   352663    2875    0    0    0     0       0          0
1777826486.289980342     lo:   27995     368    0    0    0     0          0         0    27995     368    0    0    0     0       0          0
1777826486.289980342 enP1p1s0: 31864391942 242524531    0    0    0     0          0        93 31863199620 242509250    0   17    0     0       0          0
1777826486.289980342   eth0:       0       0    0    0    0     0          0         0        0       0    0    0    0     0       0          0
1777826486.289980342  wlan0:  322735    3065    0    0    0     0          0        19   352663    2875    0    0    0     0       0          0
1777826487.302547729     lo:   27995     368    0    0    0     0          0         0    27995     368    0    0    0     0       0          0
1777826487.302547729 enP1p1s0: 31893226670 242894207    0    0    0     0          0        93 31892034348 242878926    0   17    0     0       0          0
1777826487.302547729   eth0:       0       0    0    0    0     0          0         0        0       0    0    0    0     0       0          0
1777826487.302547729  wlan0:  322735    3065    0    0    0     0          0        19   352663    2875    0    0    0     0       0          0
1777826488.315414100     lo:   27995     368    0    0    0     0          0         0    27995     368    0    0    0     0       0          0
1777826488.315414100 enP1p1s0: 31922189630 243265527    0    0    0     0          0        93 31920997932 243250254    0   17    0     0       0          0
1777826488.315414100   eth0:       0       0    0    0    0     0          0         0        0       0    0    0    0     0       0          0
1777826488.315414100  wlan0:  322735    3065    0    0    0     0          0        19   352663    2875    0    0    0     0       0          0
1777826489.328261841     lo:   27995     368    0    0    0     0          0         0    27995     368    0    0    0     0       0          0
1777826489.328261841 enP1p1s0: 31951062422 243635691    0    0    0     0          0        93 31949870646 243620417    0   17    0     0       0          0
1777826489.328261841   eth0:       0       0    0    0    0     0          0         0        0       0    0    0    0     0       0          0
1777826489.328261841  wlan0:  322735    3065    0    0    0     0          0        19   352663    2875    0    0    0     0       0          0
1777826490.340402910     lo:   27995     368    0    0    0     0          0         0    27995     368    0    0    0     0       0          0
1777826490.340402910 enP1p1s0: 31979828198 244004483    0    0    0     0          0        93 31978636812 243989214    0   17    0     0       0          0
1777826490.340402910   eth0:       0       0    0    0    0     0          0         0        0       0    0    0    0     0       0          0
1777826490.340402910  wlan0:  322735    3065    0    0    0     0          0        19   352813    2876    0    0    0     0       0          0
1777826491.352940167     lo:   27995     368    0    0    0     0          0         0    27995     368    0    0    0     0       0          0
1777826491.352940167 enP1p1s0: 32008795214 244375855    0    0    0     0          0        93 32007602814 244360573    0   17    0     0       0          0
1777826491.352940167   eth0:       0       0    0    0    0     0          0         0        0       0    0    0    0     0       0          0
1777826491.352940167  wlan0:  322787    3066    0    0    0     0          0        19   352813    2876    0    0    0     0       0          0
1777826492.364921808     lo:   27995     368    0    0    0     0          0         0    27995     368    0    0    0     0       0          0
1777826492.364921808 enP1p1s0: 32037664652 244745976    0    0    0     0          0        93 32036473110 244730705    0   17    0     0       0          0
1777826492.364921808   eth0:       0       0    0    0    0     0          0         0        0       0    0    0    0     0       0          0
1777826492.364921808  wlan0:  322787    3066    0    0    0     0          0        19   352813    2876    0    0    0     0       0          0
1777826493.376582725     lo:   27995     368    0    0    0     0          0         0    27995     368    0    0    0     0       0          0
1777826493.376582725 enP1p1s0: 32066392910 245114287    0    0    0     0          0        93 32065200822 245099009    0   17    0     0       0          0
1777826493.376582725   eth0:       0       0    0    0    0     0          0         0        0       0    0    0    0     0       0          0
1777826493.376582725  wlan0:  322787    3066    0    0    0     0          0        19   352813    2876    0    0    0     0       0          0
1777826494.388545182     lo:   27995     368    0    0    0     0          0         0    27995     368    0    0    0     0       0          0
1777826494.388545182 enP1p1s0: 32095336526 245485359    0    0    0     0          0        93 32094144516 245470082    0   17    0     0       0          0
1777826494.388545182   eth0:       0       0    0    0    0     0          0         0        0       0    0    0    0     0       0          0
1777826494.388545182  wlan0:  322787    3066    0    0    0     0          0        19   352813    2876    0    0    0     0       0          0
1777826495.400977308     lo:   27995     368    0    0    0     0          0         0    27995     368    0    0    0     0       0          0
1777826495.400977308 enP1p1s0: 32124122582 245854411    0    0    0     0          0        93 32122929948 245839126    0   17    0     0       0          0
1777826495.400977308   eth0:       0       0    0    0    0     0          0         0        0       0    0    0    0     0       0          0
1777826495.400977308  wlan0:  322839    3067    0    0    0     0          0        19   352963    2877    0    0    0     0       0          0
1777826496.413881087     lo:   27995     368    0    0    0     0          0         0    27995     368    0    0    0     0       0          0
1777826496.413881087 enP1p1s0: 32152901618 246223373    0    0    0     0          0        93 32151710388 246208106    0   17    0     0       0          0
1777826496.413881087   eth0:       0       0    0    0    0     0          0         0        0       0    0    0    0     0       0          0
1777826496.413881087  wlan0:  322839    3067    0    0    0     0          0        19   352963    2877    0    0    0     0       0          0
1777826497.426004044     lo:   27995     368    0    0    0     0          0         0    27995     368    0    0    0     0       0          0
1777826497.426004044 enP1p1s0: 32182003340 246596472    0    0    0     0          0        93 32180810004 246581178    0   17    0     0       0          0
1777826497.426004044   eth0:       0       0    0    0    0     0          0         0        0       0    0    0    0     0       0          0
1777826497.426004044  wlan0:  322917    3068    0    0    0     0          0        19   352963    2877    0    0    0     0       0          0
