Linux 6.17.0-1011-raspi (raspberrypi) 	05/03/26 	_aarch64_	(4 CPU)

19:39:08     CPU    %usr   %nice    %sys %iowait    %irq   %soft  %steal  %guest  %gnice   %idle
19:39:09     all    3.01    0.00   23.81    0.00    0.00    0.00    0.00    0.00    0.00   73.18
19:39:09       0    1.00    0.00    2.00    0.00    0.00    0.00    0.00    0.00    0.00   97.00
19:39:09       1   10.00    0.00   90.00    0.00    0.00    0.00    0.00    0.00    0.00    0.00
19:39:09       2    0.00    0.00    1.02    0.00    0.00    0.00    0.00    0.00    0.00   98.98
19:39:09       3    0.99    0.00    1.98    0.00    0.00    0.00    0.00    0.00    0.00   97.03

19:39:09     CPU    %usr   %nice    %sys %iowait    %irq   %soft  %steal  %guest  %gnice   %idle
19:39:10     all    2.76    0.00   23.81    0.00    0.00    0.00    0.00    0.00    0.00   73.43
19:39:10       0    0.00    0.00    1.02    0.00    0.00    0.00    0.00    0.00    0.00   98.98
19:39:10       1    9.90    0.00   90.10    0.00    0.00    0.00    0.00    0.00    0.00    0.00
19:39:10       2    0.99    0.00    1.98    0.00    0.00    0.00    0.00    0.00    0.00   97.03
19:39:10       3    0.00    0.00    1.01    0.00    0.00    0.00    0.00    0.00    0.00   98.99

19:39:10     CPU    %usr   %nice    %sys %iowait    %irq   %soft  %steal  %guest  %gnice   %idle
19:39:11     all    3.75    0.00   23.25    2.00    0.00    0.00    0.00    0.00    0.00   71.00
19:39:11       0    0.99    0.00    1.98    0.00    0.00    0.00    0.00    0.00    0.00   97.03
19:39:11       1   12.12    0.00   87.88    0.00    0.00    0.00    0.00    0.00    0.00    0.00
19:39:11       2    1.00    0.00    2.00    0.00    0.00    0.00    0.00    0.00    0.00   97.00
19:39:11       3    1.00    0.00    2.00    8.00    0.00    0.00    0.00    0.00    0.00   89.00

19:39:11     CPU    %usr   %nice    %sys %iowait    %irq   %soft  %steal  %guest  %gnice   %idle
19:39:12     all    3.52    0.00   23.12    0.00    0.00    0.00    0.00    0.00    0.00   73.37
19:39:12       0    0.00    0.00    1.01    0.00    0.00    0.00    0.00    0.00    0.00   98.99
19:39:12       1   12.00    0.00   88.00    0.00    0.00    0.00    0.00    0.00    0.00    0.00
19:39:12       2    1.00    0.00    2.00    0.00    0.00    0.00    0.00    0.00    0.00   97.00
19:39:12       3    1.01    0.00    1.01    0.00    0.00    0.00    0.00    0.00    0.00   97.98

19:39:12     CPU    %usr   %nice    %sys %iowait    %irq   %soft  %steal  %guest  %gnice   %idle
19:39:13     all    3.73    0.00   23.13    0.00    0.00    0.00    0.00    0.00    0.00   73.13
19:39:13       0    1.00    0.00    1.00    0.00    0.00    0.00    0.00    0.00    0.00   98.00
19:39:13       1   11.88    0.00   88.12    0.00    0.00    0.00    0.00    0.00    0.00    0.00
19:39:13       2    1.00    0.00    1.00    0.00    0.00    0.00    0.00    0.00    0.00   98.00
19:39:13       3    0.99    0.00    1.98    0.00    0.00    0.00    0.00    0.00    0.00   97.03

19:39:13     CPU    %usr   %nice    %sys %iowait    %irq   %soft  %steal  %guest  %gnice   %idle
19:39:14     all    3.52    0.00   22.86    0.25    0.00    0.00    0.00    0.00    0.00   73.37
19:39:14       0    1.01    0.00    1.01    0.00    0.00    0.00    0.00    0.00    0.00   97.98
19:39:14       1   11.11    0.00   88.89    0.00    0.00    0.00    0.00    0.00    0.00    0.00
19:39:14       2    1.01    0.00    1.01    0.00    0.00    0.00    0.00    0.00    0.00   97.98
19:39:14       3    0.99    0.00    0.99    0.99    0.00    0.00    0.00    0.00    0.00   97.03

19:39:14     CPU    %usr   %nice    %sys %iowait    %irq   %soft  %steal  %guest  %gnice   %idle
19:39:15     all    3.47    0.00   23.57    0.00    0.00    0.00    0.00    0.00    0.00   72.95
19:39:15       0    0.99    0.00    1.98    0.00    0.00    0.00    0.00    0.00    0.00   97.03
19:39:15       1   11.88    0.00   88.12    0.00    0.00    0.00    0.00    0.00    0.00    0.00
19:39:15       2    0.99    0.00    1.98    0.00    0.00    0.00    0.00    0.00    0.00   97.03
19:39:15       3    0.00    0.00    2.00    0.00    0.00    0.00    0.00    0.00    0.00   98.00

19:39:15     CPU    %usr   %nice    %sys %iowait    %irq   %soft  %steal  %guest  %gnice   %idle
19:39:16     all    3.02    0.00   23.62    0.00    0.00    0.00    0.00    0.00    0.00   73.37
19:39:16       0    0.00    0.00    2.00    0.00    0.00    0.00    0.00    0.00    0.00   98.00
19:39:16       1   11.11    0.00   88.89    0.00    0.00    0.00    0.00    0.00    0.00    0.00
19:39:16       2    0.00    0.00    2.02    0.00    0.00    0.00    0.00    0.00    0.00   97.98
19:39:16       3    1.00    0.00    2.00    0.00    0.00    0.00    0.00    0.00    0.00   97.00

19:39:16     CPU    %usr   %nice    %sys %iowait    %irq   %soft  %steal  %guest  %gnice   %idle
19:39:17     all    3.74    0.00   23.19    0.00    0.00    0.00    0.00    0.00    0.00   73.07
19:39:17       0    1.00    0.00    1.00    0.00    0.00    0.00    0.00    0.00    0.00   98.00
19:39:17       1   11.88    0.00   88.12    0.00    0.00    0.00    0.00    0.00    0.00    0.00
19:39:17       2    1.00    0.00    2.00    0.00    0.00    0.00    0.00    0.00    0.00   97.00
19:39:17       3    1.00    0.00    1.00    0.00    0.00    0.00    0.00    0.00    0.00   98.00

19:39:17     CPU    %usr   %nice    %sys %iowait    %irq   %soft  %steal  %guest  %gnice   %idle
19:39:18     all    3.01    0.00   23.56    0.00    0.00    0.00    0.00    0.00    0.00   73.43
19:39:18       0    0.00    0.00    2.00    0.00    0.00    0.00    0.00    0.00    0.00   98.00
19:39:18       1   10.10    0.00   89.90    0.00    0.00    0.00    0.00    0.00    0.00    0.00
19:39:18       2    1.00    0.00    1.00    0.00    0.00    0.00    0.00    0.00    0.00   98.00
19:39:18       3    1.00    0.00    2.00    0.00    0.00    0.00    0.00    0.00    0.00   97.00

19:39:18     CPU    %usr   %nice    %sys %iowait    %irq   %soft  %steal  %guest  %gnice   %idle
19:39:19     all    3.49    0.00   23.19    0.25    0.00    0.00    0.00    0.00    0.00   73.07
19:39:19       0    1.00    0.00    1.00    0.00    0.00    0.00    0.00    0.00    0.00   98.00
19:39:19       1   11.88    0.00   88.12    0.00    0.00    0.00    0.00    0.00    0.00    0.00
19:39:19       2    0.00    0.00    1.98    0.99    0.00    0.00    0.00    0.00    0.00   97.03
19:39:19       3    1.01    0.00    1.01    0.00    0.00    0.00    0.00    0.00    0.00   97.98

19:39:19     CPU    %usr   %nice    %sys %iowait    %irq   %soft  %steal  %guest  %gnice   %idle
19:39:20     all    3.00    0.00   23.75    0.00    0.00    0.00    0.00    0.00    0.00   73.25
19:39:20       0    0.00    0.00    2.00    0.00    0.00    0.00    0.00    0.00    0.00   98.00
19:39:20       1   10.10    0.00   89.90    0.00    0.00    0.00    0.00    0.00    0.00    0.00
19:39:20       2    1.00    0.00    2.00    0.00    0.00    0.00    0.00    0.00    0.00   97.00
19:39:20       3    0.99    0.00    1.98    0.00    0.00    0.00    0.00    0.00    0.00   97.03

19:39:20     CPU    %usr   %nice    %sys %iowait    %irq   %soft  %steal  %guest  %gnice   %idle
19:39:21     all    3.25    0.00   23.50    0.00    0.00    0.00    0.00    0.00    0.00   73.25
19:39:21       0    0.99    0.00    1.98    0.00    0.00    0.00    0.00    0.00    0.00   97.03
19:39:21       1   10.89    0.00   89.11    0.00    0.00    0.00    0.00    0.00    0.00    0.00
19:39:21       2    1.01    0.00    1.01    0.00    0.00    0.00    0.00    0.00    0.00   97.98
19:39:21       3    0.00    0.00    1.01    0.00    0.00    0.00    0.00    0.00    0.00   98.99

19:39:21     CPU    %usr   %nice    %sys %iowait    %irq   %soft  %steal  %guest  %gnice   %idle
19:39:22     all    3.02    0.00   24.18    0.00    0.00    0.25    0.00    0.00    0.00   72.54
19:39:22       0    1.04    0.00    1.04    0.00    0.00    1.04    0.00    0.00    0.00   96.88
19:39:22       1    9.00    0.00   91.00    0.00    0.00    0.00    0.00    0.00    0.00    0.00
19:39:22       2    0.99    0.00    1.98    0.00    0.00    0.00    0.00    0.00    0.00   97.03
19:39:22       3    1.00    0.00    2.00    0.00    0.00    0.00    0.00    0.00    0.00   97.00

19:39:22     CPU    %usr   %nice    %sys %iowait    %irq   %soft  %steal  %guest  %gnice   %idle
19:39:23     all    2.86    0.00   24.68    0.00    0.00    1.04    0.00    0.00    0.00   71.43
19:39:23       0    0.00    0.00    2.33    0.00    0.00    3.49    0.00    0.00    0.00   94.19
19:39:23       1   10.00    0.00   89.00    0.00    0.00    1.00    0.00    0.00    0.00    0.00
19:39:23       2    1.01    0.00    2.02    0.00    0.00    0.00    0.00    0.00    0.00   96.97
19:39:23       3    0.00    0.00    2.00    0.00    0.00    0.00    0.00    0.00    0.00   98.00

19:39:23     CPU    %usr   %nice    %sys %iowait    %irq   %soft  %steal  %guest  %gnice   %idle
19:39:24     all    3.65    0.00   24.22    0.00    0.00    0.78    0.00    0.00    0.00   71.35
19:39:24       0    1.18    0.00    1.18    0.00    0.00    3.53    0.00    0.00    0.00   94.12
19:39:24       1   11.00    0.00   89.00    0.00    0.00    0.00    0.00    0.00    0.00    0.00
19:39:24       2    1.01    0.00    1.01    0.00    0.00    0.00    0.00    0.00    0.00   97.98
19:39:24       3    1.00    0.00    2.00    0.00    0.00    0.00    0.00    0.00    0.00   97.00

19:39:24     CPU    %usr   %nice    %sys %iowait    %irq   %soft  %steal  %guest  %gnice   %idle
19:39:25     all    4.37    0.00   23.91    0.00    0.00    1.03    0.00    0.00    0.00   70.69
19:39:25       0    1.14    0.00    2.27    0.00    0.00    4.55    0.00    0.00    0.00   92.05
19:39:25       1   13.00    0.00   87.00    0.00    0.00    0.00    0.00    0.00    0.00    0.00
19:39:25       2    1.98    0.00    1.98    0.00    0.00    0.00    0.00    0.00    0.00   96.04
19:39:25       3    1.00    0.00    2.00    0.00    0.00    0.00    0.00    0.00    0.00   97.00

19:39:25     CPU    %usr   %nice    %sys %iowait    %irq   %soft  %steal  %guest  %gnice   %idle
19:39:26     all    2.85    0.00   25.13    0.00    0.00    0.78    0.00    0.00    0.00   71.24
19:39:26       0    0.00    0.00    2.33    0.00    0.00    3.49    0.00    0.00    0.00   94.19
19:39:26       1   10.00    0.00   90.00    0.00    0.00    0.00    0.00    0.00    0.00    0.00
19:39:26       2    1.01    0.00    2.02    0.00    0.00    0.00    0.00    0.00    0.00   96.97
19:39:26       3    0.00    0.00    2.97    0.00    0.00    0.00    0.00    0.00    0.00   97.03

19:39:26     CPU    %usr   %nice    %sys %iowait    %irq   %soft  %steal  %guest  %gnice   %idle
19:39:27     all    3.36    0.00   24.55    0.00    0.00    1.03    0.00    0.00    0.00   71.06
19:39:27       0    1.15    0.00    1.15    0.00    0.00    4.60    0.00    0.00    0.00   93.10
19:39:27       1   10.00    0.00   90.00    0.00    0.00    0.00    0.00    0.00    0.00    0.00
19:39:27       2    1.00    0.00    2.00    0.00    0.00    0.00    0.00    0.00    0.00   97.00
19:39:27       3    1.00    0.00    2.00    0.00    0.00    0.00    0.00    0.00    0.00   97.00

19:39:27     CPU    %usr   %nice    %sys %iowait    %irq   %soft  %steal  %guest  %gnice   %idle
19:39:28     all    2.86    0.00   24.94    0.00    0.00    1.04    0.00    0.00    0.00   71.17
19:39:28       0    0.00    0.00    2.35    0.00    0.00    3.53    0.00    0.00    0.00   94.12
19:39:28       1    9.00    0.00   90.00    0.00    0.00    1.00    0.00    0.00    0.00    0.00
19:39:28       2    1.00    0.00    2.00    0.00    0.00    0.00    0.00    0.00    0.00   97.00
19:39:28       3    1.00    0.00    2.00    0.00    0.00    0.00    0.00    0.00    0.00   97.00

19:39:28     CPU    %usr   %nice    %sys %iowait    %irq   %soft  %steal  %guest  %gnice   %idle
19:39:29     all    3.63    0.00   24.61    0.00    0.00    0.78    0.00    0.00    0.00   70.98
19:39:29       0    1.15    0.00    2.30    0.00    0.00    3.45    0.00    0.00    0.00   93.10
19:39:29       1   11.00    0.00   89.00    0.00    0.00    0.00    0.00    0.00    0.00    0.00
19:39:29       2    1.01    0.00    2.02    0.00    0.00    0.00    0.00    0.00    0.00   96.97
19:39:29       3    1.00    0.00    2.00    0.00    0.00    0.00    0.00    0.00    0.00   97.00

19:39:29     CPU    %usr   %nice    %sys %iowait    %irq   %soft  %steal  %guest  %gnice   %idle
19:39:30     all    3.64    0.00   24.16    0.00    0.00    1.04    0.00    0.00    0.00   71.17
19:39:30       0    1.15    0.00    1.15    0.00    0.00    4.60    0.00    0.00    0.00   93.10
19:39:30       1   11.11    0.00   88.89    0.00    0.00    0.00    0.00    0.00    0.00    0.00
19:39:30       2    1.00    0.00    2.00    0.00    0.00    0.00    0.00    0.00    0.00   97.00
19:39:30       3    1.01    0.00    2.02    0.00    0.00    0.00    0.00    0.00    0.00   96.97

19:39:30     CPU    %usr   %nice    %sys %iowait    %irq   %soft  %steal  %guest  %gnice   %idle
19:39:31     all    3.36    0.00   24.55    0.00    0.00    0.78    0.00    0.00    0.00   71.32
19:39:31       0    1.15    0.00    2.30    0.00    0.00    3.45    0.00    0.00    0.00   93.10
19:39:31       1   10.00    0.00   90.00    0.00    0.00    0.00    0.00    0.00    0.00    0.00
19:39:31       2    1.00    0.00    2.00    0.00    0.00    0.00    0.00    0.00    0.00   97.00
19:39:31       3    1.00    0.00    1.00    0.00    0.00    0.00    0.00    0.00    0.00   98.00

19:39:31     CPU    %usr   %nice    %sys %iowait    %irq   %soft  %steal  %guest  %gnice   %idle
19:39:32     all    3.62    0.00   24.81    0.00    0.00    0.52    0.00    0.00    0.00   71.06
19:39:32       0    1.16    0.00    3.49    0.00    0.00    2.33    0.00    0.00    0.00   93.02
19:39:32       1   11.00    0.00   89.00    0.00    0.00    0.00    0.00    0.00    0.00    0.00
19:39:32       2    0.99    0.00    1.98    0.00    0.00    0.00    0.00    0.00    0.00   97.03
19:39:32       3    1.00    0.00    2.00    0.00    0.00    0.00    0.00    0.00    0.00   97.00

19:39:32     CPU    %usr   %nice    %sys %iowait    %irq   %soft  %steal  %guest  %gnice   %idle
19:39:33     all    3.38    0.00   24.68    0.00    0.00    0.78    0.00    0.00    0.00   71.17
19:39:33       0    0.00    0.00    1.19    0.00    0.00    3.57    0.00    0.00    0.00   95.24
19:39:33       1   11.00    0.00   89.00    0.00    0.00    0.00    0.00    0.00    0.00    0.00
19:39:33       2    1.00    0.00    2.00    0.00    0.00    0.00    0.00    0.00    0.00   97.00
19:39:33       3    0.99    0.00    2.97    0.00    0.00    0.00    0.00    0.00    0.00   96.04

19:39:33     CPU    %usr   %nice    %sys %iowait    %irq   %soft  %steal  %guest  %gnice   %idle
19:39:34     all    3.12    0.00   24.94    0.00    0.00    1.30    0.00    0.00    0.00   70.65
19:39:34       0    1.16    0.00    2.33    0.00    0.00    4.65    0.00    0.00    0.00   91.86
19:39:34       1    9.90    0.00   89.11    0.00    0.00    0.99    0.00    0.00    0.00    0.00
19:39:34       2    1.01    0.00    2.02    0.00    0.00    0.00    0.00    0.00    0.00   96.97
19:39:34       3    0.00    0.00    2.02    0.00    0.00    0.00    0.00    0.00    0.00   97.98

19:39:34     CPU    %usr   %nice    %sys %iowait    %irq   %soft  %steal  %guest  %gnice   %idle
19:39:35     all    3.36    0.00   24.55    0.00    0.00    1.29    0.00    0.00    0.00   70.80
19:39:35       0    1.14    0.00    2.27    0.00    0.00    5.68    0.00    0.00    0.00   90.91
19:39:35       1   10.00    0.00   90.00    0.00    0.00    0.00    0.00    0.00    0.00    0.00
19:39:35       2    1.01    0.00    1.01    0.00    0.00    0.00    0.00    0.00    0.00   97.98
19:39:35       3    1.00    0.00    2.00    0.00    0.00    0.00    0.00    0.00    0.00   97.00

19:39:35     CPU    %usr   %nice    %sys %iowait    %irq   %soft  %steal  %guest  %gnice   %idle
19:39:36     all    3.37    0.00   24.87    0.00    0.00    0.78    0.00    0.00    0.00   70.98
19:39:36       0    1.18    0.00    1.18    0.00    0.00    3.53    0.00    0.00    0.00   94.12
19:39:36       1    9.00    0.00   91.00    0.00    0.00    0.00    0.00    0.00    0.00    0.00
19:39:36       2    0.99    0.00    2.97    0.00    0.00    0.00    0.00    0.00    0.00   96.04
19:39:36       3    2.00    0.00    1.00    0.00    0.00    0.00    0.00    0.00    0.00   97.00

19:39:36     CPU    %usr   %nice    %sys %iowait    %irq   %soft  %steal  %guest  %gnice   %idle
19:39:37     all    3.38    0.00   24.42    0.00    0.00    0.78    0.00    0.00    0.00   71.43
19:39:37       0    1.15    0.00    2.30    0.00    0.00    3.45    0.00    0.00    0.00   93.10
19:39:37       1   11.11    0.00   88.89    0.00    0.00    0.00    0.00    0.00    0.00    0.00
19:39:37       2    0.00    0.00    2.02    0.00    0.00    0.00    0.00    0.00    0.00   97.98
19:39:37       3    1.00    0.00    2.00    0.00    0.00    0.00    0.00    0.00    0.00   97.00

19:39:37     CPU    %usr   %nice    %sys %iowait    %irq   %soft  %steal  %guest  %gnice   %idle
19:39:38     all    3.36    0.00   24.55    0.00    0.00    0.78    0.00    0.00    0.00   71.32
19:39:38       0    0.00    0.00    1.16    0.00    0.00    3.49    0.00    0.00    0.00   95.35
19:39:38       1   10.89    0.00   89.11    0.00    0.00    0.00    0.00    0.00    0.00    0.00
19:39:38       2    1.00    0.00    2.00    0.00    0.00    0.00    0.00    0.00    0.00   97.00
19:39:38       3    1.00    0.00    2.00    0.00    0.00    0.00    0.00    0.00    0.00   97.00

19:39:38     CPU    %usr   %nice    %sys %iowait    %irq   %soft  %steal  %guest  %gnice   %idle
19:39:39     all    3.63    0.00   24.35    0.26    0.00    0.78    0.00    0.00    0.00   70.98
19:39:39       0    1.16    0.00    1.16    0.00    0.00    3.49    0.00    0.00    0.00   94.19
19:39:39       1   11.00    0.00   89.00    0.00    0.00    0.00    0.00    0.00    0.00    0.00
19:39:39       2    0.99    0.00    1.98    0.99    0.00    0.00    0.00    0.00    0.00   96.04
19:39:39       3    1.01    0.00    2.02    0.00    0.00    0.00    0.00    0.00    0.00   96.97

19:39:39     CPU    %usr   %nice    %sys %iowait    %irq   %soft  %steal  %guest  %gnice   %idle
19:39:40     all    3.09    0.00   24.48    0.00    0.00    0.52    0.00    0.00    0.00   71.91
19:39:40       0    0.00    0.00    2.30    0.00    0.00    2.30    0.00    0.00    0.00   95.40
19:39:40       1   10.00    0.00   90.00    0.00    0.00    0.00    0.00    0.00    0.00    0.00
19:39:40       2    1.00    0.00    1.00    0.00    0.00    0.00    0.00    0.00    0.00   98.00
19:39:40       3    0.99    0.00    1.98    0.00    0.00    0.00    0.00    0.00    0.00   97.03

19:39:40     CPU    %usr   %nice    %sys %iowait    %irq   %soft  %steal  %guest  %gnice   %idle
19:39:41     all    2.58    0.00   24.03    0.00    0.00    1.03    0.00    0.00    0.00   72.35
19:39:41       0    0.00    0.00    1.15    0.00    0.00    3.45    0.00    0.00    0.00   95.40
19:39:41       1    9.00    0.00   90.00    0.00    0.00    1.00    0.00    0.00    0.00    0.00
19:39:41       2    0.00    0.00    1.00    0.00    0.00    0.00    0.00    0.00    0.00   99.00
19:39:41       3    1.00    0.00    1.00    0.00    0.00    0.00    0.00    0.00    0.00   98.00

19:39:41     CPU    %usr   %nice    %sys %iowait    %irq   %soft  %steal  %guest  %gnice   %idle
19:39:42     all    3.32    0.00   24.30    0.00    0.00    0.51    0.00    0.00    0.00   71.87
19:39:42       0    1.10    0.00    1.10    0.00    0.00    2.20    0.00    0.00    0.00   95.60
19:39:42       1   10.00    0.00   90.00    0.00    0.00    0.00    0.00    0.00    0.00    0.00
19:39:42       2    1.00    0.00    2.00    0.00    0.00    0.00    0.00    0.00    0.00   97.00
19:39:42       3    1.00    0.00    2.00    0.00    0.00    0.00    0.00    0.00    0.00   97.00

19:39:42     CPU    %usr   %nice    %sys %iowait    %irq   %soft  %steal  %guest  %gnice   %idle
19:39:43     all    2.84    0.00   24.48    0.00    0.00    0.77    0.00    0.00    0.00   71.91
19:39:43       0    1.11    0.00    2.22    0.00    0.00    3.33    0.00    0.00    0.00   93.33
19:39:43       1    9.09    0.00   90.91    0.00    0.00    0.00    0.00    0.00    0.00    0.00
19:39:43       2    0.00    0.00    2.00    0.00    0.00    0.00    0.00    0.00    0.00   98.00
19:39:43       3    1.01    0.00    1.01    0.00    0.00    0.00    0.00    0.00    0.00   97.98

19:39:43     CPU    %usr   %nice    %sys %iowait    %irq   %soft  %steal  %guest  %gnice   %idle
19:39:44     all    3.89    0.00   24.35    0.00    0.00    0.78    0.00    0.00    0.00   70.98
19:39:44       0    1.16    0.00    2.33    0.00    0.00    3.49    0.00    0.00    0.00   93.02
19:39:44       1   11.88    0.00   88.12    0.00    0.00    0.00    0.00    0.00    0.00    0.00
19:39:44       2    1.01    0.00    1.01    0.00    0.00    0.00    0.00    0.00    0.00   97.98
19:39:44       3    1.00    0.00    2.00    0.00    0.00    0.00    0.00    0.00    0.00   97.00

19:39:44     CPU    %usr   %nice    %sys %iowait    %irq   %soft  %steal  %guest  %gnice   %idle
19:39:45     all    3.10    0.00   25.06    0.00    0.00    1.29    0.00    0.00    0.00   70.54
19:39:45       0    1.16    0.00    2.33    0.00    0.00    4.65    0.00    0.00    0.00   91.86
19:39:45       1    9.00    0.00   90.00    0.00    0.00    1.00    0.00    0.00    0.00    0.00
19:39:45       2    0.99    0.00    2.97    0.00    0.00    0.00    0.00    0.00    0.00   96.04
19:39:45       3    1.00    0.00    2.00    0.00    0.00    0.00    0.00    0.00    0.00   97.00

19:39:45     CPU    %usr   %nice    %sys %iowait    %irq   %soft  %steal  %guest  %gnice   %idle
19:39:46     all    2.35    0.00   25.07    0.00    0.00    1.04    0.00    0.00    0.00   71.54
19:39:46       0    0.00    0.00    1.18    0.00    0.00    4.71    0.00    0.00    0.00   94.12
19:39:46       1    8.08    0.00   91.92    0.00    0.00    0.00    0.00    0.00    0.00    0.00
19:39:46       2    0.00    0.00    2.02    0.00    0.00    0.00    0.00    0.00    0.00   97.98
19:39:46       3    1.00    0.00    2.00    0.00    0.00    0.00    0.00    0.00    0.00   97.00

19:39:46     CPU    %usr   %nice    %sys %iowait    %irq   %soft  %steal  %guest  %gnice   %idle
19:39:47     all    3.60    0.00   24.68    0.00    0.00    1.03    0.00    0.00    0.00   70.69
19:39:47       0    1.14    0.00    2.27    0.00    0.00    4.55    0.00    0.00    0.00   92.05
19:39:47       1   10.89    0.00   89.11    0.00    0.00    0.00    0.00    0.00    0.00    0.00
19:39:47       2    1.00    0.00    2.00    0.00    0.00    0.00    0.00    0.00    0.00   97.00
19:39:47       3    1.00    0.00    2.00    0.00    0.00    0.00    0.00    0.00    0.00   97.00

19:39:47     CPU    %usr   %nice    %sys %iowait    %irq   %soft  %steal  %guest  %gnice   %idle
19:39:48     all    2.81    0.00   24.81    0.00    0.00    0.77    0.00    0.00    0.00   71.61
19:39:48       0    1.11    0.00    2.22    0.00    0.00    2.22    0.00    0.00    0.00   94.44
19:39:48       1    7.92    0.00   91.09    0.00    0.00    0.99    0.00    0.00    0.00    0.00
19:39:48       2    1.00    0.00    1.00    0.00    0.00    0.00    0.00    0.00    0.00   98.00
19:39:48       3    1.00    0.00    2.00    0.00    0.00    0.00    0.00    0.00    0.00   97.00

19:39:48     CPU    %usr   %nice    %sys %iowait    %irq   %soft  %steal  %guest  %gnice   %idle
19:39:49     all    3.33    0.00   24.10    0.26    0.00    0.51    0.00    0.00    0.00   71.79
19:39:49       0    0.00    0.00    2.17    1.09    0.00    2.17    0.00    0.00    0.00   94.57
19:39:49       1   11.11    0.00   88.89    0.00    0.00    0.00    0.00    0.00    0.00    0.00
19:39:49       2    1.01    0.00    2.02    0.00    0.00    0.00    0.00    0.00    0.00   96.97
19:39:49       3    1.00    0.00    2.00    0.00    0.00    0.00    0.00    0.00    0.00   97.00

19:39:49     CPU    %usr   %nice    %sys %iowait    %irq   %soft  %steal  %guest  %gnice   %idle
19:39:50     all    3.32    0.00   24.30    0.00    0.00    0.26    0.00    0.00    0.00   72.12
19:39:50       0    1.11    0.00    1.11    0.00    0.00    1.11    0.00    0.00    0.00   96.67
19:39:50       1   10.00    0.00   90.00    0.00    0.00    0.00    0.00    0.00    0.00    0.00
19:39:50       2    0.99    0.00    1.98    0.00    0.00    0.00    0.00    0.00    0.00   97.03
19:39:50       3    1.00    0.00    2.00    0.00    0.00    0.00    0.00    0.00    0.00   97.00

19:39:50     CPU    %usr   %nice    %sys %iowait    %irq   %soft  %steal  %guest  %gnice   %idle
19:39:51     all    3.06    0.00   24.49    0.00    0.00    0.77    0.00    0.00    0.00   71.68
19:39:51       0    1.09    0.00    2.17    0.00    0.00    2.17    0.00    0.00    0.00   94.57
19:39:51       1    9.00    0.00   90.00    0.00    0.00    1.00    0.00    0.00    0.00    0.00
19:39:51       2    1.00    0.00    2.00    0.00    0.00    0.00    0.00    0.00    0.00   97.00
19:39:51       3    1.00    0.00    2.00    0.00    0.00    0.00    0.00    0.00    0.00   97.00

19:39:51     CPU    %usr   %nice    %sys %iowait    %irq   %soft  %steal  %guest  %gnice   %idle
19:39:52     all    3.08    0.00   24.42    0.00    0.00    0.26    0.00    0.00    0.00   72.24
19:39:52       0    1.11    0.00    1.11    0.00    0.00    1.11    0.00    0.00    0.00   96.67
19:39:52       1    9.90    0.00   90.10    0.00    0.00    0.00    0.00    0.00    0.00    0.00
19:39:52       2    0.00    0.00    2.02    0.00    0.00    0.00    0.00    0.00    0.00   97.98
19:39:52       3    1.01    0.00    1.01    0.00    0.00    0.00    0.00    0.00    0.00   97.98

19:39:52     CPU    %usr   %nice    %sys %iowait    %irq   %soft  %steal  %guest  %gnice   %idle
19:39:53     all    2.57    0.00   24.68    0.00    0.00    0.26    0.00    0.00    0.00   72.49
19:39:53       0    1.10    0.00    2.20    0.00    0.00    1.10    0.00    0.00    0.00   95.60
19:39:53       1    8.08    0.00   91.92    0.00    0.00    0.00    0.00    0.00    0.00    0.00
19:39:53       2    0.00    0.00    1.01    0.00    0.00    0.00    0.00    0.00    0.00   98.99
19:39:53       3    1.00    0.00    2.00    0.00    0.00    0.00    0.00    0.00    0.00   97.00

19:39:53     CPU    %usr   %nice    %sys %iowait    %irq   %soft  %steal  %guest  %gnice   %idle
19:39:54     all    2.80    0.00   25.19    0.00    0.00    0.25    0.00    0.00    0.00   71.76
19:39:54       0    1.10    0.00    3.30    0.00    0.00    1.10    0.00    0.00    0.00   94.51
19:39:54       1    8.00    0.00   92.00    0.00    0.00    0.00    0.00    0.00    0.00    0.00
19:39:54       2    0.99    0.00    1.98    0.00    0.00    0.00    0.00    0.00    0.00   97.03
19:39:54       3    0.99    0.00    1.98    0.00    0.00    0.00    0.00    0.00    0.00   97.03

19:39:54     CPU    %usr   %nice    %sys %iowait    %irq   %soft  %steal  %guest  %gnice   %idle
19:39:55     all    3.38    0.00   24.42    0.00    0.00    1.04    0.00    0.00    0.00   71.17
19:39:55       0    1.16    0.00    2.33    0.00    0.00    3.49    0.00    0.00    0.00   93.02
19:39:55       1   10.00    0.00   89.00    0.00    0.00    1.00    0.00    0.00    0.00    0.00
19:39:55       2    1.01    0.00    1.01    0.00    0.00    0.00    0.00    0.00    0.00   97.98
19:39:55       3    1.00    0.00    2.00    0.00    0.00    0.00    0.00    0.00    0.00   97.00

19:39:55     CPU    %usr   %nice    %sys %iowait    %irq   %soft  %steal  %guest  %gnice   %idle
19:39:56     all    3.35    0.00   24.74    0.00    0.00    0.77    0.00    0.00    0.00   71.13
19:39:56       0    1.14    0.00    2.27    0.00    0.00    3.41    0.00    0.00    0.00   93.18
19:39:56       1   10.00    0.00   90.00    0.00    0.00    0.00    0.00    0.00    0.00    0.00
19:39:56       2    1.00    0.00    2.00    0.00    0.00    0.00    0.00    0.00    0.00   97.00
19:39:56       3    1.00    0.00    2.00    0.00    0.00    0.00    0.00    0.00    0.00   97.00

19:39:56     CPU    %usr   %nice    %sys %iowait    %irq   %soft  %steal  %guest  %gnice   %idle
19:39:57     all    3.12    0.00   24.74    0.00    0.00    0.52    0.00    0.00    0.00   71.61
19:39:57       0    1.18    0.00    1.18    0.00    0.00    2.35    0.00    0.00    0.00   95.29
19:39:57       1   10.00    0.00   90.00    0.00    0.00    0.00    0.00    0.00    0.00    0.00
19:39:57       2    1.00    0.00    2.00    0.00    0.00    0.00    0.00    0.00    0.00   97.00
19:39:57       3    0.00    0.00    2.02    0.00    0.00    0.00    0.00    0.00    0.00   97.98

19:39:57     CPU    %usr   %nice    %sys %iowait    %irq   %soft  %steal  %guest  %gnice   %idle
19:39:58     all    3.09    0.00   24.74    0.00    0.00    0.26    0.00    0.00    0.00   71.91
19:39:58       0    1.14    0.00    2.27    0.00    0.00    1.14    0.00    0.00    0.00   95.45
19:39:58       1    9.00    0.00   91.00    0.00    0.00    0.00    0.00    0.00    0.00    0.00
19:39:58       2    0.00    0.00    1.01    0.00    0.00    0.00    0.00    0.00    0.00   98.99
19:39:58       3    1.98    0.00    1.98    0.00    0.00    0.00    0.00    0.00    0.00   96.04

19:39:58     CPU    %usr   %nice    %sys %iowait    %irq   %soft  %steal  %guest  %gnice   %idle
19:39:59     all    3.35    0.00   24.48    0.26    0.00    1.03    0.00    0.00    0.00   70.88
19:39:59       0    1.15    0.00    2.30    0.00    0.00    3.45    0.00    0.00    0.00   93.10
19:39:59       1   10.00    0.00   89.00    0.00    0.00    1.00    0.00    0.00    0.00    0.00
19:39:59       2    0.99    0.00    1.98    0.99    0.00    0.00    0.00    0.00    0.00   96.04
19:39:59       3    1.00    0.00    2.00    0.00    0.00    0.00    0.00    0.00    0.00   97.00

19:39:59     CPU    %usr   %nice    %sys %iowait    %irq   %soft  %steal  %guest  %gnice   %idle
19:40:00     all    2.85    0.00   24.87    0.00    0.00    0.78    0.00    0.00    0.00   71.50
19:40:00       0    1.14    0.00    2.27    0.00    0.00    3.41    0.00    0.00    0.00   93.18
19:40:00       1    9.00    0.00   91.00    0.00    0.00    0.00    0.00    0.00    0.00    0.00
19:40:00       2    0.00    0.00    1.01    0.00    0.00    0.00    0.00    0.00    0.00   98.99
19:40:00       3    1.01    0.00    2.02    0.00    0.00    0.00    0.00    0.00    0.00   96.97

19:40:00     CPU    %usr   %nice    %sys %iowait    %irq   %soft  %steal  %guest  %gnice   %idle
19:40:01     all    3.57    0.00   23.98    0.00    0.00    0.77    0.00    0.00    0.00   71.68
19:40:01       0    1.10    0.00    2.20    0.00    0.00    2.20    0.00    0.00    0.00   94.51
19:40:01       1   10.89    0.00   88.12    0.00    0.00    0.99    0.00    0.00    0.00    0.00
19:40:01       2    1.00    0.00    1.00    0.00    0.00    0.00    0.00    0.00    0.00   98.00
19:40:01       3    1.00    0.00    2.00    0.00    0.00    0.00    0.00    0.00    0.00   97.00

19:40:01     CPU    %usr   %nice    %sys %iowait    %irq   %soft  %steal  %guest  %gnice   %idle
19:40:02     all    3.08    0.00   24.62    0.00    0.00    0.51    0.00    0.00    0.00   71.79
19:40:02       0    0.00    0.00    2.22    0.00    0.00    2.22    0.00    0.00    0.00   95.56
19:40:02       1   10.10    0.00   89.90    0.00    0.00    0.00    0.00    0.00    0.00    0.00
19:40:02       2    1.00    0.00    2.00    0.00    0.00    0.00    0.00    0.00    0.00   97.00
19:40:02       3    0.99    0.00    2.97    0.00    0.00    0.00    0.00    0.00    0.00   96.04

19:40:02     CPU    %usr   %nice    %sys %iowait    %irq   %soft  %steal  %guest  %gnice   %idle
19:40:03     all    3.61    0.00   24.74    0.00    0.00    0.52    0.00    0.00    0.00   71.13
19:40:03       0    1.15    0.00    2.30    0.00    0.00    2.30    0.00    0.00    0.00   94.25
19:40:03       1   11.00    0.00   89.00    0.00    0.00    0.00    0.00    0.00    0.00    0.00
19:40:03       2    0.98    0.00    2.94    0.00    0.00    0.00    0.00    0.00    0.00   96.08
19:40:03       3    1.01    0.00    2.02    0.00    0.00    0.00    0.00    0.00    0.00   96.97

19:40:03     CPU    %usr   %nice    %sys %iowait    %irq   %soft  %steal  %guest  %gnice   %idle
19:40:04     all    3.62    0.00   24.29    0.00    0.00    0.78    0.00    0.00    0.00   71.32
19:40:04       0    1.14    0.00    2.27    0.00    0.00    3.41    0.00    0.00    0.00   93.18
19:40:04       1   11.00    0.00   89.00    0.00    0.00    0.00    0.00    0.00    0.00    0.00
19:40:04       2    1.01    0.00    1.01    0.00    0.00    0.00    0.00    0.00    0.00   97.98
19:40:04       3    1.00    0.00    2.00    0.00    0.00    0.00    0.00    0.00    0.00   97.00

19:40:04     CPU    %usr   %nice    %sys %iowait    %irq   %soft  %steal  %guest  %gnice   %idle
19:40:05     all    3.89    0.00   24.09    0.00    0.00    0.78    0.00    0.00    0.00   71.24
19:40:05       0    1.16    0.00    1.16    0.00    0.00    3.49    0.00    0.00    0.00   94.19
19:40:05       1   12.00    0.00   88.00    0.00    0.00    0.00    0.00    0.00    0.00    0.00
19:40:05       2    1.00    0.00    2.00    0.00    0.00    0.00    0.00    0.00    0.00   97.00
19:40:05       3    1.00    0.00    2.00    0.00    0.00    0.00    0.00    0.00    0.00   97.00

19:40:05     CPU    %usr   %nice    %sys %iowait    %irq   %soft  %steal  %guest  %gnice   %idle
19:40:06     all    2.58    0.00   24.81    0.00    0.00    1.29    0.00    0.00    0.00   71.32
19:40:06       0    0.00    0.00    2.27    0.00    0.00    4.55    0.00    0.00    0.00   93.18
19:40:06       1    9.00    0.00   90.00    0.00    0.00    1.00    0.00    0.00    0.00    0.00
19:40:06       2    0.00    0.00    2.02    0.00    0.00    0.00    0.00    0.00    0.00   97.98
19:40:06       3    1.00    0.00    2.00    0.00    0.00    0.00    0.00    0.00    0.00   97.00

19:40:06     CPU    %usr   %nice    %sys %iowait    %irq   %soft  %steal  %guest  %gnice   %idle
19:40:07     all    3.34    0.00   24.94    0.00    0.00    0.77    0.00    0.00    0.00   70.95
19:40:07       0    1.15    0.00    1.15    0.00    0.00    3.45    0.00    0.00    0.00   94.25
19:40:07       1    9.90    0.00   90.10    0.00    0.00    0.00    0.00    0.00    0.00    0.00
19:40:07       2    0.99    0.00    2.97    0.00    0.00    0.00    0.00    0.00    0.00   96.04
19:40:07       3    1.00    0.00    2.00    0.00    0.00    0.00    0.00    0.00    0.00   97.00

19:40:07     CPU    %usr   %nice    %sys %iowait    %irq   %soft  %steal  %guest  %gnice   %idle
19:40:08     all    3.12    0.00   24.68    0.00    0.00    0.78    0.00    0.00    0.00   71.43
19:40:08       0    1.15    0.00    2.30    0.00    0.00    3.45    0.00    0.00    0.00   93.10
19:40:08       1    9.09    0.00   90.91    0.00    0.00    0.00    0.00    0.00    0.00    0.00
19:40:08       2    1.01    0.00    1.01    0.00    0.00    0.00    0.00    0.00    0.00   97.98
19:40:08       3    1.00    0.00    2.00    0.00    0.00    0.00    0.00    0.00    0.00   97.00

19:40:08     CPU    %usr   %nice    %sys %iowait    %irq   %soft  %steal  %guest  %gnice   %idle
19:40:09     all    3.35    0.00   24.74    0.00    0.00    0.77    0.00    0.00    0.00   71.13
19:40:09       0    1.14    0.00    2.27    0.00    0.00    3.41    0.00    0.00    0.00   93.18
19:40:09       1   10.00    0.00   90.00    0.00    0.00    0.00    0.00    0.00    0.00    0.00
19:40:09       2    1.00    0.00    2.00    0.00    0.00    0.00    0.00    0.00    0.00   97.00
19:40:09       3    1.00    0.00    2.00    0.00    0.00    0.00    0.00    0.00    0.00   97.00

19:40:09     CPU    %usr   %nice    %sys %iowait    %irq   %soft  %steal  %guest  %gnice   %idle
19:40:10     all    2.86    0.00   24.68    0.00    0.00    1.04    0.00    0.00    0.00   71.43
19:40:10       0    0.00    0.00    2.33    0.00    0.00    3.49    0.00    0.00    0.00   94.19
19:40:10       1   10.00    0.00   89.00    0.00    0.00    1.00    0.00    0.00    0.00    0.00
19:40:10       2    0.00    0.00    2.02    0.00    0.00    0.00    0.00    0.00    0.00   97.98
19:40:10       3    1.00    0.00    2.00    0.00    0.00    0.00    0.00    0.00    0.00   97.00

19:40:10     CPU    %usr   %nice    %sys %iowait    %irq   %soft  %steal  %guest  %gnice   %idle
19:40:11     all    3.86    0.00   23.65    0.26    0.00    0.51    0.00    0.00    0.00   71.72
19:40:11       0    1.15    0.00    1.15    0.00    0.00    2.30    0.00    0.00    0.00   95.40
19:40:11       1   12.00    0.00   88.00    0.00    0.00    0.00    0.00    0.00    0.00    0.00
19:40:11       2    0.99    0.00    0.99    0.99    0.00    0.00    0.00    0.00    0.00   97.03
19:40:11       3    0.99    0.00    1.98    0.00    0.00    0.00    0.00    0.00    0.00   97.03

19:40:11     CPU    %usr   %nice    %sys %iowait    %irq   %soft  %steal  %guest  %gnice   %idle
19:40:12     all    2.82    0.00   23.85    0.00    0.00    0.77    0.00    0.00    0.00   72.56
19:40:12       0    0.00    0.00    1.11    0.00    0.00    3.33    0.00    0.00    0.00   95.56
19:40:12       1   10.89    0.00   89.11    0.00    0.00    0.00    0.00    0.00    0.00    0.00
19:40:12       2    0.00    0.00    1.00    0.00    0.00    0.00    0.00    0.00    0.00   99.00
19:40:12       3    0.00    0.00    1.01    0.00    0.00    0.00    0.00    0.00    0.00   98.99

19:40:12     CPU    %usr   %nice    %sys %iowait    %irq   %soft  %steal  %guest  %gnice   %idle
19:40:13     all    3.08    0.00   24.36    0.00    0.00    0.51    0.00    0.00    0.00   72.05
19:40:13       0    1.09    0.00    2.17    0.00    0.00    2.17    0.00    0.00    0.00   94.57
19:40:13       1    9.09    0.00   90.91    0.00    0.00    0.00    0.00    0.00    0.00    0.00
19:40:13       2    1.00    0.00    2.00    0.00    0.00    0.00    0.00    0.00    0.00   97.00
19:40:13       3    1.01    0.00    1.01    0.00    0.00    0.00    0.00    0.00    0.00   97.98

19:40:13     CPU    %usr   %nice    %sys %iowait    %irq   %soft  %steal  %guest  %gnice   %idle
19:40:14     all    3.10    0.00   24.29    0.00    0.00    1.03    0.00    0.00    0.00   71.58
19:40:14       0    0.00    0.00    1.15    0.00    0.00    3.45    0.00    0.00    0.00   95.40
19:40:14       1   10.00    0.00   89.00    0.00    0.00    1.00    0.00    0.00    0.00    0.00
19:40:14       2    1.00    0.00    2.00    0.00    0.00    0.00    0.00    0.00    0.00   97.00
19:40:14       3    1.00    0.00    2.00    0.00    0.00    0.00    0.00    0.00    0.00   97.00

19:40:14     CPU    %usr   %nice    %sys %iowait    %irq   %soft  %steal  %guest  %gnice   %idle
19:40:15     all    3.39    0.00   24.48    0.00    0.00    0.78    0.00    0.00    0.00   71.35
19:40:15       0    0.00    0.00    2.38    0.00    0.00    3.57    0.00    0.00    0.00   94.05
19:40:15       1   12.00    0.00   88.00    0.00    0.00    0.00    0.00    0.00    0.00    0.00
19:40:15       2    0.00    0.00    1.01    0.00    0.00    0.00    0.00    0.00    0.00   98.99
19:40:15       3    0.99    0.00    2.97    0.00    0.00    0.00    0.00    0.00    0.00   96.04

19:40:15     CPU    %usr   %nice    %sys %iowait    %irq   %soft  %steal  %guest  %gnice   %idle
19:40:16     all    3.87    0.00   24.74    0.00    0.00    1.03    0.00    0.00    0.00   70.36
19:40:16       0    1.15    0.00    2.30    0.00    0.00    4.60    0.00    0.00    0.00   91.95
19:40:16       1   11.88    0.00   88.12    0.00    0.00    0.00    0.00    0.00    0.00    0.00
19:40:16       2    1.98    0.00    2.97    0.00    0.00    0.00    0.00    0.00    0.00   95.05
19:40:16       3    0.00    0.00    2.02    0.00    0.00    0.00    0.00    0.00    0.00   97.98

19:40:16     CPU    %usr   %nice    %sys %iowait    %irq   %soft  %steal  %guest  %gnice   %idle
19:40:17     all    3.65    0.00   23.96    0.00    0.00    1.04    0.00    0.00    0.00   71.35
19:40:17       0    1.16    0.00    1.16    0.00    0.00    4.65    0.00    0.00    0.00   93.02
19:40:17       1   11.11    0.00   88.89    0.00    0.00    0.00    0.00    0.00    0.00    0.00
19:40:17       2    1.01    0.00    1.01    0.00    0.00    0.00    0.00    0.00    0.00   97.98
19:40:17       3    1.00    0.00    2.00    0.00    0.00    0.00    0.00    0.00    0.00   97.00

19:40:17     CPU    %usr   %nice    %sys %iowait    %irq   %soft  %steal  %guest  %gnice   %idle
19:40:18     all    3.90    0.00   24.42    0.00    0.00    0.78    0.00    0.00    0.00   70.91
19:40:18       0    1.18    0.00    2.35    0.00    0.00    3.53    0.00    0.00    0.00   92.94
19:40:18       1   12.00    0.00   88.00    0.00    0.00    0.00    0.00    0.00    0.00    0.00
19:40:18       2    1.00    0.00    3.00    0.00    0.00    0.00    0.00    0.00    0.00   96.00
19:40:18       3    1.00    0.00    1.00    0.00    0.00    0.00    0.00    0.00    0.00   98.00

19:40:18     CPU    %usr   %nice    %sys %iowait    %irq   %soft  %steal  %guest  %gnice   %idle
19:40:19     all    3.88    0.00   24.29    0.00    0.00    1.29    0.00    0.00    0.00   70.54
19:40:19       0    1.16    0.00    2.33    0.00    0.00    4.65    0.00    0.00    0.00   91.86
19:40:19       1   11.88    0.00   87.13    0.00    0.00    0.99    0.00    0.00    0.00    0.00
19:40:19       2    0.99    0.00    1.98    0.00    0.00    0.00    0.00    0.00    0.00   97.03
19:40:19       3    1.01    0.00    2.02    0.00    0.00    0.00    0.00    0.00    0.00   96.97

19:40:19     CPU    %usr   %nice    %sys %iowait    %irq   %soft  %steal  %guest  %gnice   %idle
19:40:20     all    2.86    0.00   24.94    0.00    0.00    1.04    0.00    0.00    0.00   71.17
19:40:20       0    0.00    0.00    1.18    0.00    0.00    4.71    0.00    0.00    0.00   94.12
19:40:20       1    9.00    0.00   91.00    0.00    0.00    0.00    0.00    0.00    0.00    0.00
19:40:20       2    1.01    0.00    2.02    0.00    0.00    0.00    0.00    0.00    0.00   96.97
19:40:20       3    0.99    0.00    1.98    0.00    0.00    0.00    0.00    0.00    0.00   97.03

19:40:20     CPU    %usr   %nice    %sys %iowait    %irq   %soft  %steal  %guest  %gnice   %idle
19:40:21     all    3.63    0.00   24.35    0.00    0.00    1.30    0.00    0.00    0.00   70.73
19:40:21       0    1.15    0.00    2.30    0.00    0.00    5.75    0.00    0.00    0.00   90.80
19:40:21       1   11.11    0.00   88.89    0.00    0.00    0.00    0.00    0.00    0.00    0.00
19:40:21       2    1.00    0.00    2.00    0.00    0.00    0.00    0.00    0.00    0.00   97.00
19:40:21       3    1.00    0.00    2.00    0.00    0.00    0.00    0.00    0.00    0.00   97.00

19:40:21     CPU    %usr   %nice    %sys %iowait    %irq   %soft  %steal  %guest  %gnice   %idle
19:40:22     all    3.38    0.00   24.68    0.00    0.00    0.78    0.00    0.00    0.00   71.17
19:40:22       0    1.18    0.00    1.18    0.00    0.00    3.53    0.00    0.00    0.00   94.12
19:40:22       1   11.00    0.00   89.00    0.00    0.00    0.00    0.00    0.00    0.00    0.00
19:40:22       2    1.00    0.00    2.00    0.00    0.00    0.00    0.00    0.00    0.00   97.00
19:40:22       3    0.00    0.00    3.00    0.00    0.00    0.00    0.00    0.00    0.00   97.00

19:40:22     CPU    %usr   %nice    %sys %iowait    %irq   %soft  %steal  %guest  %gnice   %idle
19:40:23     all    3.38    0.00   25.19    0.00    0.00    1.30    0.00    0.00    0.00   70.13
19:40:23       0    1.16    0.00    2.33    0.00    0.00    5.81    0.00    0.00    0.00   90.70
19:40:23       1   10.00    0.00   90.00    0.00    0.00    0.00    0.00    0.00    0.00    0.00
19:40:23       2    1.00    0.00    3.00    0.00    0.00    0.00    0.00    0.00    0.00   96.00
19:40:23       3    1.01    0.00    2.02    0.00    0.00    0.00    0.00    0.00    0.00   96.97

19:40:23     CPU    %usr   %nice    %sys %iowait    %irq   %soft  %steal  %guest  %gnice   %idle
19:40:24     all    3.64    0.00   24.68    0.00    0.00    0.78    0.00    0.00    0.00   70.91
19:40:24       0    1.18    0.00    2.35    0.00    0.00    3.53    0.00    0.00    0.00   92.94
19:40:24       1   11.00    0.00   89.00    0.00    0.00    0.00    0.00    0.00    0.00    0.00
19:40:24       2    1.00    0.00    2.00    0.00    0.00    0.00    0.00    0.00    0.00   97.00
19:40:24       3    1.00    0.00    2.00    0.00    0.00    0.00    0.00    0.00    0.00   97.00

19:40:24     CPU    %usr   %nice    %sys %iowait    %irq   %soft  %steal  %guest  %gnice   %idle
19:40:25     all    3.39    0.00   24.74    0.00    0.00    0.78    0.00    0.00    0.00   71.09
19:40:25       0    1.18    0.00    1.18    0.00    0.00    3.53    0.00    0.00    0.00   94.12
19:40:25       1   10.00    0.00   90.00    0.00    0.00    0.00    0.00    0.00    0.00    0.00
19:40:25       2    1.01    0.00    2.02    0.00    0.00    0.00    0.00    0.00    0.00   96.97
19:40:25       3    1.00    0.00    2.00    0.00    0.00    0.00    0.00    0.00    0.00   97.00

19:40:25     CPU    %usr   %nice    %sys %iowait    %irq   %soft  %steal  %guest  %gnice   %idle
19:40:26     all    3.36    0.00   24.55    0.00    0.00    1.03    0.00    0.00    0.00   71.06
19:40:26       0    1.15    0.00    2.30    0.00    0.00    4.60    0.00    0.00    0.00   91.95
19:40:26       1   10.00    0.00   90.00    0.00    0.00    0.00    0.00    0.00    0.00    0.00
19:40:26       2    1.00    0.00    1.00    0.00    0.00    0.00    0.00    0.00    0.00   98.00
19:40:26       3    1.00    0.00    2.00    0.00    0.00    0.00    0.00    0.00    0.00   97.00

19:40:26     CPU    %usr   %nice    %sys %iowait    %irq   %soft  %steal  %guest  %gnice   %idle
19:40:27     all    3.63    0.00   24.61    0.00    0.00    1.04    0.00    0.00    0.00   70.73
19:40:27       0    1.16    0.00    1.16    0.00    0.00    4.65    0.00    0.00    0.00   93.02
19:40:27       1   11.00    0.00   89.00    0.00    0.00    0.00    0.00    0.00    0.00    0.00
19:40:27       2    1.00    0.00    3.00    0.00    0.00    0.00    0.00    0.00    0.00   96.00
19:40:27       3    1.00    0.00    2.00    0.00    0.00    0.00    0.00    0.00    0.00   97.00

19:40:27     CPU    %usr   %nice    %sys %iowait    %irq   %soft  %steal  %guest  %gnice   %idle
19:40:28     all    3.38    0.00   24.42    0.00    0.00    0.78    0.00    0.00    0.00   71.43
19:40:28       0    1.16    0.00    2.33    0.00    0.00    3.49    0.00    0.00    0.00   93.02
19:40:28       1   10.10    0.00   89.90    0.00    0.00    0.00    0.00    0.00    0.00    0.00
19:40:28       2    1.00    0.00    1.00    0.00    0.00    0.00    0.00    0.00    0.00   98.00
19:40:28       3    1.00    0.00    2.00    0.00    0.00    0.00    0.00    0.00    0.00   97.00

19:40:28     CPU    %usr   %nice    %sys %iowait    %irq   %soft  %steal  %guest  %gnice   %idle
19:40:29     all    3.12    0.00   25.00    0.00    0.00    1.04    0.00    0.00    0.00   70.83
19:40:29       0    0.00    0.00    2.38    0.00    0.00    3.57    0.00    0.00    0.00   94.05
19:40:29       1    9.80    0.00   89.22    0.00    0.00    0.98    0.00    0.00    0.00    0.00
19:40:29       2    1.01    0.00    2.02    0.00    0.00    0.00    0.00    0.00    0.00   96.97
19:40:29       3    1.01    0.00    1.01    0.00    0.00    0.00    0.00    0.00    0.00   97.98

19:40:29     CPU    %usr   %nice    %sys %iowait    %irq   %soft  %steal  %guest  %gnice   %idle
19:40:30     all    3.37    0.00   24.61    0.00    0.00    1.04    0.00    0.00    0.00   70.98
19:40:30       0    1.15    0.00    2.30    0.00    0.00    4.60    0.00    0.00    0.00   91.95
19:40:30       1   11.11    0.00   88.89    0.00    0.00    0.00    0.00    0.00    0.00    0.00
19:40:30       2    0.99    0.00    2.97    0.00    0.00    0.00    0.00    0.00    0.00   96.04
19:40:30       3    0.00    0.00    2.02    0.00    0.00    0.00    0.00    0.00    0.00   97.98

19:40:30     CPU    %usr   %nice    %sys %iowait    %irq   %soft  %steal  %guest  %gnice   %idle
19:40:31     all    3.88    0.00   24.55    0.00    0.00    0.78    0.00    0.00    0.00   70.80
19:40:31       0    1.18    0.00    1.18    0.00    0.00    3.53    0.00    0.00    0.00   94.12
19:40:31       1   10.89    0.00   89.11    0.00    0.00    0.00    0.00    0.00    0.00    0.00
19:40:31       2    1.00    0.00    2.00    0.00    0.00    0.00    0.00    0.00    0.00   97.00
19:40:31       3    1.98    0.00    1.98    0.00    0.00    0.00    0.00    0.00    0.00   96.04

19:40:31     CPU    %usr   %nice    %sys %iowait    %irq   %soft  %steal  %guest  %gnice   %idle
19:40:32     all    2.86    0.00   25.26    0.00    0.00    0.52    0.00    0.00    0.00   71.35
19:40:32       0    0.00    0.00    2.38    0.00    0.00    2.38    0.00    0.00    0.00   95.24
19:40:32       1    9.09    0.00   90.91    0.00    0.00    0.00    0.00    0.00    0.00    0.00
19:40:32       2    1.00    0.00    2.00    0.00    0.00    0.00    0.00    0.00    0.00   97.00
19:40:32       3    0.99    0.00    2.97    0.00    0.00    0.00    0.00    0.00    0.00   96.04

19:40:32     CPU    %usr   %nice    %sys %iowait    %irq   %soft  %steal  %guest  %gnice   %idle
19:40:33     all    3.89    0.00   24.61    0.00    0.00    0.78    0.00    0.00    0.00   70.73
19:40:33       0    1.16    0.00    2.33    0.00    0.00    3.49    0.00    0.00    0.00   93.02
19:40:33       1   11.00    0.00   89.00    0.00    0.00    0.00    0.00    0.00    0.00    0.00
19:40:33       2    2.00    0.00    2.00    0.00    0.00    0.00    0.00    0.00    0.00   96.00
19:40:33       3    1.00    0.00    2.00    0.00    0.00    0.00    0.00    0.00    0.00   97.00

19:40:33     CPU    %usr   %nice    %sys %iowait    %irq   %soft  %steal  %guest  %gnice   %idle
19:40:34     all    2.60    0.00   25.00    0.26    0.00    1.04    0.00    0.00    0.00   71.09
19:40:34       0    0.00    0.00    2.33    0.00    0.00    4.65    0.00    0.00    0.00   93.02
19:40:34       1    9.00    0.00   91.00    0.00    0.00    0.00    0.00    0.00    0.00    0.00
19:40:34       2    0.00    0.00    1.02    0.00    0.00    0.00    0.00    0.00    0.00   98.98
19:40:34       3    1.00    0.00    2.00    1.00    0.00    0.00    0.00    0.00    0.00   96.00

19:40:34     CPU    %usr   %nice    %sys %iowait    %irq   %soft  %steal  %guest  %gnice   %idle
19:40:35     all    3.36    0.00   24.81    0.00    0.00    0.78    0.00    0.00    0.00   71.06
19:40:35       0    0.00    0.00    2.35    0.00    0.00    3.53    0.00    0.00    0.00   94.12
19:40:35       1   10.00    0.00   90.00    0.00    0.00    0.00    0.00    0.00    0.00    0.00
19:40:35       2    1.96    0.00    1.96    0.00    0.00    0.00    0.00    0.00    0.00   96.08
19:40:35       3    1.00    0.00    2.00    0.00    0.00    0.00    0.00    0.00    0.00   97.00

19:40:35     CPU    %usr   %nice    %sys %iowait    %irq   %soft  %steal  %guest  %gnice   %idle
19:40:36     all    3.12    0.00   24.74    0.00    0.00    1.04    0.00    0.00    0.00   71.09
19:40:36       0    1.18    0.00    2.35    0.00    0.00    3.53    0.00    0.00    0.00   92.94
19:40:36       1   10.00    0.00   89.00    0.00    0.00    1.00    0.00    0.00    0.00    0.00
19:40:36       2    0.00    0.00    2.02    0.00    0.00    0.00    0.00    0.00    0.00   97.98
19:40:36       3    1.00    0.00    2.00    0.00    0.00    0.00    0.00    0.00    0.00   97.00

19:40:36     CPU    %usr   %nice    %sys %iowait    %irq   %soft  %steal  %guest  %gnice   %idle
19:40:37     all    3.87    0.00   24.74    0.00    0.00    0.77    0.00    0.00    0.00   70.62
19:40:37       0    1.18    0.00    2.35    0.00    0.00    3.53    0.00    0.00    0.00   92.94
19:40:37       1   11.00    0.00   89.00    0.00    0.00    0.00    0.00    0.00    0.00    0.00
19:40:37       2    0.98    0.00    2.94    0.00    0.00    0.00    0.00    0.00    0.00   96.08
19:40:37       3    1.98    0.00    1.98    0.00    0.00    0.00    0.00    0.00    0.00   96.04

19:40:37     CPU    %usr   %nice    %sys %iowait    %irq   %soft  %steal  %guest  %gnice   %idle
19:40:38     all    3.13    0.00   24.80    0.00    0.00    0.78    0.00    0.00    0.00   71.28
19:40:38       0    1.19    0.00    1.19    0.00    0.00    3.57    0.00    0.00    0.00   94.05
19:40:38       1   10.00    0.00   90.00    0.00    0.00    0.00    0.00    0.00    0.00    0.00
19:40:38       2    0.00    0.00    2.02    0.00    0.00    0.00    0.00    0.00    0.00   97.98
19:40:38       3    1.00    0.00    2.00    0.00    0.00    0.00    0.00    0.00    0.00   97.00

19:40:38     CPU    %usr   %nice    %sys %iowait    %irq   %soft  %steal  %guest  %gnice   %idle
19:40:39     all    3.13    0.00   24.54    0.00    0.00    0.52    0.00    0.00    0.00   71.80
19:40:39       0    0.00    0.00    2.35    0.00    0.00    2.35    0.00    0.00    0.00   95.29
19:40:39       1   10.00    0.00   90.00    0.00    0.00    0.00    0.00    0.00    0.00    0.00
19:40:39       2    1.01    0.00    1.01    0.00    0.00    0.00    0.00    0.00    0.00   97.98
19:40:39       3    1.01    0.00    1.01    0.00    0.00    0.00    0.00    0.00    0.00   97.98

19:40:39     CPU    %usr   %nice    %sys %iowait    %irq   %soft  %steal  %guest  %gnice   %idle
19:40:40     all    2.33    0.00   24.35    0.00    0.00    1.04    0.00    0.00    0.00   72.28
19:40:40       0    0.00    0.00    1.18    0.00    0.00    3.53    0.00    0.00    0.00   95.29
19:40:40       1    8.91    0.00   90.10    0.00    0.00    0.99    0.00    0.00    0.00    0.00
19:40:40       2    0.00    0.00    1.00    0.00    0.00    0.00    0.00    0.00    0.00   99.00
19:40:40       3    0.00    0.00    1.00    0.00    0.00    0.00    0.00    0.00    0.00   99.00

19:40:40     CPU    %usr   %nice    %sys %iowait    %irq   %soft  %steal  %guest  %gnice   %idle
19:40:41     all    3.64    0.00   24.42    0.00    0.00    0.78    0.00    0.00    0.00   71.17
19:40:41       0    1.18    0.00    1.18    0.00    0.00    3.53    0.00    0.00    0.00   94.12
19:40:41       1   11.00    0.00   89.00    0.00    0.00    0.00    0.00    0.00    0.00    0.00
19:40:41       2    1.00    0.00    2.00    0.00    0.00    0.00    0.00    0.00    0.00   97.00
19:40:41       3    1.00    0.00    2.00    0.00    0.00    0.00    0.00    0.00    0.00   97.00

19:40:41     CPU    %usr   %nice    %sys %iowait    %irq   %soft  %steal  %guest  %gnice   %idle
19:40:42     all    3.61    0.00   24.74    0.00    0.00    1.03    0.00    0.00    0.00   70.62
19:40:42       0    1.15    0.00    2.30    0.00    0.00    4.60    0.00    0.00    0.00   91.95
19:40:42       1   11.00    0.00   89.00    0.00    0.00    0.00    0.00    0.00    0.00    0.00
19:40:42       2    1.00    0.00    2.00    0.00    0.00    0.00    0.00    0.00    0.00   97.00
19:40:42       3    0.99    0.00    2.97    0.00    0.00    0.00    0.00    0.00    0.00   96.04

19:40:42     CPU    %usr   %nice    %sys %iowait    %irq   %soft  %steal  %guest  %gnice   %idle
19:40:43     all    3.65    0.00   23.96    0.00    0.00    1.04    0.00    0.00    0.00   71.35
19:40:43       0    1.18    0.00    1.18    0.00    0.00    4.71    0.00    0.00    0.00   92.94
19:40:43       1   11.11    0.00   88.89    0.00    0.00    0.00    0.00    0.00    0.00    0.00
19:40:43       2    1.00    0.00    1.00    0.00    0.00    0.00    0.00    0.00    0.00   98.00
19:40:43       3    1.00    0.00    2.00    0.00    0.00    0.00    0.00    0.00    0.00   97.00

19:40:43     CPU    %usr   %nice    %sys %iowait    %irq   %soft  %steal  %guest  %gnice   %idle
19:40:44     all    3.11    0.00   24.87    0.78    0.00    1.30    0.00    0.00    0.00   69.95
19:40:44       0    0.00    0.00    2.35    0.00    0.00    4.71    0.00    0.00    0.00   92.94
19:40:44       1    9.90    0.00   89.11    0.00    0.00    0.99    0.00    0.00    0.00    0.00
19:40:44       2    0.99    0.00    1.98    0.99    0.00    0.00    0.00    0.00    0.00   96.04
19:40:44       3    1.01    0.00    2.02    2.02    0.00    0.00    0.00    0.00    0.00   94.95

19:40:44     CPU    %usr   %nice    %sys %iowait    %irq   %soft  %steal  %guest  %gnice   %idle
19:40:45     all    3.11    0.00   24.87    0.00    0.00    1.04    0.00    0.00    0.00   70.98
19:40:45       0    1.15    0.00    2.30    0.00    0.00    4.60    0.00    0.00    0.00   91.95
19:40:45       1    9.09    0.00   90.91    0.00    0.00    0.00    0.00    0.00    0.00    0.00
19:40:45       2    1.00    0.00    2.00    0.00    0.00    0.00    0.00    0.00    0.00   97.00
19:40:45       3    1.00    0.00    2.00    0.00    0.00    0.00    0.00    0.00    0.00   97.00

19:40:45     CPU    %usr   %nice    %sys %iowait    %irq   %soft  %steal  %guest  %gnice   %idle
19:40:46     all    3.37    0.00   24.87    0.00    0.00    1.04    0.00    0.00    0.00   70.73
19:40:46       0    0.00    0.00    2.35    0.00    0.00    4.71    0.00    0.00    0.00   92.94
19:40:46       1   10.89    0.00   89.11    0.00    0.00    0.00    0.00    0.00    0.00    0.00
19:40:46       2    1.00    0.00    2.00    0.00    0.00    0.00    0.00    0.00    0.00   97.00
19:40:46       3    1.00    0.00    2.00    0.00    0.00    0.00    0.00    0.00    0.00   97.00

19:40:46     CPU    %usr   %nice    %sys %iowait    %irq   %soft  %steal  %guest  %gnice   %idle
19:40:47     all    4.15    0.00   24.09    0.00    0.00    0.78    0.00    0.00    0.00   70.98
19:40:47       0    2.33    0.00    1.16    0.00    0.00    3.49    0.00    0.00    0.00   93.02
19:40:47       1   12.00    0.00   88.00    0.00    0.00    0.00    0.00    0.00    0.00    0.00
19:40:47       2    1.00    0.00    2.00    0.00    0.00    0.00    0.00    0.00    0.00   97.00
19:40:47       3    1.00    0.00    2.00    0.00    0.00    0.00    0.00    0.00    0.00   97.00

19:40:47     CPU    %usr   %nice    %sys %iowait    %irq   %soft  %steal  %guest  %gnice   %idle
19:40:48     all    3.39    0.00   24.54    0.00    0.00    0.78    0.00    0.00    0.00   71.28
19:40:48       0    1.18    0.00    2.35    0.00    0.00    3.53    0.00    0.00    0.00   92.94
19:40:48       1   11.11    0.00   88.89    0.00    0.00    0.00    0.00    0.00    0.00    0.00
19:40:48       2    0.00    0.00    2.02    0.00    0.00    0.00    0.00    0.00    0.00   97.98
19:40:48       3    1.00    0.00    2.00    0.00    0.00    0.00    0.00    0.00    0.00   97.00

19:40:48     CPU    %usr   %nice    %sys %iowait    %irq   %soft  %steal  %guest  %gnice   %idle
19:40:49     all    3.38    0.00   24.68    0.26    0.00    0.78    0.00    0.00    0.00   70.91
19:40:49       0    1.16    0.00    2.33    1.16    0.00    3.49    0.00    0.00    0.00   91.86
19:40:49       1   10.00    0.00   90.00    0.00    0.00    0.00    0.00    0.00    0.00    0.00
19:40:49       2    1.00    0.00    2.00    0.00    0.00    0.00    0.00    0.00    0.00   97.00
19:40:49       3    1.01    0.00    1.01    0.00    0.00    0.00    0.00    0.00    0.00   97.98

19:40:49     CPU    %usr   %nice    %sys %iowait    %irq   %soft  %steal  %guest  %gnice   %idle
19:40:50     all    3.61    0.00   24.74    0.00    0.00    1.03    0.00    0.00    0.00   70.62
19:40:50       0    1.16    0.00    1.16    0.00    0.00    4.65    0.00    0.00    0.00   93.02
19:40:50       1   10.00    0.00   90.00    0.00    0.00    0.00    0.00    0.00    0.00    0.00
19:40:50       2    0.99    0.00    1.98    0.00    0.00    0.00    0.00    0.00    0.00   97.03
19:40:50       3    1.98    0.00    2.97    0.00    0.00    0.00    0.00    0.00    0.00   95.05

19:40:50     CPU    %usr   %nice    %sys %iowait    %irq   %soft  %steal  %guest  %gnice   %idle
19:40:51     all    3.64    0.00   24.16    0.00    0.00    1.04    0.00    0.00    0.00   71.17
19:40:51       0    1.18    0.00    2.35    0.00    0.00    3.53    0.00    0.00    0.00   92.94
19:40:51       1   10.89    0.00   88.12    0.00    0.00    0.99    0.00    0.00    0.00    0.00
19:40:51       2    1.01    0.00    1.01    0.00    0.00    0.00    0.00    0.00    0.00   97.98
19:40:51       3    1.00    0.00    1.00    0.00    0.00    0.00    0.00    0.00    0.00   98.00

19:40:51     CPU    %usr   %nice    %sys %iowait    %irq   %soft  %steal  %guest  %gnice   %idle
19:40:52     all    2.85    0.00   25.13    0.00    0.00    1.04    0.00    0.00    0.00   70.98
19:40:52       0    0.00    0.00    2.33    0.00    0.00    4.65    0.00    0.00    0.00   93.02
19:40:52       1   10.00    0.00   90.00    0.00    0.00    0.00    0.00    0.00    0.00    0.00
19:40:52       2    0.99    0.00    2.97    0.00    0.00    0.00    0.00    0.00    0.00   96.04
19:40:52       3    0.00    0.00    2.02    0.00    0.00    0.00    0.00    0.00    0.00   97.98

19:40:52     CPU    %usr   %nice    %sys %iowait    %irq   %soft  %steal  %guest  %gnice   %idle
19:40:53     all    3.09    0.00   25.26    0.00    0.00    1.03    0.00    0.00    0.00   70.62
19:40:53       0    2.27    0.00    2.27    0.00    0.00    4.55    0.00    0.00    0.00   90.91
19:40:53       1    8.08    0.00   91.92    0.00    0.00    0.00    0.00    0.00    0.00    0.00
19:40:53       2    1.00    0.00    2.00    0.00    0.00    0.00    0.00    0.00    0.00   97.00
19:40:53       3    0.99    0.00    2.97    0.00    0.00    0.00    0.00    0.00    0.00   96.04

19:40:53     CPU    %usr   %nice    %sys %iowait    %irq   %soft  %steal  %guest  %gnice   %idle
19:40:54     all    2.61    0.00   25.07    0.00    0.00    0.78    0.00    0.00    0.00   71.54
19:40:54       0    0.00    0.00    2.35    0.00    0.00    3.53    0.00    0.00    0.00   94.12
19:40:54       1   10.00    0.00   90.00    0.00    0.00    0.00    0.00    0.00    0.00    0.00
19:40:54       2    0.00    0.00    2.02    0.00    0.00    0.00    0.00    0.00    0.00   97.98
19:40:54       3    0.00    0.00    2.02    0.00    0.00    0.00    0.00    0.00    0.00   97.98

19:40:54     CPU    %usr   %nice    %sys %iowait    %irq   %soft  %steal  %guest  %gnice   %idle
19:40:55     all    3.36    0.00   24.81    0.00    0.00    1.03    0.00    0.00    0.00   70.80
19:40:55       0    1.15    0.00    2.30    0.00    0.00    4.60    0.00    0.00    0.00   91.95
19:40:55       1   10.00    0.00   90.00    0.00    0.00    0.00    0.00    0.00    0.00    0.00
19:40:55       2    1.00    0.00    2.00    0.00    0.00    0.00    0.00    0.00    0.00   97.00
19:40:55       3    1.00    0.00    2.00    0.00    0.00    0.00    0.00    0.00    0.00   97.00

19:40:55     CPU    %usr   %nice    %sys %iowait    %irq   %soft  %steal  %guest  %gnice   %idle
19:40:56     all    3.38    0.00   24.94    0.00    0.00    0.78    0.00    0.00    0.00   70.91
19:40:56       0    1.18    0.00    2.35    0.00    0.00    3.53    0.00    0.00    0.00   92.94
19:40:56       1   10.10    0.00   89.90    0.00    0.00    0.00    0.00    0.00    0.00    0.00
19:40:56       2    0.99    0.00    2.97    0.00    0.00    0.00    0.00    0.00    0.00   96.04
19:40:56       3    1.00    0.00    2.00    0.00    0.00    0.00    0.00    0.00    0.00   97.00

19:40:56     CPU    %usr   %nice    %sys %iowait    %irq   %soft  %steal  %guest  %gnice   %idle
19:40:57     all    4.15    0.00   24.09    0.00    0.00    0.78    0.00    0.00    0.00   70.98
19:40:57       0    1.18    0.00    2.35    0.00    0.00    2.35    0.00    0.00    0.00   94.12
19:40:57       1   12.75    0.00   86.27    0.00    0.00    0.98    0.00    0.00    0.00    0.00
19:40:57       2    1.01    0.00    2.02    0.00    0.00    0.00    0.00    0.00    0.00   96.97
19:40:57       3    1.00    0.00    1.00    0.00    0.00    0.00    0.00    0.00    0.00   98.00

19:40:57     CPU    %usr   %nice    %sys %iowait    %irq   %soft  %steal  %guest  %gnice   %idle
19:40:58     all    3.39    0.00   24.22    0.00    0.00    1.04    0.00    0.00    0.00   71.35
19:40:58       0    1.16    0.00    2.33    0.00    0.00    4.65    0.00    0.00    0.00   91.86
19:40:58       1   11.11    0.00   88.89    0.00    0.00    0.00    0.00    0.00    0.00    0.00
19:40:58       2    0.99    0.00    1.98    0.00    0.00    0.00    0.00    0.00    0.00   97.03
19:40:58       3    0.00    0.00    1.02    0.00    0.00    0.00    0.00    0.00    0.00   98.98

19:40:58     CPU    %usr   %nice    %sys %iowait    %irq   %soft  %steal  %guest  %gnice   %idle
19:40:59     all    3.90    0.00   24.16    0.00    0.00    1.04    0.00    0.00    0.00   70.91
19:40:59       0    0.00    0.00    2.35    0.00    0.00    4.71    0.00    0.00    0.00   92.94
19:40:59       1   13.00    0.00   87.00    0.00    0.00    0.00    0.00    0.00    0.00    0.00
19:40:59       2    1.01    0.00    2.02    0.00    0.00    0.00    0.00    0.00    0.00   96.97
19:40:59       3    0.99    0.00    1.98    0.00    0.00    0.00    0.00    0.00    0.00   97.03

19:40:59     CPU    %usr   %nice    %sys %iowait    %irq   %soft  %steal  %guest  %gnice   %idle
19:41:00     all    3.62    0.00   25.06    0.00    0.00    0.78    0.00    0.00    0.00   70.54
19:41:00       0    2.33    0.00    2.33    0.00    0.00    3.49    0.00    0.00    0.00   91.86
19:41:00       1   10.89    0.00   89.11    0.00    0.00    0.00    0.00    0.00    0.00    0.00
19:41:00       2    0.00    0.00    3.00    0.00    0.00    0.00    0.00    0.00    0.00   97.00
19:41:00       3    1.00    0.00    2.00    0.00    0.00    0.00    0.00    0.00    0.00   97.00

19:41:00     CPU    %usr   %nice    %sys %iowait    %irq   %soft  %steal  %guest  %gnice   %idle
19:41:01     all    4.16    0.00   23.90    0.00    0.00    1.04    0.00    0.00    0.00   70.91
19:41:01       0    1.16    0.00    2.33    0.00    0.00    4.65    0.00    0.00    0.00   91.86
19:41:01       1   13.13    0.00   86.87    0.00    0.00    0.00    0.00    0.00    0.00    0.00
19:41:01       2    1.00    0.00    2.00    0.00    0.00    0.00    0.00    0.00    0.00   97.00
19:41:01       3    1.00    0.00    2.00    0.00    0.00    0.00    0.00    0.00    0.00   97.00

19:41:01     CPU    %usr   %nice    %sys %iowait    %irq   %soft  %steal  %guest  %gnice   %idle
19:41:02     all    3.38    0.00   24.42    0.00    0.00    1.04    0.00    0.00    0.00   71.17
19:41:02       0    1.15    0.00    2.30    0.00    0.00    4.60    0.00    0.00    0.00   91.95
19:41:02       1   11.00    0.00   89.00    0.00    0.00    0.00    0.00    0.00    0.00    0.00
19:41:02       2    1.00    0.00    2.00    0.00    0.00    0.00    0.00    0.00    0.00   97.00
19:41:02       3    0.00    0.00    1.02    0.00    0.00    0.00    0.00    0.00    0.00   98.98

19:41:02     CPU    %usr   %nice    %sys %iowait    %irq   %soft  %steal  %guest  %gnice   %idle
19:41:03     all    3.10    0.00   25.32    0.00    0.00    1.03    0.00    0.00    0.00   70.54
19:41:03       0    0.00    0.00    2.38    0.00    0.00    3.57    0.00    0.00    0.00   94.05
19:41:03       1    9.90    0.00   89.11    0.00    0.00    0.99    0.00    0.00    0.00    0.00
19:41:03       2    0.99    0.00    2.97    0.00    0.00    0.00    0.00    0.00    0.00   96.04
19:41:03       3    0.99    0.00    2.97    0.00    0.00    0.00    0.00    0.00    0.00   96.04

19:41:03     CPU    %usr   %nice    %sys %iowait    %irq   %soft  %steal  %guest  %gnice   %idle
19:41:04     all    3.12    0.00   24.42    0.26    0.00    1.04    0.00    0.00    0.00   71.17
19:41:04       0    0.00    0.00    2.33    0.00    0.00    4.65    0.00    0.00    0.00   93.02
19:41:04       1   10.10    0.00   89.90    0.00    0.00    0.00    0.00    0.00    0.00    0.00
19:41:04       2    1.00    0.00    2.00    0.00    0.00    0.00    0.00    0.00    0.00   97.00
19:41:04       3    1.00    0.00    1.00    1.00    0.00    0.00    0.00    0.00    0.00   97.00

19:41:04     CPU    %usr   %nice    %sys %iowait    %irq   %soft  %steal  %guest  %gnice   %idle
19:41:05     all    3.61    0.00   24.23    0.00    0.00    1.29    0.00    0.00    0.00   70.88
19:41:05       0    1.15    0.00    1.15    0.00    0.00    5.75    0.00    0.00    0.00   91.95
19:41:05       1   11.00    0.00   89.00    0.00    0.00    0.00    0.00    0.00    0.00    0.00
19:41:05       2    1.00    0.00    2.00    0.00    0.00    0.00    0.00    0.00    0.00   97.00
19:41:05       3    0.99    0.00    1.98    0.00    0.00    0.00    0.00    0.00    0.00   97.03

19:41:05     CPU    %usr   %nice    %sys %iowait    %irq   %soft  %steal  %guest  %gnice   %idle
19:41:06     all    3.64    0.00   24.68    0.00    0.00    0.78    0.00    0.00    0.00   70.91
19:41:06       0    1.18    0.00    2.35    0.00    0.00    3.53    0.00    0.00    0.00   92.94
19:41:06       1   11.00    0.00   89.00    0.00    0.00    0.00    0.00    0.00    0.00    0.00
19:41:06       2    1.98    0.00    1.98    0.00    0.00    0.00    0.00    0.00    0.00   96.04
19:41:06       3    0.00    0.00    2.02    0.00    0.00    0.00    0.00    0.00    0.00   97.98

19:41:06     CPU    %usr   %nice    %sys %iowait    %irq   %soft  %steal  %guest  %gnice   %idle
19:41:07     all    3.10    0.00   25.06    0.00    0.00    1.03    0.00    0.00    0.00   70.80
19:41:07       0    0.00    0.00    2.33    0.00    0.00    4.65    0.00    0.00    0.00   93.02
19:41:07       1   10.89    0.00   89.11    0.00    0.00    0.00    0.00    0.00    0.00    0.00
19:41:07       2    0.00    0.00    3.00    0.00    0.00    0.00    0.00    0.00    0.00   97.00
19:41:07       3    1.00    0.00    2.00    0.00    0.00    0.00    0.00    0.00    0.00   97.00

19:41:07     CPU    %usr   %nice    %sys %iowait    %irq   %soft  %steal  %guest  %gnice   %idle
19:41:08     all    3.12    0.00   23.70    0.00    0.00    0.78    0.00    0.00    0.00   72.40
19:41:08       0    0.00    0.00    0.00    0.00    0.00    3.57    0.00    0.00    0.00   96.43
19:41:08       1   10.00    0.00   90.00    0.00    0.00    0.00    0.00    0.00    0.00    0.00
19:41:08       2    1.00    0.00    0.00    0.00    0.00    0.00    0.00    0.00    0.00   99.00
19:41:08       3    1.00    0.00    1.00    0.00    0.00    0.00    0.00    0.00    0.00   98.00

19:41:08     CPU    %usr   %nice    %sys %iowait    %irq   %soft  %steal  %guest  %gnice   %idle
19:41:09     all    2.86    0.00   25.00    0.00    0.00    0.78    0.00    0.00    0.00   71.35
19:41:09       0    1.16    0.00    2.33    0.00    0.00    3.49    0.00    0.00    0.00   93.02
19:41:09       1    9.09    0.00   90.91    0.00    0.00    0.00    0.00    0.00    0.00    0.00
19:41:09       2    1.00    0.00    2.00    0.00    0.00    0.00    0.00    0.00    0.00   97.00
19:41:09       3    0.00    0.00    2.02    0.00    0.00    0.00    0.00    0.00    0.00   97.98

19:41:09     CPU    %usr   %nice    %sys %iowait    %irq   %soft  %steal  %guest  %gnice   %idle
19:41:10     all    3.36    0.00   24.55    0.00    0.00    1.29    0.00    0.00    0.00   70.80
19:41:10       0    1.16    0.00    1.16    0.00    0.00    4.65    0.00    0.00    0.00   93.02
19:41:10       1    9.90    0.00   89.11    0.00    0.00    0.99    0.00    0.00    0.00    0.00
19:41:10       2    1.00    0.00    2.00    0.00    0.00    0.00    0.00    0.00    0.00   97.00
19:41:10       3    1.00    0.00    2.00    0.00    0.00    0.00    0.00    0.00    0.00   97.00

19:41:10     CPU    %usr   %nice    %sys %iowait    %irq   %soft  %steal  %guest  %gnice   %idle
19:41:11     all    3.89    0.00   24.35    0.00    0.00    0.78    0.00    0.00    0.00   70.98
19:41:11       0    1.16    0.00    2.33    0.00    0.00    3.49    0.00    0.00    0.00   93.02
19:41:11       1   11.00    0.00   89.00    0.00    0.00    0.00    0.00    0.00    0.00    0.00
19:41:11       2    1.01    0.00    1.01    0.00    0.00    0.00    0.00    0.00    0.00   97.98
19:41:11       3    1.98    0.00    1.98    0.00    0.00    0.00    0.00    0.00    0.00   96.04

19:41:11     CPU    %usr   %nice    %sys %iowait    %irq   %soft  %steal  %guest  %gnice   %idle
19:41:12     all    3.13    0.00   24.80    0.00    0.00    0.52    0.00    0.00    0.00   71.54
19:41:12       0    1.19    0.00    2.38    0.00    0.00    2.38    0.00    0.00    0.00   94.05
19:41:12       1    9.09    0.00   90.91    0.00    0.00    0.00    0.00    0.00    0.00    0.00
19:41:12       2    1.00    0.00    1.00    0.00    0.00    0.00    0.00    0.00    0.00   98.00
19:41:12       3    1.00    0.00    2.00    0.00    0.00    0.00    0.00    0.00    0.00   97.00

19:41:12     CPU    %usr   %nice    %sys %iowait    %irq   %soft  %steal  %guest  %gnice   %idle
19:41:13     all    3.38    0.00   24.94    0.00    0.00    0.78    0.00    0.00    0.00   70.91
19:41:13       0    1.16    0.00    2.33    0.00    0.00    3.49    0.00    0.00    0.00   93.02
19:41:13       1   10.89    0.00   89.11    0.00    0.00    0.00    0.00    0.00    0.00    0.00
19:41:13       2    1.01    0.00    2.02    0.00    0.00    0.00    0.00    0.00    0.00   96.97
19:41:13       3    0.00    0.00    2.02    0.00    0.00    0.00    0.00    0.00    0.00   97.98

19:41:13     CPU    %usr   %nice    %sys %iowait    %irq   %soft  %steal  %guest  %gnice   %idle
19:41:14     all    3.62    0.00   24.29    0.00    0.00    1.03    0.00    0.00    0.00   71.06
19:41:14       0    1.16    0.00    1.16    0.00    0.00    4.65    0.00    0.00    0.00   93.02
19:41:14       1   11.00    0.00   89.00    0.00    0.00    0.00    0.00    0.00    0.00    0.00
19:41:14       2    0.99    0.00    1.98    0.00    0.00    0.00    0.00    0.00    0.00   97.03
19:41:14       3    1.00    0.00    2.00    0.00    0.00    0.00    0.00    0.00    0.00   97.00

19:41:14     CPU    %usr   %nice    %sys %iowait    %irq   %soft  %steal  %guest  %gnice   %idle
19:41:15     all    3.65    0.00   24.22    0.00    0.00    1.04    0.00    0.00    0.00   71.09
19:41:15       0    1.15    0.00    2.30    0.00    0.00    4.60    0.00    0.00    0.00   91.95
19:41:15       1   11.11    0.00   88.89    0.00    0.00    0.00    0.00    0.00    0.00    0.00
19:41:15       2    1.01    0.00    2.02    0.00    0.00    0.00    0.00    0.00    0.00   96.97
19:41:15       3    1.01    0.00    1.01    0.00    0.00    0.00    0.00    0.00    0.00   97.98

19:41:15     CPU    %usr   %nice    %sys %iowait    %irq   %soft  %steal  %guest  %gnice   %idle
19:41:16     all    3.63    0.00   24.35    0.00    0.00    0.78    0.00    0.00    0.00   71.24
19:41:16       0    1.16    0.00    2.33    0.00    0.00    3.49    0.00    0.00    0.00   93.02
19:41:16       1   11.00    0.00   89.00    0.00    0.00    0.00    0.00    0.00    0.00    0.00
19:41:16       2    1.00    0.00    1.00    0.00    0.00    0.00    0.00    0.00    0.00   98.00
19:41:16       3    1.00    0.00    2.00    0.00    0.00    0.00    0.00    0.00    0.00   97.00

19:41:16     CPU    %usr   %nice    %sys %iowait    %irq   %soft  %steal  %guest  %gnice   %idle
19:41:17     all    3.12    0.00   24.94    0.00    0.00    1.04    0.00    0.00    0.00   70.91
19:41:17       0    0.00    0.00    2.35    0.00    0.00    3.53    0.00    0.00    0.00   94.12
19:41:17       1    9.90    0.00   89.11    0.00    0.00    0.99    0.00    0.00    0.00    0.00
19:41:17       2    1.01    0.00    2.02    0.00    0.00    0.00    0.00    0.00    0.00   96.97
19:41:17       3    1.00    0.00    2.00    0.00    0.00    0.00    0.00    0.00    0.00   97.00

19:41:17     CPU    %usr   %nice    %sys %iowait    %irq   %soft  %steal  %guest  %gnice   %idle
19:41:18     all    3.11    0.00   24.87    0.00    0.00    0.78    0.00    0.00    0.00   71.24
19:41:18       0    1.16    0.00    2.33    0.00    0.00    3.49    0.00    0.00    0.00   93.02
19:41:18       1   11.00    0.00   89.00    0.00    0.00    0.00    0.00    0.00    0.00    0.00
19:41:18       2    0.00    0.00    2.97    0.00    0.00    0.00    0.00    0.00    0.00   97.03
19:41:18       3    0.00    0.00    2.02    0.00    0.00    0.00    0.00    0.00    0.00   97.98

19:41:18     CPU    %usr   %nice    %sys %iowait    %irq   %soft  %steal  %guest  %gnice   %idle
19:41:19     all    3.11    0.00   24.87    0.00    0.00    1.04    0.00    0.00    0.00   70.98
19:41:19       0    1.15    0.00    2.30    0.00    0.00    4.60    0.00    0.00    0.00   91.95
19:41:19       1    9.09    0.00   90.91    0.00    0.00    0.00    0.00    0.00    0.00    0.00
19:41:19       2    1.00    0.00    2.00    0.00    0.00    0.00    0.00    0.00    0.00   97.00
19:41:19       3    1.00    0.00    2.00    0.00    0.00    0.00    0.00    0.00    0.00   97.00

19:41:19     CPU    %usr   %nice    %sys %iowait    %irq   %soft  %steal  %guest  %gnice   %idle
19:41:20     all    4.40    0.00   24.09    0.00    0.00    0.52    0.00    0.00    0.00   70.98
19:41:20       0    1.18    0.00    2.35    0.00    0.00    2.35    0.00    0.00    0.00   94.12
19:41:20       1   12.87    0.00   87.13    0.00    0.00    0.00    0.00    0.00    0.00    0.00
19:41:20       2    1.01    0.00    1.01    0.00    0.00    0.00    0.00    0.00    0.00   97.98
19:41:20       3    1.98    0.00    1.98    0.00    0.00    0.00    0.00    0.00    0.00   96.04

19:41:20     CPU    %usr   %nice    %sys %iowait    %irq   %soft  %steal  %guest  %gnice   %idle
19:41:21     all    2.86    0.00   24.74    0.00    0.00    1.04    0.00    0.00    0.00   71.35
19:41:21       0    0.00    0.00    1.16    0.00    0.00    4.65    0.00    0.00    0.00   94.19
19:41:21       1   10.00    0.00   90.00    0.00    0.00    0.00    0.00    0.00    0.00    0.00
19:41:21       2    1.01    0.00    2.02    0.00    0.00    0.00    0.00    0.00    0.00   96.97
19:41:21       3    0.00    0.00    2.02    0.00    0.00    0.00    0.00    0.00    0.00   97.98

19:41:21     CPU    %usr   %nice    %sys %iowait    %irq   %soft  %steal  %guest  %gnice   %idle
19:41:22     all    3.89    0.00   24.61    0.00    0.00    0.78    0.00    0.00    0.00   70.73
19:41:22       0    2.30    0.00    3.45    0.00    0.00    3.45    0.00    0.00    0.00   90.80
19:41:22       1   11.11    0.00   88.89    0.00    0.00    0.00    0.00    0.00    0.00    0.00
19:41:22       2    1.00    0.00    2.00    0.00    0.00    0.00    0.00    0.00    0.00   97.00
19:41:22       3    1.00    0.00    2.00    0.00    0.00    0.00    0.00    0.00    0.00   97.00

19:41:22     CPU    %usr   %nice    %sys %iowait    %irq   %soft  %steal  %guest  %gnice   %idle
19:41:23     all    3.11    0.00   24.61    0.00    0.00    0.78    0.00    0.00    0.00   71.50
19:41:23       0    0.00    0.00    2.35    0.00    0.00    3.53    0.00    0.00    0.00   94.12
19:41:23       1   10.00    0.00   90.00    0.00    0.00    0.00    0.00    0.00    0.00    0.00
19:41:23       2    0.99    0.00    1.98    0.00    0.00    0.00    0.00    0.00    0.00   97.03
19:41:23       3    1.00    0.00    1.00    0.00    0.00    0.00    0.00    0.00    0.00   98.00

19:41:23     CPU    %usr   %nice    %sys %iowait    %irq   %soft  %steal  %guest  %gnice   %idle
19:41:24     all    3.63    0.00   24.09    0.00    0.00    0.78    0.00    0.00    0.00   71.50
19:41:24       0    1.16    0.00    1.16    0.00    0.00    2.33    0.00    0.00    0.00   95.35
19:41:24       1   11.88    0.00   87.13    0.00    0.00    0.99    0.00    0.00    0.00    0.00
19:41:24       2    1.00    0.00    2.00    0.00    0.00    0.00    0.00    0.00    0.00   97.00
19:41:24       3    0.00    0.00    2.02    0.00    0.00    0.00    0.00    0.00    0.00   97.98

19:41:24     CPU    %usr   %nice    %sys %iowait    %irq   %soft  %steal  %guest  %gnice   %idle
19:41:25     all    3.90    0.00   24.42    0.26    0.00    0.52    0.00    0.00    0.00   70.91
19:41:25       0    1.18    0.00    3.53    1.18    0.00    2.35    0.00    0.00    0.00   91.76
19:41:25       1   12.12    0.00   87.88    0.00    0.00    0.00    0.00    0.00    0.00    0.00
19:41:25       2    1.00    0.00    2.00    0.00    0.00    0.00    0.00    0.00    0.00   97.00
19:41:25       3    0.99    0.00    1.98    0.00    0.00    0.00    0.00    0.00    0.00   97.03

19:41:25     CPU    %usr   %nice    %sys %iowait    %irq   %soft  %steal  %guest  %gnice   %idle
19:41:26     all    3.12    0.00   25.00    0.00    0.00    0.78    0.00    0.00    0.00   71.09
19:41:26       0    1.19    0.00    1.19    0.00    0.00    3.57    0.00    0.00    0.00   94.05
19:41:26       1    9.00    0.00   91.00    0.00    0.00    0.00    0.00    0.00    0.00    0.00
19:41:26       2    1.00    0.00    2.00    0.00    0.00    0.00    0.00    0.00    0.00   97.00
19:41:26       3    1.00    0.00    2.00    0.00    0.00    0.00    0.00    0.00    0.00   97.00

19:41:26     CPU    %usr   %nice    %sys %iowait    %irq   %soft  %steal  %guest  %gnice   %idle
19:41:27     all    3.39    0.00   24.74    0.00    0.00    0.78    0.00    0.00    0.00   71.09
19:41:27       0    1.18    0.00    2.35    0.00    0.00    3.53    0.00    0.00    0.00   92.94
19:41:27       1   10.89    0.00   89.11    0.00    0.00    0.00    0.00    0.00    0.00    0.00
19:41:27       2    0.00    0.00    2.02    0.00    0.00    0.00    0.00    0.00    0.00   97.98
19:41:27       3    1.01    0.00    1.01    0.00    0.00    0.00    0.00    0.00    0.00   97.98

19:41:27     CPU    %usr   %nice    %sys %iowait    %irq   %soft  %steal  %guest  %gnice   %idle
19:41:28     all    3.62    0.00   24.55    0.00    0.00    0.78    0.00    0.00    0.00   71.06
19:41:28       0    1.15    0.00    3.45    0.00    0.00    3.45    0.00    0.00    0.00   91.95
19:41:28       1   11.11    0.00   88.89    0.00    0.00    0.00    0.00    0.00    0.00    0.00
19:41:28       2    1.00    0.00    2.00    0.00    0.00    0.00    0.00    0.00    0.00   97.00
19:41:28       3    0.99    0.00    1.98    0.00    0.00    0.00    0.00    0.00    0.00   97.03

19:41:28     CPU    %usr   %nice    %sys %iowait    %irq   %soft  %steal  %guest  %gnice   %idle
19:41:29     all    3.12    0.00   24.68    0.00    0.00    1.04    0.00    0.00    0.00   71.17
19:41:29       0    1.18    0.00    2.35    0.00    0.00    3.53    0.00    0.00    0.00   92.94
19:41:29       1    9.90    0.00   89.11    0.00    0.00    0.99    0.00    0.00    0.00    0.00
19:41:29       2    1.00    0.00    1.00    0.00    0.00    0.00    0.00    0.00    0.00   98.00
19:41:29       3    0.00    0.00    2.02    0.00    0.00    0.00    0.00    0.00    0.00   97.98

19:41:29     CPU    %usr   %nice    %sys %iowait    %irq   %soft  %steal  %guest  %gnice   %idle
19:41:30     all    3.89    0.00   24.61    0.00    0.00    0.78    0.00    0.00    0.00   70.73
19:41:30       0    2.33    0.00    2.33    0.00    0.00    3.49    0.00    0.00    0.00   91.86
19:41:30       1   11.00    0.00   89.00    0.00    0.00    0.00    0.00    0.00    0.00    0.00
19:41:30       2    0.00    0.00    2.00    0.00    0.00    0.00    0.00    0.00    0.00   98.00
19:41:30       3    2.00    0.00    2.00    0.00    0.00    0.00    0.00    0.00    0.00   96.00

19:41:30     CPU    %usr   %nice    %sys %iowait    %irq   %soft  %steal  %guest  %gnice   %idle
19:41:31     all    3.39    0.00   24.48    0.00    0.00    0.78    0.00    0.00    0.00   71.35
19:41:31       0    1.18    0.00    2.35    0.00    0.00    3.53    0.00    0.00    0.00   92.94
19:41:31       1   11.11    0.00   88.89    0.00    0.00    0.00    0.00    0.00    0.00    0.00
19:41:31       2    1.00    0.00    2.00    0.00    0.00    0.00    0.00    0.00    0.00   97.00
19:41:31       3    0.00    0.00    2.00    0.00    0.00    0.00    0.00    0.00    0.00   98.00

19:41:31     CPU    %usr   %nice    %sys %iowait    %irq   %soft  %steal  %guest  %gnice   %idle
19:41:32     all    3.12    0.00   25.00    0.00    0.00    0.78    0.00    0.00    0.00   71.09
19:41:32       0    0.00    0.00    2.38    0.00    0.00    3.57    0.00    0.00    0.00   94.05
19:41:32       1   10.00    0.00   90.00    0.00    0.00    0.00    0.00    0.00    0.00    0.00
19:41:32       2    1.00    0.00    2.00    0.00    0.00    0.00    0.00    0.00    0.00   97.00
19:41:32       3    1.00    0.00    2.00    0.00    0.00    0.00    0.00    0.00    0.00   97.00

19:41:32     CPU    %usr   %nice    %sys %iowait    %irq   %soft  %steal  %guest  %gnice   %idle
19:41:33     all    3.63    0.00   24.61    0.00    0.00    0.78    0.00    0.00    0.00   70.98
19:41:33       0    2.33    0.00    2.33    0.00    0.00    3.49    0.00    0.00    0.00   91.86
19:41:33       1   10.89    0.00   89.11    0.00    0.00    0.00    0.00    0.00    0.00    0.00
19:41:33       2    0.00    0.00    1.01    0.00    0.00    0.00    0.00    0.00    0.00   98.99
19:41:33       3    1.00    0.00    2.00    0.00    0.00    0.00    0.00    0.00    0.00   97.00

19:41:33     CPU    %usr   %nice    %sys %iowait    %irq   %soft  %steal  %guest  %gnice   %idle
19:41:34     all    3.39    0.00   24.54    0.00    0.00    0.78    0.00    0.00    0.00   71.28
19:41:34       0    0.00    0.00    2.38    0.00    0.00    3.57    0.00    0.00    0.00   94.05
19:41:34       1   11.11    0.00   88.89    0.00    0.00    0.00    0.00    0.00    0.00    0.00
19:41:34       2    1.00    0.00    2.00    0.00    0.00    0.00    0.00    0.00    0.00   97.00
19:41:34       3    1.00    0.00    2.00    0.00    0.00    0.00    0.00    0.00    0.00   97.00

19:41:34     CPU    %usr   %nice    %sys %iowait    %irq   %soft  %steal  %guest  %gnice   %idle
19:41:35     all    3.38    0.00   24.68    0.26    0.00    0.78    0.00    0.00    0.00   70.91
19:41:35       0    1.16    0.00    2.33    0.00    0.00    3.49    0.00    0.00    0.00   93.02
19:41:35       1   11.00    0.00   89.00    0.00    0.00    0.00    0.00    0.00    0.00    0.00
19:41:35       2    1.00    0.00    2.00    1.00    0.00    0.00    0.00    0.00    0.00   96.00
19:41:35       3    0.00    0.00    2.02    0.00    0.00    0.00    0.00    0.00    0.00   97.98

19:41:35     CPU    %usr   %nice    %sys %iowait    %irq   %soft  %steal  %guest  %gnice   %idle
19:41:36     all    3.38    0.00   23.64    0.00    0.00    0.52    0.00    0.00    0.00   72.47
19:41:36       0    0.00    0.00    1.19    0.00    0.00    2.38    0.00    0.00    0.00   96.43
19:41:36       1   12.00    0.00   88.00    0.00    0.00    0.00    0.00    0.00    0.00    0.00
19:41:36       2    0.00    0.00    1.00    0.00    0.00    0.00    0.00    0.00    0.00   99.00
19:41:36       3    0.99    0.00    0.99    0.00    0.00    0.00    0.00    0.00    0.00   98.02

19:41:36     CPU    %usr   %nice    %sys %iowait    %irq   %soft  %steal  %guest  %gnice   %idle
19:41:37     all    3.39    0.00   24.02    0.00    0.00    0.78    0.00    0.00    0.00   71.80
19:41:37       0    1.19    0.00    1.19    0.00    0.00    2.38    0.00    0.00    0.00   95.24
19:41:37       1   11.00    0.00   88.00    0.00    0.00    1.00    0.00    0.00    0.00    0.00
19:41:37       2    1.00    0.00    2.00    0.00    0.00    0.00    0.00    0.00    0.00   97.00
19:41:37       3    0.00    0.00    1.01    0.00    0.00    0.00    0.00    0.00    0.00   98.99

19:41:37     CPU    %usr   %nice    %sys %iowait    %irq   %soft  %steal  %guest  %gnice   %idle
19:41:38     all    3.13    0.00   24.54    0.00    0.00    0.52    0.00    0.00    0.00   71.80
19:41:38       0    1.19    0.00    2.38    0.00    0.00    2.38    0.00    0.00    0.00   94.05
19:41:38       1   10.00    0.00   90.00    0.00    0.00    0.00    0.00    0.00    0.00    0.00
19:41:38       2    0.00    0.00    1.01    0.00    0.00    0.00    0.00    0.00    0.00   98.99
19:41:38       3    1.00    0.00    1.00    0.00    0.00    0.00    0.00    0.00    0.00   98.00

Average:     CPU    %usr   %nice    %sys %iowait    %irq   %soft  %steal  %guest  %gnice   %idle
Average:     all    3.34    0.00   24.47    0.04    0.00    0.77    0.00    0.00    0.00   71.38
Average:       0    0.87    0.00    1.96    0.02    0.00    3.20    0.00    0.00    0.00   93.94
Average:       1   10.47    0.00   89.35    0.00    0.00    0.17    0.00    0.00    0.00    0.00
Average:       2    0.84    0.00    1.85    0.04    0.00    0.00    0.00    0.00    0.00   97.27
Average:       3    0.88    0.00    1.87    0.09    0.00    0.00    0.00    0.00    0.00   97.16
