# timestamp  face |bytes    packets errs drop fifo frame compressed multicast|bytes    packets errs drop fifo colls carrier compressed
1776510215.381720406     lo:   26548     352    0    0    0     0          0         0    26548     352    0    0    0     0       0          0
1776510215.381720406 enP1p1s0: 351006020 4500060    0    0    0     0          0        38     6618      64    0    0    0     0       0          0
1776510215.381720406   eth0:    4106      40    0    0    0     0          0        29 369006911 4500071    0    0    0     0       0          0
1776510215.381720406  wlan0:  123735    1193    0    0    0     0          0         4   135129    1134    0    0    0     0       0          0
1776510215.381720406    br0:    7600      76    0    0    0     0          0        66     1016      12    0    2    0     0       0          0
1776510216.395078039     lo:   26548     352    0    0    0     0          0         0    26548     352    0    0    0     0       0          0
1776510216.395078039 enP1p1s0: 351006020 4500060    0    0    0     0          0        38     6618      64    0    0    0     0       0          0
1776510216.395078039   eth0:    4106      40    0    0    0     0          0        29 369006911 4500071    0    0    0     0       0          0
1776510216.395078039  wlan0:  128135    1243    0    0    0     0          0         4   140229    1184    0    0    0     0       0          0
1776510216.395078039    br0:    7600      76    0    0    0     0          0        66     1016      12    0    2    0     0       0          0
1776510217.404828642     lo:   26548     352    0    0    0     0          0         0    26548     352    0    0    0     0       0          0
1776510217.404828642 enP1p1s0: 351006020 4500060    0    0    0     0          0        38     6618      64    0    0    0     0       0          0
1776510217.404828642   eth0:    4106      40    0    0    0     0          0        29 369006911 4500071    0    0    0     0       0          0
1776510217.404828642  wlan0:  130387    1269    0    0    0     0          0         4   142779    1209    0    0    0     0       0          0
1776510217.404828642    br0:    7600      76    0    0    0     0          0        66     1016      12    0    2    0     0       0          0
1776510218.414343060     lo:   26548     352    0    0    0     0          0         0    26548     352    0    0    0     0       0          0
1776510218.414343060 enP1p1s0: 351006020 4500060    0    0    0     0          0        38     6618      64    0    0    0     0       0          0
1776510218.414343060   eth0:    4106      40    0    0    0     0          0        29 369006911 4500071    0    0    0     0       0          0
1776510218.414343060  wlan0:  130387    1269    0    0    0     0          0         4   142779    1209    0    0    0     0       0          0
1776510218.414343060    br0:    7600      76    0    0    0     0          0        66     1016      12    0    2    0     0       0          0
1776510219.424193145     lo:   26548     352    0    0    0     0          0         0    26548     352    0    0    0     0       0          0
1776510219.424193145 enP1p1s0: 351006020 4500060    0    0    0     0          0        38     6618      64    0    0    0     0       0          0
1776510219.424193145   eth0:    4106      40    0    0    0     0          0        29 369006911 4500071    0    0    0     0       0          0
1776510219.424193145  wlan0:  130387    1269    0    0    0     0          0         4   142779    1209    0    0    0     0       0          0
1776510219.424193145    br0:    7600      76    0    0    0     0          0        66     1016      12    0    2    0     0       0          0
1776510220.434961178     lo:   26548     352    0    0    0     0          0         0    26548     352    0    0    0     0       0          0
1776510220.434961178 enP1p1s0: 351006020 4500060    0    0    0     0          0        38     6618      64    0    0    0     0       0          0
1776510220.434961178   eth0:    4106      40    0    0    0     0          0        29 369006911 4500071    0    0    0     0       0          0
1776510220.434961178  wlan0:  130387    1269    0    0    0     0          0         4   142779    1209    0    0    0     0       0          0
1776510220.434961178    br0:    7600      76    0    0    0     0          0        66     1016      12    0    2    0     0       0          0
1776510221.445359154     lo:   26548     352    0    0    0     0          0         0    26548     352    0    0    0     0       0          0
1776510221.445359154 enP1p1s0: 351006020 4500060    0    0    0     0          0        38     6618      64    0    0    0     0       0          0
1776510221.445359154   eth0:    4106      40    0    0    0     0          0        29 369006911 4500071    0    0    0     0       0          0
1776510221.445359154  wlan0:  130387    1269    0    0    0     0          0         4   142779    1209    0    0    0     0       0          0
1776510221.445359154    br0:    7600      76    0    0    0     0          0        66     1016      12    0    2    0     0       0          0
1776510222.456225613     lo:   26548     352    0    0    0     0          0         0    26548     352    0    0    0     0       0          0
1776510222.456225613 enP1p1s0: 351006020 4500060    0    0    0     0          0        38     6618      64    0    0    0     0       0          0
1776510222.456225613   eth0:    4106      40    0    0    0     0          0        29 369006911 4500071    0    0    0     0       0          0
1776510222.456225613  wlan0:  130387    1269    0    0    0     0          0         4   142779    1209    0    0    0     0       0          0
1776510222.456225613    br0:    7600      76    0    0    0     0          0        66     1016      12    0    2    0     0       0          0
1776510223.467420628     lo:   26548     352    0    0    0     0          0         0    26548     352    0    0    0     0       0          0
1776510223.467420628 enP1p1s0: 351006020 4500060    0    0    0     0          0        38     6618      64    0    0    0     0       0          0
1776510223.467420628   eth0:    4106      40    0    0    0     0          0        29 369006911 4500071    0    0    0     0       0          0
1776510223.467420628  wlan0:  130387    1269    0    0    0     0          0         4   142779    1209    0    0    0     0       0          0
1776510223.467420628    br0:    7600      76    0    0    0     0          0        66     1016      12    0    2    0     0       0          0
1776510224.478555384     lo:   26548     352    0    0    0     0          0         0    26548     352    0    0    0     0       0          0
1776510224.478555384 enP1p1s0: 445125304 4678994    0    0    0     0          0        38     6618      64    0    0    0     0       0          0
1776510224.478555384   eth0:    4106      40    0    0    0     0          0        29 463869491 4679057    0    0    0     0       0          0
1776510224.478555384  wlan0:  130387    1269    0    0    0     0          0         4   142779    1209    0    0    0     0       0          0
1776510224.478555384    br0:    7600      76    0    0    0     0          0        66     1016      12    0    2    0     0       0          0
1776510225.496025864     lo:   26548     352    0    0    0     0          0         0    26548     352    0    0    0     0       0          0
1776510225.496025864 enP1p1s0: 542208598 4863563    0    0    0     0          0        38     6618      64    0    0    0     0       0          0
1776510225.496025864   eth0:    4106      40    0    0    0     0          0        29 561692121 4863628    0    0    0     0       0          0
1776510225.496025864  wlan0:  130387    1269    0    0    0     0          0         4   142779    1209    0    0    0     0       0          0
1776510225.496025864    br0:    7600      76    0    0    0     0          0        66     1016      12    0    2    0     0       0          0
1776510226.513679029     lo:   26548     352    0    0    0     0          0         0    26548     352    0    0    0     0       0          0
1776510226.513679029 enP1p1s0: 637507700 5044740    0    0    0     0          0        38     6618      64    0    0    0     0       0          0
1776510226.513679029   eth0:    4106      40    0    0    0     0          0        29 657689431 5044755    0    0    0     0       0          0
1776510226.513679029  wlan0:  130387    1269    0    0    0     0          0         4   142779    1209    0    0    0     0       0          0
1776510226.513679029    br0:    7600      76    0    0    0     0          0        66     1016      12    0    2    0     0       0          0
1776510227.525739473     lo:   26548     352    0    0    0     0          0         0    26548     352    0    0    0     0       0          0
1776510227.525739473 enP1p1s0: 735507286 5231051    0    0    0     0          0        38     6618      64    0    0    0     0       0          0
1776510227.525739473   eth0:    4106      40    0    0    0     0          0        29 756489911 5231171    0    0    0     0       0          0
1776510227.525739473  wlan0:  130387    1269    0    0    0     0          0         4   142779    1209    0    0    0     0       0          0
1776510227.525739473    br0:    7600      76    0    0    0     0          0        66     1016      12    0    2    0     0       0          0
1776510228.545832573     lo:   26548     352    0    0    0     0          0         0    26548     352    0    0    0     0       0          0
1776510228.545832573 enP1p1s0: 833252288 5416878    0    0    0     0          0        38     6618      64    0    0    0     0       0          0
1776510228.545832573   eth0:    4106      40    0    0    0     0          0        29 854928401 5416904    0    0    0     0       0          0
1776510228.545832573  wlan0:  130387    1269    0    0    0     0          0         4   142779    1209    0    0    0     0       0          0
1776510228.545832573    br0:    7600      76    0    0    0     0          0        66     1016      12    0    2    0     0       0          0
1776510229.557047996     lo:   26548     352    0    0    0     0          0         0    26548     352    0    0    0     0       0          0
1776510229.557047996 enP1p1s0: 932637944 5605825    0    0    0     0          0        38     6678      65    0    0    0     0       0          0
1776510229.557047996   eth0:    4152      41    0    0    0     0          0        29 955110655 5605928    0    0    0     0       0          0
1776510229.557047996  wlan0:  130387    1269    0    0    0     0          0         4   142779    1209    0    0    0     0       0          0
1776510229.557047996    br0:    7600      76    0    0    0     0          0        66     1016      12    0    2    0     0       0          0
1776510230.576016610     lo:   26548     352    0    0    0     0          0         0    26548     352    0    0    0     0       0          0
1776510230.576016610 enP1p1s0: 1031341318 5793474    0    0    0     0          0        38     6678      65    0    0    0     0       0          0
1776510230.576016610   eth0:    4152      41    0    0    0     0          0        29 1054534415 5793520    0    0    0     0       0          0
1776510230.576016610  wlan0:  130387    1269    0    0    0     0          0         4   142779    1209    0    0    0     0       0          0
1776510230.576016610    br0:    7600      76    0    0    0     0          0        66     1016      12    0    2    0     0       0          0
1776510231.588179147     lo:   26548     352    0    0    0     0          0         0    26548     352    0    0    0     0       0          0
1776510231.588179147 enP1p1s0: 1130942048 5982829    0    0    0     0          0        38     6678      65    0    0    0     0       0          0
1776510231.588179147   eth0:    4152      41    0    0    0     0          0        29 1154919595 5982926    0    0    0     0       0          0
1776510231.588179147  wlan0:  130387    1269    0    0    0     0          0         4   142779    1209    0    0    0     0       0          0
1776510231.588179147    br0:    7600      76    0    0    0     0          0        66     1016      12    0    2    0     0       0          0
1776510232.607149168     lo:   26548     352    0    0    0     0          0         0    26548     352    0    0    0     0       0          0
1776510232.607149168 enP1p1s0: 1229890012 6170943    0    0    0     0          0        38     6678      65    0    0    0     0       0          0
1776510232.607149168   eth0:    4152      41    0    0    0     0          0        29 1254582915 6170970    0    0    0     0       0          0
1776510232.607149168  wlan0:  130387    1269    0    0    0     0          0         4   142779    1209    0    0    0     0       0          0
1776510232.607149168    br0:    7600      76    0    0    0     0          0        66     1016      12    0    2    0     0       0          0
1776510233.618535777     lo:   26548     352    0    0    0     0          0         0    26548     352    0    0    0     0       0          0
1776510233.618535777 enP1p1s0: 1330350226 6361932    0    0    0     0          0        38     6678      65    0    0    0     0       0          0
1776510233.618535777   eth0:    4152      41    0    0    0     0          0        29 1355833055 6362008    0    0    0     0       0          0
1776510233.618535777  wlan0:  130387    1269    0    0    0     0          0         4   142779    1209    0    0    0     0       0          0
1776510233.618535777    br0:    7600      76    0    0    0     0          0        66     1016      12    0    2    0     0       0          0
1776510234.636724981     lo:   26548     352    0    0    0     0          0         0    26548     352    0    0    0     0       0          0
1776510234.636724981 enP1p1s0: 1429990406 6551362    0    0    0     0          0        38     6678      65    0    0    0     0       0          0
1776510234.636724981   eth0:    4152      41    0    0    0     0          0        29 1456204455 6551388    0    0    0     0       0          0
1776510234.636724981  wlan0:  130387    1269    0    0    0     0          0         4   142779    1209    0    0    0     0       0          0
1776510234.636724981    br0:    7600      76    0    0    0     0          0        66     1016      12    0    2    0     0       0          0
1776510235.654934074     lo:   26548     352    0    0    0     0          0         0    26548     352    0    0    0     0       0          0
1776510235.654934074 enP1p1s0: 1529770502 6741058    0    0    0     0          0        38     6678      65    0    0    0     0       0          0
1776510235.654934074   eth0:    4152      41    0    0    0     0          0        29 1556748635 6741094    0    0    0     0       0          0
1776510235.654934074  wlan0:  130475    1270    0    0    0     0          0         4   142779    1209    0    0    0     0       0          0
1776510235.654934074    br0:    7600      76    0    0    0     0          0        66     1016      12    0    2    0     0       0          0
1776510236.673949226     lo:   26548     352    0    0    0     0          0         0    26548     352    0    0    0     0       0          0
1776510236.673949226 enP1p1s0: 1629141896 6929977    0    0    0     0          0        38     6678      65    0    0    0     0       0          0
1776510236.673949226   eth0:    4152      41    0    0    0     0          0        29 1656871465 6930005    0    0    0     0       0          0
1776510236.673949226  wlan0:  130475    1270    0    0    0     0          0         4   142779    1209    0    0    0     0       0          0
1776510236.673949226    br0:    7600      76    0    0    0     0          0        66     1016      12    0    2    0     0       0          0
1776510237.694997865     lo:   26548     352    0    0    0     0          0         0    26548     352    0    0    0     0       0          0
1776510237.694997865 enP1p1s0: 1729188148 7120179    0    0    0     0          0        38     6678      65    0    0    0     0       0          0
1776510237.694997865   eth0:    4152      41    0    0    0     0          0        29 1757672695 7120196    0    0    0     0       0          0
1776510237.694997865  wlan0:  130475    1270    0    0    0     0          0         4   142779    1209    0    0    0     0       0          0
1776510237.694997865    br0:    7600      76    0    0    0     0          0        66     1016      12    0    2    0     0       0          0
1776510238.712191473     lo:   26548     352    0    0    0     0          0         0    26548     352    0    0    0     0       0          0
1776510238.712191473 enP1p1s0: 1828412788 7308819    0    0    0     0          0        38     6678      65    0    0    0     0       0          0
1776510238.712191473   eth0:    4152      41    0    0    0     0          0        29 1857699595 7308926    0    0    0     0       0          0
1776510238.712191473  wlan0:  130475    1270    0    0    0     0          0         4   142779    1209    0    0    0     0       0          0
1776510238.712191473    br0:    7600      76    0    0    0     0          0        66     1016      12    0    2    0     0       0          0
1776510239.730512159     lo:   26548     352    0    0    0     0          0         0    26548     352    0    0    0     0       0          0
1776510239.730512159 enP1p1s0: 1926724292 7495723    0    0    0     0          0        38     6678      65    0    0    0     0       0          0
1776510239.730512159   eth0:    4152      41    0    0    0     0          0        29 1956715785 7495749    0    0    0     0       0          0
1776510239.730512159  wlan0:  130475    1270    0    0    0     0          0         4   142779    1209    0    0    0     0       0          0
1776510239.730512159    br0:    7600      76    0    0    0     0          0        66     1016      12    0    2    0     0       0          0
1776510240.742827715     lo:   26548     352    0    0    0     0          0         0    26548     352    0    0    0     0       0          0
1776510240.742827715 enP1p1s0: 2026342380 7685111    0    0    0     0          0        38     6678      65    0    0    0     0       0          0
1776510240.742827715   eth0:    4152      41    0    0    0     0          0        29 2057094075 7685142    0    0    0     0       0          0
1776510240.742827715  wlan0:  130475    1270    0    0    0     0          0         4   142779    1209    0    0    0     0       0          0
1776510240.742827715    br0:    7600      76    0    0    0     0          0        66     1016      12    0    2    0     0       0          0
1776510241.754785826     lo:   26548     352    0    0    0     0          0         0    26548     352    0    0    0     0       0          0
1776510241.754785826 enP1p1s0: 2124089486 7870942    0    0    0     0          0        38     6678      65    0    0    0     0       0          0
1776510241.754785826   eth0:    4152      41    0    0    0     0          0        29 2155582385 7870969    0    0    0     0       0          0
1776510241.754785826  wlan0:  130475    1270    0    0    0     0          0         4   142779    1209    0    0    0     0       0          0
1776510241.754785826    br0:    7600      76    0    0    0     0          0        66     1016      12    0    2    0     0       0          0
1776510242.766312324     lo:   26548     352    0    0    0     0          0         0    26548     352    0    0    0     0       0          0
1776510242.766312324 enP1p1s0: 2221170676 8055507    0    0    0     0          0        38     6678      65    0    0    0     0       0          0
1776510242.766312324   eth0:    4152      41    0    0    0     0          0        29 2253409785 8055549    0    0    0     0       0          0
1776510242.766312324  wlan0:  130475    1270    0    0    0     0          0         4   142779    1209    0    0    0     0       0          0
1776510242.766312324    br0:    7600      76    0    0    0     0          0        66     1016      12    0    2    0     0       0          0
1776510243.776913560     lo:   26548     352    0    0    0     0          0         0    26548     352    0    0    0     0       0          0
1776510243.776913560 enP1p1s0: 2319950846 8243302    0    0    0     0          0        38     6678      65    0    0    0     0       0          0
1776510243.776913560   eth0:    4152      41    0    0    0     0          0        29 2352955445 8243371    0    0    0     0       0          0
1776510243.776913560  wlan0:  130475    1270    0    0    0     0          0         4   142779    1209    0    0    0     0       0          0
1776510243.776913560    br0:    7600      76    0    0    0     0          0        66     1016      12    0    2    0     0       0          0
1776510244.805511760     lo:   26548     352    0    0    0     0          0         0    26548     352    0    0    0     0       0          0
1776510244.805511760 enP1p1s0: 2417871532 8429463    0    0    0     0          0        38     6678      65    0    0    0     0       0          0
1776510244.805511760   eth0:    4152      41    0    0    0     0          0        29 2451597985 8429489    0    0    0     0       0          0
1776510244.805511760  wlan0:  130475    1270    0    0    0     0          0         4   142779    1209    0    0    0     0       0          0
1776510244.805511760    br0:    7600      76    0    0    0     0          0        66     1016      12    0    2    0     0       0          0
1776510245.826648473     lo:   26548     352    0    0    0     0          0         0    26548     352    0    0    0     0       0          0
1776510245.826648473 enP1p1s0: 2517882016 8619597    0    0    0     0          0        38     6678      65    0    0    0     0       0          0
1776510245.826648473   eth0:    4152      41    0    0    0     0          0        29 2552375365 8619635    0    0    0     0       0          0
1776510245.826648473  wlan0:  130475    1270    0    0    0     0          0         4   142779    1209    0    0    0     0       0          0
1776510245.826648473    br0:    7600      76    0    0    0     0          0        66     1016      12    0    2    0     0       0          0
1776510246.847283222     lo:   26548     352    0    0    0     0          0         0    26548     352    0    0    0     0       0          0
1776510246.847283222 enP1p1s0: 2624306544 8821925    0    0    0     0          0        38     6678      65    0    0    0     0       0          0
1776510246.847283222   eth0:    4152      41    0    0    0     0          0        29 2659609735 8821964    0    0    0     0       0          0
1776510246.847283222  wlan0:  130475    1270    0    0    0     0          0         4   142779    1209    0    0    0     0       0          0
1776510246.847283222    br0:    7600      76    0    0    0     0          0        66     1016      12    0    2    0     0       0          0
1776510247.859164036     lo:   26548     352    0    0    0     0          0         0    26548     352    0    0    0     0       0          0
1776510247.859164036 enP1p1s0: 2725057636 9013467    0    0    0     0          0        38     6748      66    0    0    0     0       0          0
1776510247.859164036   eth0:    4152      41    0    0    0     0          0        29 2761141909 9013535    0    0    0     0       0          0
1776510247.859164036  wlan0:  130475    1270    0    0    0     0          0         4   142779    1209    0    0    0     0       0          0
1776510247.859164036    br0:    7600      76    0    0    0     0          0        66     1086      13    0    2    0     0       0          0
1776510248.885416340     lo:   26548     352    0    0    0     0          0         0    26548     352    0    0    0     0       0          0
1776510248.885416340 enP1p1s0: 2823123498 9199904    0    0    0     0          0        38     6748      66    0    0    0     0       0          0
1776510248.885416340   eth0:    4152      41    0    0    0     0          0        29 2859936029 9199939    0    0    0     0       0          0
1776510248.885416340  wlan0:  130475    1270    0    0    0     0          0         4   142779    1209    0    0    0     0       0          0
1776510248.885416340    br0:    7600      76    0    0    0     0          0        66     1086      13    0    2    0     0       0          0
1776510249.901206204     lo:   26548     352    0    0    0     0          0         0    26548     352    0    0    0     0       0          0
1776510249.901206204 enP1p1s0: 2919859106 9383812    0    0    0     0          0        38     6748      66    0    0    0     0       0          0
1776510249.901206204   eth0:    4152      41    0    0    0     0          0        29 2957398789 9383831    0    0    0     0       0          0
1776510249.901206204  wlan0:  130475    1270    0    0    0     0          0         4   142779    1209    0    0    0     0       0          0
1776510249.901206204    br0:    7600      76    0    0    0     0          0        66     1086      13    0    2    0     0       0          0
1776510250.912694424     lo:   26548     352    0    0    0     0          0         0    26548     352    0    0    0     0       0          0
1776510250.912694424 enP1p1s0: 3008051422 9551478    0    0    0     0          0        38     6748      66    0    0    0     0       0          0
1776510250.912694424   eth0:    4152      41    0    0    0     0          0        29 3046262299 9551498    0    0    0     0       0          0
1776510250.912694424  wlan0:  130475    1270    0    0    0     0          0         4   142779    1209    0    0    0     0       0          0
1776510250.912694424    br0:    7600      76    0    0    0     0          0        66     1086      13    0    2    0     0       0          0
1776510251.924928850     lo:   26548     352    0    0    0     0          0         0    26548     352    0    0    0     0       0          0
1776510251.924928850 enP1p1s0: 3106896876 9739398    0    0    0     0          0        38     6808      67    0    0    0     0       0          0
1776510251.924928850   eth0:    4198      42    0    0    0     0          0        29 3145865793 9739430    0    0    0     0       0          0
1776510251.924928850  wlan0:  130475    1270    0    0    0     0          0         4   142779    1209    0    0    0     0       0          0
1776510251.924928850    br0:    7600      76    0    0    0     0          0        66     1086      13    0    2    0     0       0          0
1776510252.936308625     lo:   26548     352    0    0    0     0          0         0    26548     352    0    0    0     0       0          0
1776510252.936308625 enP1p1s0: 3202569438 9921285    0    0    0     0          0        38     6808      67    0    0    0     0       0          0
1776510252.936308625   eth0:    4198      42    0    0    0     0          0        29 3242265373 9921316    0    0    0     0       0          0
1776510252.936308625  wlan0:  130475    1270    0    0    0     0          0         4   142779    1209    0    0    0     0       0          0
1776510252.936308625    br0:    7600      76    0    0    0     0          0        66     1086      13    0    2    0     0       0          0
