# timestamp field value_kB
1776510215.377591318 MemTotal:        8124504 kB
1776510215.377591318 MemFree:         6521632 kB
1776510215.377591318 MemAvailable:    6669500 kB
1776510215.377591318 Buffers:           27920 kB
1776510215.377591318 Cached:           249136 kB
1776510215.377591318 SwapCached:            0 kB
1776510215.377591318 Active:           276680 kB
1776510215.377591318 Inactive:          82076 kB
1776510215.377591318 Active(anon):      85092 kB
1776510215.377591318 Inactive(anon):        0 kB
1776510215.377591318 Active(file):     191588 kB
1776510215.377591318 Inactive(file):    82076 kB
1776510215.377591318 Unevictable:           0 kB
1776510215.377591318 Mlocked:               0 kB
1776510215.377591318 SwapTotal:             0 kB
1776510215.377591318 SwapFree:              0 kB
1776510215.377591318 Zswap:                 0 kB
1776510215.377591318 Zswapped:              0 kB
1776510215.377591318 Dirty:                20 kB
1776510215.377591318 Writeback:             0 kB
1776510215.377591318 AnonPages:         81936 kB
1776510215.377591318 Mapped:            84172 kB
1776510215.377591318 Shmem:              3456 kB
1776510215.377591318 KReclaimable:      27928 kB
1776510215.377591318 Slab:             116008 kB
1776510215.377591318 SReclaimable:      27928 kB
1776510215.377591318 SUnreclaim:        88080 kB
1776510215.377591318 KernelStack:        2968 kB
1776510215.377591318 PageTables:         3920 kB
1776510215.377591318 SecPageTables:         0 kB
1776510215.377591318 NFS_Unstable:          0 kB
1776510215.377591318 Bounce:                0 kB
1776510215.377591318 WritebackTmp:          0 kB
1776510215.377591318 CommitLimit:     3537964 kB
1776510215.377591318 Committed_AS:     396180 kB
1776510215.377591318 VmallocTotal:   135288315904 kB
1776510215.377591318 VmallocUsed:       18720 kB
1776510215.377591318 VmallocChunk:          0 kB
1776510215.377591318 Percpu:             1504 kB
1776510215.377591318 AnonHugePages:         0 kB
1776510215.377591318 ShmemHugePages:        0 kB
1776510215.377591318 ShmemPmdMapped:        0 kB
1776510215.377591318 FileHugePages:         0 kB
1776510215.377591318 FilePmdMapped:         0 kB
1776510215.377591318 CmaTotal:          65536 kB
1776510215.377591318 CmaFree:           49104 kB
1776510215.377591318 Balloon:               0 kB
1776510215.377591318 HugePages_Total:     512
1776510215.377591318 HugePages_Free:      512
1776510215.377591318 HugePages_Rsvd:        0
1776510215.377591318 HugePages_Surp:        0
1776510215.377591318 Hugepagesize:       2048 kB
1776510215.377591318 Hugetlb:         1048576 kB
1776510216.387612089 MemTotal:        8124504 kB
1776510216.387612089 MemFree:         6520176 kB
1776510216.387612089 MemAvailable:    6668100 kB
1776510216.387612089 Buffers:           27920 kB
1776510216.387612089 Cached:           249160 kB
1776510216.387612089 SwapCached:            0 kB
1776510216.387612089 Active:           278176 kB
1776510216.387612089 Inactive:          82108 kB
1776510216.387612089 Active(anon):      86580 kB
1776510216.387612089 Inactive(anon):        0 kB
1776510216.387612089 Active(file):     191596 kB
1776510216.387612089 Inactive(file):    82108 kB
1776510216.387612089 Unevictable:           0 kB
1776510216.387612089 Mlocked:               0 kB
1776510216.387612089 SwapTotal:             0 kB
1776510216.387612089 SwapFree:              0 kB
1776510216.387612089 Zswap:                 0 kB
1776510216.387612089 Zswapped:              0 kB
1776510216.387612089 Dirty:                40 kB
1776510216.387612089 Writeback:             0 kB
1776510216.387612089 AnonPages:         83324 kB
1776510216.387612089 Mapped:            87788 kB
1776510216.387612089 Shmem:              3456 kB
1776510216.387612089 KReclaimable:      27960 kB
1776510216.387612089 Slab:             116096 kB
1776510216.387612089 SReclaimable:      27960 kB
1776510216.387612089 SUnreclaim:        88136 kB
1776510216.387612089 KernelStack:        2992 kB
1776510216.387612089 PageTables:         3248 kB
1776510216.387612089 SecPageTables:         0 kB
1776510216.387612089 NFS_Unstable:          0 kB
1776510216.387612089 Bounce:                0 kB
1776510216.387612089 WritebackTmp:          0 kB
1776510216.387612089 CommitLimit:     3537964 kB
1776510216.387612089 Committed_AS:     395760 kB
1776510216.387612089 VmallocTotal:   135288315904 kB
1776510216.387612089 VmallocUsed:       18736 kB
1776510216.387612089 VmallocChunk:          0 kB
1776510216.387612089 Percpu:             1504 kB
1776510216.387612089 AnonHugePages:         0 kB
1776510216.387612089 ShmemHugePages:        0 kB
1776510216.387612089 ShmemPmdMapped:        0 kB
1776510216.387612089 FileHugePages:         0 kB
1776510216.387612089 FilePmdMapped:         0 kB
1776510216.387612089 CmaTotal:          65536 kB
1776510216.387612089 CmaFree:           49104 kB
1776510216.387612089 Balloon:               0 kB
1776510216.387612089 HugePages_Total:     512
1776510216.387612089 HugePages_Free:      512
1776510216.387612089 HugePages_Rsvd:        0
1776510216.387612089 HugePages_Surp:        0
1776510216.387612089 Hugepagesize:       2048 kB
1776510216.387612089 Hugetlb:         1048576 kB
1776510217.396145096 MemTotal:        8124504 kB
1776510217.396145096 MemFree:         6521196 kB
1776510217.396145096 MemAvailable:    6669132 kB
1776510217.396145096 Buffers:           27920 kB
1776510217.396145096 Cached:           249164 kB
1776510217.396145096 SwapCached:            0 kB
1776510217.396145096 Active:           278248 kB
1776510217.396145096 Inactive:          82112 kB
1776510217.396145096 Active(anon):      86644 kB
1776510217.396145096 Inactive(anon):        0 kB
1776510217.396145096 Active(file):     191604 kB
1776510217.396145096 Inactive(file):    82112 kB
1776510217.396145096 Unevictable:           0 kB
1776510217.396145096 Mlocked:               0 kB
1776510217.396145096 SwapTotal:             0 kB
1776510217.396145096 SwapFree:              0 kB
1776510217.396145096 Zswap:                 0 kB
1776510217.396145096 Zswapped:              0 kB
1776510217.396145096 Dirty:                44 kB
1776510217.396145096 Writeback:             0 kB
1776510217.396145096 AnonPages:         83200 kB
1776510217.396145096 Mapped:            87788 kB
1776510217.396145096 Shmem:              3456 kB
1776510217.396145096 KReclaimable:      27960 kB
1776510217.396145096 Slab:             116088 kB
1776510217.396145096 SReclaimable:      27960 kB
1776510217.396145096 SUnreclaim:        88128 kB
1776510217.396145096 KernelStack:        2976 kB
1776510217.396145096 PageTables:         3260 kB
1776510217.396145096 SecPageTables:         0 kB
1776510217.396145096 NFS_Unstable:          0 kB
1776510217.396145096 Bounce:                0 kB
1776510217.396145096 WritebackTmp:          0 kB
1776510217.396145096 CommitLimit:     3537964 kB
1776510217.396145096 Committed_AS:     395760 kB
1776510217.396145096 VmallocTotal:   135288315904 kB
1776510217.396145096 VmallocUsed:       18704 kB
1776510217.396145096 VmallocChunk:          0 kB
1776510217.396145096 Percpu:             1504 kB
1776510217.396145096 AnonHugePages:         0 kB
1776510217.396145096 ShmemHugePages:        0 kB
1776510217.396145096 ShmemPmdMapped:        0 kB
1776510217.396145096 FileHugePages:         0 kB
1776510217.396145096 FilePmdMapped:         0 kB
1776510217.396145096 CmaTotal:          65536 kB
1776510217.396145096 CmaFree:           49104 kB
1776510217.396145096 Balloon:               0 kB
1776510217.396145096 HugePages_Total:     512
1776510217.396145096 HugePages_Free:      512
1776510217.396145096 HugePages_Rsvd:        0
1776510217.396145096 HugePages_Surp:        0
1776510217.396145096 Hugepagesize:       2048 kB
1776510217.396145096 Hugetlb:         1048576 kB
1776510218.404336695 MemTotal:        8124504 kB
1776510218.404336695 MemFree:         6520556 kB
1776510218.404336695 MemAvailable:    6668488 kB
1776510218.404336695 Buffers:           27920 kB
1776510218.404336695 Cached:           249168 kB
1776510218.404336695 SwapCached:            0 kB
1776510218.404336695 Active:           278244 kB
1776510218.404336695 Inactive:          82112 kB
1776510218.404336695 Active(anon):      86644 kB
1776510218.404336695 Inactive(anon):        0 kB
1776510218.404336695 Active(file):     191600 kB
1776510218.404336695 Inactive(file):    82112 kB
1776510218.404336695 Unevictable:           0 kB
1776510218.404336695 Mlocked:               0 kB
1776510218.404336695 SwapTotal:             0 kB
1776510218.404336695 SwapFree:              0 kB
1776510218.404336695 Zswap:                 0 kB
1776510218.404336695 Zswapped:              0 kB
1776510218.404336695 Dirty:                28 kB
1776510218.404336695 Writeback:             0 kB
1776510218.404336695 AnonPages:         83328 kB
1776510218.404336695 Mapped:            87788 kB
1776510218.404336695 Shmem:              3456 kB
1776510218.404336695 KReclaimable:      27960 kB
1776510218.404336695 Slab:             116088 kB
1776510218.404336695 SReclaimable:      27960 kB
1776510218.404336695 SUnreclaim:        88128 kB
1776510218.404336695 KernelStack:        2992 kB
1776510218.404336695 PageTables:         3260 kB
1776510218.404336695 SecPageTables:         0 kB
1776510218.404336695 NFS_Unstable:          0 kB
1776510218.404336695 Bounce:                0 kB
1776510218.404336695 WritebackTmp:          0 kB
1776510218.404336695 CommitLimit:     3537964 kB
1776510218.404336695 Committed_AS:     395760 kB
1776510218.404336695 VmallocTotal:   135288315904 kB
1776510218.404336695 VmallocUsed:       18704 kB
1776510218.404336695 VmallocChunk:          0 kB
1776510218.404336695 Percpu:             1504 kB
1776510218.404336695 AnonHugePages:         0 kB
1776510218.404336695 ShmemHugePages:        0 kB
1776510218.404336695 ShmemPmdMapped:        0 kB
1776510218.404336695 FileHugePages:         0 kB
1776510218.404336695 FilePmdMapped:         0 kB
1776510218.404336695 CmaTotal:          65536 kB
1776510218.404336695 CmaFree:           49104 kB
1776510218.404336695 Balloon:               0 kB
1776510218.404336695 HugePages_Total:     512
1776510218.404336695 HugePages_Free:      512
1776510218.404336695 HugePages_Rsvd:        0
1776510218.404336695 HugePages_Surp:        0
1776510218.404336695 Hugepagesize:       2048 kB
1776510218.404336695 Hugetlb:         1048576 kB
1776510219.413305759 MemTotal:        8124504 kB
1776510219.413305759 MemFree:         6520760 kB
1776510219.413305759 MemAvailable:    6668700 kB
1776510219.413305759 Buffers:           27920 kB
1776510219.413305759 Cached:           249172 kB
1776510219.413305759 SwapCached:            0 kB
1776510219.413305759 Active:           278212 kB
1776510219.413305759 Inactive:          82120 kB
1776510219.413305759 Active(anon):      86612 kB
1776510219.413305759 Inactive(anon):        0 kB
1776510219.413305759 Active(file):     191600 kB
1776510219.413305759 Inactive(file):    82120 kB
1776510219.413305759 Unevictable:           0 kB
1776510219.413305759 Mlocked:               0 kB
1776510219.413305759 SwapTotal:             0 kB
1776510219.413305759 SwapFree:              0 kB
1776510219.413305759 Zswap:                 0 kB
1776510219.413305759 Zswapped:              0 kB
1776510219.413305759 Dirty:                32 kB
1776510219.413305759 Writeback:             0 kB
1776510219.413305759 AnonPages:         83428 kB
1776510219.413305759 Mapped:            87764 kB
1776510219.413305759 Shmem:              3456 kB
1776510219.413305759 KReclaimable:      27960 kB
1776510219.413305759 Slab:             116088 kB
1776510219.413305759 SReclaimable:      27960 kB
1776510219.413305759 SUnreclaim:        88128 kB
1776510219.413305759 KernelStack:        2992 kB
1776510219.413305759 PageTables:         3336 kB
1776510219.413305759 SecPageTables:         0 kB
1776510219.413305759 NFS_Unstable:          0 kB
1776510219.413305759 Bounce:                0 kB
1776510219.413305759 WritebackTmp:          0 kB
1776510219.413305759 CommitLimit:     3537964 kB
1776510219.413305759 Committed_AS:     395760 kB
1776510219.413305759 VmallocTotal:   135288315904 kB
1776510219.413305759 VmallocUsed:       18736 kB
1776510219.413305759 VmallocChunk:          0 kB
1776510219.413305759 Percpu:             1504 kB
1776510219.413305759 AnonHugePages:         0 kB
1776510219.413305759 ShmemHugePages:        0 kB
1776510219.413305759 ShmemPmdMapped:        0 kB
1776510219.413305759 FileHugePages:         0 kB
1776510219.413305759 FilePmdMapped:         0 kB
1776510219.413305759 CmaTotal:          65536 kB
1776510219.413305759 CmaFree:           49104 kB
1776510219.413305759 Balloon:               0 kB
1776510219.413305759 HugePages_Total:     512
1776510219.413305759 HugePages_Free:      512
1776510219.413305759 HugePages_Rsvd:        0
1776510219.413305759 HugePages_Surp:        0
1776510219.413305759 Hugepagesize:       2048 kB
1776510219.413305759 Hugetlb:         1048576 kB
1776510220.421832785 MemTotal:        8124504 kB
1776510220.421832785 MemFree:         6520048 kB
1776510220.421832785 MemAvailable:    6667988 kB
1776510220.421832785 Buffers:           27928 kB
1776510220.421832785 Cached:           249172 kB
1776510220.421832785 SwapCached:            0 kB
1776510220.421832785 Active:           278200 kB
1776510220.421832785 Inactive:          82124 kB
1776510220.421832785 Active(anon):      86604 kB
1776510220.421832785 Inactive(anon):        0 kB
1776510220.421832785 Active(file):     191596 kB
1776510220.421832785 Inactive(file):    82124 kB
1776510220.421832785 Unevictable:           0 kB
1776510220.421832785 Mlocked:               0 kB
1776510220.421832785 SwapTotal:             0 kB
1776510220.421832785 SwapFree:              0 kB
1776510220.421832785 Zswap:                 0 kB
1776510220.421832785 Zswapped:              0 kB
1776510220.421832785 Dirty:                68 kB
1776510220.421832785 Writeback:             0 kB
1776510220.421832785 AnonPages:         83328 kB
1776510220.421832785 Mapped:            87788 kB
1776510220.421832785 Shmem:              3456 kB
1776510220.421832785 KReclaimable:      27960 kB
1776510220.421832785 Slab:             116104 kB
1776510220.421832785 SReclaimable:      27960 kB
1776510220.421832785 SUnreclaim:        88144 kB
1776510220.421832785 KernelStack:        2992 kB
1776510220.421832785 PageTables:         3256 kB
1776510220.421832785 SecPageTables:         0 kB
1776510220.421832785 NFS_Unstable:          0 kB
1776510220.421832785 Bounce:                0 kB
1776510220.421832785 WritebackTmp:          0 kB
1776510220.421832785 CommitLimit:     3537964 kB
1776510220.421832785 Committed_AS:     395760 kB
1776510220.421832785 VmallocTotal:   135288315904 kB
1776510220.421832785 VmallocUsed:       18672 kB
1776510220.421832785 VmallocChunk:          0 kB
1776510220.421832785 Percpu:             1504 kB
1776510220.421832785 AnonHugePages:         0 kB
1776510220.421832785 ShmemHugePages:        0 kB
1776510220.421832785 ShmemPmdMapped:        0 kB
1776510220.421832785 FileHugePages:         0 kB
1776510220.421832785 FilePmdMapped:         0 kB
1776510220.421832785 CmaTotal:          65536 kB
1776510220.421832785 CmaFree:           49104 kB
1776510220.421832785 Balloon:               0 kB
1776510220.421832785 HugePages_Total:     512
1776510220.421832785 HugePages_Free:      512
1776510220.421832785 HugePages_Rsvd:        0
1776510220.421832785 HugePages_Surp:        0
1776510220.421832785 Hugepagesize:       2048 kB
1776510220.421832785 Hugetlb:         1048576 kB
1776510221.430869089 MemTotal:        8124504 kB
1776510221.430869089 MemFree:         6521660 kB
1776510221.430869089 MemAvailable:    6669616 kB
1776510221.430869089 Buffers:           27928 kB
1776510221.430869089 Cached:           249180 kB
1776510221.430869089 SwapCached:            0 kB
1776510221.430869089 Active:           278252 kB
1776510221.430869089 Inactive:          82136 kB
1776510221.430869089 Active(anon):      86652 kB
1776510221.430869089 Inactive(anon):        0 kB
1776510221.430869089 Active(file):     191600 kB
1776510221.430869089 Inactive(file):    82136 kB
1776510221.430869089 Unevictable:           0 kB
1776510221.430869089 Mlocked:               0 kB
1776510221.430869089 SwapTotal:             0 kB
1776510221.430869089 SwapFree:              0 kB
1776510221.430869089 Zswap:                 0 kB
1776510221.430869089 Zswapped:              0 kB
1776510221.430869089 Dirty:                72 kB
1776510221.430869089 Writeback:             0 kB
1776510221.430869089 AnonPages:         83384 kB
1776510221.430869089 Mapped:            87828 kB
1776510221.430869089 Shmem:              3456 kB
1776510221.430869089 KReclaimable:      27960 kB
1776510221.430869089 Slab:             116084 kB
1776510221.430869089 SReclaimable:      27960 kB
1776510221.430869089 SUnreclaim:        88124 kB
1776510221.430869089 KernelStack:        2992 kB
1776510221.430869089 PageTables:         3276 kB
1776510221.430869089 SecPageTables:         0 kB
1776510221.430869089 NFS_Unstable:          0 kB
1776510221.430869089 Bounce:                0 kB
1776510221.430869089 WritebackTmp:          0 kB
1776510221.430869089 CommitLimit:     3537964 kB
1776510221.430869089 Committed_AS:     395760 kB
1776510221.430869089 VmallocTotal:   135288315904 kB
1776510221.430869089 VmallocUsed:       18704 kB
1776510221.430869089 VmallocChunk:          0 kB
1776510221.430869089 Percpu:             1504 kB
1776510221.430869089 AnonHugePages:         0 kB
1776510221.430869089 ShmemHugePages:        0 kB
1776510221.430869089 ShmemPmdMapped:        0 kB
1776510221.430869089 FileHugePages:         0 kB
1776510221.430869089 FilePmdMapped:         0 kB
1776510221.430869089 CmaTotal:          65536 kB
1776510221.430869089 CmaFree:           49104 kB
1776510221.430869089 Balloon:               0 kB
1776510221.430869089 HugePages_Total:     512
1776510221.430869089 HugePages_Free:      512
1776510221.430869089 HugePages_Rsvd:        0
1776510221.430869089 HugePages_Surp:        0
1776510221.430869089 Hugepagesize:       2048 kB
1776510221.430869089 Hugetlb:         1048576 kB
1776510222.439680394 MemTotal:        8124504 kB
1776510222.439680394 MemFree:         6521620 kB
1776510222.439680394 MemAvailable:    6669580 kB
1776510222.439680394 Buffers:           27928 kB
1776510222.439680394 Cached:           249192 kB
1776510222.439680394 SwapCached:            0 kB
1776510222.439680394 Active:           278248 kB
1776510222.439680394 Inactive:          82140 kB
1776510222.439680394 Active(anon):      86648 kB
1776510222.439680394 Inactive(anon):        0 kB
1776510222.439680394 Active(file):     191600 kB
1776510222.439680394 Inactive(file):    82140 kB
1776510222.439680394 Unevictable:           0 kB
1776510222.439680394 Mlocked:               0 kB
1776510222.439680394 SwapTotal:             0 kB
1776510222.439680394 SwapFree:              0 kB
1776510222.439680394 Zswap:                 0 kB
1776510222.439680394 Zswapped:              0 kB
1776510222.439680394 Dirty:                84 kB
1776510222.439680394 Writeback:             0 kB
1776510222.439680394 AnonPages:         83328 kB
1776510222.439680394 Mapped:            87828 kB
1776510222.439680394 Shmem:              3456 kB
1776510222.439680394 KReclaimable:      27960 kB
1776510222.439680394 Slab:             116096 kB
1776510222.439680394 SReclaimable:      27960 kB
1776510222.439680394 SUnreclaim:        88136 kB
1776510222.439680394 KernelStack:        2992 kB
1776510222.439680394 PageTables:         3260 kB
1776510222.439680394 SecPageTables:         0 kB
1776510222.439680394 NFS_Unstable:          0 kB
1776510222.439680394 Bounce:                0 kB
1776510222.439680394 WritebackTmp:          0 kB
1776510222.439680394 CommitLimit:     3537964 kB
1776510222.439680394 Committed_AS:     395760 kB
1776510222.439680394 VmallocTotal:   135288315904 kB
1776510222.439680394 VmallocUsed:       18704 kB
1776510222.439680394 VmallocChunk:          0 kB
1776510222.439680394 Percpu:             1504 kB
1776510222.439680394 AnonHugePages:         0 kB
1776510222.439680394 ShmemHugePages:        0 kB
1776510222.439680394 ShmemPmdMapped:        0 kB
1776510222.439680394 FileHugePages:         0 kB
1776510222.439680394 FilePmdMapped:         0 kB
1776510222.439680394 CmaTotal:          65536 kB
1776510222.439680394 CmaFree:           49104 kB
1776510222.439680394 Balloon:               0 kB
1776510222.439680394 HugePages_Total:     512
1776510222.439680394 HugePages_Free:      512
1776510222.439680394 HugePages_Rsvd:        0
1776510222.439680394 HugePages_Surp:        0
1776510222.439680394 Hugepagesize:       2048 kB
1776510222.439680394 Hugetlb:         1048576 kB
1776510223.448277327 MemTotal:        8124504 kB
1776510223.448277327 MemFree:         6523536 kB
1776510223.448277327 MemAvailable:    6671508 kB
1776510223.448277327 Buffers:           27928 kB
1776510223.448277327 Cached:           249196 kB
1776510223.448277327 SwapCached:            0 kB
1776510223.448277327 Active:           278196 kB
1776510223.448277327 Inactive:          82152 kB
1776510223.448277327 Active(anon):      86596 kB
1776510223.448277327 Inactive(anon):        0 kB
1776510223.448277327 Active(file):     191600 kB
1776510223.448277327 Inactive(file):    82152 kB
1776510223.448277327 Unevictable:           0 kB
1776510223.448277327 Mlocked:               0 kB
1776510223.448277327 SwapTotal:             0 kB
1776510223.448277327 SwapFree:              0 kB
1776510223.448277327 Zswap:                 0 kB
1776510223.448277327 Zswapped:              0 kB
1776510223.448277327 Dirty:                88 kB
1776510223.448277327 Writeback:             0 kB
1776510223.448277327 AnonPages:         83328 kB
1776510223.448277327 Mapped:            87788 kB
1776510223.448277327 Shmem:              3456 kB
1776510223.448277327 KReclaimable:      27960 kB
1776510223.448277327 Slab:             116084 kB
1776510223.448277327 SReclaimable:      27960 kB
1776510223.448277327 SUnreclaim:        88124 kB
1776510223.448277327 KernelStack:        2992 kB
1776510223.448277327 PageTables:         3268 kB
1776510223.448277327 SecPageTables:         0 kB
1776510223.448277327 NFS_Unstable:          0 kB
1776510223.448277327 Bounce:                0 kB
1776510223.448277327 WritebackTmp:          0 kB
1776510223.448277327 CommitLimit:     3537964 kB
1776510223.448277327 Committed_AS:     395760 kB
1776510223.448277327 VmallocTotal:   135288315904 kB
1776510223.448277327 VmallocUsed:       18720 kB
1776510223.448277327 VmallocChunk:          0 kB
1776510223.448277327 Percpu:             1504 kB
1776510223.448277327 AnonHugePages:         0 kB
1776510223.448277327 ShmemHugePages:        0 kB
1776510223.448277327 ShmemPmdMapped:        0 kB
1776510223.448277327 FileHugePages:         0 kB
1776510223.448277327 FilePmdMapped:         0 kB
1776510223.448277327 CmaTotal:          65536 kB
1776510223.448277327 CmaFree:           49104 kB
1776510223.448277327 Balloon:               0 kB
1776510223.448277327 HugePages_Total:     512
1776510223.448277327 HugePages_Free:      512
1776510223.448277327 HugePages_Rsvd:        0
1776510223.448277327 HugePages_Surp:        0
1776510223.448277327 Hugepagesize:       2048 kB
1776510223.448277327 Hugetlb:         1048576 kB
1776510224.457085946 MemTotal:        8124504 kB
1776510224.457085946 MemFree:         6522384 kB
1776510224.457085946 MemAvailable:    6670348 kB
1776510224.457085946 Buffers:           27928 kB
1776510224.457085946 Cached:           249196 kB
1776510224.457085946 SwapCached:            0 kB
1776510224.457085946 Active:           278272 kB
1776510224.457085946 Inactive:          82152 kB
1776510224.457085946 Active(anon):      86680 kB
1776510224.457085946 Inactive(anon):        0 kB
1776510224.457085946 Active(file):     191592 kB
1776510224.457085946 Inactive(file):    82152 kB
1776510224.457085946 Unevictable:           0 kB
1776510224.457085946 Mlocked:               0 kB
1776510224.457085946 SwapTotal:             0 kB
1776510224.457085946 SwapFree:              0 kB
1776510224.457085946 Zswap:                 0 kB
1776510224.457085946 Zswapped:              0 kB
1776510224.457085946 Dirty:                88 kB
1776510224.457085946 Writeback:             0 kB
1776510224.457085946 AnonPages:         83464 kB
1776510224.457085946 Mapped:            87936 kB
1776510224.457085946 Shmem:              3456 kB
1776510224.457085946 KReclaimable:      27960 kB
1776510224.457085946 Slab:             116076 kB
1776510224.457085946 SReclaimable:      27960 kB
1776510224.457085946 SUnreclaim:        88116 kB
1776510224.457085946 KernelStack:        3008 kB
1776510224.457085946 PageTables:         3276 kB
1776510224.457085946 SecPageTables:         0 kB
1776510224.457085946 NFS_Unstable:          0 kB
1776510224.457085946 Bounce:                0 kB
1776510224.457085946 WritebackTmp:          0 kB
1776510224.457085946 CommitLimit:     3537964 kB
1776510224.457085946 Committed_AS:     395760 kB
1776510224.457085946 VmallocTotal:   135288315904 kB
1776510224.457085946 VmallocUsed:       18704 kB
1776510224.457085946 VmallocChunk:          0 kB
1776510224.457085946 Percpu:             1504 kB
1776510224.457085946 AnonHugePages:         0 kB
1776510224.457085946 ShmemHugePages:        0 kB
1776510224.457085946 ShmemPmdMapped:        0 kB
1776510224.457085946 FileHugePages:         0 kB
1776510224.457085946 FilePmdMapped:         0 kB
1776510224.457085946 CmaTotal:          65536 kB
1776510224.457085946 CmaFree:           49104 kB
1776510224.457085946 Balloon:               0 kB
1776510224.457085946 HugePages_Total:     512
1776510224.457085946 HugePages_Free:      512
1776510224.457085946 HugePages_Rsvd:        0
1776510224.457085946 HugePages_Surp:        0
1776510224.457085946 Hugepagesize:       2048 kB
1776510224.457085946 Hugetlb:         1048576 kB
1776510225.468845333 MemTotal:        8124504 kB
1776510225.468845333 MemFree:         6521716 kB
1776510225.468845333 MemAvailable:    6669692 kB
1776510225.468845333 Buffers:           27936 kB
1776510225.468845333 Cached:           249200 kB
1776510225.468845333 SwapCached:            0 kB
1776510225.468845333 Active:           278236 kB
1776510225.468845333 Inactive:          82156 kB
1776510225.468845333 Active(anon):      86636 kB
1776510225.468845333 Inactive(anon):        0 kB
1776510225.468845333 Active(file):     191600 kB
1776510225.468845333 Inactive(file):    82156 kB
1776510225.468845333 Unevictable:           0 kB
1776510225.468845333 Mlocked:               0 kB
1776510225.468845333 SwapTotal:             0 kB
1776510225.468845333 SwapFree:              0 kB
1776510225.468845333 Zswap:                 0 kB
1776510225.468845333 Zswapped:              0 kB
1776510225.468845333 Dirty:                92 kB
1776510225.468845333 Writeback:             0 kB
1776510225.468845333 AnonPages:         83336 kB
1776510225.468845333 Mapped:            87828 kB
1776510225.468845333 Shmem:              3456 kB
1776510225.468845333 KReclaimable:      27960 kB
1776510225.468845333 Slab:             116096 kB
1776510225.468845333 SReclaimable:      27960 kB
1776510225.468845333 SUnreclaim:        88136 kB
1776510225.468845333 KernelStack:        2992 kB
1776510225.468845333 PageTables:         3264 kB
1776510225.468845333 SecPageTables:         0 kB
1776510225.468845333 NFS_Unstable:          0 kB
1776510225.468845333 Bounce:                0 kB
1776510225.468845333 WritebackTmp:          0 kB
1776510225.468845333 CommitLimit:     3537964 kB
1776510225.468845333 Committed_AS:     395760 kB
1776510225.468845333 VmallocTotal:   135288315904 kB
1776510225.468845333 VmallocUsed:       18704 kB
1776510225.468845333 VmallocChunk:          0 kB
1776510225.468845333 Percpu:             1504 kB
1776510225.468845333 AnonHugePages:         0 kB
1776510225.468845333 ShmemHugePages:        0 kB
1776510225.468845333 ShmemPmdMapped:        0 kB
1776510225.468845333 FileHugePages:         0 kB
1776510225.468845333 FilePmdMapped:         0 kB
1776510225.468845333 CmaTotal:          65536 kB
1776510225.468845333 CmaFree:           49104 kB
1776510225.468845333 Balloon:               0 kB
1776510225.468845333 HugePages_Total:     512
1776510225.468845333 HugePages_Free:      512
1776510225.468845333 HugePages_Rsvd:        0
1776510225.468845333 HugePages_Surp:        0
1776510225.468845333 Hugepagesize:       2048 kB
1776510225.468845333 Hugetlb:         1048576 kB
1776510226.480691573 MemTotal:        8124504 kB
1776510226.480691573 MemFree:         6522012 kB
1776510226.480691573 MemAvailable:    6669996 kB
1776510226.480691573 Buffers:           27936 kB
1776510226.480691573 Cached:           249204 kB
1776510226.480691573 SwapCached:            0 kB
1776510226.480691573 Active:           278236 kB
1776510226.480691573 Inactive:          82164 kB
1776510226.480691573 Active(anon):      86636 kB
1776510226.480691573 Inactive(anon):        0 kB
1776510226.480691573 Active(file):     191600 kB
1776510226.480691573 Inactive(file):    82164 kB
1776510226.480691573 Unevictable:           0 kB
1776510226.480691573 Mlocked:               0 kB
1776510226.480691573 SwapTotal:             0 kB
1776510226.480691573 SwapFree:              0 kB
1776510226.480691573 Zswap:                 0 kB
1776510226.480691573 Zswapped:              0 kB
1776510226.480691573 Dirty:                96 kB
1776510226.480691573 Writeback:             0 kB
1776510226.480691573 AnonPages:         83512 kB
1776510226.480691573 Mapped:            87972 kB
1776510226.480691573 Shmem:              3456 kB
1776510226.480691573 KReclaimable:      27960 kB
1776510226.480691573 Slab:             116084 kB
1776510226.480691573 SReclaimable:      27960 kB
1776510226.480691573 SUnreclaim:        88124 kB
1776510226.480691573 KernelStack:        2984 kB
1776510226.480691573 PageTables:         3388 kB
1776510226.480691573 SecPageTables:         0 kB
1776510226.480691573 NFS_Unstable:          0 kB
1776510226.480691573 Bounce:                0 kB
1776510226.480691573 WritebackTmp:          0 kB
1776510226.480691573 CommitLimit:     3537964 kB
1776510226.480691573 Committed_AS:     395760 kB
1776510226.480691573 VmallocTotal:   135288315904 kB
1776510226.480691573 VmallocUsed:       18704 kB
1776510226.480691573 VmallocChunk:          0 kB
1776510226.480691573 Percpu:             1504 kB
1776510226.480691573 AnonHugePages:         0 kB
1776510226.480691573 ShmemHugePages:        0 kB
1776510226.480691573 ShmemPmdMapped:        0 kB
1776510226.480691573 FileHugePages:         0 kB
1776510226.480691573 FilePmdMapped:         0 kB
1776510226.480691573 CmaTotal:          65536 kB
1776510226.480691573 CmaFree:           49104 kB
1776510226.480691573 Balloon:               0 kB
1776510226.480691573 HugePages_Total:     512
1776510226.480691573 HugePages_Free:      512
1776510226.480691573 HugePages_Rsvd:        0
1776510226.480691573 HugePages_Surp:        0
1776510226.480691573 Hugepagesize:       2048 kB
1776510226.480691573 Hugetlb:         1048576 kB
1776510227.492953203 MemTotal:        8124504 kB
1776510227.492953203 MemFree:         6520988 kB
1776510227.492953203 MemAvailable:    6668976 kB
1776510227.492953203 Buffers:           27936 kB
1776510227.492953203 Cached:           249212 kB
1776510227.492953203 SwapCached:            0 kB
1776510227.492953203 Active:           278252 kB
1776510227.492953203 Inactive:          82176 kB
1776510227.492953203 Active(anon):      86660 kB
1776510227.492953203 Inactive(anon):        0 kB
1776510227.492953203 Active(file):     191592 kB
1776510227.492953203 Inactive(file):    82176 kB
1776510227.492953203 Unevictable:           0 kB
1776510227.492953203 Mlocked:               0 kB
1776510227.492953203 SwapTotal:             0 kB
1776510227.492953203 SwapFree:              0 kB
1776510227.492953203 Zswap:                 0 kB
1776510227.492953203 Zswapped:              0 kB
1776510227.492953203 Dirty:               104 kB
1776510227.492953203 Writeback:             0 kB
1776510227.492953203 AnonPages:         83244 kB
1776510227.492953203 Mapped:            87788 kB
1776510227.492953203 Shmem:              3456 kB
1776510227.492953203 KReclaimable:      27960 kB
1776510227.492953203 Slab:             116092 kB
1776510227.492953203 SReclaimable:      27960 kB
1776510227.492953203 SUnreclaim:        88132 kB
1776510227.492953203 KernelStack:        2976 kB
1776510227.492953203 PageTables:         3192 kB
1776510227.492953203 SecPageTables:         0 kB
1776510227.492953203 NFS_Unstable:          0 kB
1776510227.492953203 Bounce:                0 kB
1776510227.492953203 WritebackTmp:          0 kB
1776510227.492953203 CommitLimit:     3537964 kB
1776510227.492953203 Committed_AS:     395760 kB
1776510227.492953203 VmallocTotal:   135288315904 kB
1776510227.492953203 VmallocUsed:       18688 kB
1776510227.492953203 VmallocChunk:          0 kB
1776510227.492953203 Percpu:             1504 kB
1776510227.492953203 AnonHugePages:         0 kB
1776510227.492953203 ShmemHugePages:        0 kB
1776510227.492953203 ShmemPmdMapped:        0 kB
1776510227.492953203 FileHugePages:         0 kB
1776510227.492953203 FilePmdMapped:         0 kB
1776510227.492953203 CmaTotal:          65536 kB
1776510227.492953203 CmaFree:           49104 kB
1776510227.492953203 Balloon:               0 kB
1776510227.492953203 HugePages_Total:     512
1776510227.492953203 HugePages_Free:      512
1776510227.492953203 HugePages_Rsvd:        0
1776510227.492953203 HugePages_Surp:        0
1776510227.492953203 Hugepagesize:       2048 kB
1776510227.492953203 Hugetlb:         1048576 kB
1776510228.504921628 MemTotal:        8124504 kB
1776510228.504921628 MemFree:         6520408 kB
1776510228.504921628 MemAvailable:    6668404 kB
1776510228.504921628 Buffers:           27936 kB
1776510228.504921628 Cached:           249216 kB
1776510228.504921628 SwapCached:            0 kB
1776510228.504921628 Active:           278288 kB
1776510228.504921628 Inactive:          82180 kB
1776510228.504921628 Active(anon):      86692 kB
1776510228.504921628 Inactive(anon):        0 kB
1776510228.504921628 Active(file):     191596 kB
1776510228.504921628 Inactive(file):    82180 kB
1776510228.504921628 Unevictable:           0 kB
1776510228.504921628 Mlocked:               0 kB
1776510228.504921628 SwapTotal:             0 kB
1776510228.504921628 SwapFree:              0 kB
1776510228.504921628 Zswap:                 0 kB
1776510228.504921628 Zswapped:              0 kB
1776510228.504921628 Dirty:               108 kB
1776510228.504921628 Writeback:             0 kB
1776510228.504921628 AnonPages:         83372 kB
1776510228.504921628 Mapped:            87808 kB
1776510228.504921628 Shmem:              3456 kB
1776510228.504921628 KReclaimable:      27960 kB
1776510228.504921628 Slab:             116112 kB
1776510228.504921628 SReclaimable:      27960 kB
1776510228.504921628 SUnreclaim:        88152 kB
1776510228.504921628 KernelStack:        3008 kB
1776510228.504921628 PageTables:         3312 kB
1776510228.504921628 SecPageTables:         0 kB
1776510228.504921628 NFS_Unstable:          0 kB
1776510228.504921628 Bounce:                0 kB
1776510228.504921628 WritebackTmp:          0 kB
1776510228.504921628 CommitLimit:     3537964 kB
1776510228.504921628 Committed_AS:     395760 kB
1776510228.504921628 VmallocTotal:   135288315904 kB
1776510228.504921628 VmallocUsed:       18720 kB
1776510228.504921628 VmallocChunk:          0 kB
1776510228.504921628 Percpu:             1504 kB
1776510228.504921628 AnonHugePages:         0 kB
1776510228.504921628 ShmemHugePages:        0 kB
1776510228.504921628 ShmemPmdMapped:        0 kB
1776510228.504921628 FileHugePages:         0 kB
1776510228.504921628 FilePmdMapped:         0 kB
1776510228.504921628 CmaTotal:          65536 kB
1776510228.504921628 CmaFree:           49104 kB
1776510228.504921628 Balloon:               0 kB
1776510228.504921628 HugePages_Total:     512
1776510228.504921628 HugePages_Free:      512
1776510228.504921628 HugePages_Rsvd:        0
1776510228.504921628 HugePages_Surp:        0
1776510228.504921628 Hugepagesize:       2048 kB
1776510228.504921628 Hugetlb:         1048576 kB
1776510229.517797334 MemTotal:        8124504 kB
1776510229.517797334 MemFree:         6520072 kB
1776510229.517797334 MemAvailable:    6668072 kB
1776510229.517797334 Buffers:           27936 kB
1776510229.517797334 Cached:           249224 kB
1776510229.517797334 SwapCached:            0 kB
1776510229.517797334 Active:           278280 kB
1776510229.517797334 Inactive:          82180 kB
1776510229.517797334 Active(anon):      86680 kB
1776510229.517797334 Inactive(anon):        0 kB
1776510229.517797334 Active(file):     191600 kB
1776510229.517797334 Inactive(file):    82180 kB
1776510229.517797334 Unevictable:           0 kB
1776510229.517797334 Mlocked:               0 kB
1776510229.517797334 SwapTotal:             0 kB
1776510229.517797334 SwapFree:              0 kB
1776510229.517797334 Zswap:                 0 kB
1776510229.517797334 Zswapped:              0 kB
1776510229.517797334 Dirty:               116 kB
1776510229.517797334 Writeback:             0 kB
1776510229.517797334 AnonPages:         83340 kB
1776510229.517797334 Mapped:            87788 kB
1776510229.517797334 Shmem:              3456 kB
1776510229.517797334 KReclaimable:      27960 kB
1776510229.517797334 Slab:             116092 kB
1776510229.517797334 SReclaimable:      27960 kB
1776510229.517797334 SUnreclaim:        88132 kB
1776510229.517797334 KernelStack:        2992 kB
1776510229.517797334 PageTables:         3256 kB
1776510229.517797334 SecPageTables:         0 kB
1776510229.517797334 NFS_Unstable:          0 kB
1776510229.517797334 Bounce:                0 kB
1776510229.517797334 WritebackTmp:          0 kB
1776510229.517797334 CommitLimit:     3537964 kB
1776510229.517797334 Committed_AS:     395760 kB
1776510229.517797334 VmallocTotal:   135288315904 kB
1776510229.517797334 VmallocUsed:       18720 kB
1776510229.517797334 VmallocChunk:          0 kB
1776510229.517797334 Percpu:             1504 kB
1776510229.517797334 AnonHugePages:         0 kB
1776510229.517797334 ShmemHugePages:        0 kB
1776510229.517797334 ShmemPmdMapped:        0 kB
1776510229.517797334 FileHugePages:         0 kB
1776510229.517797334 FilePmdMapped:         0 kB
1776510229.517797334 CmaTotal:          65536 kB
1776510229.517797334 CmaFree:           49104 kB
1776510229.517797334 Balloon:               0 kB
1776510229.517797334 HugePages_Total:     512
1776510229.517797334 HugePages_Free:      512
1776510229.517797334 HugePages_Rsvd:        0
1776510229.517797334 HugePages_Surp:        0
1776510229.517797334 Hugepagesize:       2048 kB
1776510229.517797334 Hugetlb:         1048576 kB
1776510230.530305224 MemTotal:        8124504 kB
1776510230.530305224 MemFree:         6520600 kB
1776510230.530305224 MemAvailable:    6668612 kB
1776510230.530305224 Buffers:           27944 kB
1776510230.530305224 Cached:           249228 kB
1776510230.530305224 SwapCached:            0 kB
1776510230.530305224 Active:           278512 kB
1776510230.530305224 Inactive:          82192 kB
1776510230.530305224 Active(anon):      86912 kB
1776510230.530305224 Inactive(anon):        0 kB
1776510230.530305224 Active(file):     191600 kB
1776510230.530305224 Inactive(file):    82192 kB
1776510230.530305224 Unevictable:           0 kB
1776510230.530305224 Mlocked:               0 kB
1776510230.530305224 SwapTotal:             0 kB
1776510230.530305224 SwapFree:              0 kB
1776510230.530305224 Zswap:                 0 kB
1776510230.530305224 Zswapped:              0 kB
1776510230.530305224 Dirty:               124 kB
1776510230.530305224 Writeback:             0 kB
1776510230.530305224 AnonPages:         83288 kB
1776510230.530305224 Mapped:            88044 kB
1776510230.530305224 Shmem:              3456 kB
1776510230.530305224 KReclaimable:      27960 kB
1776510230.530305224 Slab:             116084 kB
1776510230.530305224 SReclaimable:      27960 kB
1776510230.530305224 SUnreclaim:        88124 kB
1776510230.530305224 KernelStack:        2968 kB
1776510230.530305224 PageTables:         3224 kB
1776510230.530305224 SecPageTables:         0 kB
1776510230.530305224 NFS_Unstable:          0 kB
1776510230.530305224 Bounce:                0 kB
1776510230.530305224 WritebackTmp:          0 kB
1776510230.530305224 CommitLimit:     3537964 kB
1776510230.530305224 Committed_AS:     395760 kB
1776510230.530305224 VmallocTotal:   135288315904 kB
1776510230.530305224 VmallocUsed:       18688 kB
1776510230.530305224 VmallocChunk:          0 kB
1776510230.530305224 Percpu:             1504 kB
1776510230.530305224 AnonHugePages:         0 kB
1776510230.530305224 ShmemHugePages:        0 kB
1776510230.530305224 ShmemPmdMapped:        0 kB
1776510230.530305224 FileHugePages:         0 kB
1776510230.530305224 FilePmdMapped:         0 kB
1776510230.530305224 CmaTotal:          65536 kB
1776510230.530305224 CmaFree:           49104 kB
1776510230.530305224 Balloon:               0 kB
1776510230.530305224 HugePages_Total:     512
1776510230.530305224 HugePages_Free:      512
1776510230.530305224 HugePages_Rsvd:        0
1776510230.530305224 HugePages_Surp:        0
1776510230.530305224 Hugepagesize:       2048 kB
1776510230.530305224 Hugetlb:         1048576 kB
1776510231.542700410 MemTotal:        8124504 kB
1776510231.542700410 MemFree:         6519872 kB
1776510231.542700410 MemAvailable:    6667896 kB
1776510231.542700410 Buffers:           27944 kB
1776510231.542700410 Cached:           249232 kB
1776510231.542700410 SwapCached:            0 kB
1776510231.542700410 Active:           278152 kB
1776510231.542700410 Inactive:          82204 kB
1776510231.542700410 Active(anon):      86556 kB
1776510231.542700410 Inactive(anon):        0 kB
1776510231.542700410 Active(file):     191596 kB
1776510231.542700410 Inactive(file):    82204 kB
1776510231.542700410 Unevictable:           0 kB
1776510231.542700410 Mlocked:               0 kB
1776510231.542700410 SwapTotal:             0 kB
1776510231.542700410 SwapFree:              0 kB
1776510231.542700410 Zswap:                 0 kB
1776510231.542700410 Zswapped:              0 kB
1776510231.542700410 Dirty:               128 kB
1776510231.542700410 Writeback:             0 kB
1776510231.542700410 AnonPages:         83252 kB
1776510231.542700410 Mapped:            87788 kB
1776510231.542700410 Shmem:              3456 kB
1776510231.542700410 KReclaimable:      27960 kB
1776510231.542700410 Slab:             116096 kB
1776510231.542700410 SReclaimable:      27960 kB
1776510231.542700410 SUnreclaim:        88136 kB
1776510231.542700410 KernelStack:        2976 kB
1776510231.542700410 PageTables:         3196 kB
1776510231.542700410 SecPageTables:         0 kB
1776510231.542700410 NFS_Unstable:          0 kB
1776510231.542700410 Bounce:                0 kB
1776510231.542700410 WritebackTmp:          0 kB
1776510231.542700410 CommitLimit:     3537964 kB
1776510231.542700410 Committed_AS:     395760 kB
1776510231.542700410 VmallocTotal:   135288315904 kB
1776510231.542700410 VmallocUsed:       18720 kB
1776510231.542700410 VmallocChunk:          0 kB
1776510231.542700410 Percpu:             1504 kB
1776510231.542700410 AnonHugePages:         0 kB
1776510231.542700410 ShmemHugePages:        0 kB
1776510231.542700410 ShmemPmdMapped:        0 kB
1776510231.542700410 FileHugePages:         0 kB
1776510231.542700410 FilePmdMapped:         0 kB
1776510231.542700410 CmaTotal:          65536 kB
1776510231.542700410 CmaFree:           49104 kB
1776510231.542700410 Balloon:               0 kB
1776510231.542700410 HugePages_Total:     512
1776510231.542700410 HugePages_Free:      512
1776510231.542700410 HugePages_Rsvd:        0
1776510231.542700410 HugePages_Surp:        0
1776510231.542700410 Hugepagesize:       2048 kB
1776510231.542700410 Hugetlb:         1048576 kB
1776510232.555122004 MemTotal:        8124504 kB
1776510232.555122004 MemFree:         6519872 kB
1776510232.555122004 MemAvailable:    6667892 kB
1776510232.555122004 Buffers:           27944 kB
1776510232.555122004 Cached:           249236 kB
1776510232.555122004 SwapCached:            0 kB
1776510232.555122004 Active:           278148 kB
1776510232.555122004 Inactive:          82204 kB
1776510232.555122004 Active(anon):      86552 kB
1776510232.555122004 Inactive(anon):        0 kB
1776510232.555122004 Active(file):     191596 kB
1776510232.555122004 Inactive(file):    82204 kB
1776510232.555122004 Unevictable:           0 kB
1776510232.555122004 Mlocked:               0 kB
1776510232.555122004 SwapTotal:             0 kB
1776510232.555122004 SwapFree:              0 kB
1776510232.555122004 Zswap:                 0 kB
1776510232.555122004 Zswapped:              0 kB
1776510232.555122004 Dirty:               132 kB
1776510232.555122004 Writeback:             0 kB
1776510232.555122004 AnonPages:         83324 kB
1776510232.555122004 Mapped:            87828 kB
1776510232.555122004 Shmem:              3456 kB
1776510232.555122004 KReclaimable:      27960 kB
1776510232.555122004 Slab:             116104 kB
1776510232.555122004 SReclaimable:      27960 kB
1776510232.555122004 SUnreclaim:        88144 kB
1776510232.555122004 KernelStack:        2968 kB
1776510232.555122004 PageTables:         3364 kB
1776510232.555122004 SecPageTables:         0 kB
1776510232.555122004 NFS_Unstable:          0 kB
1776510232.555122004 Bounce:                0 kB
1776510232.555122004 WritebackTmp:          0 kB
1776510232.555122004 CommitLimit:     3537964 kB
1776510232.555122004 Committed_AS:     395760 kB
1776510232.555122004 VmallocTotal:   135288315904 kB
1776510232.555122004 VmallocUsed:       18688 kB
1776510232.555122004 VmallocChunk:          0 kB
1776510232.555122004 Percpu:             1504 kB
1776510232.555122004 AnonHugePages:         0 kB
1776510232.555122004 ShmemHugePages:        0 kB
1776510232.555122004 ShmemPmdMapped:        0 kB
1776510232.555122004 FileHugePages:         0 kB
1776510232.555122004 FilePmdMapped:         0 kB
1776510232.555122004 CmaTotal:          65536 kB
1776510232.555122004 CmaFree:           49104 kB
1776510232.555122004 Balloon:               0 kB
1776510232.555122004 HugePages_Total:     512
1776510232.555122004 HugePages_Free:      512
1776510232.555122004 HugePages_Rsvd:        0
1776510232.555122004 HugePages_Surp:        0
1776510232.555122004 Hugepagesize:       2048 kB
1776510232.555122004 Hugetlb:         1048576 kB
1776510233.566611483 MemTotal:        8124504 kB
1776510233.566611483 MemFree:         6520144 kB
1776510233.566611483 MemAvailable:    6668180 kB
1776510233.566611483 Buffers:           27944 kB
1776510233.566611483 Cached:           249240 kB
1776510233.566611483 SwapCached:            0 kB
1776510233.566611483 Active:           278444 kB
1776510233.566611483 Inactive:          82212 kB
1776510233.566611483 Active(anon):      86840 kB
1776510233.566611483 Inactive(anon):        0 kB
1776510233.566611483 Active(file):     191604 kB
1776510233.566611483 Inactive(file):    82212 kB
1776510233.566611483 Unevictable:           0 kB
1776510233.566611483 Mlocked:               0 kB
1776510233.566611483 SwapTotal:             0 kB
1776510233.566611483 SwapFree:              0 kB
1776510233.566611483 Zswap:                 0 kB
1776510233.566611483 Zswapped:              0 kB
1776510233.566611483 Dirty:               136 kB
1776510233.566611483 Writeback:             0 kB
1776510233.566611483 AnonPages:         83432 kB
1776510233.566611483 Mapped:            87952 kB
1776510233.566611483 Shmem:              3456 kB
1776510233.566611483 KReclaimable:      27960 kB
1776510233.566611483 Slab:             116120 kB
1776510233.566611483 SReclaimable:      27960 kB
1776510233.566611483 SUnreclaim:        88160 kB
1776510233.566611483 KernelStack:        2992 kB
1776510233.566611483 PageTables:         3372 kB
1776510233.566611483 SecPageTables:         0 kB
1776510233.566611483 NFS_Unstable:          0 kB
1776510233.566611483 Bounce:                0 kB
1776510233.566611483 WritebackTmp:          0 kB
1776510233.566611483 CommitLimit:     3537964 kB
1776510233.566611483 Committed_AS:     395760 kB
1776510233.566611483 VmallocTotal:   135288315904 kB
1776510233.566611483 VmallocUsed:       18720 kB
1776510233.566611483 VmallocChunk:          0 kB
1776510233.566611483 Percpu:             1504 kB
1776510233.566611483 AnonHugePages:         0 kB
1776510233.566611483 ShmemHugePages:        0 kB
1776510233.566611483 ShmemPmdMapped:        0 kB
1776510233.566611483 FileHugePages:         0 kB
1776510233.566611483 FilePmdMapped:         0 kB
1776510233.566611483 CmaTotal:          65536 kB
1776510233.566611483 CmaFree:           49104 kB
1776510233.566611483 Balloon:               0 kB
1776510233.566611483 HugePages_Total:     512
1776510233.566611483 HugePages_Free:      512
1776510233.566611483 HugePages_Rsvd:        0
1776510233.566611483 HugePages_Surp:        0
1776510233.566611483 Hugepagesize:       2048 kB
1776510233.566611483 Hugetlb:         1048576 kB
1776510234.574109246 MemTotal:        8124504 kB
1776510234.574109246 MemFree:         6519680 kB
1776510234.574109246 MemAvailable:    6667720 kB
1776510234.574109246 Buffers:           27944 kB
1776510234.574109246 Cached:           249248 kB
1776510234.574109246 SwapCached:            0 kB
1776510234.574109246 Active:           278300 kB
1776510234.574109246 Inactive:          82220 kB
1776510234.574109246 Active(anon):      86700 kB
1776510234.574109246 Inactive(anon):        0 kB
1776510234.574109246 Active(file):     191600 kB
1776510234.574109246 Inactive(file):    82220 kB
1776510234.574109246 Unevictable:           0 kB
1776510234.574109246 Mlocked:               0 kB
1776510234.574109246 SwapTotal:             0 kB
1776510234.574109246 SwapFree:              0 kB
1776510234.574109246 Zswap:                 0 kB
1776510234.574109246 Zswapped:              0 kB
1776510234.574109246 Dirty:               144 kB
1776510234.574109246 Writeback:             0 kB
1776510234.574109246 AnonPages:         83388 kB
1776510234.574109246 Mapped:            87912 kB
1776510234.574109246 Shmem:              3456 kB
1776510234.574109246 KReclaimable:      27960 kB
1776510234.574109246 Slab:             116108 kB
1776510234.574109246 SReclaimable:      27960 kB
1776510234.574109246 SUnreclaim:        88148 kB
1776510234.574109246 KernelStack:        2992 kB
1776510234.574109246 PageTables:         3264 kB
1776510234.574109246 SecPageTables:         0 kB
1776510234.574109246 NFS_Unstable:          0 kB
1776510234.574109246 Bounce:                0 kB
1776510234.574109246 WritebackTmp:          0 kB
1776510234.574109246 CommitLimit:     3537964 kB
1776510234.574109246 Committed_AS:     395760 kB
1776510234.574109246 VmallocTotal:   135288315904 kB
1776510234.574109246 VmallocUsed:       18720 kB
1776510234.574109246 VmallocChunk:          0 kB
1776510234.574109246 Percpu:             1504 kB
1776510234.574109246 AnonHugePages:         0 kB
1776510234.574109246 ShmemHugePages:        0 kB
1776510234.574109246 ShmemPmdMapped:        0 kB
1776510234.574109246 FileHugePages:         0 kB
1776510234.574109246 FilePmdMapped:         0 kB
1776510234.574109246 CmaTotal:          65536 kB
1776510234.574109246 CmaFree:           49104 kB
1776510234.574109246 Balloon:               0 kB
1776510234.574109246 HugePages_Total:     512
1776510234.574109246 HugePages_Free:      512
1776510234.574109246 HugePages_Rsvd:        0
1776510234.574109246 HugePages_Surp:        0
1776510234.574109246 Hugepagesize:       2048 kB
1776510234.574109246 Hugetlb:         1048576 kB
1776510235.589782035 MemTotal:        8124504 kB
1776510235.589782035 MemFree:         6520196 kB
1776510235.589782035 MemAvailable:    6668236 kB
1776510235.589782035 Buffers:           27952 kB
1776510235.589782035 Cached:           249244 kB
1776510235.589782035 SwapCached:            0 kB
1776510235.589782035 Active:           278248 kB
1776510235.589782035 Inactive:          82220 kB
1776510235.589782035 Active(anon):      86648 kB
1776510235.589782035 Inactive(anon):        0 kB
1776510235.589782035 Active(file):     191600 kB
1776510235.589782035 Inactive(file):    82220 kB
1776510235.589782035 Unevictable:           0 kB
1776510235.589782035 Mlocked:               0 kB
1776510235.589782035 SwapTotal:             0 kB
1776510235.589782035 SwapFree:              0 kB
1776510235.589782035 Zswap:                 0 kB
1776510235.589782035 Zswapped:              0 kB
1776510235.589782035 Dirty:               144 kB
1776510235.589782035 Writeback:             0 kB
1776510235.589782035 AnonPages:         83340 kB
1776510235.589782035 Mapped:            87828 kB
1776510235.589782035 Shmem:              3456 kB
1776510235.589782035 KReclaimable:      27960 kB
1776510235.589782035 Slab:             116120 kB
1776510235.589782035 SReclaimable:      27960 kB
1776510235.589782035 SUnreclaim:        88160 kB
1776510235.589782035 KernelStack:        2992 kB
1776510235.589782035 PageTables:         3272 kB
1776510235.589782035 SecPageTables:         0 kB
1776510235.589782035 NFS_Unstable:          0 kB
1776510235.589782035 Bounce:                0 kB
1776510235.589782035 WritebackTmp:          0 kB
1776510235.589782035 CommitLimit:     3537964 kB
1776510235.589782035 Committed_AS:     395760 kB
1776510235.589782035 VmallocTotal:   135288315904 kB
1776510235.589782035 VmallocUsed:       18704 kB
1776510235.589782035 VmallocChunk:          0 kB
1776510235.589782035 Percpu:             1504 kB
1776510235.589782035 AnonHugePages:         0 kB
1776510235.589782035 ShmemHugePages:        0 kB
1776510235.589782035 ShmemPmdMapped:        0 kB
1776510235.589782035 FileHugePages:         0 kB
1776510235.589782035 FilePmdMapped:         0 kB
1776510235.589782035 CmaTotal:          65536 kB
1776510235.589782035 CmaFree:           49104 kB
1776510235.589782035 Balloon:               0 kB
1776510235.589782035 HugePages_Total:     512
1776510235.589782035 HugePages_Free:      512
1776510235.589782035 HugePages_Rsvd:        0
1776510235.589782035 HugePages_Surp:        0
1776510235.589782035 Hugepagesize:       2048 kB
1776510235.589782035 Hugetlb:         1048576 kB
1776510236.599193748 MemTotal:        8124504 kB
1776510236.599193748 MemFree:         6520764 kB
1776510236.599193748 MemAvailable:    6668820 kB
1776510236.599193748 Buffers:           27952 kB
1776510236.599193748 Cached:           249256 kB
1776510236.599193748 SwapCached:            0 kB
1776510236.599193748 Active:           278204 kB
1776510236.599193748 Inactive:          82236 kB
1776510236.599193748 Active(anon):      86604 kB
1776510236.599193748 Inactive(anon):        0 kB
1776510236.599193748 Active(file):     191600 kB
1776510236.599193748 Inactive(file):    82236 kB
1776510236.599193748 Unevictable:           0 kB
1776510236.599193748 Mlocked:               0 kB
1776510236.599193748 SwapTotal:             0 kB
1776510236.599193748 SwapFree:              0 kB
1776510236.599193748 Zswap:                 0 kB
1776510236.599193748 Zswapped:              0 kB
1776510236.599193748 Dirty:               152 kB
1776510236.599193748 Writeback:             0 kB
1776510236.599193748 AnonPages:         83336 kB
1776510236.599193748 Mapped:            87828 kB
1776510236.599193748 Shmem:              3456 kB
1776510236.599193748 KReclaimable:      27960 kB
1776510236.599193748 Slab:             116108 kB
1776510236.599193748 SReclaimable:      27960 kB
1776510236.599193748 SUnreclaim:        88148 kB
1776510236.599193748 KernelStack:        2992 kB
1776510236.599193748 PageTables:         3276 kB
1776510236.599193748 SecPageTables:         0 kB
1776510236.599193748 NFS_Unstable:          0 kB
1776510236.599193748 Bounce:                0 kB
1776510236.599193748 WritebackTmp:          0 kB
1776510236.599193748 CommitLimit:     3537964 kB
1776510236.599193748 Committed_AS:     395760 kB
1776510236.599193748 VmallocTotal:   135288315904 kB
1776510236.599193748 VmallocUsed:       18688 kB
1776510236.599193748 VmallocChunk:          0 kB
1776510236.599193748 Percpu:             1504 kB
1776510236.599193748 AnonHugePages:         0 kB
1776510236.599193748 ShmemHugePages:        0 kB
1776510236.599193748 ShmemPmdMapped:        0 kB
1776510236.599193748 FileHugePages:         0 kB
1776510236.599193748 FilePmdMapped:         0 kB
1776510236.599193748 CmaTotal:          65536 kB
1776510236.599193748 CmaFree:           49104 kB
1776510236.599193748 Balloon:               0 kB
1776510236.599193748 HugePages_Total:     512
1776510236.599193748 HugePages_Free:      512
1776510236.599193748 HugePages_Rsvd:        0
1776510236.599193748 HugePages_Surp:        0
1776510236.599193748 Hugepagesize:       2048 kB
1776510236.599193748 Hugetlb:         1048576 kB
1776510237.606736530 MemTotal:        8124504 kB
1776510237.606736530 MemFree:         6520740 kB
1776510237.606736530 MemAvailable:    6668792 kB
1776510237.606736530 Buffers:           27952 kB
1776510237.606736530 Cached:           249256 kB
1776510237.606736530 SwapCached:            0 kB
1776510237.606736530 Active:           278268 kB
1776510237.606736530 Inactive:          82236 kB
1776510237.606736530 Active(anon):      86672 kB
1776510237.606736530 Inactive(anon):        0 kB
1776510237.606736530 Active(file):     191596 kB
1776510237.606736530 Inactive(file):    82236 kB
1776510237.606736530 Unevictable:           0 kB
1776510237.606736530 Mlocked:               0 kB
1776510237.606736530 SwapTotal:             0 kB
1776510237.606736530 SwapFree:              0 kB
1776510237.606736530 Zswap:                 0 kB
1776510237.606736530 Zswapped:              0 kB
1776510237.606736530 Dirty:               152 kB
1776510237.606736530 Writeback:             0 kB
1776510237.606736530 AnonPages:         83348 kB
1776510237.606736530 Mapped:            88020 kB
1776510237.606736530 Shmem:              3456 kB
1776510237.606736530 KReclaimable:      27960 kB
1776510237.606736530 Slab:             116116 kB
1776510237.606736530 SReclaimable:      27960 kB
1776510237.606736530 SUnreclaim:        88156 kB
1776510237.606736530 KernelStack:        2992 kB
1776510237.606736530 PageTables:         3236 kB
1776510237.606736530 SecPageTables:         0 kB
1776510237.606736530 NFS_Unstable:          0 kB
1776510237.606736530 Bounce:                0 kB
1776510237.606736530 WritebackTmp:          0 kB
1776510237.606736530 CommitLimit:     3537964 kB
1776510237.606736530 Committed_AS:     395760 kB
1776510237.606736530 VmallocTotal:   135288315904 kB
1776510237.606736530 VmallocUsed:       18704 kB
1776510237.606736530 VmallocChunk:          0 kB
1776510237.606736530 Percpu:             1504 kB
1776510237.606736530 AnonHugePages:         0 kB
1776510237.606736530 ShmemHugePages:        0 kB
1776510237.606736530 ShmemPmdMapped:        0 kB
1776510237.606736530 FileHugePages:         0 kB
1776510237.606736530 FilePmdMapped:         0 kB
1776510237.606736530 CmaTotal:          65536 kB
1776510237.606736530 CmaFree:           49104 kB
1776510237.606736530 Balloon:               0 kB
1776510237.606736530 HugePages_Total:     512
1776510237.606736530 HugePages_Free:      512
1776510237.606736530 HugePages_Rsvd:        0
1776510237.606736530 HugePages_Surp:        0
1776510237.606736530 Hugepagesize:       2048 kB
1776510237.606736530 Hugetlb:         1048576 kB
1776510238.614254756 MemTotal:        8124504 kB
1776510238.614254756 MemFree:         6520672 kB
1776510238.614254756 MemAvailable:    6668736 kB
1776510238.614254756 Buffers:           27952 kB
1776510238.614254756 Cached:           249268 kB
1776510238.614254756 SwapCached:            0 kB
1776510238.614254756 Active:           278180 kB
1776510238.614254756 Inactive:          82248 kB
1776510238.614254756 Active(anon):      86584 kB
1776510238.614254756 Inactive(anon):        0 kB
1776510238.614254756 Active(file):     191596 kB
1776510238.614254756 Inactive(file):    82248 kB
1776510238.614254756 Unevictable:           0 kB
1776510238.614254756 Mlocked:               0 kB
1776510238.614254756 SwapTotal:             0 kB
1776510238.614254756 SwapFree:              0 kB
1776510238.614254756 Zswap:                 0 kB
1776510238.614254756 Zswapped:              0 kB
1776510238.614254756 Dirty:               164 kB
1776510238.614254756 Writeback:             0 kB
1776510238.614254756 AnonPages:         83328 kB
1776510238.614254756 Mapped:            87788 kB
1776510238.614254756 Shmem:              3456 kB
1776510238.614254756 KReclaimable:      27960 kB
1776510238.614254756 Slab:             116108 kB
1776510238.614254756 SReclaimable:      27960 kB
1776510238.614254756 SUnreclaim:        88148 kB
1776510238.614254756 KernelStack:        2992 kB
1776510238.614254756 PageTables:         3268 kB
1776510238.614254756 SecPageTables:         0 kB
1776510238.614254756 NFS_Unstable:          0 kB
1776510238.614254756 Bounce:                0 kB
1776510238.614254756 WritebackTmp:          0 kB
1776510238.614254756 CommitLimit:     3537964 kB
1776510238.614254756 Committed_AS:     395760 kB
1776510238.614254756 VmallocTotal:   135288315904 kB
1776510238.614254756 VmallocUsed:       18704 kB
1776510238.614254756 VmallocChunk:          0 kB
1776510238.614254756 Percpu:             1504 kB
1776510238.614254756 AnonHugePages:         0 kB
1776510238.614254756 ShmemHugePages:        0 kB
1776510238.614254756 ShmemPmdMapped:        0 kB
1776510238.614254756 FileHugePages:         0 kB
1776510238.614254756 FilePmdMapped:         0 kB
1776510238.614254756 CmaTotal:          65536 kB
1776510238.614254756 CmaFree:           49104 kB
1776510238.614254756 Balloon:               0 kB
1776510238.614254756 HugePages_Total:     512
1776510238.614254756 HugePages_Free:      512
1776510238.614254756 HugePages_Rsvd:        0
1776510238.614254756 HugePages_Surp:        0
1776510238.614254756 Hugepagesize:       2048 kB
1776510238.614254756 Hugetlb:         1048576 kB
1776510239.621720982 MemTotal:        8124504 kB
1776510239.621720982 MemFree:         6520936 kB
1776510239.621720982 MemAvailable:    6669008 kB
1776510239.621720982 Buffers:           27952 kB
1776510239.621720982 Cached:           249272 kB
1776510239.621720982 SwapCached:            0 kB
1776510239.621720982 Active:           278264 kB
1776510239.621720982 Inactive:          82252 kB
1776510239.621720982 Active(anon):      86664 kB
1776510239.621720982 Inactive(anon):        0 kB
1776510239.621720982 Active(file):     191600 kB
1776510239.621720982 Inactive(file):    82252 kB
1776510239.621720982 Unevictable:           0 kB
1776510239.621720982 Mlocked:               0 kB
1776510239.621720982 SwapTotal:             0 kB
1776510239.621720982 SwapFree:              0 kB
1776510239.621720982 Zswap:                 0 kB
1776510239.621720982 Zswapped:              0 kB
1776510239.621720982 Dirty:               168 kB
1776510239.621720982 Writeback:             0 kB
1776510239.621720982 AnonPages:         83324 kB
1776510239.621720982 Mapped:            87848 kB
1776510239.621720982 Shmem:              3456 kB
1776510239.621720982 KReclaimable:      27960 kB
1776510239.621720982 Slab:             116116 kB
1776510239.621720982 SReclaimable:      27960 kB
1776510239.621720982 SUnreclaim:        88156 kB
1776510239.621720982 KernelStack:        3016 kB
1776510239.621720982 PageTables:         3404 kB
1776510239.621720982 SecPageTables:         0 kB
1776510239.621720982 NFS_Unstable:          0 kB
1776510239.621720982 Bounce:                0 kB
1776510239.621720982 WritebackTmp:          0 kB
1776510239.621720982 CommitLimit:     3537964 kB
1776510239.621720982 Committed_AS:     395760 kB
1776510239.621720982 VmallocTotal:   135288315904 kB
1776510239.621720982 VmallocUsed:       18704 kB
1776510239.621720982 VmallocChunk:          0 kB
1776510239.621720982 Percpu:             1504 kB
1776510239.621720982 AnonHugePages:         0 kB
1776510239.621720982 ShmemHugePages:        0 kB
1776510239.621720982 ShmemPmdMapped:        0 kB
1776510239.621720982 FileHugePages:         0 kB
1776510239.621720982 FilePmdMapped:         0 kB
1776510239.621720982 CmaTotal:          65536 kB
1776510239.621720982 CmaFree:           49104 kB
1776510239.621720982 Balloon:               0 kB
1776510239.621720982 HugePages_Total:     512
1776510239.621720982 HugePages_Free:      512
1776510239.621720982 HugePages_Rsvd:        0
1776510239.621720982 HugePages_Surp:        0
1776510239.621720982 Hugepagesize:       2048 kB
1776510239.621720982 Hugetlb:         1048576 kB
1776510240.636345082 MemTotal:        8124504 kB
1776510240.636345082 MemFree:         6521268 kB
1776510240.636345082 MemAvailable:    6669340 kB
1776510240.636345082 Buffers:           27956 kB
1776510240.636345082 Cached:           249272 kB
1776510240.636345082 SwapCached:            0 kB
1776510240.636345082 Active:           278580 kB
1776510240.636345082 Inactive:          82252 kB
1776510240.636345082 Active(anon):      86980 kB
1776510240.636345082 Inactive(anon):        0 kB
1776510240.636345082 Active(file):     191600 kB
1776510240.636345082 Inactive(file):    82252 kB
1776510240.636345082 Unevictable:           0 kB
1776510240.636345082 Mlocked:               0 kB
1776510240.636345082 SwapTotal:             0 kB
1776510240.636345082 SwapFree:              0 kB
1776510240.636345082 Zswap:                 0 kB
1776510240.636345082 Zswapped:              0 kB
1776510240.636345082 Dirty:               172 kB
1776510240.636345082 Writeback:             0 kB
1776510240.636345082 AnonPages:         83724 kB
1776510240.636345082 Mapped:            88472 kB
1776510240.636345082 Shmem:              3456 kB
1776510240.636345082 KReclaimable:      27960 kB
1776510240.636345082 Slab:             116112 kB
1776510240.636345082 SReclaimable:      27960 kB
1776510240.636345082 SUnreclaim:        88152 kB
1776510240.636345082 KernelStack:        3000 kB
1776510240.636345082 PageTables:         3708 kB
1776510240.636345082 SecPageTables:         0 kB
1776510240.636345082 NFS_Unstable:          0 kB
1776510240.636345082 Bounce:                0 kB
1776510240.636345082 WritebackTmp:          0 kB
1776510240.636345082 CommitLimit:     3537964 kB
1776510240.636345082 Committed_AS:     397024 kB
1776510240.636345082 VmallocTotal:   135288315904 kB
1776510240.636345082 VmallocUsed:       18752 kB
1776510240.636345082 VmallocChunk:          0 kB
1776510240.636345082 Percpu:             1504 kB
1776510240.636345082 AnonHugePages:         0 kB
1776510240.636345082 ShmemHugePages:        0 kB
1776510240.636345082 ShmemPmdMapped:        0 kB
1776510240.636345082 FileHugePages:         0 kB
1776510240.636345082 FilePmdMapped:         0 kB
1776510240.636345082 CmaTotal:          65536 kB
1776510240.636345082 CmaFree:           49104 kB
1776510240.636345082 Balloon:               0 kB
1776510240.636345082 HugePages_Total:     512
1776510240.636345082 HugePages_Free:      512
1776510240.636345082 HugePages_Rsvd:        0
1776510240.636345082 HugePages_Surp:        0
1776510240.636345082 Hugepagesize:       2048 kB
1776510240.636345082 Hugetlb:         1048576 kB
1776510241.655387382 MemTotal:        8124504 kB
1776510241.655387382 MemFree:         6521920 kB
1776510241.655387382 MemAvailable:    6670000 kB
1776510241.655387382 Buffers:           27960 kB
1776510241.655387382 Cached:           249280 kB
1776510241.655387382 SwapCached:            0 kB
1776510241.655387382 Active:           277612 kB
1776510241.655387382 Inactive:          82268 kB
1776510241.655387382 Active(anon):      86020 kB
1776510241.655387382 Inactive(anon):        0 kB
1776510241.655387382 Active(file):     191592 kB
1776510241.655387382 Inactive(file):    82268 kB
1776510241.655387382 Unevictable:           0 kB
1776510241.655387382 Mlocked:               0 kB
1776510241.655387382 SwapTotal:             0 kB
1776510241.655387382 SwapFree:              0 kB
1776510241.655387382 Zswap:                 0 kB
1776510241.655387382 Zswapped:              0 kB
1776510241.655387382 Dirty:               176 kB
1776510241.655387382 Writeback:             0 kB
1776510241.655387382 AnonPages:         82832 kB
1776510241.655387382 Mapped:            88020 kB
1776510241.655387382 Shmem:              3456 kB
1776510241.655387382 KReclaimable:      27960 kB
1776510241.655387382 Slab:             116112 kB
1776510241.655387382 SReclaimable:      27960 kB
1776510241.655387382 SUnreclaim:        88152 kB
1776510241.655387382 KernelStack:        2992 kB
1776510241.655387382 PageTables:         3712 kB
1776510241.655387382 SecPageTables:         0 kB
1776510241.655387382 NFS_Unstable:          0 kB
1776510241.655387382 Bounce:                0 kB
1776510241.655387382 WritebackTmp:          0 kB
1776510241.655387382 CommitLimit:     3537964 kB
1776510241.655387382 Committed_AS:     395164 kB
1776510241.655387382 VmallocTotal:   135288315904 kB
1776510241.655387382 VmallocUsed:       18736 kB
1776510241.655387382 VmallocChunk:          0 kB
1776510241.655387382 Percpu:             1504 kB
1776510241.655387382 AnonHugePages:         0 kB
1776510241.655387382 ShmemHugePages:        0 kB
1776510241.655387382 ShmemPmdMapped:        0 kB
1776510241.655387382 FileHugePages:         0 kB
1776510241.655387382 FilePmdMapped:         0 kB
1776510241.655387382 CmaTotal:          65536 kB
1776510241.655387382 CmaFree:           49104 kB
1776510241.655387382 Balloon:               0 kB
1776510241.655387382 HugePages_Total:     512
1776510241.655387382 HugePages_Free:      512
1776510241.655387382 HugePages_Rsvd:        0
1776510241.655387382 HugePages_Surp:        0
1776510241.655387382 Hugepagesize:       2048 kB
1776510241.655387382 Hugetlb:         1048576 kB
1776510242.671339005 MemTotal:        8124504 kB
1776510242.671339005 MemFree:         6522796 kB
1776510242.671339005 MemAvailable:    6670888 kB
1776510242.671339005 Buffers:           27960 kB
1776510242.671339005 Cached:           249284 kB
1776510242.671339005 SwapCached:            0 kB
1776510242.671339005 Active:           278208 kB
1776510242.671339005 Inactive:          82272 kB
1776510242.671339005 Active(anon):      86608 kB
1776510242.671339005 Inactive(anon):        0 kB
1776510242.671339005 Active(file):     191600 kB
1776510242.671339005 Inactive(file):    82272 kB
1776510242.671339005 Unevictable:           0 kB
1776510242.671339005 Mlocked:               0 kB
1776510242.671339005 SwapTotal:             0 kB
1776510242.671339005 SwapFree:              0 kB
1776510242.671339005 Zswap:                 0 kB
1776510242.671339005 Zswapped:              0 kB
1776510242.671339005 Dirty:               180 kB
1776510242.671339005 Writeback:             0 kB
1776510242.671339005 AnonPages:         83376 kB
1776510242.671339005 Mapped:            87828 kB
1776510242.671339005 Shmem:              3456 kB
1776510242.671339005 KReclaimable:      27960 kB
1776510242.671339005 Slab:             116112 kB
1776510242.671339005 SReclaimable:      27960 kB
1776510242.671339005 SUnreclaim:        88152 kB
1776510242.671339005 KernelStack:        3008 kB
1776510242.671339005 PageTables:         3312 kB
1776510242.671339005 SecPageTables:         0 kB
1776510242.671339005 NFS_Unstable:          0 kB
1776510242.671339005 Bounce:                0 kB
1776510242.671339005 WritebackTmp:          0 kB
1776510242.671339005 CommitLimit:     3537964 kB
1776510242.671339005 Committed_AS:     395760 kB
1776510242.671339005 VmallocTotal:   135288315904 kB
1776510242.671339005 VmallocUsed:       18688 kB
1776510242.671339005 VmallocChunk:          0 kB
1776510242.671339005 Percpu:             1504 kB
1776510242.671339005 AnonHugePages:         0 kB
1776510242.671339005 ShmemHugePages:        0 kB
1776510242.671339005 ShmemPmdMapped:        0 kB
1776510242.671339005 FileHugePages:         0 kB
1776510242.671339005 FilePmdMapped:         0 kB
1776510242.671339005 CmaTotal:          65536 kB
1776510242.671339005 CmaFree:           49104 kB
1776510242.671339005 Balloon:               0 kB
1776510242.671339005 HugePages_Total:     512
1776510242.671339005 HugePages_Free:      512
1776510242.671339005 HugePages_Rsvd:        0
1776510242.671339005 HugePages_Surp:        0
1776510242.671339005 Hugepagesize:       2048 kB
1776510242.671339005 Hugetlb:         1048576 kB
1776510243.682678724 MemTotal:        8124504 kB
1776510243.682678724 MemFree:         6521664 kB
1776510243.682678724 MemAvailable:    6669752 kB
1776510243.682678724 Buffers:           27960 kB
1776510243.682678724 Cached:           249288 kB
1776510243.682678724 SwapCached:            0 kB
1776510243.682678724 Active:           278080 kB
1776510243.682678724 Inactive:          82272 kB
1776510243.682678724 Active(anon):      86484 kB
1776510243.682678724 Inactive(anon):        0 kB
1776510243.682678724 Active(file):     191596 kB
1776510243.682678724 Inactive(file):    82272 kB
1776510243.682678724 Unevictable:           0 kB
1776510243.682678724 Mlocked:               0 kB
1776510243.682678724 SwapTotal:             0 kB
1776510243.682678724 SwapFree:              0 kB
1776510243.682678724 Zswap:                 0 kB
1776510243.682678724 Zswapped:              0 kB
1776510243.682678724 Dirty:               184 kB
1776510243.682678724 Writeback:             0 kB
1776510243.682678724 AnonPages:         83332 kB
1776510243.682678724 Mapped:            87788 kB
1776510243.682678724 Shmem:              3456 kB
1776510243.682678724 KReclaimable:      27960 kB
1776510243.682678724 Slab:             116128 kB
1776510243.682678724 SReclaimable:      27960 kB
1776510243.682678724 SUnreclaim:        88168 kB
1776510243.682678724 KernelStack:        2992 kB
1776510243.682678724 PageTables:         3272 kB
1776510243.682678724 SecPageTables:         0 kB
1776510243.682678724 NFS_Unstable:          0 kB
1776510243.682678724 Bounce:                0 kB
1776510243.682678724 WritebackTmp:          0 kB
1776510243.682678724 CommitLimit:     3537964 kB
1776510243.682678724 Committed_AS:     395760 kB
1776510243.682678724 VmallocTotal:   135288315904 kB
1776510243.682678724 VmallocUsed:       18704 kB
1776510243.682678724 VmallocChunk:          0 kB
1776510243.682678724 Percpu:             1504 kB
1776510243.682678724 AnonHugePages:         0 kB
1776510243.682678724 ShmemHugePages:        0 kB
1776510243.682678724 ShmemPmdMapped:        0 kB
1776510243.682678724 FileHugePages:         0 kB
1776510243.682678724 FilePmdMapped:         0 kB
1776510243.682678724 CmaTotal:          65536 kB
1776510243.682678724 CmaFree:           49104 kB
1776510243.682678724 Balloon:               0 kB
1776510243.682678724 HugePages_Total:     512
1776510243.682678724 HugePages_Free:      512
1776510243.682678724 HugePages_Rsvd:        0
1776510243.682678724 HugePages_Surp:        0
1776510243.682678724 Hugepagesize:       2048 kB
1776510243.682678724 Hugetlb:         1048576 kB
1776510244.698265957 MemTotal:        8124504 kB
1776510244.698265957 MemFree:         6520908 kB
1776510244.698265957 MemAvailable:    6669012 kB
1776510244.698265957 Buffers:           27960 kB
1776510244.698265957 Cached:           249300 kB
1776510244.698265957 SwapCached:            0 kB
1776510244.698265957 Active:           278276 kB
1776510244.698265957 Inactive:          82284 kB
1776510244.698265957 Active(anon):      86676 kB
1776510244.698265957 Inactive(anon):        0 kB
1776510244.698265957 Active(file):     191600 kB
1776510244.698265957 Inactive(file):    82284 kB
1776510244.698265957 Unevictable:           0 kB
1776510244.698265957 Mlocked:               0 kB
1776510244.698265957 SwapTotal:             0 kB
1776510244.698265957 SwapFree:              0 kB
1776510244.698265957 Zswap:                 0 kB
1776510244.698265957 Zswapped:              0 kB
1776510244.698265957 Dirty:               196 kB
1776510244.698265957 Writeback:             0 kB
1776510244.698265957 AnonPages:         83332 kB
1776510244.698265957 Mapped:            87828 kB
1776510244.698265957 Shmem:              3456 kB
1776510244.698265957 KReclaimable:      27960 kB
1776510244.698265957 Slab:             116104 kB
1776510244.698265957 SReclaimable:      27960 kB
1776510244.698265957 SUnreclaim:        88144 kB
1776510244.698265957 KernelStack:        2992 kB
1776510244.698265957 PageTables:         3272 kB
1776510244.698265957 SecPageTables:         0 kB
1776510244.698265957 NFS_Unstable:          0 kB
1776510244.698265957 Bounce:                0 kB
1776510244.698265957 WritebackTmp:          0 kB
1776510244.698265957 CommitLimit:     3537964 kB
1776510244.698265957 Committed_AS:     395760 kB
1776510244.698265957 VmallocTotal:   135288315904 kB
1776510244.698265957 VmallocUsed:       18704 kB
1776510244.698265957 VmallocChunk:          0 kB
1776510244.698265957 Percpu:             1504 kB
1776510244.698265957 AnonHugePages:         0 kB
1776510244.698265957 ShmemHugePages:        0 kB
1776510244.698265957 ShmemPmdMapped:        0 kB
1776510244.698265957 FileHugePages:         0 kB
1776510244.698265957 FilePmdMapped:         0 kB
1776510244.698265957 CmaTotal:          65536 kB
1776510244.698265957 CmaFree:           49104 kB
1776510244.698265957 Balloon:               0 kB
1776510244.698265957 HugePages_Total:     512
1776510244.698265957 HugePages_Free:      512
1776510244.698265957 HugePages_Rsvd:        0
1776510244.698265957 HugePages_Surp:        0
1776510244.698265957 Hugepagesize:       2048 kB
1776510244.698265957 Hugetlb:         1048576 kB
1776510245.705819813 MemTotal:        8124504 kB
1776510245.705819813 MemFree:         6521284 kB
1776510245.705819813 MemAvailable:    6669392 kB
1776510245.705819813 Buffers:           27964 kB
1776510245.705819813 Cached:           249296 kB
1776510245.705819813 SwapCached:            0 kB
1776510245.705819813 Active:           278244 kB
1776510245.705819813 Inactive:          82288 kB
1776510245.705819813 Active(anon):      86644 kB
1776510245.705819813 Inactive(anon):        0 kB
1776510245.705819813 Active(file):     191600 kB
1776510245.705819813 Inactive(file):    82288 kB
1776510245.705819813 Unevictable:           0 kB
1776510245.705819813 Mlocked:               0 kB
1776510245.705819813 SwapTotal:             0 kB
1776510245.705819813 SwapFree:              0 kB
1776510245.705819813 Zswap:                 0 kB
1776510245.705819813 Zswapped:              0 kB
1776510245.705819813 Dirty:               196 kB
1776510245.705819813 Writeback:             0 kB
1776510245.705819813 AnonPages:         83376 kB
1776510245.705819813 Mapped:            87828 kB
1776510245.705819813 Shmem:              3456 kB
1776510245.705819813 KReclaimable:      27960 kB
1776510245.705819813 Slab:             116124 kB
1776510245.705819813 SReclaimable:      27960 kB
1776510245.705819813 SUnreclaim:        88164 kB
1776510245.705819813 KernelStack:        3008 kB
1776510245.705819813 PageTables:         3316 kB
1776510245.705819813 SecPageTables:         0 kB
1776510245.705819813 NFS_Unstable:          0 kB
1776510245.705819813 Bounce:                0 kB
1776510245.705819813 WritebackTmp:          0 kB
1776510245.705819813 CommitLimit:     3537964 kB
1776510245.705819813 Committed_AS:     395760 kB
1776510245.705819813 VmallocTotal:   135288315904 kB
1776510245.705819813 VmallocUsed:       18704 kB
1776510245.705819813 VmallocChunk:          0 kB
1776510245.705819813 Percpu:             1504 kB
1776510245.705819813 AnonHugePages:         0 kB
1776510245.705819813 ShmemHugePages:        0 kB
1776510245.705819813 ShmemPmdMapped:        0 kB
1776510245.705819813 FileHugePages:         0 kB
1776510245.705819813 FilePmdMapped:         0 kB
1776510245.705819813 CmaTotal:          65536 kB
1776510245.705819813 CmaFree:           49104 kB
1776510245.705819813 Balloon:               0 kB
1776510245.705819813 HugePages_Total:     512
1776510245.705819813 HugePages_Free:      512
1776510245.705819813 HugePages_Rsvd:        0
1776510245.705819813 HugePages_Surp:        0
1776510245.705819813 Hugepagesize:       2048 kB
1776510245.705819813 Hugetlb:         1048576 kB
1776510246.713497892 MemTotal:        8124504 kB
1776510246.713497892 MemFree:         6522332 kB
1776510246.713497892 MemAvailable:    6670444 kB
1776510246.713497892 Buffers:           27968 kB
1776510246.713497892 Cached:           249304 kB
1776510246.713497892 SwapCached:            0 kB
1776510246.713497892 Active:           278144 kB
1776510246.713497892 Inactive:          82300 kB
1776510246.713497892 Active(anon):      86552 kB
1776510246.713497892 Inactive(anon):        0 kB
1776510246.713497892 Active(file):     191592 kB
1776510246.713497892 Inactive(file):    82300 kB
1776510246.713497892 Unevictable:           0 kB
1776510246.713497892 Mlocked:               0 kB
1776510246.713497892 SwapTotal:             0 kB
1776510246.713497892 SwapFree:              0 kB
1776510246.713497892 Zswap:                 0 kB
1776510246.713497892 Zswapped:              0 kB
1776510246.713497892 Dirty:                44 kB
1776510246.713497892 Writeback:             0 kB
1776510246.713497892 AnonPages:         83308 kB
1776510246.713497892 Mapped:            87788 kB
1776510246.713497892 Shmem:              3456 kB
1776510246.713497892 KReclaimable:      27960 kB
1776510246.713497892 Slab:             116124 kB
1776510246.713497892 SReclaimable:      27960 kB
1776510246.713497892 SUnreclaim:        88164 kB
1776510246.713497892 KernelStack:        2992 kB
1776510246.713497892 PageTables:         3324 kB
1776510246.713497892 SecPageTables:         0 kB
1776510246.713497892 NFS_Unstable:          0 kB
1776510246.713497892 Bounce:                0 kB
1776510246.713497892 WritebackTmp:          0 kB
1776510246.713497892 CommitLimit:     3537964 kB
1776510246.713497892 Committed_AS:     395760 kB
1776510246.713497892 VmallocTotal:   135288315904 kB
1776510246.713497892 VmallocUsed:       18720 kB
1776510246.713497892 VmallocChunk:          0 kB
1776510246.713497892 Percpu:             1504 kB
1776510246.713497892 AnonHugePages:         0 kB
1776510246.713497892 ShmemHugePages:        0 kB
1776510246.713497892 ShmemPmdMapped:        0 kB
1776510246.713497892 FileHugePages:         0 kB
1776510246.713497892 FilePmdMapped:         0 kB
1776510246.713497892 CmaTotal:          65536 kB
1776510246.713497892 CmaFree:           49104 kB
1776510246.713497892 Balloon:               0 kB
1776510246.713497892 HugePages_Total:     512
1776510246.713497892 HugePages_Free:      512
1776510246.713497892 HugePages_Rsvd:        0
1776510246.713497892 HugePages_Surp:        0
1776510246.713497892 Hugepagesize:       2048 kB
1776510246.713497892 Hugetlb:         1048576 kB
1776510247.731806652 MemTotal:        8124504 kB
1776510247.731806652 MemFree:         6520316 kB
1776510247.731806652 MemAvailable:    6668440 kB
1776510247.731806652 Buffers:           27968 kB
1776510247.731806652 Cached:           249308 kB
1776510247.731806652 SwapCached:            0 kB
1776510247.731806652 Active:           278376 kB
1776510247.731806652 Inactive:          82304 kB
1776510247.731806652 Active(anon):      86776 kB
1776510247.731806652 Inactive(anon):        0 kB
1776510247.731806652 Active(file):     191600 kB
1776510247.731806652 Inactive(file):    82304 kB
1776510247.731806652 Unevictable:           0 kB
1776510247.731806652 Mlocked:               0 kB
1776510247.731806652 SwapTotal:             0 kB
1776510247.731806652 SwapFree:              0 kB
1776510247.731806652 Zswap:                 0 kB
1776510247.731806652 Zswapped:              0 kB
1776510247.731806652 Dirty:                60 kB
1776510247.731806652 Writeback:             0 kB
1776510247.731806652 AnonPages:         83340 kB
1776510247.731806652 Mapped:            87828 kB
1776510247.731806652 Shmem:              3456 kB
1776510247.731806652 KReclaimable:      27960 kB
1776510247.731806652 Slab:             116120 kB
1776510247.731806652 SReclaimable:      27960 kB
1776510247.731806652 SUnreclaim:        88160 kB
1776510247.731806652 KernelStack:        2992 kB
1776510247.731806652 PageTables:         3280 kB
1776510247.731806652 SecPageTables:         0 kB
1776510247.731806652 NFS_Unstable:          0 kB
1776510247.731806652 Bounce:                0 kB
1776510247.731806652 WritebackTmp:          0 kB
1776510247.731806652 CommitLimit:     3537964 kB
1776510247.731806652 Committed_AS:     395760 kB
1776510247.731806652 VmallocTotal:   135288315904 kB
1776510247.731806652 VmallocUsed:       18720 kB
1776510247.731806652 VmallocChunk:          0 kB
1776510247.731806652 Percpu:             1504 kB
1776510247.731806652 AnonHugePages:         0 kB
1776510247.731806652 ShmemHugePages:        0 kB
1776510247.731806652 ShmemPmdMapped:        0 kB
1776510247.731806652 FileHugePages:         0 kB
1776510247.731806652 FilePmdMapped:         0 kB
1776510247.731806652 CmaTotal:          65536 kB
1776510247.731806652 CmaFree:           49104 kB
1776510247.731806652 Balloon:               0 kB
1776510247.731806652 HugePages_Total:     512
1776510247.731806652 HugePages_Free:      512
1776510247.731806652 HugePages_Rsvd:        0
1776510247.731806652 HugePages_Surp:        0
1776510247.731806652 Hugepagesize:       2048 kB
1776510247.731806652 Hugetlb:         1048576 kB
1776510248.739353211 MemTotal:        8124504 kB
1776510248.739353211 MemFree:         6519900 kB
1776510248.739353211 MemAvailable:    6668024 kB
1776510248.739353211 Buffers:           27968 kB
1776510248.739353211 Cached:           249312 kB
1776510248.739353211 SwapCached:            0 kB
1776510248.739353211 Active:           278244 kB
1776510248.739353211 Inactive:          82304 kB
1776510248.739353211 Active(anon):      86644 kB
1776510248.739353211 Inactive(anon):        0 kB
1776510248.739353211 Active(file):     191600 kB
1776510248.739353211 Inactive(file):    82304 kB
1776510248.739353211 Unevictable:           0 kB
1776510248.739353211 Mlocked:               0 kB
1776510248.739353211 SwapTotal:             0 kB
1776510248.739353211 SwapFree:              0 kB
1776510248.739353211 Zswap:                 0 kB
1776510248.739353211 Zswapped:              0 kB
1776510248.739353211 Dirty:                64 kB
1776510248.739353211 Writeback:             0 kB
1776510248.739353211 AnonPages:         83332 kB
1776510248.739353211 Mapped:            87788 kB
1776510248.739353211 Shmem:              3456 kB
1776510248.739353211 KReclaimable:      27960 kB
1776510248.739353211 Slab:             116120 kB
1776510248.739353211 SReclaimable:      27960 kB
1776510248.739353211 SUnreclaim:        88160 kB
1776510248.739353211 KernelStack:        2992 kB
1776510248.739353211 PageTables:         3284 kB
1776510248.739353211 SecPageTables:         0 kB
1776510248.739353211 NFS_Unstable:          0 kB
1776510248.739353211 Bounce:                0 kB
1776510248.739353211 WritebackTmp:          0 kB
1776510248.739353211 CommitLimit:     3537964 kB
1776510248.739353211 Committed_AS:     395760 kB
1776510248.739353211 VmallocTotal:   135288315904 kB
1776510248.739353211 VmallocUsed:       18688 kB
1776510248.739353211 VmallocChunk:          0 kB
1776510248.739353211 Percpu:             1504 kB
1776510248.739353211 AnonHugePages:         0 kB
1776510248.739353211 ShmemHugePages:        0 kB
1776510248.739353211 ShmemPmdMapped:        0 kB
1776510248.739353211 FileHugePages:         0 kB
1776510248.739353211 FilePmdMapped:         0 kB
1776510248.739353211 CmaTotal:          65536 kB
1776510248.739353211 CmaFree:           49104 kB
1776510248.739353211 Balloon:               0 kB
1776510248.739353211 HugePages_Total:     512
1776510248.739353211 HugePages_Free:      512
1776510248.739353211 HugePages_Rsvd:        0
1776510248.739353211 HugePages_Surp:        0
1776510248.739353211 Hugepagesize:       2048 kB
1776510248.739353211 Hugetlb:         1048576 kB
1776510249.746897215 MemTotal:        8124504 kB
1776510249.746897215 MemFree:         6520544 kB
1776510249.746897215 MemAvailable:    6668672 kB
1776510249.746897215 Buffers:           27968 kB
1776510249.746897215 Cached:           249320 kB
1776510249.746897215 SwapCached:            0 kB
1776510249.746897215 Active:           278040 kB
1776510249.746897215 Inactive:          82316 kB
1776510249.746897215 Active(anon):      86448 kB
1776510249.746897215 Inactive(anon):        0 kB
1776510249.746897215 Active(file):     191592 kB
1776510249.746897215 Inactive(file):    82316 kB
1776510249.746897215 Unevictable:           0 kB
1776510249.746897215 Mlocked:               0 kB
1776510249.746897215 SwapTotal:             0 kB
1776510249.746897215 SwapFree:              0 kB
1776510249.746897215 Zswap:                 0 kB
1776510249.746897215 Zswapped:              0 kB
1776510249.746897215 Dirty:                72 kB
1776510249.746897215 Writeback:             0 kB
1776510249.746897215 AnonPages:         83248 kB
1776510249.746897215 Mapped:            87788 kB
1776510249.746897215 Shmem:              3456 kB
1776510249.746897215 KReclaimable:      27960 kB
1776510249.746897215 Slab:             116136 kB
1776510249.746897215 SReclaimable:      27960 kB
1776510249.746897215 SUnreclaim:        88176 kB
1776510249.746897215 KernelStack:        2992 kB
1776510249.746897215 PageTables:         3284 kB
1776510249.746897215 SecPageTables:         0 kB
1776510249.746897215 NFS_Unstable:          0 kB
1776510249.746897215 Bounce:                0 kB
1776510249.746897215 WritebackTmp:          0 kB
1776510249.746897215 CommitLimit:     3537964 kB
1776510249.746897215 Committed_AS:     395760 kB
1776510249.746897215 VmallocTotal:   135288315904 kB
1776510249.746897215 VmallocUsed:       18704 kB
1776510249.746897215 VmallocChunk:          0 kB
1776510249.746897215 Percpu:             1504 kB
1776510249.746897215 AnonHugePages:         0 kB
1776510249.746897215 ShmemHugePages:        0 kB
1776510249.746897215 ShmemPmdMapped:        0 kB
1776510249.746897215 FileHugePages:         0 kB
1776510249.746897215 FilePmdMapped:         0 kB
1776510249.746897215 CmaTotal:          65536 kB
1776510249.746897215 CmaFree:           49104 kB
1776510249.746897215 Balloon:               0 kB
1776510249.746897215 HugePages_Total:     512
1776510249.746897215 HugePages_Free:      512
1776510249.746897215 HugePages_Rsvd:        0
1776510249.746897215 HugePages_Surp:        0
1776510249.746897215 Hugepagesize:       2048 kB
1776510249.746897215 Hugetlb:         1048576 kB
1776510250.764141824 MemTotal:        8124504 kB
1776510250.764141824 MemFree:         6520632 kB
1776510250.764141824 MemAvailable:    6668768 kB
1776510250.764141824 Buffers:           27968 kB
1776510250.764141824 Cached:           249324 kB
1776510250.764141824 SwapCached:            0 kB
1776510250.764141824 Active:           278180 kB
1776510250.764141824 Inactive:          82320 kB
1776510250.764141824 Active(anon):      86584 kB
1776510250.764141824 Inactive(anon):        0 kB
1776510250.764141824 Active(file):     191596 kB
1776510250.764141824 Inactive(file):    82320 kB
1776510250.764141824 Unevictable:           0 kB
1776510250.764141824 Mlocked:               0 kB
1776510250.764141824 SwapTotal:             0 kB
1776510250.764141824 SwapFree:              0 kB
1776510250.764141824 Zswap:                 0 kB
1776510250.764141824 Zswapped:              0 kB
1776510250.764141824 Dirty:                76 kB
1776510250.764141824 Writeback:             0 kB
1776510250.764141824 AnonPages:         83332 kB
1776510250.764141824 Mapped:            87828 kB
1776510250.764141824 Shmem:              3456 kB
1776510250.764141824 KReclaimable:      27960 kB
1776510250.764141824 Slab:             116112 kB
1776510250.764141824 SReclaimable:      27960 kB
1776510250.764141824 SUnreclaim:        88152 kB
1776510250.764141824 KernelStack:        2992 kB
1776510250.764141824 PageTables:         3276 kB
1776510250.764141824 SecPageTables:         0 kB
1776510250.764141824 NFS_Unstable:          0 kB
1776510250.764141824 Bounce:                0 kB
1776510250.764141824 WritebackTmp:          0 kB
1776510250.764141824 CommitLimit:     3537964 kB
1776510250.764141824 Committed_AS:     395760 kB
1776510250.764141824 VmallocTotal:   135288315904 kB
1776510250.764141824 VmallocUsed:       18720 kB
1776510250.764141824 VmallocChunk:          0 kB
1776510250.764141824 Percpu:             1504 kB
1776510250.764141824 AnonHugePages:         0 kB
1776510250.764141824 ShmemHugePages:        0 kB
1776510250.764141824 ShmemPmdMapped:        0 kB
1776510250.764141824 FileHugePages:         0 kB
1776510250.764141824 FilePmdMapped:         0 kB
1776510250.764141824 CmaTotal:          65536 kB
1776510250.764141824 CmaFree:           49104 kB
1776510250.764141824 Balloon:               0 kB
1776510250.764141824 HugePages_Total:     512
1776510250.764141824 HugePages_Free:      512
1776510250.764141824 HugePages_Rsvd:        0
1776510250.764141824 HugePages_Surp:        0
1776510250.764141824 Hugepagesize:       2048 kB
1776510250.764141824 Hugetlb:         1048576 kB
1776510251.771721217 MemTotal:        8124504 kB
1776510251.771721217 MemFree:         6520616 kB
1776510251.771721217 MemAvailable:    6668764 kB
1776510251.771721217 Buffers:           27976 kB
1776510251.771721217 Cached:           249328 kB
1776510251.771721217 SwapCached:            0 kB
1776510251.771721217 Active:           278204 kB
1776510251.771721217 Inactive:          82328 kB
1776510251.771721217 Active(anon):      86604 kB
1776510251.771721217 Inactive(anon):        0 kB
1776510251.771721217 Active(file):     191600 kB
1776510251.771721217 Inactive(file):    82328 kB
1776510251.771721217 Unevictable:           0 kB
1776510251.771721217 Mlocked:               0 kB
1776510251.771721217 SwapTotal:             0 kB
1776510251.771721217 SwapFree:              0 kB
1776510251.771721217 Zswap:                 0 kB
1776510251.771721217 Zswapped:              0 kB
1776510251.771721217 Dirty:                44 kB
1776510251.771721217 Writeback:             0 kB
1776510251.771721217 AnonPages:         83340 kB
1776510251.771721217 Mapped:            87828 kB
1776510251.771721217 Shmem:              3456 kB
1776510251.771721217 KReclaimable:      27960 kB
1776510251.771721217 Slab:             116112 kB
1776510251.771721217 SReclaimable:      27960 kB
1776510251.771721217 SUnreclaim:        88152 kB
1776510251.771721217 KernelStack:        2992 kB
1776510251.771721217 PageTables:         3272 kB
1776510251.771721217 SecPageTables:         0 kB
1776510251.771721217 NFS_Unstable:          0 kB
1776510251.771721217 Bounce:                0 kB
1776510251.771721217 WritebackTmp:          0 kB
1776510251.771721217 CommitLimit:     3537964 kB
1776510251.771721217 Committed_AS:     395760 kB
1776510251.771721217 VmallocTotal:   135288315904 kB
1776510251.771721217 VmallocUsed:       18704 kB
1776510251.771721217 VmallocChunk:          0 kB
1776510251.771721217 Percpu:             1504 kB
1776510251.771721217 AnonHugePages:         0 kB
1776510251.771721217 ShmemHugePages:        0 kB
1776510251.771721217 ShmemPmdMapped:        0 kB
1776510251.771721217 FileHugePages:         0 kB
1776510251.771721217 FilePmdMapped:         0 kB
1776510251.771721217 CmaTotal:          65536 kB
1776510251.771721217 CmaFree:           49104 kB
1776510251.771721217 Balloon:               0 kB
1776510251.771721217 HugePages_Total:     512
1776510251.771721217 HugePages_Free:      512
1776510251.771721217 HugePages_Rsvd:        0
1776510251.771721217 HugePages_Surp:        0
1776510251.771721217 Hugepagesize:       2048 kB
1776510251.771721217 Hugetlb:         1048576 kB
1776510252.779284054 MemTotal:        8124504 kB
1776510252.779284054 MemFree:         6520172 kB
1776510252.779284054 MemAvailable:    6668332 kB
1776510252.779284054 Buffers:           27976 kB
1776510252.779284054 Cached:           249336 kB
1776510252.779284054 SwapCached:            0 kB
1776510252.779284054 Active:           278136 kB
1776510252.779284054 Inactive:          82340 kB
1776510252.779284054 Active(anon):      86536 kB
1776510252.779284054 Inactive(anon):        0 kB
1776510252.779284054 Active(file):     191600 kB
1776510252.779284054 Inactive(file):    82340 kB
1776510252.779284054 Unevictable:           0 kB
1776510252.779284054 Mlocked:               0 kB
1776510252.779284054 SwapTotal:             0 kB
1776510252.779284054 SwapFree:              0 kB
1776510252.779284054 Zswap:                 0 kB
1776510252.779284054 Zswapped:              0 kB
1776510252.779284054 Dirty:                40 kB
1776510252.779284054 Writeback:             0 kB
1776510252.779284054 AnonPages:         83208 kB
1776510252.779284054 Mapped:            87744 kB
1776510252.779284054 Shmem:              3456 kB
1776510252.779284054 KReclaimable:      27960 kB
1776510252.779284054 Slab:             116128 kB
1776510252.779284054 SReclaimable:      27960 kB
1776510252.779284054 SUnreclaim:        88168 kB
1776510252.779284054 KernelStack:        2976 kB
1776510252.779284054 PageTables:         3240 kB
1776510252.779284054 SecPageTables:         0 kB
1776510252.779284054 NFS_Unstable:          0 kB
1776510252.779284054 Bounce:                0 kB
1776510252.779284054 WritebackTmp:          0 kB
1776510252.779284054 CommitLimit:     3537964 kB
1776510252.779284054 Committed_AS:     395372 kB
1776510252.779284054 VmallocTotal:   135288315904 kB
1776510252.779284054 VmallocUsed:       18720 kB
1776510252.779284054 VmallocChunk:          0 kB
1776510252.779284054 Percpu:             1504 kB
1776510252.779284054 AnonHugePages:         0 kB
1776510252.779284054 ShmemHugePages:        0 kB
1776510252.779284054 ShmemPmdMapped:        0 kB
1776510252.779284054 FileHugePages:         0 kB
1776510252.779284054 FilePmdMapped:         0 kB
1776510252.779284054 CmaTotal:          65536 kB
1776510252.779284054 CmaFree:           49104 kB
1776510252.779284054 Balloon:               0 kB
1776510252.779284054 HugePages_Total:     512
1776510252.779284054 HugePages_Free:      512
1776510252.779284054 HugePages_Rsvd:        0
1776510252.779284054 HugePages_Surp:        0
1776510252.779284054 Hugepagesize:       2048 kB
1776510252.779284054 Hugetlb:         1048576 kB
