Linux 6.17.0-1011-raspi (raspberrypi) 	04/21/26 	_aarch64_	(4 CPU)

21:42:12     CPU    %usr   %nice    %sys %iowait    %irq   %soft  %steal  %guest  %gnice   %idle
21:42:13     all    0.75    0.00    1.50    0.00    0.00    0.00    0.00    0.00    0.00   97.74
21:42:13       0    1.00    0.00    2.00    0.00    0.00    0.00    0.00    0.00    0.00   97.00
21:42:13       1    0.00    0.00    2.00    0.00    0.00    0.00    0.00    0.00    0.00   98.00
21:42:13       2    1.00    0.00    1.00    0.00    0.00    0.00    0.00    0.00    0.00   98.00
21:42:13       3    1.01    0.00    1.01    0.00    0.00    0.00    0.00    0.00    0.00   97.98

21:42:13     CPU    %usr   %nice    %sys %iowait    %irq   %soft  %steal  %guest  %gnice   %idle
21:42:14     all    0.75    0.00    1.50    0.00    0.00    0.00    0.00    0.00    0.00   97.76
21:42:14       0    0.99    0.00    1.98    0.00    0.00    0.00    0.00    0.00    0.00   97.03
21:42:14       1    1.00    0.00    1.00    0.00    0.00    0.00    0.00    0.00    0.00   98.00
21:42:14       2    0.99    0.00    1.98    0.00    0.00    0.00    0.00    0.00    0.00   97.03
21:42:14       3    0.00    0.00    1.01    0.00    0.00    0.00    0.00    0.00    0.00   98.99

21:42:14     CPU    %usr   %nice    %sys %iowait    %irq   %soft  %steal  %guest  %gnice   %idle
21:42:15     all    0.50    0.00    1.00    0.00    0.00    0.00    0.00    0.00    0.00   98.50
21:42:15       0    0.00    0.00    0.00    0.00    0.00    0.00    0.00    0.00    0.00  100.00
21:42:15       1    1.00    0.00    1.00    0.00    0.00    0.00    0.00    0.00    0.00   98.00
21:42:15       2    0.00    0.00    2.00    0.00    0.00    0.00    0.00    0.00    0.00   98.00
21:42:15       3    1.00    0.00    1.00    0.00    0.00    0.00    0.00    0.00    0.00   98.00

21:42:15     CPU    %usr   %nice    %sys %iowait    %irq   %soft  %steal  %guest  %gnice   %idle
21:42:16     all    1.00    0.00    1.49    0.00    0.00    0.00    0.00    0.00    0.00   97.51
21:42:16       0    1.00    0.00    2.00    0.00    0.00    0.00    0.00    0.00    0.00   97.00
21:42:16       1    0.99    0.00    1.98    0.00    0.00    0.00    0.00    0.00    0.00   97.03
21:42:16       2    1.00    0.00    1.00    0.00    0.00    0.00    0.00    0.00    0.00   98.00
21:42:16       3    0.99    0.00    0.99    0.00    0.00    0.00    0.00    0.00    0.00   98.02

21:42:16     CPU    %usr   %nice    %sys %iowait    %irq   %soft  %steal  %guest  %gnice   %idle
21:42:17     all    0.25    0.00    1.01    0.00    0.00    0.00    0.00    0.00    0.00   98.74
21:42:17       0    0.99    0.00    1.98    0.00    0.00    0.00    0.00    0.00    0.00   97.03
21:42:17       1    0.00    0.00    1.02    0.00    0.00    0.00    0.00    0.00    0.00   98.98
21:42:17       2    0.00    0.00    1.01    0.00    0.00    0.00    0.00    0.00    0.00   98.99
21:42:17       3    0.00    0.00    0.00    0.00    0.00    0.00    0.00    0.00    0.00  100.00

21:42:17     CPU    %usr   %nice    %sys %iowait    %irq   %soft  %steal  %guest  %gnice   %idle
21:42:18     all    0.75    0.00    1.01    0.00    0.00    0.00    0.00    0.00    0.00   98.24
21:42:18       0    1.01    0.00    1.01    0.00    0.00    0.00    0.00    0.00    0.00   97.98
21:42:18       1    1.00    0.00    1.00    0.00    0.00    0.00    0.00    0.00    0.00   98.00
21:42:18       2    1.00    0.00    1.00    0.00    0.00    0.00    0.00    0.00    0.00   98.00
21:42:18       3    0.00    0.00    1.01    0.00    0.00    0.00    0.00    0.00    0.00   98.99

21:42:18     CPU    %usr   %nice    %sys %iowait    %irq   %soft  %steal  %guest  %gnice   %idle
21:42:19     all    0.50    0.00    1.99    0.00    0.00    0.00    0.00    0.00    0.00   97.51
21:42:19       0    1.00    0.00    2.00    0.00    0.00    0.00    0.00    0.00    0.00   97.00
21:42:19       1    0.00    0.00    1.98    0.00    0.00    0.00    0.00    0.00    0.00   98.02
21:42:19       2    0.00    0.00    2.00    0.00    0.00    0.00    0.00    0.00    0.00   98.00
21:42:19       3    0.99    0.00    1.98    0.00    0.00    0.00    0.00    0.00    0.00   97.03

21:42:19     CPU    %usr   %nice    %sys %iowait    %irq   %soft  %steal  %guest  %gnice   %idle
21:42:20     all    0.50    0.00    1.25    0.00    0.00    0.00    0.00    0.00    0.00   98.25
21:42:20       0    0.99    0.00    1.98    0.00    0.00    0.00    0.00    0.00    0.00   97.03
21:42:20       1    1.01    0.00    1.01    0.00    0.00    0.00    0.00    0.00    0.00   97.98
21:42:20       2    0.00    0.00    1.00    0.00    0.00    0.00    0.00    0.00    0.00   99.00
21:42:20       3    0.00    0.00    1.01    0.00    0.00    0.00    0.00    0.00    0.00   98.99

21:42:20     CPU    %usr   %nice    %sys %iowait    %irq   %soft  %steal  %guest  %gnice   %idle
21:42:21     all    1.00    0.00    1.00    0.00    0.00    0.00    0.00    0.00    0.00   98.00
21:42:21       0    1.01    0.00    1.01    0.00    0.00    0.00    0.00    0.00    0.00   97.98
21:42:21       1    0.99    0.00    0.99    0.00    0.00    0.00    0.00    0.00    0.00   98.02
21:42:21       2    1.00    0.00    1.00    0.00    0.00    0.00    0.00    0.00    0.00   98.00
21:42:21       3    1.00    0.00    1.00    0.00    0.00    0.00    0.00    0.00    0.00   98.00

21:42:21     CPU    %usr   %nice    %sys %iowait    %irq   %soft  %steal  %guest  %gnice   %idle
21:42:22     all    0.00    0.00    1.51    0.00    0.00    0.00    0.00    0.00    0.00   98.49
21:42:22       0    0.00    0.00    2.00    0.00    0.00    0.00    0.00    0.00    0.00   98.00
21:42:22       1    0.00    0.00    1.01    0.00    0.00    0.00    0.00    0.00    0.00   98.99
21:42:22       2    0.00    0.00    2.02    0.00    0.00    0.00    0.00    0.00    0.00   97.98
21:42:22       3    0.00    0.00    1.00    0.00    0.00    0.00    0.00    0.00    0.00   99.00

21:42:22     CPU    %usr   %nice    %sys %iowait    %irq   %soft  %steal  %guest  %gnice   %idle
21:42:23     all    0.99    0.00    1.74    0.00    0.00    0.00    0.00    0.00    0.00   97.27
21:42:23       0    1.00    0.00    2.00    0.00    0.00    0.00    0.00    0.00    0.00   97.00
21:42:23       1    0.99    0.00    1.98    0.00    0.00    0.00    0.00    0.00    0.00   97.03
21:42:23       2    0.99    0.00    0.99    0.00    0.00    0.00    0.00    0.00    0.00   98.02
21:42:23       3    0.99    0.00    1.98    0.00    0.00    0.00    0.00    0.00    0.00   97.03

21:42:23     CPU    %usr   %nice    %sys %iowait    %irq   %soft  %steal  %guest  %gnice   %idle
21:42:24     all    0.00    0.00    1.15    0.00    0.00    1.72    0.00    0.00    0.00   97.13
21:42:24       0    0.00    0.00    1.96    0.00    0.00   11.76    0.00    0.00    0.00   86.27
21:42:24       1    0.00    0.00    1.01    0.00    0.00    0.00    0.00    0.00    0.00   98.99
21:42:24       2    0.00    0.00    1.01    0.00    0.00    0.00    0.00    0.00    0.00   98.99
21:42:24       3    0.00    0.00    1.01    0.00    0.00    0.00    0.00    0.00    0.00   98.99

21:42:24     CPU    %usr   %nice    %sys %iowait    %irq   %soft  %steal  %guest  %gnice   %idle
21:42:25     all    0.87    0.00    1.74    0.00    0.00    3.78    0.00    0.00    0.00   93.60
21:42:25       0    2.33    0.00    2.33    0.00    0.00   30.23    0.00    0.00    0.00   65.12
21:42:25       1    0.99    0.00    1.98    0.00    0.00    0.00    0.00    0.00    0.00   97.03
21:42:25       2    1.00    0.00    1.00    0.00    0.00    0.00    0.00    0.00    0.00   98.00
21:42:25       3    0.00    0.00    2.00    0.00    0.00    0.00    0.00    0.00    0.00   98.00

21:42:25     CPU    %usr   %nice    %sys %iowait    %irq   %soft  %steal  %guest  %gnice   %idle
21:42:26     all    0.30    0.00    1.78    0.00    0.00    2.66    0.00    0.00    0.00   95.27
21:42:26       0    2.50    0.00    5.00    0.00    0.00   22.50    0.00    0.00    0.00   70.00
21:42:26       1    0.00    0.00    1.01    0.00    0.00    0.00    0.00    0.00    0.00   98.99
21:42:26       2    0.00    0.00    2.00    0.00    0.00    0.00    0.00    0.00    0.00   98.00
21:42:26       3    0.00    0.00    1.01    0.00    0.00    0.00    0.00    0.00    0.00   98.99

21:42:26     CPU    %usr   %nice    %sys %iowait    %irq   %soft  %steal  %guest  %gnice   %idle
21:42:27     all    0.59    0.00    0.89    0.00    0.00    3.26    0.00    0.00    0.00   95.25
21:42:27       0    0.00    0.00    0.00    0.00    0.00   28.21    0.00    0.00    0.00   71.79
21:42:27       1    0.00    0.00    1.01    0.00    0.00    0.00    0.00    0.00    0.00   98.99
21:42:27       2    1.01    0.00    1.01    0.00    0.00    0.00    0.00    0.00    0.00   97.98
21:42:27       3    1.00    0.00    1.00    0.00    0.00    0.00    0.00    0.00    0.00   98.00

21:42:27     CPU    %usr   %nice    %sys %iowait    %irq   %soft  %steal  %guest  %gnice   %idle
21:42:28     all    0.87    0.00    1.46    0.29    0.00    3.50    0.00    0.00    0.00   93.88
21:42:28       0    0.00    0.00    2.44    0.00    0.00   29.27    0.00    0.00    0.00   68.29
21:42:28       1    1.00    0.00    1.00    0.00    0.00    0.00    0.00    0.00    0.00   98.00
21:42:28       2    0.99    0.00    1.98    0.00    0.00    0.00    0.00    0.00    0.00   97.03
21:42:28       3    0.99    0.00    0.99    0.99    0.00    0.00    0.00    0.00    0.00   97.03

21:42:28     CPU    %usr   %nice    %sys %iowait    %irq   %soft  %steal  %guest  %gnice   %idle
21:42:29     all    0.88    0.00    1.17    0.00    0.00    3.22    0.00    0.00    0.00   94.74
21:42:29       0    2.38    0.00    2.38    0.00    0.00   26.19    0.00    0.00    0.00   69.05
21:42:29       1    0.00    0.00    1.00    0.00    0.00    0.00    0.00    0.00    0.00   99.00
21:42:29       2    1.00    0.00    1.00    0.00    0.00    0.00    0.00    0.00    0.00   98.00
21:42:29       3    1.00    0.00    1.00    0.00    0.00    0.00    0.00    0.00    0.00   98.00

21:42:29     CPU    %usr   %nice    %sys %iowait    %irq   %soft  %steal  %guest  %gnice   %idle
21:42:30     all    0.58    0.00    1.75    0.00    0.00    3.51    0.00    0.00    0.00   94.15
21:42:30       0    2.38    0.00    4.76    0.00    0.00   28.57    0.00    0.00    0.00   64.29
21:42:30       1    1.00    0.00    1.00    0.00    0.00    0.00    0.00    0.00    0.00   98.00
21:42:30       2    0.00    0.00    1.00    0.00    0.00    0.00    0.00    0.00    0.00   99.00
21:42:30       3    0.00    0.00    2.00    0.00    0.00    0.00    0.00    0.00    0.00   98.00

21:42:30     CPU    %usr   %nice    %sys %iowait    %irq   %soft  %steal  %guest  %gnice   %idle
21:42:31     all    0.89    0.00    1.18    0.00    0.00    2.96    0.00    0.00    0.00   94.97
21:42:31       0    0.00    0.00    0.00    0.00    0.00   25.64    0.00    0.00    0.00   74.36
21:42:31       1    0.00    0.00    2.00    0.00    0.00    0.00    0.00    0.00    0.00   98.00
21:42:31       2    1.01    0.00    1.01    0.00    0.00    0.00    0.00    0.00    0.00   97.98
21:42:31       3    2.00    0.00    1.00    0.00    0.00    0.00    0.00    0.00    0.00   97.00

21:42:31     CPU    %usr   %nice    %sys %iowait    %irq   %soft  %steal  %guest  %gnice   %idle
21:42:32     all    0.87    0.00    1.16    0.00    0.00    4.64    0.00    0.00    0.00   93.33
21:42:32       0    2.22    0.00    2.22    0.00    0.00   35.56    0.00    0.00    0.00   60.00
21:42:32       1    1.00    0.00    1.00    0.00    0.00    0.00    0.00    0.00    0.00   98.00
21:42:32       2    1.00    0.00    1.00    0.00    0.00    0.00    0.00    0.00    0.00   98.00
21:42:32       3    0.00    0.00    1.00    0.00    0.00    0.00    0.00    0.00    0.00   99.00

21:42:32     CPU    %usr   %nice    %sys %iowait    %irq   %soft  %steal  %guest  %gnice   %idle
21:42:33     all    0.29    0.00    2.03    0.00    0.00    4.07    0.00    0.00    0.00   93.60
21:42:33       0    0.00    0.00    4.55    0.00    0.00   31.82    0.00    0.00    0.00   63.64
21:42:33       1    0.00    0.00    1.01    0.00    0.00    0.00    0.00    0.00    0.00   98.99
21:42:33       2    0.99    0.00    1.98    0.00    0.00    0.00    0.00    0.00    0.00   97.03
21:42:33       3    0.00    0.00    2.00    0.00    0.00    0.00    0.00    0.00    0.00   98.00

21:42:33     CPU    %usr   %nice    %sys %iowait    %irq   %soft  %steal  %guest  %gnice   %idle
21:42:34     all    0.29    0.00    1.18    0.00    0.00    3.82    0.00    0.00    0.00   94.71
21:42:34       0    0.00    0.00    2.38    0.00    0.00   30.95    0.00    0.00    0.00   66.67
21:42:34       1    1.00    0.00    1.00    0.00    0.00    0.00    0.00    0.00    0.00   98.00
21:42:34       2    0.00    0.00    1.01    0.00    0.00    0.00    0.00    0.00    0.00   98.99
21:42:34       3    0.00    0.00    1.01    0.00    0.00    0.00    0.00    0.00    0.00   98.99

21:42:34     CPU    %usr   %nice    %sys %iowait    %irq   %soft  %steal  %guest  %gnice   %idle
21:42:35     all    0.58    0.00    1.75    0.00    0.00    3.79    0.00    0.00    0.00   93.88
21:42:35       0    2.33    0.00    2.33    0.00    0.00   30.23    0.00    0.00    0.00   65.12
21:42:35       1    0.00    0.00    1.01    0.00    0.00    0.00    0.00    0.00    0.00   98.99
21:42:35       2    0.00    0.00    2.00    0.00    0.00    0.00    0.00    0.00    0.00   98.00
21:42:35       3    0.99    0.00    1.98    0.00    0.00    0.00    0.00    0.00    0.00   97.03

21:42:35     CPU    %usr   %nice    %sys %iowait    %irq   %soft  %steal  %guest  %gnice   %idle
21:42:36     all    0.87    0.00    1.45    0.00    0.00    4.05    0.00    0.00    0.00   93.64
21:42:36       0    2.27    0.00    2.27    0.00    0.00   31.82    0.00    0.00    0.00   63.64
21:42:36       1    0.98    0.00    1.96    0.00    0.00    0.00    0.00    0.00    0.00   97.06
21:42:36       2    1.00    0.00    1.00    0.00    0.00    0.00    0.00    0.00    0.00   98.00
21:42:36       3    0.00    0.00    1.00    0.00    0.00    0.00    0.00    0.00    0.00   99.00

21:42:36     CPU    %usr   %nice    %sys %iowait    %irq   %soft  %steal  %guest  %gnice   %idle
21:42:37     all    0.00    0.00    0.30    0.00    0.00    2.68    0.00    0.00    0.00   97.02
21:42:37       0    0.00    0.00    0.00    0.00    0.00   23.68    0.00    0.00    0.00   76.32
21:42:37       1    0.00    0.00    0.00    0.00    0.00    0.00    0.00    0.00    0.00  100.00
21:42:37       2    0.00    0.00    1.00    0.00    0.00    0.00    0.00    0.00    0.00   99.00
21:42:37       3    0.00    0.00    0.00    0.00    0.00    0.00    0.00    0.00    0.00  100.00

21:42:37     CPU    %usr   %nice    %sys %iowait    %irq   %soft  %steal  %guest  %gnice   %idle
21:42:38     all    0.88    0.00    1.47    0.29    0.00    2.65    0.00    0.00    0.00   94.71
21:42:38       0    2.50    0.00    5.00    0.00    0.00   22.50    0.00    0.00    0.00   70.00
21:42:38       1    0.99    0.00    0.99    0.99    0.00    0.00    0.00    0.00    0.00   97.03
21:42:38       2    0.00    0.00    1.01    0.00    0.00    0.00    0.00    0.00    0.00   98.99
21:42:38       3    1.00    0.00    1.00    0.00    0.00    0.00    0.00    0.00    0.00   98.00

21:42:38     CPU    %usr   %nice    %sys %iowait    %irq   %soft  %steal  %guest  %gnice   %idle
21:42:39     all    0.58    0.00    1.75    0.00    0.00    4.08    0.00    0.00    0.00   93.59
21:42:39       0    2.33    0.00    2.33    0.00    0.00   32.56    0.00    0.00    0.00   62.79
21:42:39       1    0.00    0.00    2.00    0.00    0.00    0.00    0.00    0.00    0.00   98.00
21:42:39       2    0.99    0.00    1.98    0.00    0.00    0.00    0.00    0.00    0.00   97.03
21:42:39       3    0.00    0.00    1.01    0.00    0.00    0.00    0.00    0.00    0.00   98.99

21:42:39     CPU    %usr   %nice    %sys %iowait    %irq   %soft  %steal  %guest  %gnice   %idle
21:42:40     all    0.29    0.00    1.47    0.00    0.00    3.52    0.00    0.00    0.00   94.72
21:42:40       0    0.00    0.00    4.76    0.00    0.00   28.57    0.00    0.00    0.00   66.67
21:42:40       1    1.00    0.00    1.00    0.00    0.00    0.00    0.00    0.00    0.00   98.00
21:42:40       2    0.00    0.00    1.01    0.00    0.00    0.00    0.00    0.00    0.00   98.99
21:42:40       3    0.00    0.00    1.00    0.00    0.00    0.00    0.00    0.00    0.00   99.00

21:42:40     CPU    %usr   %nice    %sys %iowait    %irq   %soft  %steal  %guest  %gnice   %idle
21:42:41     all    0.87    0.00    1.45    0.00    0.00    4.64    0.00    0.00    0.00   93.04
21:42:41       0    0.00    0.00    0.00    0.00    0.00   35.56    0.00    0.00    0.00   64.44
21:42:41       1    1.00    0.00    2.00    0.00    0.00    0.00    0.00    0.00    0.00   97.00
21:42:41       2    1.00    0.00    2.00    0.00    0.00    0.00    0.00    0.00    0.00   97.00
21:42:41       3    1.00    0.00    1.00    0.00    0.00    0.00    0.00    0.00    0.00   98.00

21:42:41     CPU    %usr   %nice    %sys %iowait    %irq   %soft  %steal  %guest  %gnice   %idle
21:42:42     all    0.59    0.00    1.78    0.00    0.00    2.08    0.00    0.00    0.00   95.55
21:42:42       0    2.70    0.00    2.70    0.00    0.00   18.92    0.00    0.00    0.00   75.68
21:42:42       1    0.00    0.00    2.00    0.00    0.00    0.00    0.00    0.00    0.00   98.00
21:42:42       2    1.00    0.00    1.00    0.00    0.00    0.00    0.00    0.00    0.00   98.00
21:42:42       3    0.00    0.00    2.00    0.00    0.00    0.00    0.00    0.00    0.00   98.00

21:42:42     CPU    %usr   %nice    %sys %iowait    %irq   %soft  %steal  %guest  %gnice   %idle
21:42:43     all    0.59    0.00    1.78    0.00    0.00    2.66    0.00    0.00    0.00   94.97
21:42:43       0    0.00    0.00    5.13    0.00    0.00   23.08    0.00    0.00    0.00   71.79
21:42:43       1    1.00    0.00    1.00    0.00    0.00    0.00    0.00    0.00    0.00   98.00
21:42:43       2    0.00    0.00    2.00    0.00    0.00    0.00    0.00    0.00    0.00   98.00
21:42:43       3    1.01    0.00    1.01    0.00    0.00    0.00    0.00    0.00    0.00   97.98

21:42:43     CPU    %usr   %nice    %sys %iowait    %irq   %soft  %steal  %guest  %gnice   %idle
21:42:44     all    1.17    0.00    1.17    0.00    0.00    3.50    0.00    0.00    0.00   94.17
21:42:44       0    2.33    0.00    2.33    0.00    0.00   27.91    0.00    0.00    0.00   67.44
21:42:44       1    1.00    0.00    1.00    0.00    0.00    0.00    0.00    0.00    0.00   98.00
21:42:44       2    1.00    0.00    1.00    0.00    0.00    0.00    0.00    0.00    0.00   98.00
21:42:44       3    1.00    0.00    1.00    0.00    0.00    0.00    0.00    0.00    0.00   98.00

21:42:44     CPU    %usr   %nice    %sys %iowait    %irq   %soft  %steal  %guest  %gnice   %idle
21:42:45     all    0.59    0.00    1.78    0.00    0.00    2.07    0.00    0.00    0.00   95.56
21:42:45       0    2.70    0.00    2.70    0.00    0.00   18.92    0.00    0.00    0.00   75.68
21:42:45       1    0.00    0.00    2.00    0.00    0.00    0.00    0.00    0.00    0.00   98.00
21:42:45       2    0.99    0.00    1.98    0.00    0.00    0.00    0.00    0.00    0.00   97.03
21:42:45       3    0.00    0.00    1.00    0.00    0.00    0.00    0.00    0.00    0.00   99.00

21:42:45     CPU    %usr   %nice    %sys %iowait    %irq   %soft  %steal  %guest  %gnice   %idle
21:42:46     all    0.59    0.00    1.78    0.00    0.00    2.66    0.00    0.00    0.00   94.97
21:42:46       0    0.00    0.00    5.13    0.00    0.00   23.08    0.00    0.00    0.00   71.79
21:42:46       1    0.00    0.00    1.01    0.00    0.00    0.00    0.00    0.00    0.00   98.99
21:42:46       2    1.00    0.00    2.00    0.00    0.00    0.00    0.00    0.00    0.00   97.00
21:42:46       3    1.00    0.00    1.00    0.00    0.00    0.00    0.00    0.00    0.00   98.00

21:42:46     CPU    %usr   %nice    %sys %iowait    %irq   %soft  %steal  %guest  %gnice   %idle
21:42:47     all    0.30    0.00    1.78    0.00    0.00    2.67    0.00    0.00    0.00   95.25
21:42:47       0    0.00    0.00    2.63    0.00    0.00   23.68    0.00    0.00    0.00   73.68
21:42:47       1    0.99    0.00    1.98    0.00    0.00    0.00    0.00    0.00    0.00   97.03
21:42:47       2    0.00    0.00    2.02    0.00    0.00    0.00    0.00    0.00    0.00   97.98
21:42:47       3    0.00    0.00    1.01    0.00    0.00    0.00    0.00    0.00    0.00   98.99

21:42:47     CPU    %usr   %nice    %sys %iowait    %irq   %soft  %steal  %guest  %gnice   %idle
21:42:48     all    1.17    0.00    0.88    0.00    0.00    2.93    0.00    0.00    0.00   95.01
21:42:48       0    2.50    0.00    0.00    0.00    0.00   25.00    0.00    0.00    0.00   72.50
21:42:48       1    0.00    0.00    0.00    0.00    0.00    0.00    0.00    0.00    0.00  100.00
21:42:48       2    1.98    0.00    0.99    0.00    0.00    0.00    0.00    0.00    0.00   97.03
21:42:48       3    0.99    0.00    1.98    0.00    0.00    0.00    0.00    0.00    0.00   97.03

21:42:48     CPU    %usr   %nice    %sys %iowait    %irq   %soft  %steal  %guest  %gnice   %idle
21:42:49     all    0.30    0.00    1.19    0.00    0.00    2.99    0.00    0.00    0.00   95.52
21:42:49       0    0.00    0.00    2.63    0.00    0.00   26.32    0.00    0.00    0.00   71.05
21:42:49       1    0.00    0.00    1.01    0.00    0.00    0.00    0.00    0.00    0.00   98.99
21:42:49       2    1.01    0.00    1.01    0.00    0.00    0.00    0.00    0.00    0.00   97.98
21:42:49       3    0.00    0.00    1.01    0.00    0.00    0.00    0.00    0.00    0.00   98.99

21:42:49     CPU    %usr   %nice    %sys %iowait    %irq   %soft  %steal  %guest  %gnice   %idle
21:42:50     all    0.58    0.00    1.74    0.00    0.00    3.77    0.00    0.00    0.00   93.91
21:42:50       0    0.00    0.00    2.33    0.00    0.00   30.23    0.00    0.00    0.00   67.44
21:42:50       1    0.99    0.00    1.98    0.00    0.00    0.00    0.00    0.00    0.00   97.03
21:42:50       2    0.99    0.00    1.98    0.00    0.00    0.00    0.00    0.00    0.00   97.03
21:42:50       3    0.00    0.00    1.00    0.00    0.00    0.00    0.00    0.00    0.00   99.00

21:42:50     CPU    %usr   %nice    %sys %iowait    %irq   %soft  %steal  %guest  %gnice   %idle
21:42:51     all    0.88    0.00    1.76    0.00    0.00    2.94    0.00    0.00    0.00   94.41
21:42:51       0    2.50    0.00    2.50    0.00    0.00   25.00    0.00    0.00    0.00   70.00
21:42:51       1    1.01    0.00    1.01    0.00    0.00    0.00    0.00    0.00    0.00   97.98
21:42:51       2    0.00    0.00    2.00    0.00    0.00    0.00    0.00    0.00    0.00   98.00
21:42:51       3    0.99    0.00    1.98    0.00    0.00    0.00    0.00    0.00    0.00   97.03

21:42:51     CPU    %usr   %nice    %sys %iowait    %irq   %soft  %steal  %guest  %gnice   %idle
21:42:52     all    0.59    0.00    1.19    0.00    0.00    2.67    0.00    0.00    0.00   95.55
21:42:52       0    0.00    0.00    0.00    0.00    0.00   23.68    0.00    0.00    0.00   76.32
21:42:52       1    0.00    0.00    2.00    0.00    0.00    0.00    0.00    0.00    0.00   98.00
21:42:52       2    1.01    0.00    1.01    0.00    0.00    0.00    0.00    0.00    0.00   97.98
21:42:52       3    1.00    0.00    1.00    0.00    0.00    0.00    0.00    0.00    0.00   98.00

21:42:52     CPU    %usr   %nice    %sys %iowait    %irq   %soft  %steal  %guest  %gnice   %idle
21:42:53     all    0.58    0.00    1.46    0.29    0.00    3.50    0.00    0.00    0.00   94.17
21:42:53       0    0.00    0.00    2.38    0.00    0.00   28.57    0.00    0.00    0.00   69.05
21:42:53       1    1.00    0.00    1.00    0.00    0.00    0.00    0.00    0.00    0.00   98.00
21:42:53       2    0.99    0.00    1.98    0.00    0.00    0.00    0.00    0.00    0.00   97.03
21:42:53       3    0.00    0.00    1.00    1.00    0.00    0.00    0.00    0.00    0.00   98.00

21:42:53     CPU    %usr   %nice    %sys %iowait    %irq   %soft  %steal  %guest  %gnice   %idle
21:42:54     all    0.58    0.00    1.75    0.00    0.00    4.08    0.00    0.00    0.00   93.59
21:42:54       0    0.00    0.00    2.33    0.00    0.00   32.56    0.00    0.00    0.00   65.12
21:42:54       1    1.00    0.00    1.00    0.00    0.00    0.00    0.00    0.00    0.00   98.00
21:42:54       2    0.00    0.00    2.00    0.00    0.00    0.00    0.00    0.00    0.00   98.00
21:42:54       3    1.00    0.00    2.00    0.00    0.00    0.00    0.00    0.00    0.00   97.00

21:42:54     CPU    %usr   %nice    %sys %iowait    %irq   %soft  %steal  %guest  %gnice   %idle
21:42:55     all    0.59    0.00    1.18    0.00    0.00    3.24    0.00    0.00    0.00   94.99
21:42:55       0    2.44    0.00    2.44    0.00    0.00   26.83    0.00    0.00    0.00   68.29
21:42:55       1    0.00    0.00    1.01    0.00    0.00    0.00    0.00    0.00    0.00   98.99
21:42:55       2    1.00    0.00    1.00    0.00    0.00    0.00    0.00    0.00    0.00   98.00
21:42:55       3    0.00    0.00    1.01    0.00    0.00    0.00    0.00    0.00    0.00   98.99

21:42:55     CPU    %usr   %nice    %sys %iowait    %irq   %soft  %steal  %guest  %gnice   %idle
21:42:56     all    0.89    0.00    1.19    0.00    0.00    1.78    0.00    0.00    0.00   96.14
21:42:56       0    2.70    0.00    5.41    0.00    0.00   16.22    0.00    0.00    0.00   75.68
21:42:56       1    1.00    0.00    1.00    0.00    0.00    0.00    0.00    0.00    0.00   98.00
21:42:56       2    0.00    0.00    0.00    0.00    0.00    0.00    0.00    0.00    0.00  100.00
21:42:56       3    0.99    0.00    0.99    0.00    0.00    0.00    0.00    0.00    0.00   98.02

21:42:56     CPU    %usr   %nice    %sys %iowait    %irq   %soft  %steal  %guest  %gnice   %idle
21:42:57     all    0.30    0.00    0.60    0.00    0.00    1.79    0.00    0.00    0.00   97.31
21:42:57       0    0.00    0.00    0.00    0.00    0.00   17.14    0.00    0.00    0.00   82.86
21:42:57       1    0.00    0.00    1.00    0.00    0.00    0.00    0.00    0.00    0.00   99.00
21:42:57       2    0.99    0.00    0.99    0.00    0.00    0.00    0.00    0.00    0.00   98.02
21:42:57       3    0.00    0.00    0.00    0.00    0.00    0.00    0.00    0.00    0.00  100.00

21:42:57     CPU    %usr   %nice    %sys %iowait    %irq   %soft  %steal  %guest  %gnice   %idle
21:42:58     all    0.89    0.00    1.78    0.00    0.00    2.37    0.00    0.00    0.00   94.97
21:42:58       0    2.56    0.00    5.13    0.00    0.00   20.51    0.00    0.00    0.00   71.79
21:42:58       1    1.00    0.00    2.00    0.00    0.00    0.00    0.00    0.00    0.00   97.00
21:42:58       2    0.00    0.00    1.01    0.00    0.00    0.00    0.00    0.00    0.00   98.99
21:42:58       3    1.00    0.00    1.00    0.00    0.00    0.00    0.00    0.00    0.00   98.00

21:42:58     CPU    %usr   %nice    %sys %iowait    %irq   %soft  %steal  %guest  %gnice   %idle
21:42:59     all    0.89    0.00    1.48    0.00    0.00    2.67    0.00    0.00    0.00   94.96
21:42:59       0    0.00    0.00    0.00    0.00    0.00   24.32    0.00    0.00    0.00   75.68
21:42:59       1    1.00    0.00    1.00    0.00    0.00    0.00    0.00    0.00    0.00   98.00
21:42:59       2    1.00    0.00    2.00    0.00    0.00    0.00    0.00    0.00    0.00   97.00
21:42:59       3    1.00    0.00    2.00    0.00    0.00    0.00    0.00    0.00    0.00   97.00

21:42:59     CPU    %usr   %nice    %sys %iowait    %irq   %soft  %steal  %guest  %gnice   %idle
21:43:00     all    0.59    0.00    1.17    0.00    0.00    3.23    0.00    0.00    0.00   95.01
21:43:00       0    2.38    0.00    2.38    0.00    0.00   26.19    0.00    0.00    0.00   69.05
21:43:00       1    0.00    0.00    2.00    0.00    0.00    0.00    0.00    0.00    0.00   98.00
21:43:00       2    1.01    0.00    0.00    0.00    0.00    0.00    0.00    0.00    0.00   98.99
21:43:00       3    0.00    0.00    1.00    0.00    0.00    0.00    0.00    0.00    0.00   99.00

21:43:00     CPU    %usr   %nice    %sys %iowait    %irq   %soft  %steal  %guest  %gnice   %idle
21:43:01     all    0.58    0.00    1.17    0.00    0.00    4.09    0.00    0.00    0.00   94.15
21:43:01       0    0.00    0.00    0.00    0.00    0.00   33.33    0.00    0.00    0.00   66.67
21:43:01       1    1.00    0.00    1.00    0.00    0.00    0.00    0.00    0.00    0.00   98.00
21:43:01       2    0.00    0.00    1.98    0.00    0.00    0.00    0.00    0.00    0.00   98.02
21:43:01       3    1.01    0.00    1.01    0.00    0.00    0.00    0.00    0.00    0.00   97.98

21:43:01     CPU    %usr   %nice    %sys %iowait    %irq   %soft  %steal  %guest  %gnice   %idle
21:43:02     all    0.88    0.00    1.47    0.00    0.00    2.93    0.00    0.00    0.00   94.72
21:43:02       0    2.44    0.00    4.88    0.00    0.00   24.39    0.00    0.00    0.00   68.29
21:43:02       1    1.00    0.00    1.00    0.00    0.00    0.00    0.00    0.00    0.00   98.00
21:43:02       2    1.00    0.00    1.00    0.00    0.00    0.00    0.00    0.00    0.00   98.00
21:43:02       3    0.00    0.00    1.00    0.00    0.00    0.00    0.00    0.00    0.00   99.00

21:43:02     CPU    %usr   %nice    %sys %iowait    %irq   %soft  %steal  %guest  %gnice   %idle
21:43:03     all    0.30    0.00    1.48    0.00    0.00    2.97    0.00    0.00    0.00   95.25
21:43:03       0    0.00    0.00    2.56    0.00    0.00   25.64    0.00    0.00    0.00   71.79
21:43:03       1    0.00    0.00    2.02    0.00    0.00    0.00    0.00    0.00    0.00   97.98
21:43:03       2    0.00    0.00    1.01    0.00    0.00    0.00    0.00    0.00    0.00   98.99
21:43:03       3    1.00    0.00    1.00    0.00    0.00    0.00    0.00    0.00    0.00   98.00

21:43:03     CPU    %usr   %nice    %sys %iowait    %irq   %soft  %steal  %guest  %gnice   %idle
21:43:04     all    0.60    0.00    1.49    0.00    0.00    2.08    0.00    0.00    0.00   95.83
21:43:04       0    0.00    0.00    2.78    0.00    0.00   19.44    0.00    0.00    0.00   77.78
21:43:04       1    1.00    0.00    1.00    0.00    0.00    0.00    0.00    0.00    0.00   98.00
21:43:04       2    1.00    0.00    1.00    0.00    0.00    0.00    0.00    0.00    0.00   98.00
21:43:04       3    0.00    0.00    2.00    0.00    0.00    0.00    0.00    0.00    0.00   98.00

21:43:04     CPU    %usr   %nice    %sys %iowait    %irq   %soft  %steal  %guest  %gnice   %idle
21:43:05     all    1.16    0.00    1.74    0.00    0.00    3.49    0.00    0.00    0.00   93.60
21:43:05       0    2.38    0.00    2.38    0.00    0.00   28.57    0.00    0.00    0.00   66.67
21:43:05       1    0.99    0.00    1.98    0.00    0.00    0.00    0.00    0.00    0.00   97.03
21:43:05       2    0.99    0.00    1.98    0.00    0.00    0.00    0.00    0.00    0.00   97.03
21:43:05       3    1.00    0.00    1.00    0.00    0.00    0.00    0.00    0.00    0.00   98.00

21:43:05     CPU    %usr   %nice    %sys %iowait    %irq   %soft  %steal  %guest  %gnice   %idle
21:43:06     all    0.00    0.00    1.48    0.00    0.00    3.25    0.00    0.00    0.00   95.27
21:43:06       0    0.00    0.00    5.00    0.00    0.00   27.50    0.00    0.00    0.00   67.50
21:43:06       1    0.00    0.00    1.01    0.00    0.00    0.00    0.00    0.00    0.00   98.99
21:43:06       2    0.00    0.00    1.00    0.00    0.00    0.00    0.00    0.00    0.00   99.00
21:43:06       3    0.00    0.00    1.01    0.00    0.00    0.00    0.00    0.00    0.00   98.99

21:43:06     CPU    %usr   %nice    %sys %iowait    %irq   %soft  %steal  %guest  %gnice   %idle
21:43:07     all    0.58    0.00    1.17    0.00    0.00    3.80    0.00    0.00    0.00   94.44
21:43:07       0    0.00    0.00    2.33    0.00    0.00   30.23    0.00    0.00    0.00   67.44
21:43:07       1    1.00    0.00    1.00    0.00    0.00    0.00    0.00    0.00    0.00   98.00
21:43:07       2    0.00    0.00    1.01    0.00    0.00    0.00    0.00    0.00    0.00   98.99
21:43:07       3    1.00    0.00    1.00    0.00    0.00    0.00    0.00    0.00    0.00   98.00

21:43:07     CPU    %usr   %nice    %sys %iowait    %irq   %soft  %steal  %guest  %gnice   %idle
21:43:08     all    0.87    0.00    2.33    0.00    0.00    3.20    0.00    0.00    0.00   93.60
21:43:08       0    2.38    0.00    4.76    0.00    0.00   26.19    0.00    0.00    0.00   66.67
21:43:08       1    0.00    0.00    1.98    0.00    0.00    0.00    0.00    0.00    0.00   98.02
21:43:08       2    1.00    0.00    1.00    0.00    0.00    0.00    0.00    0.00    0.00   98.00
21:43:08       3    0.99    0.00    2.97    0.00    0.00    0.00    0.00    0.00    0.00   96.04

21:43:08     CPU    %usr   %nice    %sys %iowait    %irq   %soft  %steal  %guest  %gnice   %idle
21:43:09     all    0.59    0.00    1.47    0.00    0.00    3.81    0.00    0.00    0.00   94.13
21:43:09       0    2.33    0.00    4.65    0.00    0.00   30.23    0.00    0.00    0.00   62.79
21:43:09       1    0.00    0.00    1.01    0.00    0.00    0.00    0.00    0.00    0.00   98.99
21:43:09       2    0.00    0.00    1.01    0.00    0.00    0.00    0.00    0.00    0.00   98.99
21:43:09       3    1.00    0.00    1.00    0.00    0.00    0.00    0.00    0.00    0.00   98.00

21:43:09     CPU    %usr   %nice    %sys %iowait    %irq   %soft  %steal  %guest  %gnice   %idle
21:43:10     all    0.59    0.00    0.89    0.00    0.00    3.25    0.00    0.00    0.00   95.27
21:43:10       0    0.00    0.00    0.00    0.00    0.00   27.50    0.00    0.00    0.00   72.50
21:43:10       1    1.01    0.00    1.01    0.00    0.00    0.00    0.00    0.00    0.00   97.98
21:43:10       2    1.00    0.00    1.00    0.00    0.00    0.00    0.00    0.00    0.00   98.00
21:43:10       3    0.00    0.00    1.01    0.00    0.00    0.00    0.00    0.00    0.00   98.99

21:43:10     CPU    %usr   %nice    %sys %iowait    %irq   %soft  %steal  %guest  %gnice   %idle
21:43:11     all    1.17    0.00    1.47    0.00    0.00    3.23    0.00    0.00    0.00   94.13
21:43:11       0    2.50    0.00    0.00    0.00    0.00   27.50    0.00    0.00    0.00   70.00
21:43:11       1    1.00    0.00    1.00    0.00    0.00    0.00    0.00    0.00    0.00   98.00
21:43:11       2    1.00    0.00    2.00    0.00    0.00    0.00    0.00    0.00    0.00   97.00
21:43:11       3    0.99    0.00    1.98    0.00    0.00    0.00    0.00    0.00    0.00   97.03

21:43:11     CPU    %usr   %nice    %sys %iowait    %irq   %soft  %steal  %guest  %gnice   %idle
21:43:12     all    0.60    0.00    1.49    0.00    0.00    2.08    0.00    0.00    0.00   95.83
21:43:12       0    2.70    0.00    2.70    0.00    0.00   18.92    0.00    0.00    0.00   75.68
21:43:12       1    0.00    0.00    1.01    0.00    0.00    0.00    0.00    0.00    0.00   98.99
21:43:12       2    0.99    0.00    1.98    0.00    0.00    0.00    0.00    0.00    0.00   97.03
21:43:12       3    0.00    0.00    1.01    0.00    0.00    0.00    0.00    0.00    0.00   98.99

21:43:12     CPU    %usr   %nice    %sys %iowait    %irq   %soft  %steal  %guest  %gnice   %idle
21:43:13     all    0.88    0.00    1.47    0.00    0.00    3.23    0.00    0.00    0.00   94.43
21:43:13       0    0.00    0.00    2.44    0.00    0.00   26.83    0.00    0.00    0.00   70.73
21:43:13       1    1.00    0.00    1.00    0.00    0.00    0.00    0.00    0.00    0.00   98.00
21:43:13       2    1.01    0.00    1.01    0.00    0.00    0.00    0.00    0.00    0.00   97.98
21:43:13       3    0.99    0.00    1.98    0.00    0.00    0.00    0.00    0.00    0.00   97.03

21:43:13     CPU    %usr   %nice    %sys %iowait    %irq   %soft  %steal  %guest  %gnice   %idle
21:43:14     all    0.89    0.00    1.49    0.00    0.00    2.08    0.00    0.00    0.00   95.54
21:43:14       0    0.00    0.00    2.78    0.00    0.00   19.44    0.00    0.00    0.00   77.78
21:43:14       1    0.99    0.00    0.99    0.00    0.00    0.00    0.00    0.00    0.00   98.02
21:43:14       2    1.00    0.00    2.00    0.00    0.00    0.00    0.00    0.00    0.00   97.00
21:43:14       3    1.01    0.00    1.01    0.00    0.00    0.00    0.00    0.00    0.00   97.98

21:43:14     CPU    %usr   %nice    %sys %iowait    %irq   %soft  %steal  %guest  %gnice   %idle
21:43:15     all    0.60    0.00    1.20    0.00    0.00    1.50    0.00    0.00    0.00   96.71
21:43:15       0    0.00    0.00    0.00    0.00    0.00   14.71    0.00    0.00    0.00   85.29
21:43:15       1    0.00    0.00    1.01    0.00    0.00    0.00    0.00    0.00    0.00   98.99
21:43:15       2    1.00    0.00    1.00    0.00    0.00    0.00    0.00    0.00    0.00   98.00
21:43:15       3    0.99    0.00    1.98    0.00    0.00    0.00    0.00    0.00    0.00   97.03

21:43:15     CPU    %usr   %nice    %sys %iowait    %irq   %soft  %steal  %guest  %gnice   %idle
21:43:16     all    0.30    0.00    0.30    0.00    0.00    2.38    0.00    0.00    0.00   97.02
21:43:16       0    0.00    0.00    0.00    0.00    0.00   21.62    0.00    0.00    0.00   78.38
21:43:16       1    0.00    0.00    0.00    0.00    0.00    0.00    0.00    0.00    0.00  100.00
21:43:16       2    0.00    0.00    1.00    0.00    0.00    0.00    0.00    0.00    0.00   99.00
21:43:16       3    1.00    0.00    0.00    0.00    0.00    0.00    0.00    0.00    0.00   99.00

21:43:16     CPU    %usr   %nice    %sys %iowait    %irq   %soft  %steal  %guest  %gnice   %idle
21:43:17     all    0.89    0.00    1.49    0.00    0.00    1.79    0.00    0.00    0.00   95.83
21:43:17       0    2.78    0.00    0.00    0.00    0.00   16.67    0.00    0.00    0.00   80.56
21:43:17       1    0.99    0.00    1.98    0.00    0.00    0.00    0.00    0.00    0.00   97.03
21:43:17       2    0.00    0.00    2.00    0.00    0.00    0.00    0.00    0.00    0.00   98.00
21:43:17       3    1.01    0.00    1.01    0.00    0.00    0.00    0.00    0.00    0.00   97.98

Average:     CPU    %usr   %nice    %sys %iowait    %irq   %soft  %steal  %guest  %gnice   %idle
Average:     all    0.64    0.00    1.40    0.01    0.00    2.47    0.00    0.00    0.00   95.47
Average:       0    1.04    0.00    2.16    0.00    0.00   17.16    0.00    0.00    0.00   79.63
Average:       1    0.55    0.00    1.26    0.02    0.00    0.00    0.00    0.00    0.00   98.17
Average:       2    0.62    0.00    1.35    0.00    0.00    0.00    0.00    0.00    0.00   98.03
Average:       3    0.55    0.00    1.20    0.03    0.00    0.00    0.00    0.00    0.00   98.21
