Linux 6.17.0-1011-raspi (raspberrypi) 	04/20/26 	_aarch64_	(4 CPU)

21:32:50     CPU    %usr   %nice    %sys %iowait    %irq   %soft  %steal  %guest  %gnice   %idle
21:32:51     all   27.57    0.00   24.06    0.00    0.00    0.00    0.00    0.00    0.00   48.37
21:32:51       0    1.01    0.00    2.02    0.00    0.00    0.00    0.00    0.00    0.00   96.97
21:32:51       1    8.00    0.00   92.00    0.00    0.00    0.00    0.00    0.00    0.00    0.00
21:32:51       2  100.00    0.00    0.00    0.00    0.00    0.00    0.00    0.00    0.00    0.00
21:32:51       3    1.00    0.00    2.00    0.00    0.00    0.00    0.00    0.00    0.00   97.00

21:32:51     CPU    %usr   %nice    %sys %iowait    %irq   %soft  %steal  %guest  %gnice   %idle
21:32:52     all   27.50    0.00   24.25    0.00    0.00    0.00    0.00    0.00    0.00   48.25
21:32:52       0    0.99    0.00    1.98    0.00    0.00    0.00    0.00    0.00    0.00   97.03
21:32:52       1    8.00    0.00   92.00    0.00    0.00    0.00    0.00    0.00    0.00    0.00
21:32:52       2  100.00    0.00    0.00    0.00    0.00    0.00    0.00    0.00    0.00    0.00
21:32:52       3    1.01    0.00    3.03    0.00    0.00    0.00    0.00    0.00    0.00   95.96

21:32:52     CPU    %usr   %nice    %sys %iowait    %irq   %soft  %steal  %guest  %gnice   %idle
21:32:53     all   27.25    0.00   24.25    0.00    0.00    0.00    0.00    0.00    0.00   48.50
21:32:53       0    0.00    0.00    2.02    0.00    0.00    0.00    0.00    0.00    0.00   97.98
21:32:53       1    8.00    0.00   92.00    0.00    0.00    0.00    0.00    0.00    0.00    0.00
21:32:53       2  100.00    0.00    0.00    0.00    0.00    0.00    0.00    0.00    0.00    0.00
21:32:53       3    0.99    0.00    2.97    0.00    0.00    0.00    0.00    0.00    0.00   96.04

21:32:53     CPU    %usr   %nice    %sys %iowait    %irq   %soft  %steal  %guest  %gnice   %idle
21:32:54     all   28.25    0.00   23.50    0.00    0.00    0.00    0.00    0.00    0.00   48.25
21:32:54       0    1.00    0.00    2.00    0.00    0.00    0.00    0.00    0.00    0.00   97.00
21:32:54       1   10.00    0.00   90.00    0.00    0.00    0.00    0.00    0.00    0.00    0.00
21:32:54       2  100.00    0.00    0.00    0.00    0.00    0.00    0.00    0.00    0.00    0.00
21:32:54       3    2.00    0.00    2.00    0.00    0.00    0.00    0.00    0.00    0.00   96.00

21:32:54     CPU    %usr   %nice    %sys %iowait    %irq   %soft  %steal  %guest  %gnice   %idle
21:32:55     all   27.32    0.00   24.06    0.00    0.00    0.00    0.00    0.00    0.00   48.62
21:32:55       0    1.00    0.00    2.00    0.00    0.00    0.00    0.00    0.00    0.00   97.00
21:32:55       1    8.00    0.00   92.00    0.00    0.00    0.00    0.00    0.00    0.00    0.00
21:32:55       2  100.00    0.00    0.00    0.00    0.00    0.00    0.00    0.00    0.00    0.00
21:32:55       3    0.00    0.00    2.02    0.00    0.00    0.00    0.00    0.00    0.00   97.98

21:32:55     CPU    %usr   %nice    %sys %iowait    %irq   %soft  %steal  %guest  %gnice   %idle
21:32:56     all   27.82    0.00   23.81    0.00    0.00    0.00    0.00    0.00    0.00   48.37
21:32:56       0    1.00    0.00    2.00    0.00    0.00    0.00    0.00    0.00    0.00   97.00
21:32:56       1    9.00    0.00   91.00    0.00    0.00    0.00    0.00    0.00    0.00    0.00
21:32:56       2  100.00    0.00    0.00    0.00    0.00    0.00    0.00    0.00    0.00    0.00
21:32:56       3    1.01    0.00    2.02    0.00    0.00    0.00    0.00    0.00    0.00   96.97

21:32:56     CPU    %usr   %nice    %sys %iowait    %irq   %soft  %steal  %guest  %gnice   %idle
21:32:57     all   27.07    0.00   24.56    0.00    0.00    0.00    0.00    0.00    0.00   48.37
21:32:57       0    0.00    0.00    2.02    0.00    0.00    0.00    0.00    0.00    0.00   97.98
21:32:57       1    7.00    0.00   93.00    0.00    0.00    0.00    0.00    0.00    0.00    0.00
21:32:57       2  100.00    0.00    0.00    0.00    0.00    0.00    0.00    0.00    0.00    0.00
21:32:57       3    1.00    0.00    3.00    0.00    0.00    0.00    0.00    0.00    0.00   96.00

21:32:57     CPU    %usr   %nice    %sys %iowait    %irq   %soft  %steal  %guest  %gnice   %idle
21:32:58     all   27.68    0.00   23.94    0.00    0.00    0.00    0.00    0.00    0.00   48.38
21:32:58       0    1.00    0.00    1.00    0.00    0.00    0.00    0.00    0.00    0.00   98.00
21:32:58       1    8.00    0.00   92.00    0.00    0.00    0.00    0.00    0.00    0.00    0.00
21:32:58       2  100.00    0.00    0.00    0.00    0.00    0.00    0.00    0.00    0.00    0.00
21:32:58       3    1.98    0.00    2.97    0.00    0.00    0.00    0.00    0.00    0.00   95.05

21:32:58     CPU    %usr   %nice    %sys %iowait    %irq   %soft  %steal  %guest  %gnice   %idle
21:32:59     all   27.32    0.00   24.31    0.00    0.00    0.00    0.00    0.00    0.00   48.37
21:32:59       0    0.00    0.00    2.02    0.00    0.00    0.00    0.00    0.00    0.00   97.98
21:32:59       1    8.00    0.00   92.00    0.00    0.00    0.00    0.00    0.00    0.00    0.00
21:32:59       2  100.00    0.00    0.00    0.00    0.00    0.00    0.00    0.00    0.00    0.00
21:32:59       3    1.00    0.00    3.00    0.00    0.00    0.00    0.00    0.00    0.00   96.00

21:32:59     CPU    %usr   %nice    %sys %iowait    %irq   %soft  %steal  %guest  %gnice   %idle
21:33:00     all   27.75    0.00   24.00    0.00    0.00    0.00    0.00    0.00    0.00   48.25
21:33:00       0    1.00    0.00    2.00    0.00    0.00    0.00    0.00    0.00    0.00   97.00
21:33:00       1    9.00    0.00   91.00    0.00    0.00    0.00    0.00    0.00    0.00    0.00
21:33:00       2  100.00    0.00    0.00    0.00    0.00    0.00    0.00    0.00    0.00    0.00
21:33:00       3    1.00    0.00    3.00    0.00    0.00    0.00    0.00    0.00    0.00   96.00

21:33:00     CPU    %usr   %nice    %sys %iowait    %irq   %soft  %steal  %guest  %gnice   %idle
21:33:01     all   27.86    0.00   23.63    0.25    0.00    0.00    0.00    0.00    0.00   48.26
21:33:01       0    0.99    0.00    2.97    0.00    0.00    0.00    0.00    0.00    0.00   96.04
21:33:01       1   10.00    0.00   90.00    0.00    0.00    0.00    0.00    0.00    0.00    0.00
21:33:01       2  100.00    0.00    0.00    0.00    0.00    0.00    0.00    0.00    0.00    0.00
21:33:01       3    0.99    0.00    1.98    0.99    0.00    0.00    0.00    0.00    0.00   96.04

21:33:01     CPU    %usr   %nice    %sys %iowait    %irq   %soft  %steal  %guest  %gnice   %idle
21:33:02     all   27.89    0.00   23.87    0.00    0.00    0.25    0.00    0.00    0.00   47.99
21:33:02       0    2.04    0.00    3.06    0.00    0.00    0.00    0.00    0.00    0.00   94.90
21:33:02       1    8.91    0.00   90.10    0.00    0.00    0.99    0.00    0.00    0.00    0.00
21:33:02       2  100.00    0.00    0.00    0.00    0.00    0.00    0.00    0.00    0.00    0.00
21:33:02       3    0.00    0.00    1.01    0.00    0.00    0.00    0.00    0.00    0.00   98.99

21:33:02     CPU    %usr   %nice    %sys %iowait    %irq   %soft  %steal  %guest  %gnice   %idle
21:33:03     all   29.31    0.00   24.42    0.00    0.00    0.00    0.00    0.00    0.00   46.27
21:33:03       0    1.11    0.00    4.44    0.00    0.00    0.00    0.00    0.00    0.00   94.44
21:33:03       1   11.11    0.00   88.89    0.00    0.00    0.00    0.00    0.00    0.00    0.00
21:33:03       2  100.00    0.00    0.00    0.00    0.00    0.00    0.00    0.00    0.00    0.00
21:33:03       3    2.00    0.00    3.00    0.00    0.00    0.00    0.00    0.00    0.00   95.00

21:33:03     CPU    %usr   %nice    %sys %iowait    %irq   %soft  %steal  %guest  %gnice   %idle
21:33:04     all   28.90    0.00   24.30    0.00    0.00    0.51    0.00    0.00    0.00   46.29
21:33:04       0    1.11    0.00    3.33    0.00    0.00    2.22    0.00    0.00    0.00   93.33
21:33:04       1   10.89    0.00   89.11    0.00    0.00    0.00    0.00    0.00    0.00    0.00
21:33:04       2  100.00    0.00    0.00    0.00    0.00    0.00    0.00    0.00    0.00    0.00
21:33:04       3    1.00    0.00    2.00    0.00    0.00    0.00    0.00    0.00    0.00   97.00

21:33:04     CPU    %usr   %nice    %sys %iowait    %irq   %soft  %steal  %guest  %gnice   %idle
21:33:05     all   28.72    0.00   24.62    0.00    0.00    0.51    0.00    0.00    0.00   46.15
21:33:05       0    2.20    0.00    3.30    0.00    0.00    2.20    0.00    0.00    0.00   92.31
21:33:05       1    9.09    0.00   90.91    0.00    0.00    0.00    0.00    0.00    0.00    0.00
21:33:05       2  100.00    0.00    0.00    0.00    0.00    0.00    0.00    0.00    0.00    0.00
21:33:05       3    1.00    0.00    3.00    0.00    0.00    0.00    0.00    0.00    0.00   96.00

21:33:05     CPU    %usr   %nice    %sys %iowait    %irq   %soft  %steal  %guest  %gnice   %idle
21:33:06     all   29.26    0.00   24.43    0.00    0.00    0.25    0.00    0.00    0.00   46.06
21:33:06       0    2.17    0.00    4.35    0.00    0.00    1.09    0.00    0.00    0.00   92.39
21:33:06       1   11.88    0.00   88.12    0.00    0.00    0.00    0.00    0.00    0.00    0.00
21:33:06       2  100.00    0.00    0.00    0.00    0.00    0.00    0.00    0.00    0.00    0.00
21:33:06       3    1.00    0.00    3.00    0.00    0.00    0.00    0.00    0.00    0.00   96.00

21:33:06     CPU    %usr   %nice    %sys %iowait    %irq   %soft  %steal  %guest  %gnice   %idle
21:33:07     all   28.94    0.00   24.29    0.00    0.00    0.52    0.00    0.00    0.00   46.25
21:33:07       0    1.12    0.00    2.25    0.00    0.00    2.25    0.00    0.00    0.00   94.38
21:33:07       1    9.09    0.00   90.91    0.00    0.00    0.00    0.00    0.00    0.00    0.00
21:33:07       2  100.00    0.00    0.00    0.00    0.00    0.00    0.00    0.00    0.00    0.00
21:33:07       3    2.02    0.00    2.02    0.00    0.00    0.00    0.00    0.00    0.00   95.96

21:33:07     CPU    %usr   %nice    %sys %iowait    %irq   %soft  %steal  %guest  %gnice   %idle
21:33:08     all   28.75    0.00   24.43    0.00    0.00    0.76    0.00    0.00    0.00   46.06
21:33:08       0    1.09    0.00    4.35    0.00    0.00    2.17    0.00    0.00    0.00   92.39
21:33:08       1   10.89    0.00   88.12    0.00    0.00    0.99    0.00    0.00    0.00    0.00
21:33:08       2  100.00    0.00    0.00    0.00    0.00    0.00    0.00    0.00    0.00    0.00
21:33:08       3    1.00    0.00    3.00    0.00    0.00    0.00    0.00    0.00    0.00   96.00

21:33:08     CPU    %usr   %nice    %sys %iowait    %irq   %soft  %steal  %guest  %gnice   %idle
21:33:09     all   29.31    0.00   24.16    0.00    0.00    0.26    0.00    0.00    0.00   46.27
21:33:09       0    1.11    0.00    3.33    0.00    0.00    1.11    0.00    0.00    0.00   94.44
21:33:09       1   12.00    0.00   88.00    0.00    0.00    0.00    0.00    0.00    0.00    0.00
21:33:09       2  100.00    0.00    0.00    0.00    0.00    0.00    0.00    0.00    0.00    0.00
21:33:09       3    1.01    0.00    3.03    0.00    0.00    0.00    0.00    0.00    0.00   95.96

21:33:09     CPU    %usr   %nice    %sys %iowait    %irq   %soft  %steal  %guest  %gnice   %idle
21:33:10     all   29.34    0.00   23.98    0.00    0.00    0.51    0.00    0.00    0.00   46.17
21:33:10       0    2.17    0.00    2.17    0.00    0.00    2.17    0.00    0.00    0.00   93.48
21:33:10       1   11.00    0.00   89.00    0.00    0.00    0.00    0.00    0.00    0.00    0.00
21:33:10       2  100.00    0.00    0.00    0.00    0.00    0.00    0.00    0.00    0.00    0.00
21:33:10       3    2.00    0.00    3.00    0.00    0.00    0.00    0.00    0.00    0.00   95.00

21:33:10     CPU    %usr   %nice    %sys %iowait    %irq   %soft  %steal  %guest  %gnice   %idle
21:33:11     all   29.23    0.00   24.36    0.00    0.00    0.26    0.00    0.00    0.00   46.15
21:33:11       0    1.11    0.00    3.33    0.00    0.00    1.11    0.00    0.00    0.00   94.44
21:33:11       1   11.00    0.00   89.00    0.00    0.00    0.00    0.00    0.00    0.00    0.00
21:33:11       2  100.00    0.00    0.00    0.00    0.00    0.00    0.00    0.00    0.00    0.00
21:33:11       3    2.00    0.00    3.00    0.00    0.00    0.00    0.00    0.00    0.00   95.00

21:33:11     CPU    %usr   %nice    %sys %iowait    %irq   %soft  %steal  %guest  %gnice   %idle
21:33:12     all   29.23    0.00   23.85    0.00    0.00    0.51    0.00    0.00    0.00   46.41
21:33:12       0    1.10    0.00    3.30    0.00    0.00    2.20    0.00    0.00    0.00   93.41
21:33:12       1   12.12    0.00   87.88    0.00    0.00    0.00    0.00    0.00    0.00    0.00
21:33:12       2  100.00    0.00    0.00    0.00    0.00    0.00    0.00    0.00    0.00    0.00
21:33:12       3    1.00    0.00    3.00    0.00    0.00    0.00    0.00    0.00    0.00   96.00

21:33:12     CPU    %usr   %nice    %sys %iowait    %irq   %soft  %steal  %guest  %gnice   %idle
21:33:13     all   29.08    0.00   24.23    0.00    0.00    0.77    0.00    0.00    0.00   45.92
21:33:13       0    2.17    0.00    3.26    0.00    0.00    2.17    0.00    0.00    0.00   92.39
21:33:13       1   10.89    0.00   88.12    0.00    0.00    0.99    0.00    0.00    0.00    0.00
21:33:13       2  100.00    0.00    0.00    0.00    0.00    0.00    0.00    0.00    0.00    0.00
21:33:13       3    1.01    0.00    3.03    0.00    0.00    0.00    0.00    0.00    0.00   95.96

21:33:13     CPU    %usr   %nice    %sys %iowait    %irq   %soft  %steal  %guest  %gnice   %idle
21:33:14     all   29.41    0.00   24.04    0.00    0.00    0.26    0.00    0.00    0.00   46.29
21:33:14       0    2.20    0.00    4.40    0.00    0.00    1.10    0.00    0.00    0.00   92.31
21:33:14       1   12.00    0.00   88.00    0.00    0.00    0.00    0.00    0.00    0.00    0.00
21:33:14       2  100.00    0.00    0.00    0.00    0.00    0.00    0.00    0.00    0.00    0.00
21:33:14       3    1.00    0.00    2.00    0.00    0.00    0.00    0.00    0.00    0.00   97.00

21:33:14     CPU    %usr   %nice    %sys %iowait    %irq   %soft  %steal  %guest  %gnice   %idle
21:33:15     all   28.72    0.00   23.85    0.00    0.00    0.26    0.00    0.00    0.00   47.18
21:33:15       0    0.00    0.00    2.22    0.00    0.00    1.11    0.00    0.00    0.00   96.67
21:33:15       1   11.00    0.00   89.00    0.00    0.00    0.00    0.00    0.00    0.00    0.00
21:33:15       2  100.00    0.00    0.00    0.00    0.00    0.00    0.00    0.00    0.00    0.00
21:33:15       3    1.00    0.00    2.00    0.00    0.00    0.00    0.00    0.00    0.00   97.00

21:33:15     CPU    %usr   %nice    %sys %iowait    %irq   %soft  %steal  %guest  %gnice   %idle
21:33:16     all   28.79    0.00   23.65    0.26    0.00    0.26    0.00    0.00    0.00   47.04
21:33:16       0    1.11    0.00    1.11    1.11    0.00    1.11    0.00    0.00    0.00   95.56
21:33:16       1   10.10    0.00   89.90    0.00    0.00    0.00    0.00    0.00    0.00    0.00
21:33:16       2  100.00    0.00    0.00    0.00    0.00    0.00    0.00    0.00    0.00    0.00
21:33:16       3    1.00    0.00    2.00    0.00    0.00    0.00    0.00    0.00    0.00   97.00

21:33:16     CPU    %usr   %nice    %sys %iowait    %irq   %soft  %steal  %guest  %gnice   %idle
21:33:17     all   29.26    0.00   24.43    0.00    0.00    0.51    0.00    0.00    0.00   45.80
21:33:17       0    1.09    0.00    4.35    0.00    0.00    2.17    0.00    0.00    0.00   92.39
21:33:17       1   11.88    0.00   88.12    0.00    0.00    0.00    0.00    0.00    0.00    0.00
21:33:17       2  100.00    0.00    0.00    0.00    0.00    0.00    0.00    0.00    0.00    0.00
21:33:17       3    2.00    0.00    3.00    0.00    0.00    0.00    0.00    0.00    0.00   95.00

21:33:17     CPU    %usr   %nice    %sys %iowait    %irq   %soft  %steal  %guest  %gnice   %idle
21:33:18     all   28.90    0.00   24.55    0.00    0.00    0.51    0.00    0.00    0.00   46.04
21:33:18       0    1.10    0.00    3.30    0.00    0.00    2.20    0.00    0.00    0.00   93.41
21:33:18       1   10.00    0.00   90.00    0.00    0.00    0.00    0.00    0.00    0.00    0.00
21:33:18       2  100.00    0.00    0.00    0.00    0.00    0.00    0.00    0.00    0.00    0.00
21:33:18       3    2.00    0.00    3.00    0.00    0.00    0.00    0.00    0.00    0.00   95.00

21:33:18     CPU    %usr   %nice    %sys %iowait    %irq   %soft  %steal  %guest  %gnice   %idle
21:33:19     all   29.12    0.00   24.23    0.00    0.00    0.26    0.00    0.00    0.00   46.39
21:33:19       0    1.12    0.00    3.37    0.00    0.00    1.12    0.00    0.00    0.00   94.38
21:33:19       1   12.00    0.00   88.00    0.00    0.00    0.00    0.00    0.00    0.00    0.00
21:33:19       2  100.00    0.00    0.00    0.00    0.00    0.00    0.00    0.00    0.00    0.00
21:33:19       3    0.00    0.00    3.03    0.00    0.00    0.00    0.00    0.00    0.00   96.97

21:33:19     CPU    %usr   %nice    %sys %iowait    %irq   %soft  %steal  %guest  %gnice   %idle
21:33:20     all   29.34    0.00   24.23    0.00    0.00    0.51    0.00    0.00    0.00   45.92
21:33:20       0    2.17    0.00    3.26    0.00    0.00    2.17    0.00    0.00    0.00   92.39
21:33:20       1   11.11    0.00   88.89    0.00    0.00    0.00    0.00    0.00    0.00    0.00
21:33:20       2  100.00    0.00    0.00    0.00    0.00    0.00    0.00    0.00    0.00    0.00
21:33:20       3    1.98    0.00    3.96    0.00    0.00    0.00    0.00    0.00    0.00   94.06

21:33:20     CPU    %usr   %nice    %sys %iowait    %irq   %soft  %steal  %guest  %gnice   %idle
21:33:21     all   29.01    0.00   24.17    0.00    0.00    0.76    0.00    0.00    0.00   46.06
21:33:21       0    1.08    0.00    4.30    0.00    0.00    2.15    0.00    0.00    0.00   92.47
21:33:21       1   10.89    0.00   88.12    0.00    0.00    0.99    0.00    0.00    0.00    0.00
21:33:21       2  100.00    0.00    0.00    0.00    0.00    0.00    0.00    0.00    0.00    0.00
21:33:21       3    2.02    0.00    2.02    0.00    0.00    0.00    0.00    0.00    0.00   95.96

21:33:21     CPU    %usr   %nice    %sys %iowait    %irq   %soft  %steal  %guest  %gnice   %idle
21:33:22     all   29.49    0.00   23.85    0.00    0.00    0.51    0.00    0.00    0.00   46.15
21:33:22       0    2.22    0.00    2.22    0.00    0.00    2.22    0.00    0.00    0.00   93.33
21:33:22       1   12.00    0.00   88.00    0.00    0.00    0.00    0.00    0.00    0.00    0.00
21:33:22       2  100.00    0.00    0.00    0.00    0.00    0.00    0.00    0.00    0.00    0.00
21:33:22       3    1.00    0.00    3.00    0.00    0.00    0.00    0.00    0.00    0.00   96.00

21:33:22     CPU    %usr   %nice    %sys %iowait    %irq   %soft  %steal  %guest  %gnice   %idle
21:33:23     all   29.05    0.00   24.42    0.00    0.00    0.26    0.00    0.00    0.00   46.27
21:33:23       0    1.11    0.00    3.33    0.00    0.00    1.11    0.00    0.00    0.00   94.44
21:33:23       1   11.00    0.00   89.00    0.00    0.00    0.00    0.00    0.00    0.00    0.00
21:33:23       2  100.00    0.00    0.00    0.00    0.00    0.00    0.00    0.00    0.00    0.00
21:33:23       3    1.01    0.00    3.03    0.00    0.00    0.00    0.00    0.00    0.00   95.96

21:33:23     CPU    %usr   %nice    %sys %iowait    %irq   %soft  %steal  %guest  %gnice   %idle
21:33:24     all   28.79    0.00   24.68    0.00    0.00    0.26    0.00    0.00    0.00   46.27
21:33:24       0    1.11    0.00    3.33    0.00    0.00    1.11    0.00    0.00    0.00   94.44
21:33:24       1    9.09    0.00   90.91    0.00    0.00    0.00    0.00    0.00    0.00    0.00
21:33:24       2  100.00    0.00    0.00    0.00    0.00    0.00    0.00    0.00    0.00    0.00
21:33:24       3    2.00    0.00    3.00    0.00    0.00    0.00    0.00    0.00    0.00   95.00

21:33:24     CPU    %usr   %nice    %sys %iowait    %irq   %soft  %steal  %guest  %gnice   %idle
21:33:25     all   29.85    0.00   23.98    0.00    0.00    0.26    0.00    0.00    0.00   45.92
21:33:25       0    2.20    0.00    3.30    0.00    0.00    1.10    0.00    0.00    0.00   93.41
21:33:25       1   13.00    0.00   87.00    0.00    0.00    0.00    0.00    0.00    0.00    0.00
21:33:25       2  100.00    0.00    0.00    0.00    0.00    0.00    0.00    0.00    0.00    0.00
21:33:25       3    1.98    0.00    3.96    0.00    0.00    0.00    0.00    0.00    0.00   94.06

Average:     CPU    %usr   %nice    %sys %iowait    %irq   %soft  %steal  %guest  %gnice   %idle
Average:     all   28.59    0.00   24.15    0.01    0.00    0.28    0.00    0.00    0.00   46.96
Average:       0    1.22    0.00    2.86    0.03    0.00    1.04    0.00    0.00    0.00   94.85
Average:       1   10.17    0.00   89.71    0.00    0.00    0.11    0.00    0.00    0.00    0.00
Average:       2  100.00    0.00    0.00    0.00    0.00    0.00    0.00    0.00    0.00    0.00
Average:       3    1.26    0.00    2.69    0.03    0.00    0.00    0.00    0.00    0.00   96.02
