# timestamp  face |bytes    packets errs drop fifo frame compressed multicast|bytes    packets errs drop fifo colls carrier compressed
1776709970.122774754     lo:   26473     352    0    0    0     0          0         0    26473     352    0    0    0     0       0          0
1776709970.122774754 enP1p1s0: 3418805554 4200040    0    0    0     0          0        32     1126      15    0   11    0     0       0          0
1776709970.122774754   eth0:     284       4    0    0    0     0          0         2 3435606550 4200050    0    0    0     0       0          0
1776709970.122774754  wlan0:  148194    1536    0    0    0     0          0         1   167201    1465    0    0    0     0       0          0
1776709971.138824187     lo:   26473     352    0    0    0     0          0         0    26473     352    0    0    0     0       0          0
1776709971.138824187 enP1p1s0: 3418805554 4200040    0    0    0     0          0        32     1126      15    0   11    0     0       0          0
1776709971.138824187   eth0:     284       4    0    0    0     0          0         2 3435606550 4200050    0    0    0     0       0          0
1776709971.138824187  wlan0:  152734    1588    0    0    0     0          0         1   172403    1516    0    0    0     0       0          0
1776709972.147959413     lo:   26473     352    0    0    0     0          0         0    26473     352    0    0    0     0       0          0
1776709972.147959413 enP1p1s0: 3418805554 4200040    0    0    0     0          0        32     1126      15    0   11    0     0       0          0
1776709972.147959413   eth0:     284       4    0    0    0     0          0         2 3435606550 4200050    0    0    0     0       0          0
1776709972.147959413  wlan0:  153842    1601    0    0    0     0          0         1   173627    1528    0    0    0     0       0          0
1776709973.157012056     lo:   26473     352    0    0    0     0          0         0    26473     352    0    0    0     0       0          0
1776709973.157012056 enP1p1s0: 3418805554 4200040    0    0    0     0          0        32     1126      15    0   11    0     0       0          0
1776709973.157012056   eth0:     284       4    0    0    0     0          0         2 3435606550 4200050    0    0    0     0       0          0
1776709973.157012056  wlan0:  153894    1602    0    0    0     0          0         1   173777    1529    0    0    0     0       0          0
1776709974.165962212     lo:   26473     352    0    0    0     0          0         0    26473     352    0    0    0     0       0          0
1776709974.165962212 enP1p1s0: 3418805554 4200040    0    0    0     0          0        32     1126      15    0   11    0     0       0          0
1776709974.165962212   eth0:     284       4    0    0    0     0          0         2 3435606550 4200050    0    0    0     0       0          0
1776709974.165962212  wlan0:  153894    1602    0    0    0     0          0         1   173777    1529    0    0    0     0       0          0
1776709975.174917720     lo:   26473     352    0    0    0     0          0         0    26473     352    0    0    0     0       0          0
1776709975.174917720 enP1p1s0: 3418805554 4200040    0    0    0     0          0        32     1126      15    0   11    0     0       0          0
1776709975.174917720   eth0:     284       4    0    0    0     0          0         2 3435606550 4200050    0    0    0     0       0          0
1776709975.174917720  wlan0:  153894    1602    0    0    0     0          0         1   173777    1529    0    0    0     0       0          0
1776709976.184054352     lo:   26473     352    0    0    0     0          0         0    26473     352    0    0    0     0       0          0
1776709976.184054352 enP1p1s0: 3418805554 4200040    0    0    0     0          0        32     1126      15    0   11    0     0       0          0
1776709976.184054352   eth0:     284       4    0    0    0     0          0         2 3435606550 4200050    0    0    0     0       0          0
1776709976.184054352  wlan0:  153894    1602    0    0    0     0          0         1   173777    1529    0    0    0     0       0          0
1776709977.193141065     lo:   26473     352    0    0    0     0          0         0    26473     352    0    0    0     0       0          0
1776709977.193141065 enP1p1s0: 3418805554 4200040    0    0    0     0          0        32     1126      15    0   11    0     0       0          0
1776709977.193141065   eth0:     284       4    0    0    0     0          0         2 3435606550 4200050    0    0    0     0       0          0
1776709977.193141065  wlan0:  153894    1602    0    0    0     0          0         1   173777    1529    0    0    0     0       0          0
1776709978.202182821     lo:   26473     352    0    0    0     0          0         0    26473     352    0    0    0     0       0          0
1776709978.202182821 enP1p1s0: 3418805554 4200040    0    0    0     0          0        32     1126      15    0   11    0     0       0          0
1776709978.202182821   eth0:     284       4    0    0    0     0          0         2 3435606550 4200050    0    0    0     0       0          0
1776709978.202182821  wlan0:  153946    1603    0    0    0     0          0         1   173927    1530    0    0    0     0       0          0
1776709979.211286736     lo:   26473     352    0    0    0     0          0         0    26473     352    0    0    0     0       0          0
1776709979.211286736 enP1p1s0: 3418805554 4200040    0    0    0     0          0        32     1126      15    0   11    0     0       0          0
1776709979.211286736   eth0:     284       4    0    0    0     0          0         2 3435606550 4200050    0    0    0     0       0          0
1776709979.211286736  wlan0:  153946    1603    0    0    0     0          0         1   173927    1530    0    0    0     0       0          0
1776709980.220467548     lo:   26473     352    0    0    0     0          0         0    26473     352    0    0    0     0       0          0
1776709980.220467548 enP1p1s0: 3418805554 4200040    0    0    0     0          0        32     1126      15    0   11    0     0       0          0
1776709980.220467548   eth0:     284       4    0    0    0     0          0         2 3435606550 4200050    0    0    0     0       0          0
1776709980.220467548  wlan0:  153946    1603    0    0    0     0          0         1   173927    1530    0    0    0     0       0          0
1776709981.229546077     lo:   26473     352    0    0    0     0          0         0    26473     352    0    0    0     0       0          0
1776709981.229546077 enP1p1s0: 3418805554 4200040    0    0    0     0          0        32     1126      15    0   11    0     0       0          0
1776709981.229546077   eth0:     284       4    0    0    0     0          0         2 3435606550 4200050    0    0    0     0       0          0
1776709981.229546077  wlan0:  153946    1603    0    0    0     0          0         1   173927    1530    0    0    0     0       0          0
1776709982.240039536     lo:   26473     352    0    0    0     0          0         0    26473     352    0    0    0     0       0          0
1776709982.240039536 enP1p1s0: 3461939414 4228530    0    0    0     0          0        32     1126      15    0   11    0     0       0          0
1776709982.240039536   eth0:     284       4    0    0    0     0          0         2 3478857406 4228542    0    0    0     0       0          0
1776709982.240039536  wlan0:  153946    1603    0    0    0     0          0         1   173927    1530    0    0    0     0       0          0
1776709983.252917504     lo:   26473     352    0    0    0     0          0         0    26473     352    0    0    0     0       0          0
1776709983.252917504 enP1p1s0: 3577060946 4304568    0    0    0     0          0        32     1126      15    0   11    0     0       0          0
1776709983.252917504   eth0:     284       4    0    0    0     0          0         2 3594287644 4304583    0    0    0     0       0          0
1776709983.252917504  wlan0:  153998    1604    0    0    0     0          0         1   174077    1531    0    0    0     0       0          0
1776709984.266222159     lo:   26473     352    0    0    0     0          0         0    26473     352    0    0    0     0       0          0
1776709984.266222159 enP1p1s0: 3692035620 4380509    0    0    0     0          0        32     1126      15    0   11    0     0       0          0
1776709984.266222159   eth0:     284       4    0    0    0     0          0         2 3709567600 4380525    0    0    0     0       0          0
1776709984.266222159  wlan0:  153998    1604    0    0    0     0          0         1   174077    1531    0    0    0     0       0          0
1776709985.279226816     lo:   26473     352    0    0    0     0          0         0    26473     352    0    0    0     0       0          0
1776709985.279226816 enP1p1s0: 3807158666 4456548    0    0    0     0          0        32     1126      15    0   11    0     0       0          0
1776709985.279226816   eth0:     284       4    0    0    0     0          0         2 3824994802 4456564    0    0    0     0       0          0
1776709985.279226816  wlan0:  153998    1604    0    0    0     0          0         1   174077    1531    0    0    0     0       0          0
1776709986.292374509     lo:   26473     352    0    0    0     0          0         0    26473     352    0    0    0     0       0          0
1776709986.292374509 enP1p1s0: 3922131826 4532488    0    0    0     0          0        32     1126      15    0   11    0     0       0          0
1776709986.292374509   eth0:     284       4    0    0    0     0          0         2 3940271722 4532504    0    0    0     0       0          0
1776709986.292374509  wlan0:  153998    1604    0    0    0     0          0         1   174077    1531    0    0    0     0       0          0
1776709987.305392830     lo:   26473     352    0    0    0     0          0         0    26473     352    0    0    0     0       0          0
1776709987.305392830 enP1p1s0: 4037260988 4608532    0    0    0     0          0        32     1186      16    0   11    0     0       0          0
1776709987.305392830   eth0:     330       5    0    0    0     0          0         2 4055708096 4608550    0    0    0     0       0          0
1776709987.305392830  wlan0:  153998    1604    0    0    0     0          0         1   174077    1531    0    0    0     0       0          0
1776709988.318664008     lo:   26473     352    0    0    0     0          0         0    26473     352    0    0    0     0       0          0
1776709988.318664008 enP1p1s0: 4152234148 4684472    0    0    0     0          0        32     1186      16    0   11    0     0       0          0
1776709988.318664008   eth0:     330       5    0    0    0     0          0         2 4170983498 4684489    0    0    0     0       0          0
1776709988.318664008  wlan0:  154050    1605    0    0    0     0          0         1   174227    1532    0    0    0     0       0          0
1776709989.331251070     lo:   26473     352    0    0    0     0          0         0    26473     352    0    0    0     0       0          0
1776709989.331251070 enP1p1s0: 4267302690 4760475    0    0    0     0          0        32     1186      16    0   11    0     0       0          0
1776709989.331251070   eth0:     330       5    0    0    0     0          0         2 4286359088 4760494    0    0    0     0       0          0
1776709989.331251070  wlan0:  154050    1605    0    0    0     0          0         1   174227    1532    0    0    0     0       0          0
1776709990.344383080     lo:   26473     352    0    0    0     0          0         0    26473     352    0    0    0     0       0          0
1776709990.344383080 enP1p1s0: 4382284934 4836421    0    0    0     0          0        32     1186      16    0   11    0     0       0          0
1776709990.344383080   eth0:     330       5    0    0    0     0          0         2 4401640562 4836437    0    0    0     0       0          0
1776709990.344383080  wlan0:  154050    1605    0    0    0     0          0         1   174227    1532    0    0    0     0       0          0
1776709991.357101754     lo:   26473     352    0    0    0     0          0         0    26473     352    0    0    0     0       0          0
1776709991.357101754 enP1p1s0: 4497359532 4912428    0    0    0     0          0        32     1186      16    0   11    0     0       0          0
1776709991.357101754   eth0:     330       5    0    0    0     0          0         2 4517019188 4912444    0    0    0     0       0          0
1776709991.357101754  wlan0:  154050    1605    0    0    0     0          0         1   174227    1532    0    0    0     0       0          0
1776709992.370818079     lo:   26473     352    0    0    0     0          0         0    26473     352    0    0    0     0       0          0
1776709992.370818079 enP1p1s0: 4612490148 4988472    0    0    0     0          0        32     1186      16    0   11    0     0       0          0
1776709992.370818079   eth0:     330       5    0    0    0     0          0         2 4632453980 4988488    0    0    0     0       0          0
1776709992.370818079  wlan0:  154050    1605    0    0    0     0          0         1   174377    1533    0    0    0     0       0          0
1776709993.384783742     lo:   26473     352    0    0    0     0          0         0    26473     352    0    0    0     0       0          0
1776709993.384783742 enP1p1s0: 4727638932 5064528    0    0    0     0          0        32     1186      16    0   11    0     0       0          0
1776709993.384783742   eth0:     330       5    0    0    0     0          0         2 4747905470 5064543    0    0    0     0       0          0
1776709993.384783742  wlan0:  154102    1606    0    0    0     0          0         1   174377    1533    0    0    0     0       0          0
1776709994.397900106     lo:   26473     352    0    0    0     0          0         0    26473     352    0    0    0     0       0          0
1776709994.397900106 enP1p1s0: 4842606036 5140464    0    0    0     0          0        32     1256      17    0   11    0     0       0          0
1776709994.397900106   eth0:     330       5    0    0    0     0          0         2 4863177910 5140481    0    0    0     0       0          0
1776709994.397900106  wlan0:  154102    1606    0    0    0     0          0         1   174377    1533    0    0    0     0       0          0
1776709995.411070667     lo:   26473     352    0    0    0     0          0         0    26473     352    0    0    0     0       0          0
1776709995.411070667 enP1p1s0: 4957744222 5216513    0    0    0     0          0        32     1256      17    0   11    0     0       0          0
1776709995.411070667   eth0:     330       5    0    0    0     0          0         2 4978621810 5216531    0    0    0     0       0          0
1776709995.411070667  wlan0:  154102    1606    0    0    0     0          0         1   174377    1533    0    0    0     0       0          0
1776709996.424197511     lo:   26473     352    0    0    0     0          0         0    26473     352    0    0    0     0       0          0
1776709996.424197511 enP1p1s0: 5072715868 5292452    0    0    0     0          0        32     1256      17    0   11    0     0       0          0
1776709996.424197511   eth0:     330       5    0    0    0     0          0         2 5093898730 5292471    0    0    0     0       0          0
1776709996.424197511  wlan0:  154102    1606    0    0    0     0          0         1   174377    1533    0    0    0     0       0          0
1776709997.436706583     lo:   26473     352    0    0    0     0          0         0    26473     352    0    0    0     0       0          0
1776709997.436706583 enP1p1s0: 5187701140 5368400    0    0    0     0          0        32     1256      17    0   11    0     0       0          0
1776709997.436706583   eth0:     330       5    0    0    0     0          0         2 5209186276 5368418    0    0    0     0       0          0
1776709997.436706583  wlan0:  154102    1606    0    0    0     0          0         1   174527    1534    0    0    0     0       0          0
1776709998.449758474     lo:   26473     352    0    0    0     0          0         0    26473     352    0    0    0     0       0          0
1776709998.449758474 enP1p1s0: 5302821158 5444437    0    0    0     0          0        32     1256      17    0   11    0     0       0          0
1776709998.449758474   eth0:     330       5    0    0    0     0          0         2 5324608924 5444454    0    0    0     0       0          0
1776709998.449758474  wlan0:  154154    1607    0    0    0     0          0         1   174527    1534    0    0    0     0       0          0
1776709999.464048317     lo:   26473     352    0    0    0     0          0         0    26473     352    0    0    0     0       0          0
1776709999.464048317 enP1p1s0: 5418022932 5520528    0    0    0     0          0        32     1256      17    0   11    0     0       0          0
1776709999.464048317   eth0:     330       5    0    0    0     0          0         2 5440116580 5520546    0    0    0     0       0          0
1776709999.464048317  wlan0:  154154    1607    0    0    0     0          0         1   174527    1534    0    0    0     0       0          0
1776710000.477281555     lo:   26473     352    0    0    0     0          0         0    26473     352    0    0    0     0       0          0
1776710000.477281555 enP1p1s0: 5532990036 5596464    0    0    0     0          0        32     1256      17    0   11    0     0       0          0
1776710000.477281555   eth0:     330       5    0    0    0     0          0         2 5555384392 5596480    0    0    0     0       0          0
1776710000.477281555  wlan0:  154154    1607    0    0    0     0          0         1   174527    1534    0    0    0     0       0          0
1776710001.490369312     lo:   26473     352    0    0    0     0          0         0    26473     352    0    0    0     0       0          0
1776710001.490369312 enP1p1s0: 5648126708 5672512    0    0    0     0          0        32     1256      17    0   11    0     0       0          0
1776710001.490369312   eth0:     330       5    0    0    0     0          0         2 5670831328 5672532    0    0    0     0       0          0
1776710001.490369312  wlan0:  154154    1607    0    0    0     0          0         1   174527    1534    0    0    0     0       0          0
1776710002.503531245     lo:   26473     352    0    0    0     0          0         0    26473     352    0    0    0     0       0          0
1776710002.503531245 enP1p1s0: 5763093812 5748448    0    0    0     0          0        32     1256      17    0   11    0     0       0          0
1776710002.503531245   eth0:     330       5    0    0    0     0          0         2 5786094586 5748463    0    0    0     0       0          0
1776710002.503531245  wlan0:  154206    1608    0    0    0     0          0         1   174677    1535    0    0    0     0       0          0
1776710003.518557920     lo:   26473     352    0    0    0     0          0         0    26473     352    0    0    0     0       0          0
1776710003.518557920 enP1p1s0: 5878843654 5824901    0    0    0     0          0        32     1256      17    0   11    0     0       0          0
1776710003.518557920   eth0:     330       5    0    0    0     0          0         2 5902151758 5824917    0    0    0     0       0          0
1776710003.518557920  wlan0:  154206    1608    0    0    0     0          0         1   174677    1535    0    0    0     0       0          0
1776710004.535369015     lo:   26473     352    0    0    0     0          0         0    26473     352    0    0    0     0       0          0
1776710004.535369015 enP1p1s0: 5993984868 5900952    0    0    0     0          0        32     1256      17    0   11    0     0       0          0
1776710004.535369015   eth0:     330       5    0    0    0     0          0         2 6017601730 5900971    0    0    0     0       0          0
1776710004.535369015  wlan0:  154206    1608    0    0    0     0          0         1   174677    1535    0    0    0     0       0          0
