Linux 6.17.0-1011-raspi (raspberrypi) 	04/23/26 	_aarch64_	(4 CPU)

20:53:14     CPU    %usr   %nice    %sys %iowait    %irq   %soft  %steal  %guest  %gnice   %idle
20:53:15     all   28.11    0.00   24.13    0.00    0.00    0.00    0.00    0.00    0.00   47.76
20:53:15       0    2.00    0.00    2.00    0.00    0.00    0.00    0.00    0.00    0.00   96.00
20:53:15       1    8.91    0.00   91.09    0.00    0.00    0.00    0.00    0.00    0.00    0.00
20:53:15       2  100.00    0.00    0.00    0.00    0.00    0.00    0.00    0.00    0.00    0.00
20:53:15       3    1.98    0.00    2.97    0.00    0.00    0.00    0.00    0.00    0.00   95.05

20:53:15     CPU    %usr   %nice    %sys %iowait    %irq   %soft  %steal  %guest  %gnice   %idle
20:53:16     all   27.50    0.00   24.00    0.00    0.00    0.00    0.00    0.00    0.00   48.50
20:53:16       0    1.00    0.00    2.00    0.00    0.00    0.00    0.00    0.00    0.00   97.00
20:53:16       1    8.00    0.00   92.00    0.00    0.00    0.00    0.00    0.00    0.00    0.00
20:53:16       2  100.00    0.00    0.00    0.00    0.00    0.00    0.00    0.00    0.00    0.00
20:53:16       3    1.00    0.00    2.00    0.00    0.00    0.00    0.00    0.00    0.00   97.00

20:53:16     CPU    %usr   %nice    %sys %iowait    %irq   %soft  %steal  %guest  %gnice   %idle
20:53:17     all   27.50    0.00   24.25    0.00    0.00    0.00    0.00    0.00    0.00   48.25
20:53:17       0    0.99    0.00    2.97    0.00    0.00    0.00    0.00    0.00    0.00   96.04
20:53:17       1    9.00    0.00   91.00    0.00    0.00    0.00    0.00    0.00    0.00    0.00
20:53:17       2  100.00    0.00    0.00    0.00    0.00    0.00    0.00    0.00    0.00    0.00
20:53:17       3    0.00    0.00    3.03    0.00    0.00    0.00    0.00    0.00    0.00   96.97

20:53:17     CPU    %usr   %nice    %sys %iowait    %irq   %soft  %steal  %guest  %gnice   %idle
20:53:18     all   27.82    0.00   23.56    0.00    0.00    0.00    0.00    0.00    0.00   48.62
20:53:18       0    1.01    0.00    1.01    0.00    0.00    0.00    0.00    0.00    0.00   97.98
20:53:18       1    9.00    0.00   91.00    0.00    0.00    0.00    0.00    0.00    0.00    0.00
20:53:18       2  100.00    0.00    0.00    0.00    0.00    0.00    0.00    0.00    0.00    0.00
20:53:18       3    1.00    0.00    2.00    0.00    0.00    0.00    0.00    0.00    0.00   97.00

20:53:18     CPU    %usr   %nice    %sys %iowait    %irq   %soft  %steal  %guest  %gnice   %idle
20:53:19     all   27.68    0.00   23.94    0.00    0.00    0.00    0.00    0.00    0.00   48.38
20:53:19       0    0.99    0.00    2.97    0.00    0.00    0.00    0.00    0.00    0.00   96.04
20:53:19       1    9.09    0.00   90.91    0.00    0.00    0.00    0.00    0.00    0.00    0.00
20:53:19       2  100.00    0.00    0.00    0.00    0.00    0.00    0.00    0.00    0.00    0.00
20:53:19       3    0.99    0.00    2.97    0.00    0.00    0.00    0.00    0.00    0.00   96.04

20:53:19     CPU    %usr   %nice    %sys %iowait    %irq   %soft  %steal  %guest  %gnice   %idle
20:53:20     all   27.75    0.00   24.00    0.00    0.00    0.00    0.00    0.00    0.00   48.25
20:53:20       0    1.01    0.00    2.02    0.00    0.00    0.00    0.00    0.00    0.00   96.97
20:53:20       1    8.91    0.00   91.09    0.00    0.00    0.00    0.00    0.00    0.00    0.00
20:53:20       2  100.00    0.00    0.00    0.00    0.00    0.00    0.00    0.00    0.00    0.00
20:53:20       3    1.00    0.00    2.00    0.00    0.00    0.00    0.00    0.00    0.00   97.00

20:53:20     CPU    %usr   %nice    %sys %iowait    %irq   %soft  %steal  %guest  %gnice   %idle
20:53:21     all   28.25    0.00   23.25    0.00    0.00    0.00    0.00    0.00    0.00   48.50
20:53:21       0    1.00    0.00    2.00    0.00    0.00    0.00    0.00    0.00    0.00   97.00
20:53:21       1   11.00    0.00   89.00    0.00    0.00    0.00    0.00    0.00    0.00    0.00
20:53:21       2  100.00    0.00    0.00    0.00    0.00    0.00    0.00    0.00    0.00    0.00
20:53:21       3    1.00    0.00    2.00    0.00    0.00    0.00    0.00    0.00    0.00   97.00

20:53:21     CPU    %usr   %nice    %sys %iowait    %irq   %soft  %steal  %guest  %gnice   %idle
20:53:22     all   28.17    0.00   24.37    0.51    0.00    0.00    0.00    0.00    0.00   46.95
20:53:22       0    1.06    0.00    3.19    2.13    0.00    0.00    0.00    0.00    0.00   93.62
20:53:22       1    9.00    0.00   91.00    0.00    0.00    0.00    0.00    0.00    0.00    0.00
20:53:22       2  100.00    0.00    0.00    0.00    0.00    0.00    0.00    0.00    0.00    0.00
20:53:22       3    1.00    0.00    2.00    0.00    0.00    0.00    0.00    0.00    0.00   97.00

20:53:22     CPU    %usr   %nice    %sys %iowait    %irq   %soft  %steal  %guest  %gnice   %idle
20:53:23     all   28.91    0.00   25.00    0.00    0.00    0.78    0.00    0.00    0.00   45.31
20:53:23       0    1.16    0.00    3.49    0.00    0.00    3.49    0.00    0.00    0.00   91.86
20:53:23       1    9.09    0.00   90.91    0.00    0.00    0.00    0.00    0.00    0.00    0.00
20:53:23       2  100.00    0.00    0.00    0.00    0.00    0.00    0.00    0.00    0.00    0.00
20:53:23       3    1.01    0.00    3.03    0.00    0.00    0.00    0.00    0.00    0.00   95.96

20:53:23     CPU    %usr   %nice    %sys %iowait    %irq   %soft  %steal  %guest  %gnice   %idle
20:53:24     all   29.20    0.00   25.06    0.00    0.00    0.78    0.00    0.00    0.00   44.96
20:53:24       0    1.16    0.00    4.65    0.00    0.00    3.49    0.00    0.00    0.00   90.70
20:53:24       1   10.89    0.00   89.11    0.00    0.00    0.00    0.00    0.00    0.00    0.00
20:53:24       2  100.00    0.00    0.00    0.00    0.00    0.00    0.00    0.00    0.00    0.00
20:53:24       3    1.00    0.00    3.00    0.00    0.00    0.00    0.00    0.00    0.00   96.00

20:53:24     CPU    %usr   %nice    %sys %iowait    %irq   %soft  %steal  %guest  %gnice   %idle
20:53:25     all   29.61    0.00   24.16    0.00    0.00    0.78    0.00    0.00    0.00   45.45
20:53:25       0    1.18    0.00    2.35    0.00    0.00    3.53    0.00    0.00    0.00   92.94
20:53:25       1   11.00    0.00   89.00    0.00    0.00    0.00    0.00    0.00    0.00    0.00
20:53:25       2  100.00    0.00    0.00    0.00    0.00    0.00    0.00    0.00    0.00    0.00
20:53:25       3    2.00    0.00    2.00    0.00    0.00    0.00    0.00    0.00    0.00   96.00

20:53:25     CPU    %usr   %nice    %sys %iowait    %irq   %soft  %steal  %guest  %gnice   %idle
20:53:26     all   29.20    0.00   25.06    0.00    0.00    0.78    0.00    0.00    0.00   44.96
20:53:26       0    2.30    0.00    3.45    0.00    0.00    3.45    0.00    0.00    0.00   90.80
20:53:26       1   10.00    0.00   90.00    0.00    0.00    0.00    0.00    0.00    0.00    0.00
20:53:26       2  100.00    0.00    0.00    0.00    0.00    0.00    0.00    0.00    0.00    0.00
20:53:26       3    1.00    0.00    4.00    0.00    0.00    0.00    0.00    0.00    0.00   95.00

20:53:26     CPU    %usr   %nice    %sys %iowait    %irq   %soft  %steal  %guest  %gnice   %idle
20:53:27     all   29.35    0.00   24.68    0.00    0.00    0.78    0.00    0.00    0.00   45.19
20:53:27       0    1.16    0.00    3.49    0.00    0.00    3.49    0.00    0.00    0.00   91.86
20:53:27       1   11.11    0.00   88.89    0.00    0.00    0.00    0.00    0.00    0.00    0.00
20:53:27       2  100.00    0.00    0.00    0.00    0.00    0.00    0.00    0.00    0.00    0.00
20:53:27       3    1.00    0.00    4.00    0.00    0.00    0.00    0.00    0.00    0.00   95.00

20:53:27     CPU    %usr   %nice    %sys %iowait    %irq   %soft  %steal  %guest  %gnice   %idle
20:53:28     all   29.02    0.00   25.13    0.00    0.00    0.78    0.00    0.00    0.00   45.08
20:53:28       0    1.15    0.00    4.60    0.00    0.00    3.45    0.00    0.00    0.00   90.80
20:53:28       1   10.00    0.00   90.00    0.00    0.00    0.00    0.00    0.00    0.00    0.00
20:53:28       2  100.00    0.00    0.00    0.00    0.00    0.00    0.00    0.00    0.00    0.00
20:53:28       3    1.01    0.00    3.03    0.00    0.00    0.00    0.00    0.00    0.00   95.96

20:53:28     CPU    %usr   %nice    %sys %iowait    %irq   %soft  %steal  %guest  %gnice   %idle
20:53:29     all   29.20    0.00   25.06    0.00    0.00    1.03    0.00    0.00    0.00   44.70
20:53:29       0    2.33    0.00    3.49    0.00    0.00    4.65    0.00    0.00    0.00   89.53
20:53:29       1   10.00    0.00   90.00    0.00    0.00    0.00    0.00    0.00    0.00    0.00
20:53:29       2  100.00    0.00    0.00    0.00    0.00    0.00    0.00    0.00    0.00    0.00
20:53:29       3    0.99    0.00    3.96    0.00    0.00    0.00    0.00    0.00    0.00   95.05

20:53:29     CPU    %usr   %nice    %sys %iowait    %irq   %soft  %steal  %guest  %gnice   %idle
20:53:30     all   29.50    0.00   24.54    0.00    0.00    0.78    0.00    0.00    0.00   45.17
20:53:30       0    1.18    0.00    3.53    0.00    0.00    3.53    0.00    0.00    0.00   91.76
20:53:30       1   11.00    0.00   89.00    0.00    0.00    0.00    0.00    0.00    0.00    0.00
20:53:30       2  100.00    0.00    0.00    0.00    0.00    0.00    0.00    0.00    0.00    0.00
20:53:30       3    1.02    0.00    2.04    0.00    0.00    0.00    0.00    0.00    0.00   96.94

20:53:30     CPU    %usr   %nice    %sys %iowait    %irq   %soft  %steal  %guest  %gnice   %idle
20:53:31     all   29.31    0.00   24.94    0.00    0.00    1.03    0.00    0.00    0.00   44.73
20:53:31       0    2.30    0.00    4.60    0.00    0.00    3.45    0.00    0.00    0.00   89.66
20:53:31       1    9.90    0.00   89.11    0.00    0.00    0.99    0.00    0.00    0.00    0.00
20:53:31       2  100.00    0.00    0.00    0.00    0.00    0.00    0.00    0.00    0.00    0.00
20:53:31       3    1.98    0.00    2.97    0.00    0.00    0.00    0.00    0.00    0.00   95.05

20:53:31     CPU    %usr   %nice    %sys %iowait    %irq   %soft  %steal  %guest  %gnice   %idle
20:53:32     all   29.27    0.00   25.13    0.00    0.00    0.78    0.00    0.00    0.00   44.82
20:53:32       0    2.33    0.00    3.49    0.00    0.00    3.49    0.00    0.00    0.00   90.70
20:53:32       1    9.00    0.00   91.00    0.00    0.00    0.00    0.00    0.00    0.00    0.00
20:53:32       2  100.00    0.00    0.00    0.00    0.00    0.00    0.00    0.00    0.00    0.00
20:53:32       3    2.00    0.00    3.00    0.00    0.00    0.00    0.00    0.00    0.00   95.00

20:53:32     CPU    %usr   %nice    %sys %iowait    %irq   %soft  %steal  %guest  %gnice   %idle
20:53:33     all   29.02    0.00   24.87    0.00    0.00    1.04    0.00    0.00    0.00   45.08
20:53:33       0    2.27    0.00    4.55    0.00    0.00    4.55    0.00    0.00    0.00   88.64
20:53:33       1    9.09    0.00   90.91    0.00    0.00    0.00    0.00    0.00    0.00    0.00
20:53:33       2  100.00    0.00    0.00    0.00    0.00    0.00    0.00    0.00    0.00    0.00
20:53:33       3    1.01    0.00    2.02    0.00    0.00    0.00    0.00    0.00    0.00   96.97

20:53:33     CPU    %usr   %nice    %sys %iowait    %irq   %soft  %steal  %guest  %gnice   %idle
20:53:34     all   29.27    0.00   25.13    0.00    0.00    0.78    0.00    0.00    0.00   44.82
20:53:34       0    1.18    0.00    3.53    0.00    0.00    3.53    0.00    0.00    0.00   91.76
20:53:34       1    9.90    0.00   90.10    0.00    0.00    0.00    0.00    0.00    0.00    0.00
20:53:34       2  100.00    0.00    0.00    0.00    0.00    0.00    0.00    0.00    0.00    0.00
20:53:34       3    2.00    0.00    3.00    0.00    0.00    0.00    0.00    0.00    0.00   95.00

20:53:34     CPU    %usr   %nice    %sys %iowait    %irq   %soft  %steal  %guest  %gnice   %idle
20:53:35     all   29.53    0.00   24.87    0.26    0.00    0.52    0.00    0.00    0.00   44.82
20:53:35       0    1.16    0.00    5.81    1.16    0.00    2.33    0.00    0.00    0.00   89.53
20:53:35       1   11.00    0.00   89.00    0.00    0.00    0.00    0.00    0.00    0.00    0.00
20:53:35       2  100.00    0.00    0.00    0.00    0.00    0.00    0.00    0.00    0.00    0.00
20:53:35       3    2.00    0.00    2.00    0.00    0.00    0.00    0.00    0.00    0.00   96.00

20:53:35     CPU    %usr   %nice    %sys %iowait    %irq   %soft  %steal  %guest  %gnice   %idle
20:53:36     all   29.53    0.00   24.61    0.00    0.00    0.78    0.00    0.00    0.00   45.08
20:53:36       0    3.45    0.00    3.45    0.00    0.00    3.45    0.00    0.00    0.00   89.66
20:53:36       1   10.00    0.00   90.00    0.00    0.00    0.00    0.00    0.00    0.00    0.00
20:53:36       2  100.00    0.00    0.00    0.00    0.00    0.00    0.00    0.00    0.00    0.00
20:53:36       3    1.01    0.00    2.02    0.00    0.00    0.00    0.00    0.00    0.00   96.97

20:53:36     CPU    %usr   %nice    %sys %iowait    %irq   %soft  %steal  %guest  %gnice   %idle
20:53:37     all   28.65    0.00   24.22    0.00    0.00    0.26    0.00    0.00    0.00   46.88
20:53:37       0    0.00    0.00    2.35    0.00    0.00    1.18    0.00    0.00    0.00   96.47
20:53:37       1   10.00    0.00   90.00    0.00    0.00    0.00    0.00    0.00    0.00    0.00
20:53:37       2  100.00    0.00    0.00    0.00    0.00    0.00    0.00    0.00    0.00    0.00
20:53:37       3    0.00    0.00    1.01    0.00    0.00    0.00    0.00    0.00    0.00   98.99

20:53:37     CPU    %usr   %nice    %sys %iowait    %irq   %soft  %steal  %guest  %gnice   %idle
20:53:38     all   29.27    0.00   24.87    0.00    0.00    0.78    0.00    0.00    0.00   45.08
20:53:38       0    2.33    0.00    3.49    0.00    0.00    3.49    0.00    0.00    0.00   90.70
20:53:38       1    9.09    0.00   90.91    0.00    0.00    0.00    0.00    0.00    0.00    0.00
20:53:38       2  100.00    0.00    0.00    0.00    0.00    0.00    0.00    0.00    0.00    0.00
20:53:38       3    1.98    0.00    2.97    0.00    0.00    0.00    0.00    0.00    0.00   95.05

20:53:38     CPU    %usr   %nice    %sys %iowait    %irq   %soft  %steal  %guest  %gnice   %idle
20:53:39     all   29.20    0.00   24.81    0.00    0.00    1.03    0.00    0.00    0.00   44.96
20:53:39       0    1.15    0.00    4.60    0.00    0.00    3.45    0.00    0.00    0.00   90.80
20:53:39       1   10.89    0.00   88.12    0.00    0.00    0.99    0.00    0.00    0.00    0.00
20:53:39       2  100.00    0.00    0.00    0.00    0.00    0.00    0.00    0.00    0.00    0.00
20:53:39       3    1.01    0.00    3.03    0.00    0.00    0.00    0.00    0.00    0.00   95.96

20:53:39     CPU    %usr   %nice    %sys %iowait    %irq   %soft  %steal  %guest  %gnice   %idle
20:53:40     all   29.27    0.00   25.13    0.00    0.00    0.78    0.00    0.00    0.00   44.82
20:53:40       0    2.33    0.00    4.65    0.00    0.00    3.49    0.00    0.00    0.00   89.53
20:53:40       1   10.00    0.00   90.00    0.00    0.00    0.00    0.00    0.00    0.00    0.00
20:53:40       2  100.00    0.00    0.00    0.00    0.00    0.00    0.00    0.00    0.00    0.00
20:53:40       3    1.00    0.00    3.00    0.00    0.00    0.00    0.00    0.00    0.00   96.00

20:53:40     CPU    %usr   %nice    %sys %iowait    %irq   %soft  %steal  %guest  %gnice   %idle
20:53:41     all   29.53    0.00   24.61    0.00    0.00    0.78    0.00    0.00    0.00   45.08
20:53:41       0    1.15    0.00    4.60    0.00    0.00    3.45    0.00    0.00    0.00   90.80
20:53:41       1   11.11    0.00   88.89    0.00    0.00    0.00    0.00    0.00    0.00    0.00
20:53:41       2  100.00    0.00    0.00    0.00    0.00    0.00    0.00    0.00    0.00    0.00
20:53:41       3    2.00    0.00    3.00    0.00    0.00    0.00    0.00    0.00    0.00   95.00

20:53:41     CPU    %usr   %nice    %sys %iowait    %irq   %soft  %steal  %guest  %gnice   %idle
20:53:42     all   29.43    0.00   25.00    0.00    0.00    0.52    0.00    0.00    0.00   45.05
20:53:42       0    1.18    0.00    4.71    0.00    0.00    2.35    0.00    0.00    0.00   91.76
20:53:42       1   11.00    0.00   89.00    0.00    0.00    0.00    0.00    0.00    0.00    0.00
20:53:42       2  100.00    0.00    0.00    0.00    0.00    0.00    0.00    0.00    0.00    0.00
20:53:42       3    1.01    0.00    3.03    0.00    0.00    0.00    0.00    0.00    0.00   95.96

20:53:42     CPU    %usr   %nice    %sys %iowait    %irq   %soft  %steal  %guest  %gnice   %idle
20:53:43     all   29.46    0.00   24.81    0.00    0.00    1.03    0.00    0.00    0.00   44.70
20:53:43       0    1.16    0.00    4.65    0.00    0.00    3.49    0.00    0.00    0.00   90.70
20:53:43       1   10.89    0.00   88.12    0.00    0.00    0.99    0.00    0.00    0.00    0.00
20:53:43       2  100.00    0.00    0.00    0.00    0.00    0.00    0.00    0.00    0.00    0.00
20:53:43       3    2.00    0.00    3.00    0.00    0.00    0.00    0.00    0.00    0.00   95.00

20:53:43     CPU    %usr   %nice    %sys %iowait    %irq   %soft  %steal  %guest  %gnice   %idle
20:53:44     all   29.02    0.00   25.39    0.00    0.00    0.78    0.00    0.00    0.00   44.82
20:53:44       0    2.30    0.00    3.45    0.00    0.00    3.45    0.00    0.00    0.00   90.80
20:53:44       1    9.00    0.00   91.00    0.00    0.00    0.00    0.00    0.00    0.00    0.00
20:53:44       2  100.00    0.00    0.00    0.00    0.00    0.00    0.00    0.00    0.00    0.00
20:53:44       3    1.01    0.00    4.04    0.00    0.00    0.00    0.00    0.00    0.00   94.95

20:53:44     CPU    %usr   %nice    %sys %iowait    %irq   %soft  %steal  %guest  %gnice   %idle
20:53:45     all   29.02    0.00   25.39    0.00    0.00    0.78    0.00    0.00    0.00   44.82
20:53:45       0    1.16    0.00    3.49    0.00    0.00    3.49    0.00    0.00    0.00   91.86
20:53:45       1    9.00    0.00   91.00    0.00    0.00    0.00    0.00    0.00    0.00    0.00
20:53:45       2  100.00    0.00    0.00    0.00    0.00    0.00    0.00    0.00    0.00    0.00
20:53:45       3    2.00    0.00    4.00    0.00    0.00    0.00    0.00    0.00    0.00   94.00

20:53:45     CPU    %usr   %nice    %sys %iowait    %irq   %soft  %steal  %guest  %gnice   %idle
20:53:46     all   29.53    0.00   24.87    0.00    0.00    0.78    0.00    0.00    0.00   44.82
20:53:46       0    1.18    0.00    2.35    0.00    0.00    3.53    0.00    0.00    0.00   92.94
20:53:46       1   11.00    0.00   89.00    0.00    0.00    0.00    0.00    0.00    0.00    0.00
20:53:46       2  100.00    0.00    0.00    0.00    0.00    0.00    0.00    0.00    0.00    0.00
20:53:46       3    1.98    0.00    4.95    0.00    0.00    0.00    0.00    0.00    0.00   93.07

20:53:46     CPU    %usr   %nice    %sys %iowait    %irq   %soft  %steal  %guest  %gnice   %idle
20:53:47     all   29.09    0.00   24.94    0.00    0.00    0.78    0.00    0.00    0.00   45.19
20:53:47       0    1.16    0.00    3.49    0.00    0.00    3.49    0.00    0.00    0.00   91.86
20:53:47       1   11.00    0.00   89.00    0.00    0.00    0.00    0.00    0.00    0.00    0.00
20:53:47       2  100.00    0.00    0.00    0.00    0.00    0.00    0.00    0.00    0.00    0.00
20:53:47       3    0.00    0.00    4.04    0.00    0.00    0.00    0.00    0.00    0.00   95.96

20:53:47     CPU    %usr   %nice    %sys %iowait    %irq   %soft  %steal  %guest  %gnice   %idle
20:53:48     all   29.61    0.00   24.94    0.00    0.00    0.78    0.00    0.00    0.00   44.68
20:53:48       0    2.33    0.00    3.49    0.00    0.00    3.49    0.00    0.00    0.00   90.70
20:53:48       1   10.00    0.00   90.00    0.00    0.00    0.00    0.00    0.00    0.00    0.00
20:53:48       2  100.00    0.00    0.00    0.00    0.00    0.00    0.00    0.00    0.00    0.00
20:53:48       3    2.02    0.00    3.03    0.00    0.00    0.00    0.00    0.00    0.00   94.95

20:53:48     CPU    %usr   %nice    %sys %iowait    %irq   %soft  %steal  %guest  %gnice   %idle
20:53:49     all   29.61    0.00   24.68    0.00    0.00    0.78    0.00    0.00    0.00   44.94
20:53:49       0    1.16    0.00    3.49    0.00    0.00    3.49    0.00    0.00    0.00   91.86
20:53:49       1   11.11    0.00   88.89    0.00    0.00    0.00    0.00    0.00    0.00    0.00
20:53:49       2  100.00    0.00    0.00    0.00    0.00    0.00    0.00    0.00    0.00    0.00
20:53:49       3    2.00    0.00    4.00    0.00    0.00    0.00    0.00    0.00    0.00   94.00

20:53:49     CPU    %usr   %nice    %sys %iowait    %irq   %soft  %steal  %guest  %gnice   %idle
20:53:50     all   29.12    0.00   25.00    0.26    0.00    1.03    0.00    0.00    0.00   44.59
20:53:50       0    1.15    0.00    3.45    0.00    0.00    4.60    0.00    0.00    0.00   90.80
20:53:50       1   10.00    0.00   90.00    0.00    0.00    0.00    0.00    0.00    0.00    0.00
20:53:50       2  100.00    0.00    0.00    0.00    0.00    0.00    0.00    0.00    0.00    0.00
20:53:50       3    1.98    0.00    3.96    0.99    0.00    0.00    0.00    0.00    0.00   93.07

20:53:50     CPU    %usr   %nice    %sys %iowait    %irq   %soft  %steal  %guest  %gnice   %idle
20:53:51     all   29.72    0.00   24.81    0.00    0.00    0.78    0.00    0.00    0.00   44.70
20:53:51       0    2.33    0.00    3.49    0.00    0.00    3.49    0.00    0.00    0.00   90.70
20:53:51       1   10.89    0.00   89.11    0.00    0.00    0.00    0.00    0.00    0.00    0.00
20:53:51       2  100.00    0.00    0.00    0.00    0.00    0.00    0.00    0.00    0.00    0.00
20:53:51       3    2.00    0.00    3.00    0.00    0.00    0.00    0.00    0.00    0.00   95.00

20:53:51     CPU    %usr   %nice    %sys %iowait    %irq   %soft  %steal  %guest  %gnice   %idle
20:53:52     all   29.09    0.00   24.94    0.00    0.00    0.78    0.00    0.00    0.00   45.19
20:53:52       0    1.16    0.00    4.65    0.00    0.00    3.49    0.00    0.00    0.00   90.70
20:53:52       1   10.10    0.00   89.90    0.00    0.00    0.00    0.00    0.00    0.00    0.00
20:53:52       2  100.00    0.00    0.00    0.00    0.00    0.00    0.00    0.00    0.00    0.00
20:53:52       3    1.00    0.00    3.00    0.00    0.00    0.00    0.00    0.00    0.00   96.00

20:53:52     CPU    %usr   %nice    %sys %iowait    %irq   %soft  %steal  %guest  %gnice   %idle
20:53:53     all   29.72    0.00   24.29    0.00    0.00    1.29    0.00    0.00    0.00   44.70
20:53:53       0    2.30    0.00    2.30    0.00    0.00    4.60    0.00    0.00    0.00   90.80
20:53:53       1   10.89    0.00   88.12    0.00    0.00    0.99    0.00    0.00    0.00    0.00
20:53:53       2  100.00    0.00    0.00    0.00    0.00    0.00    0.00    0.00    0.00    0.00
20:53:53       3    2.02    0.00    3.03    0.00    0.00    0.00    0.00    0.00    0.00   94.95

20:53:53     CPU    %usr   %nice    %sys %iowait    %irq   %soft  %steal  %guest  %gnice   %idle
20:53:54     all   29.53    0.00   24.61    0.00    0.00    0.78    0.00    0.00    0.00   45.08
20:53:54       0    1.16    0.00    3.49    0.00    0.00    3.49    0.00    0.00    0.00   91.86
20:53:54       1   12.00    0.00   88.00    0.00    0.00    0.00    0.00    0.00    0.00    0.00
20:53:54       2  100.00    0.00    0.00    0.00    0.00    0.00    0.00    0.00    0.00    0.00
20:53:54       3    1.00    0.00    4.00    0.00    0.00    0.00    0.00    0.00    0.00   95.00

20:53:54     CPU    %usr   %nice    %sys %iowait    %irq   %soft  %steal  %guest  %gnice   %idle
20:53:55     all   29.38    0.00   25.00    0.00    0.00    1.03    0.00    0.00    0.00   44.59
20:53:55       0    1.14    0.00    4.55    0.00    0.00    4.55    0.00    0.00    0.00   89.77
20:53:55       1   11.00    0.00   89.00    0.00    0.00    0.00    0.00    0.00    0.00    0.00
20:53:55       2  100.00    0.00    0.00    0.00    0.00    0.00    0.00    0.00    0.00    0.00
20:53:55       3    2.00    0.00    4.00    0.00    0.00    0.00    0.00    0.00    0.00   94.00

20:53:55     CPU    %usr   %nice    %sys %iowait    %irq   %soft  %steal  %guest  %gnice   %idle
20:53:56     all   29.61    0.00   24.94    0.00    0.00    0.52    0.00    0.00    0.00   44.94
20:53:56       0    1.19    0.00    3.57    0.00    0.00    2.38    0.00    0.00    0.00   92.86
20:53:56       1   11.00    0.00   89.00    0.00    0.00    0.00    0.00    0.00    0.00    0.00
20:53:56       2  100.00    0.00    0.00    0.00    0.00    0.00    0.00    0.00    0.00    0.00
20:53:56       3    1.98    0.00    3.96    0.00    0.00    0.00    0.00    0.00    0.00   94.06

20:53:56     CPU    %usr   %nice    %sys %iowait    %irq   %soft  %steal  %guest  %gnice   %idle
20:53:57     all   29.27    0.00   23.06    0.00    0.00    0.78    0.00    0.00    0.00   46.89
20:53:57       0    0.00    0.00    1.15    0.00    0.00    3.45    0.00    0.00    0.00   95.40
20:53:57       1   12.12    0.00   87.88    0.00    0.00    0.00    0.00    0.00    0.00    0.00
20:53:57       2  100.00    0.00    0.00    0.00    0.00    0.00    0.00    0.00    0.00    0.00
20:53:57       3    1.00    0.00    1.00    0.00    0.00    0.00    0.00    0.00    0.00   98.00

20:53:57     CPU    %usr   %nice    %sys %iowait    %irq   %soft  %steal  %guest  %gnice   %idle
20:53:58     all   29.87    0.00   24.42    0.00    0.00    0.52    0.00    0.00    0.00   45.19
20:53:58       0    2.33    0.00    3.49    0.00    0.00    2.33    0.00    0.00    0.00   91.86
20:53:58       1   12.00    0.00   88.00    0.00    0.00    0.00    0.00    0.00    0.00    0.00
20:53:58       2  100.00    0.00    0.00    0.00    0.00    0.00    0.00    0.00    0.00    0.00
20:53:58       3    1.01    0.00    3.03    0.00    0.00    0.00    0.00    0.00    0.00   95.96

20:53:58     CPU    %usr   %nice    %sys %iowait    %irq   %soft  %steal  %guest  %gnice   %idle
20:53:59     all   29.27    0.00   25.13    0.00    0.00    0.78    0.00    0.00    0.00   44.82
20:53:59       0    1.16    0.00    3.49    0.00    0.00    3.49    0.00    0.00    0.00   91.86
20:53:59       1   10.00    0.00   90.00    0.00    0.00    0.00    0.00    0.00    0.00    0.00
20:53:59       2  100.00    0.00    0.00    0.00    0.00    0.00    0.00    0.00    0.00    0.00
20:53:59       3    2.00    0.00    4.00    0.00    0.00    0.00    0.00    0.00    0.00   94.00

20:53:59     CPU    %usr   %nice    %sys %iowait    %irq   %soft  %steal  %guest  %gnice   %idle
20:54:00     all   28.79    0.00   25.19    0.00    0.00    1.29    0.00    0.00    0.00   44.73
20:54:00       0    1.16    0.00    2.33    0.00    0.00    4.65    0.00    0.00    0.00   91.86
20:54:00       1    8.82    0.00   90.20    0.00    0.00    0.98    0.00    0.00    0.00    0.00
20:54:00       2  100.00    0.00    0.00    0.00    0.00    0.00    0.00    0.00    0.00    0.00
20:54:00       3    1.98    0.00    3.96    0.00    0.00    0.00    0.00    0.00    0.00   94.06

20:54:00     CPU    %usr   %nice    %sys %iowait    %irq   %soft  %steal  %guest  %gnice   %idle
20:54:01     all   29.09    0.00   25.19    0.00    0.00    0.78    0.00    0.00    0.00   44.94
20:54:01       0    2.33    0.00    3.49    0.00    0.00    3.49    0.00    0.00    0.00   90.70
20:54:01       1    9.09    0.00   90.91    0.00    0.00    0.00    0.00    0.00    0.00    0.00
20:54:01       2  100.00    0.00    0.00    0.00    0.00    0.00    0.00    0.00    0.00    0.00
20:54:01       3    1.00    0.00    4.00    0.00    0.00    0.00    0.00    0.00    0.00   95.00

20:54:01     CPU    %usr   %nice    %sys %iowait    %irq   %soft  %steal  %guest  %gnice   %idle
20:54:02     all   29.09    0.00   25.19    0.00    0.00    0.78    0.00    0.00    0.00   44.94
20:54:02       0    1.16    0.00    3.49    0.00    0.00    3.49    0.00    0.00    0.00   91.86
20:54:02       1    9.00    0.00   91.00    0.00    0.00    0.00    0.00    0.00    0.00    0.00
20:54:02       2  100.00    0.00    0.00    0.00    0.00    0.00    0.00    0.00    0.00    0.00
20:54:02       3    2.02    0.00    3.03    0.00    0.00    0.00    0.00    0.00    0.00   94.95

20:54:02     CPU    %usr   %nice    %sys %iowait    %irq   %soft  %steal  %guest  %gnice   %idle
20:54:03     all   29.79    0.00   24.61    0.00    0.00    0.78    0.00    0.00    0.00   44.82
20:54:03       0    1.16    0.00    3.49    0.00    0.00    3.49    0.00    0.00    0.00   91.86
20:54:03       1   11.00    0.00   89.00    0.00    0.00    0.00    0.00    0.00    0.00    0.00
20:54:03       2  100.00    0.00    0.00    0.00    0.00    0.00    0.00    0.00    0.00    0.00
20:54:03       3    3.00    0.00    3.00    0.00    0.00    0.00    0.00    0.00    0.00   94.00

20:54:03     CPU    %usr   %nice    %sys %iowait    %irq   %soft  %steal  %guest  %gnice   %idle
20:54:04     all   29.35    0.00   24.94    0.00    0.00    0.52    0.00    0.00    0.00   45.19
20:54:04       0    1.18    0.00    3.53    0.00    0.00    2.35    0.00    0.00    0.00   92.94
20:54:04       1   11.00    0.00   89.00    0.00    0.00    0.00    0.00    0.00    0.00    0.00
20:54:04       2  100.00    0.00    0.00    0.00    0.00    0.00    0.00    0.00    0.00    0.00
20:54:04       3    1.00    0.00    4.00    0.00    0.00    0.00    0.00    0.00    0.00   95.00

20:54:04     CPU    %usr   %nice    %sys %iowait    %irq   %soft  %steal  %guest  %gnice   %idle
20:54:05     all   29.12    0.00   25.00    0.00    0.00    1.03    0.00    0.00    0.00   44.85
20:54:05       0    2.30    0.00    3.45    0.00    0.00    4.60    0.00    0.00    0.00   89.66
20:54:05       1    9.00    0.00   91.00    0.00    0.00    0.00    0.00    0.00    0.00    0.00
20:54:05       2  100.00    0.00    0.00    0.00    0.00    0.00    0.00    0.00    0.00    0.00
20:54:05       3    1.98    0.00    2.97    0.00    0.00    0.00    0.00    0.00    0.00   95.05

20:54:05     CPU    %usr   %nice    %sys %iowait    %irq   %soft  %steal  %guest  %gnice   %idle
20:54:06     all   29.35    0.00   24.68    0.00    0.00    1.04    0.00    0.00    0.00   44.94
20:54:06       0    1.15    0.00    4.60    0.00    0.00    4.60    0.00    0.00    0.00   89.66
20:54:06       1   11.11    0.00   88.89    0.00    0.00    0.00    0.00    0.00    0.00    0.00
20:54:06       2  100.00    0.00    0.00    0.00    0.00    0.00    0.00    0.00    0.00    0.00
20:54:06       3    1.01    0.00    3.03    0.00    0.00    0.00    0.00    0.00    0.00   95.96

20:54:06     CPU    %usr   %nice    %sys %iowait    %irq   %soft  %steal  %guest  %gnice   %idle
20:54:07     all   29.61    0.00   24.94    0.00    0.00    0.52    0.00    0.00    0.00   44.94
20:54:07       0    1.18    0.00    3.53    0.00    0.00    2.35    0.00    0.00    0.00   92.94
20:54:07       1   10.89    0.00   89.11    0.00    0.00    0.00    0.00    0.00    0.00    0.00
20:54:07       2  100.00    0.00    0.00    0.00    0.00    0.00    0.00    0.00    0.00    0.00
20:54:07       3    2.02    0.00    3.03    0.00    0.00    0.00    0.00    0.00    0.00   94.95

20:54:07     CPU    %usr   %nice    %sys %iowait    %irq   %soft  %steal  %guest  %gnice   %idle
20:54:08     all   29.12    0.00   25.26    0.00    0.00    1.03    0.00    0.00    0.00   44.59
20:54:08       0    2.33    0.00    3.49    0.00    0.00    3.49    0.00    0.00    0.00   90.70
20:54:08       1    9.90    0.00   89.11    0.00    0.00    0.99    0.00    0.00    0.00    0.00
20:54:08       2  100.00    0.00    0.00    0.00    0.00    0.00    0.00    0.00    0.00    0.00
20:54:08       3    0.99    0.00    4.95    0.00    0.00    0.00    0.00    0.00    0.00   94.06

20:54:08     CPU    %usr   %nice    %sys %iowait    %irq   %soft  %steal  %guest  %gnice   %idle
20:54:09     all   28.72    0.00   24.36    0.00    0.00    0.77    0.00    0.00    0.00   46.15
20:54:09       0    1.10    0.00    2.20    0.00    0.00    3.30    0.00    0.00    0.00   93.41
20:54:09       1    9.09    0.00   90.91    0.00    0.00    0.00    0.00    0.00    0.00    0.00
20:54:09       2  100.00    0.00    0.00    0.00    0.00    0.00    0.00    0.00    0.00    0.00
20:54:09       3    2.00    0.00    3.00    0.00    0.00    0.00    0.00    0.00    0.00   95.00

20:54:09     CPU    %usr   %nice    %sys %iowait    %irq   %soft  %steal  %guest  %gnice   %idle
20:54:10     all   28.14    0.00   23.62    0.00    0.00    0.00    0.00    0.00    0.00   48.24
20:54:10       0    1.01    0.00    2.02    0.00    0.00    0.00    0.00    0.00    0.00   96.97
20:54:10       1   10.00    0.00   90.00    0.00    0.00    0.00    0.00    0.00    0.00    0.00
20:54:10       2  100.00    0.00    0.00    0.00    0.00    0.00    0.00    0.00    0.00    0.00
20:54:10       3    1.01    0.00    2.02    0.00    0.00    0.00    0.00    0.00    0.00   96.97

20:54:10     CPU    %usr   %nice    %sys %iowait    %irq   %soft  %steal  %guest  %gnice   %idle
20:54:11     all   26.75    0.00   24.50    0.25    0.00    0.00    0.00    0.00    0.00   48.50
20:54:11       0    0.00    0.00    2.00    1.00    0.00    0.00    0.00    0.00    0.00   97.00
20:54:11       1    7.00    0.00   93.00    0.00    0.00    0.00    0.00    0.00    0.00    0.00
20:54:11       2  100.00    0.00    0.00    0.00    0.00    0.00    0.00    0.00    0.00    0.00
20:54:11       3    0.00    0.00    3.00    0.00    0.00    0.00    0.00    0.00    0.00   97.00

20:54:11     CPU    %usr   %nice    %sys %iowait    %irq   %soft  %steal  %guest  %gnice   %idle
20:54:12     all   27.93    0.00   23.94    0.00    0.00    0.00    0.00    0.00    0.00   48.13
20:54:12       0    1.00    0.00    2.00    0.00    0.00    0.00    0.00    0.00    0.00   97.00
20:54:12       1    9.00    0.00   91.00    0.00    0.00    0.00    0.00    0.00    0.00    0.00
20:54:12       2  100.00    0.00    0.00    0.00    0.00    0.00    0.00    0.00    0.00    0.00
20:54:12       3    1.98    0.00    2.97    0.00    0.00    0.00    0.00    0.00    0.00   95.05

20:54:12     CPU    %usr   %nice    %sys %iowait    %irq   %soft  %steal  %guest  %gnice   %idle
20:54:13     all   27.32    0.00   24.06    0.00    0.00    0.00    0.00    0.00    0.00   48.62
20:54:13       0    1.00    0.00    2.00    0.00    0.00    0.00    0.00    0.00    0.00   97.00
20:54:13       1    8.00    0.00   92.00    0.00    0.00    0.00    0.00    0.00    0.00    0.00
20:54:13       2  100.00    0.00    0.00    0.00    0.00    0.00    0.00    0.00    0.00    0.00
20:54:13       3    0.00    0.00    2.02    0.00    0.00    0.00    0.00    0.00    0.00   97.98

20:54:13     CPU    %usr   %nice    %sys %iowait    %irq   %soft  %steal  %guest  %gnice   %idle
20:54:14     all   27.68    0.00   23.94    0.00    0.00    0.00    0.00    0.00    0.00   48.38
20:54:14       0    0.99    0.00    1.98    0.00    0.00    0.00    0.00    0.00    0.00   97.03
20:54:14       1    9.00    0.00   91.00    0.00    0.00    0.00    0.00    0.00    0.00    0.00
20:54:14       2  100.00    0.00    0.00    0.00    0.00    0.00    0.00    0.00    0.00    0.00
20:54:14       3    1.00    0.00    3.00    0.00    0.00    0.00    0.00    0.00    0.00   96.00

20:54:14     CPU    %usr   %nice    %sys %iowait    %irq   %soft  %steal  %guest  %gnice   %idle
20:54:15     all   28.75    0.00   24.68    0.00    0.00    0.51    0.00    0.00    0.00   46.06
20:54:15       0    1.09    0.00    3.26    0.00    0.00    2.17    0.00    0.00    0.00   93.48
20:54:15       1   10.00    0.00   90.00    0.00    0.00    0.00    0.00    0.00    0.00    0.00
20:54:15       2  100.00    0.00    0.00    0.00    0.00    0.00    0.00    0.00    0.00    0.00
20:54:15       3    1.98    0.00    3.96    0.00    0.00    0.00    0.00    0.00    0.00   94.06

20:54:15     CPU    %usr   %nice    %sys %iowait    %irq   %soft  %steal  %guest  %gnice   %idle
20:54:16     all   29.02    0.00   24.61    0.00    0.00    0.26    0.00    0.00    0.00   46.11
20:54:16       0    1.14    0.00    3.41    0.00    0.00    1.14    0.00    0.00    0.00   94.32
20:54:16       1   10.00    0.00   90.00    0.00    0.00    0.00    0.00    0.00    0.00    0.00
20:54:16       2  100.00    0.00    0.00    0.00    0.00    0.00    0.00    0.00    0.00    0.00
20:54:16       3    1.02    0.00    2.04    0.00    0.00    0.00    0.00    0.00    0.00   96.94

20:54:16     CPU    %usr   %nice    %sys %iowait    %irq   %soft  %steal  %guest  %gnice   %idle
20:54:17     all   27.75    0.00   23.75    0.00    0.00    0.00    0.00    0.00    0.00   48.50
20:54:17       0    1.01    0.00    1.01    0.00    0.00    0.00    0.00    0.00    0.00   97.98
20:54:17       1    9.00    0.00   91.00    0.00    0.00    0.00    0.00    0.00    0.00    0.00
20:54:17       2  100.00    0.00    0.00    0.00    0.00    0.00    0.00    0.00    0.00    0.00
20:54:17       3    0.99    0.00    2.97    0.00    0.00    0.00    0.00    0.00    0.00   96.04

20:54:17     CPU    %usr   %nice    %sys %iowait    %irq   %soft  %steal  %guest  %gnice   %idle
20:54:18     all   28.07    0.00   23.56    0.00    0.00    0.00    0.00    0.00    0.00   48.37
20:54:18       0    1.00    0.00    2.00    0.00    0.00    0.00    0.00    0.00    0.00   97.00
20:54:18       1   10.00    0.00   90.00    0.00    0.00    0.00    0.00    0.00    0.00    0.00
20:54:18       2  100.00    0.00    0.00    0.00    0.00    0.00    0.00    0.00    0.00    0.00
20:54:18       3    1.01    0.00    2.02    0.00    0.00    0.00    0.00    0.00    0.00   96.97

20:54:18     CPU    %usr   %nice    %sys %iowait    %irq   %soft  %steal  %guest  %gnice   %idle
20:54:19     all   27.32    0.00   23.06    0.00    0.00    0.00    0.00    0.00    0.00   49.62
20:54:19       0    0.00    0.00    1.00    0.00    0.00    0.00    0.00    0.00    0.00   99.00
20:54:19       1    9.09    0.00   90.91    0.00    0.00    0.00    0.00    0.00    0.00    0.00
20:54:19       2  100.00    0.00    0.00    0.00    0.00    0.00    0.00    0.00    0.00    0.00
20:54:19       3    0.00    0.00    1.00    0.00    0.00    0.00    0.00    0.00    0.00   99.00

Average:     CPU    %usr   %nice    %sys %iowait    %irq   %soft  %steal  %guest  %gnice   %idle
Average:     all   28.89    0.00   24.59    0.02    0.00    0.59    0.00    0.00    0.00   45.91
Average:       0    1.36    0.00    3.18    0.07    0.00    2.47    0.00    0.00    0.00   92.93
Average:       1    9.98    0.00   89.92    0.00    0.00    0.09    0.00    0.00    0.00    0.00
Average:       2  100.00    0.00    0.00    0.00    0.00    0.00    0.00    0.00    0.00    0.00
Average:       3    1.34    0.00    3.00    0.02    0.00    0.00    0.00    0.00    0.00   95.64
