# timestamp  face |bytes    packets errs drop fifo frame compressed multicast|bytes    packets errs drop fifo colls carrier compressed
1776966794.084434124     lo:   26822     356    0    0    0     0          0         0    26822     356    0    0    0     0       0          0
1776966794.084434124 enP1p1s0: 18435802610 22648460    0    0    0     0          0        48     4476      58    0    4    0     0       0          0
1776966794.084434124   eth0:     764      14    0    0    0     0          0         4 18526398160 22648484    0    0    0     0       0          0
1776966794.084434124  wlan0:  404016    4201    0    0    0     0          0         8  1034462    4368    0    0    0     0       0          0
1776966794.084434124    br0:    1422      13    0    0    0     0          0        11     1264      16    0    0    0     0       0          0
1776966795.095797006     lo:   26822     356    0    0    0     0          0         0    26822     356    0    0    0     0       0          0
1776966795.095797006 enP1p1s0: 18435802610 22648460    0    0    0     0          0        48     4476      58    0    4    0     0       0          0
1776966795.095797006   eth0:     764      14    0    0    0     0          0         4 18526398160 22648484    0    0    0     0       0          0
1776966795.095797006  wlan0:  408972    4261    0    0    0     0          0         8  1039706    4420    0    0    0     0       0          0
1776966795.095797006    br0:    1422      13    0    0    0     0          0        11     1264      16    0    0    0     0       0          0
1776966796.104726434     lo:   26822     356    0    0    0     0          0         0    26822     356    0    0    0     0       0          0
1776966796.104726434 enP1p1s0: 18435802610 22648460    0    0    0     0          0        48     4476      58    0    4    0     0       0          0
1776966796.104726434   eth0:     764      14    0    0    0     0          0         4 18526398160 22648484    0    0    0     0       0          0
1776966796.104726434  wlan0:  413580    4315    0    0    0     0          0         8  1044806    4470    0    0    0     0       0          0
1776966796.104726434    br0:    1422      13    0    0    0     0          0        11     1264      16    0    0    0     0       0          0
1776966797.113651140     lo:   26822     356    0    0    0     0          0         0    26822     356    0    0    0     0       0          0
1776966797.113651140 enP1p1s0: 18435802610 22648460    0    0    0     0          0        48     4476      58    0    4    0     0       0          0
1776966797.113651140   eth0:     764      14    0    0    0     0          0         4 18526398160 22648484    0    0    0     0       0          0
1776966797.113651140  wlan0:  414652    4328    0    0    0     0          0         8  1046070    4482    0    0    0     0       0          0
1776966797.113651140    br0:    1422      13    0    0    0     0          0        11     1264      16    0    0    0     0       0          0
1776966798.122461086     lo:   26822     356    0    0    0     0          0         0    26822     356    0    0    0     0       0          0
1776966798.122461086 enP1p1s0: 18435802610 22648460    0    0    0     0          0        48     4476      58    0    4    0     0       0          0
1776966798.122461086   eth0:     764      14    0    0    0     0          0         4 18526398160 22648484    0    0    0     0       0          0
1776966798.122461086  wlan0:  414652    4328    0    0    0     0          0         8  1046070    4482    0    0    0     0       0          0
1776966798.122461086    br0:    1422      13    0    0    0     0          0        11     1264      16    0    0    0     0       0          0
1776966799.131328439     lo:   26822     356    0    0    0     0          0         0    26822     356    0    0    0     0       0          0
1776966799.131328439 enP1p1s0: 18435802610 22648460    0    0    0     0          0        48     4476      58    0    4    0     0       0          0
1776966799.131328439   eth0:     764      14    0    0    0     0          0         4 18526398160 22648484    0    0    0     0       0          0
1776966799.131328439  wlan0:  414652    4328    0    0    0     0          0         8  1046070    4482    0    0    0     0       0          0
1776966799.131328439    br0:    1422      13    0    0    0     0          0        11     1264      16    0    0    0     0       0          0
1776966800.140258460     lo:   26822     356    0    0    0     0          0         0    26822     356    0    0    0     0       0          0
1776966800.140258460 enP1p1s0: 18435802610 22648460    0    0    0     0          0        48     4476      58    0    4    0     0       0          0
1776966800.140258460   eth0:     764      14    0    0    0     0          0         4 18526398160 22648484    0    0    0     0       0          0
1776966800.140258460  wlan0:  414652    4328    0    0    0     0          0         8  1046070    4482    0    0    0     0       0          0
1776966800.140258460    br0:    1422      13    0    0    0     0          0        11     1264      16    0    0    0     0       0          0
1776966801.149092054     lo:   26822     356    0    0    0     0          0         0    26822     356    0    0    0     0       0          0
1776966801.149092054 enP1p1s0: 18435802610 22648460    0    0    0     0          0        48     4476      58    0    4    0     0       0          0
1776966801.149092054   eth0:     764      14    0    0    0     0          0         4 18526398160 22648484    0    0    0     0       0          0
1776966801.149092054  wlan0:  414804    4330    0    0    0     0          0         8  1046070    4482    0    0    0     0       0          0
1776966801.149092054    br0:    1422      13    0    0    0     0          0        11     1264      16    0    0    0     0       0          0
1776966802.159338320     lo:   26822     356    0    0    0     0          0         0    26822     356    0    0    0     0       0          0
1776966802.159338320 enP1p1s0: 18496625564 22723182    0    0    0     0          0        48     4596      60    0    4    0     0       0          0
1776966802.159338320   eth0:     810      15    0    0    0     0          0         4 18587523274 22723210    0    0    0     0       0          0
1776966802.159338320  wlan0:  415224    4334    0    0    0     0          0         8  1046442    4484    0    0    0     0       0          0
1776966802.159338320    br0:    1422      13    0    0    0     0          0        11     1264      16    0    0    0     0       0          0
1776966803.173648897     lo:   26822     356    0    0    0     0          0         0    26822     356    0    0    0     0       0          0
1776966803.173648897 enP1p1s0: 18619895282 22874619    0    0    0     0          0        48     4596      60    0    4    0     0       0          0
1776966803.173648897   eth0:     810      15    0    0    0     0          0         4 18711395468 22874643    0    0    0     0       0          0
1776966803.173648897  wlan0:  415224    4334    0    0    0     0          0         8  1046442    4484    0    0    0     0       0          0
1776966803.173648897    br0:    1422      13    0    0    0     0          0        11     1264      16    0    0    0     0       0          0
1776966804.187216192     lo:   26822     356    0    0    0     0          0         0    26822     356    0    0    0     0       0          0
1776966804.187216192 enP1p1s0: 18742538220 23025286    0    0    0     0          0        48     4596      60    0    4    0     0       0          0
1776966804.187216192   eth0:     810      15    0    0    0     0          0         4 18834637802 23025306    0    0    0     0       0          0
1776966804.187216192  wlan0:  415224    4334    0    0    0     0          0         8  1046442    4484    0    0    0     0       0          0
1776966804.187216192    br0:    1422      13    0    0    0     0          0        11     1264      16    0    0    0     0       0          0
1776966805.201347990     lo:   26822     356    0    0    0     0          0         0    26822     356    0    0    0     0       0          0
1776966805.201347990 enP1p1s0: 18865725724 23176622    0    0    0     0          0        48     4596      60    0    4    0     0       0          0
1776966805.201347990   eth0:     810      15    0    0    0     0          0         4 18958438012 23176651    0    0    0     0       0          0
1776966805.201347990  wlan0:  415224    4334    0    0    0     0          0         8  1046442    4484    0    0    0     0       0          0
1776966805.201347990    br0:    1422      13    0    0    0     0          0        11     1264      16    0    0    0     0       0          0
1776966806.215226435     lo:   26822     356    0    0    0     0          0         0    26822     356    0    0    0     0       0          0
1776966806.215226435 enP1p1s0: 18988641352 23327624    0    0    0     0          0        48     4596      60    0    4    0     0       0          0
1776966806.215226435   eth0:     810      15    0    0    0     0          0         4 19081945378 23327638    0    0    0     0       0          0
1776966806.215226435  wlan0:  415224    4334    0    0    0     0          0         8  1046442    4484    0    0    0     0       0          0
1776966806.215226435    br0:    1422      13    0    0    0     0          0        11     1264      16    0    0    0     0       0          0
1776966807.228165766     lo:   26822     356    0    0    0     0          0         0    26822     356    0    0    0     0       0          0
1776966807.228165766 enP1p1s0: 19111615588 23478698    0    0    0     0          0        48     4596      60    0    4    0     0       0          0
1776966807.228165766   eth0:     810      15    0    0    0     0          0         4 19205524728 23478713    0    0    0     0       0          0
1776966807.228165766  wlan0:  415304    4336    0    0    0     0          0         8  1046634    4486    0    0    0     0       0          0
1776966807.228165766    br0:    1422      13    0    0    0     0          0        11     1264      16    0    0    0     0       0          0
1776966808.242560102     lo:   26822     356    0    0    0     0          0         0    26822     356    0    0    0     0       0          0
1776966808.242560102 enP1p1s0: 19234812860 23630046    0    0    0     0          0        48     4596      60    0    4    0     0       0          0
1776966808.242560102   eth0:     810      15    0    0    0     0          0         4 19329342116 23630079    0    0    0     0       0          0
1776966808.242560102  wlan0:  415304    4336    0    0    0     0          0         8  1046634    4486    0    0    0     0       0          0
1776966808.242560102    br0:    1422      13    0    0    0     0          0        11     1264      16    0    0    0     0       0          0
1776966809.257115401     lo:   26822     356    0    0    0     0          0         0    26822     356    0    0    0     0       0          0
1776966809.257115401 enP1p1s0: 19357850588 23781198    0    0    0     0          0        48     4596      60    0    4    0     0       0          0
1776966809.257115401   eth0:     810      15    0    0    0     0          0         4 19452964002 23781206    0    0    0     0       0          0
1776966809.257115401  wlan0:  415304    4336    0    0    0     0          0         8  1046634    4486    0    0    0     0       0          0
1776966809.257115401    br0:    1422      13    0    0    0     0          0        11     1264      16    0    0    0     0       0          0
1776966810.272041072     lo:   26822     356    0    0    0     0          0         0    26822     356    0    0    0     0       0          0
1776966810.272041072 enP1p1s0: 19481207404 23932742    0    0    0     0          0        48     4596      60    0    4    0     0       0          0
1776966810.272041072   eth0:     810      15    0    0    0     0          0         4 19576926176 23932749    0    0    0     0       0          0
1776966810.272041072  wlan0:  415304    4336    0    0    0     0          0         8  1046634    4486    0    0    0     0       0          0
1776966810.272041072    br0:    1422      13    0    0    0     0          0        11     1264      16    0    0    0     0       0          0
1776966811.286420593     lo:   26822     356    0    0    0     0          0         0    26822     356    0    0    0     0       0          0
1776966811.286420593 enP1p1s0: 19604231294 24083877    0    0    0     0          0        48     4596      60    0    4    0     0       0          0
1776966811.286420593   eth0:     810      15    0    0    0     0          0         4 19700546426 24083874    0    0    0     0       0          0
1776966811.286420593  wlan0:  415304    4336    0    0    0     0          0         8  1046634    4486    0    0    0     0       0          0
1776966811.286420593    br0:    1422      13    0    0    0     0          0        11     1264      16    0    0    0     0       0          0
1776966812.301398320     lo:   26822     356    0    0    0     0          0         0    26822     356    0    0    0     0       0          0
1776966812.301398320 enP1p1s0: 19727579970 24235411    0    0    0     0          0        48     4596      60    0    4    0     0       0          0
1776966812.301398320   eth0:     810      15    0    0    0     0          0         4 19824498784 24235405    0    0    0     0       0          0
1776966812.301398320  wlan0:  415356    4337    0    0    0     0          0         8  1046784    4487    0    0    0     0       0          0
1776966812.301398320    br0:    1422      13    0    0    0     0          0        11     1264      16    0    0    0     0       0          0
1776966813.315759156     lo:   26822     356    0    0    0     0          0         0    26822     356    0    0    0     0       0          0
1776966813.315759156 enP1p1s0: 19850157788 24385998    0    0    0     0          0        48     4596      60    0    4    0     0       0          0
1776966813.315759156   eth0:     810      15    0    0    0     0          0         4 19947695310 24386012    0    0    0     0       0          0
1776966813.315759156  wlan0:  415356    4337    0    0    0     0          0         8  1046784    4487    0    0    0     0       0          0
1776966813.315759156    br0:    1422      13    0    0    0     0          0        11     1264      16    0    0    0     0       0          0
1776966814.330560308     lo:   26822     356    0    0    0     0          0         0    26822     356    0    0    0     0       0          0
1776966814.330560308 enP1p1s0: 19973418552 24537424    0    0    0     0          0        48     4596      60    0    4    0     0       0          0
1776966814.330560308   eth0:     810      15    0    0    0     0          0         4 20071551144 24537425    0    0    0     0       0          0
1776966814.330560308  wlan0:  415356    4337    0    0    0     0          0         8  1046784    4487    0    0    0     0       0          0
1776966814.330560308    br0:    1422      13    0    0    0     0          0        11     1264      16    0    0    0     0       0          0
1776966815.345920018     lo:   26822     356    0    0    0     0          0         0    26822     356    0    0    0     0       0          0
1776966815.345920018 enP1p1s0: 20096724086 24688905    0    0    0     0          0        48     4596      60    0    4    0     0       0          0
1776966815.345920018   eth0:     810      15    0    0    0     0          0         4 20195485506 24688934    0    0    0     0       0          0
1776966815.345920018  wlan0:  415356    4337    0    0    0     0          0         8  1046784    4487    0    0    0     0       0          0
1776966815.345920018    br0:    1422      13    0    0    0     0          0        11     1264      16    0    0    0     0       0          0
1776966816.360148631     lo:   26822     356    0    0    0     0          0         0    26822     356    0    0    0     0       0          0
1776966816.360148631 enP1p1s0: 20219714602 24839999    0    0    0     0          0        48     4596      60    0    4    0     0       0          0
1776966816.360148631   eth0:     810      15    0    0    0     0          0         4 20319059130 24840002    0    0    0     0       0          0
1776966816.360148631  wlan0:  415408    4338    0    0    0     0          0         8  1046934    4488    0    0    0     0       0          0
1776966816.360148631    br0:    1422      13    0    0    0     0          0        11     1264      16    0    0    0     0       0          0
1776966817.375346174     lo:   26822     356    0    0    0     0          0         0    26822     356    0    0    0     0       0          0
1776966817.375346174 enP1p1s0: 20343116188 24991598    0    0    0     0          0        48     4596      60    0    4    0     0       0          0
1776966817.375346174   eth0:     810      15    0    0    0     0          0         4 20443068748 24991603    0    0    0     0       0          0
1776966817.375346174  wlan0:  415408    4338    0    0    0     0          0         8  1046934    4488    0    0    0     0       0          0
1776966817.375346174    br0:    1422      13    0    0    0     0          0        11     1264      16    0    0    0     0       0          0
1776966818.389846436     lo:   26822     356    0    0    0     0          0         0    26822     356    0    0    0     0       0          0
1776966818.389846436 enP1p1s0: 20466160428 25142758    0    0    0     0          0        48     4596      60    0    4    0     0       0          0
1776966818.389846436   eth0:     810      15    0    0    0     0          0         4 20566705358 25142748    0    0    0     0       0          0
1776966818.389846436  wlan0:  415408    4338    0    0    0     0          0         8  1046934    4488    0    0    0     0       0          0
1776966818.389846436    br0:    1422      13    0    0    0     0          0        11     1264      16    0    0    0     0       0          0
1776966819.404973089     lo:   26822     356    0    0    0     0          0         0    26822     356    0    0    0     0       0          0
1776966819.404973089 enP1p1s0: 20589546548 25294338    0    0    0     0          0        48     4596      60    0    4    0     0       0          0
1776966819.404973089   eth0:     810      15    0    0    0     0          0         4 20690700252 25294331    0    0    0     0       0          0
1776966819.404973089  wlan0:  415444    4339    0    0    0     0          0         9  1046934    4488    0    0    0     0       0          0
1776966819.404973089    br0:    1422      13    0    0    0     0          0        11     1264      16    0    0    0     0       0          0
1776966820.419426166     lo:   26822     356    0    0    0     0          0         0    26822     356    0    0    0     0       0          0
1776966820.419426166 enP1p1s0: 20712554972 25445454    0    0    0     0          0        48     4596      60    0    4    0     0       0          0
1776966820.419426166   eth0:     810      15    0    0    0     0          0         4 20814327046 25445464    0    0    0     0       0          0
1776966820.419426166  wlan0:  415444    4339    0    0    0     0          0         9  1046934    4488    0    0    0     0       0          0
1776966820.419426166    br0:    1422      13    0    0    0     0          0        11     1264      16    0    0    0     0       0          0
1776966821.433075647     lo:   26822     356    0    0    0     0          0         0    26822     356    0    0    0     0       0          0
1776966821.433075647 enP1p1s0: 20835605724 25596622    0    0    0     0          0        48     4596      60    0    4    0     0       0          0
1776966821.433075647   eth0:     810      15    0    0    0     0          0         4 20937973472 25596621    0    0    0     0       0          0
1776966821.433075647  wlan0:  415444    4339    0    0    0     0          0         9  1047084    4489    0    0    0     0       0          0
1776966821.433075647    br0:    1422      13    0    0    0     0          0        11     1264      16    0    0    0     0       0          0
1776966822.448151837     lo:   26822     356    0    0    0     0          0         0    26822     356    0    0    0     0       0          0
1776966822.448151837 enP1p1s0: 20958705316 25747850    0    0    0     0          0        48     4596      60    0    4    0     0       0          0
1776966822.448151837   eth0:     810      15    0    0    0     0          0         4 21061687792 25747861    0    0    0     0       0          0
1776966822.448151837  wlan0:  415496    4340    0    0    0     0          0         9  1047084    4489    0    0    0     0       0          0
1776966822.448151837    br0:    1422      13    0    0    0     0          0        11     1264      16    0    0    0     0       0          0
1776966823.462564025     lo:   26822     356    0    0    0     0          0         0    26822     356    0    0    0     0       0          0
1776966823.462564025 enP1p1s0: 21081713740 25898966    0    0    0     0          0        48     4596      60    0    4    0     0       0          0
1776966823.462564025   eth0:     810      15    0    0    0     0          0         4 21185298226 25898974    0    0    0     0       0          0
1776966823.462564025  wlan0:  415496    4340    0    0    0     0          0         9  1047084    4489    0    0    0     0       0          0
1776966823.462564025    br0:    1422      13    0    0    0     0          0        11     1264      16    0    0    0     0       0          0
1776966824.479595167     lo:   26822     356    0    0    0     0          0         0    26822     356    0    0    0     0       0          0
1776966824.479595167 enP1p1s0: 21205265916 26050750    0    0    0     0          0        48     4596      60    0    4    0     0       0          0
1776966824.479595167   eth0:     810      15    0    0    0     0          0         4 21309458356 26050759    0    0    0     0       0          0
1776966824.479595167  wlan0:  415496    4340    0    0    0     0          0         9  1047084    4489    0    0    0     0       0          0
1776966824.479595167    br0:    1422      13    0    0    0     0          0        11     1264      16    0    0    0     0       0          0
1776966825.495275804     lo:   26822     356    0    0    0     0          0         0    26822     356    0    0    0     0       0          0
1776966825.495275804 enP1p1s0: 21329072060 26202846    0    0    0     0          0        48     4596      60    0    4    0     0       0          0
1776966825.495275804   eth0:     810      15    0    0    0     0          0         4 21433872066 26202854    0    0    0     0       0          0
1776966825.495275804  wlan0:  415496    4340    0    0    0     0          0         9  1047084    4489    0    0    0     0       0          0
1776966825.495275804    br0:    1422      13    0    0    0     0          0        11     1264      16    0    0    0     0       0          0
1776966826.518878432     lo:   26822     356    0    0    0     0          0         0    26822     356    0    0    0     0       0          0
1776966826.518878432 enP1p1s0: 21452708892 26354734    0    0    0     0          0        48     4596      60    0    4    0     0       0          0
1776966826.518878432   eth0:     810      15    0    0    0     0          0         4 21558121358 26354748    0    0    0     0       0          0
1776966826.518878432  wlan0:  415548    4341    0    0    0     0          0         9  1047234    4490    0    0    0     0       0          0
1776966826.518878432    br0:    1422      13    0    0    0     0          0        11     1264      16    0    0    0     0       0          0
1776966827.534042253     lo:   26822     356    0    0    0     0          0         0    26822     356    0    0    0     0       0          0
1776966827.534042253 enP1p1s0: 21576072220 26506286    0    0    0     0          0        48     4596      60    0    4    0     0       0          0
1776966827.534042253   eth0:     810      15    0    0    0     0          0         4 21682092530 26506302    0    0    0     0       0          0
1776966827.534042253  wlan0:  415548    4341    0    0    0     0          0         9  1047234    4490    0    0    0     0       0          0
1776966827.534042253    br0:    1422      13    0    0    0     0          0        11     1264      16    0    0    0     0       0          0
1776966828.548470107     lo:   26822     356    0    0    0     0          0         0    26822     356    0    0    0     0       0          0
1776966828.548470107 enP1p1s0: 21698995988 26657298    0    0    0     0          0        48     4596      60    0    4    0     0       0          0
1776966828.548470107   eth0:     810      15    0    0    0     0          0         4 21805637524 26657335    0    0    0     0       0          0
1776966828.548470107  wlan0:  415548    4341    0    0    0     0          0         9  1047234    4490    0    0    0     0       0          0
1776966828.548470107    br0:    1422      13    0    0    0     0          0        11     1264      16    0    0    0     0       0          0
1776966829.561910939     lo:   26822     356    0    0    0     0          0         0    26822     356    0    0    0     0       0          0
1776966829.561910939 enP1p1s0: 21821613692 26807934    0    0    0     0          0        48     4596      60    0    4    0     0       0          0
1776966829.561910939   eth0:     810      15    0    0    0     0          0         4 21928843866 26807954    0    0    0     0       0          0
1776966829.561910939  wlan0:  415548    4341    0    0    0     0          0         9  1047234    4490    0    0    0     0       0          0
1776966829.561910939    br0:    1422      13    0    0    0     0          0        11     1264      16    0    0    0     0       0          0
1776966830.579382601     lo:   26822     356    0    0    0     0          0         0    26822     356    0    0    0     0       0          0
1776966830.579382601 enP1p1s0: 21944894806 26959385    0    0    0     0          0        48     4596      60    0    4    0     0       0          0
1776966830.579382601   eth0:     810      15    0    0    0     0          0         4 22052727512 26959401    0    0    0     0       0          0
1776966830.579382601  wlan0:  415548    4341    0    0    0     0          0         9  1047234    4490    0    0    0     0       0          0
1776966830.579382601    br0:    1422      13    0    0    0     0          0        11     1264      16    0    0    0     0       0          0
1776966831.594682663     lo:   26822     356    0    0    0     0          0         0    26822     356    0    0    0     0       0          0
1776966831.594682663 enP1p1s0: 22068158012 27110814    0    0    0     0          0        48     4596      60    0    4    0     0       0          0
1776966831.594682663   eth0:     810      15    0    0    0     0          0         4 22176611158 27110848    0    0    0     0       0          0
1776966831.594682663  wlan0:  415600    4342    0    0    0     0          0         9  1047384    4491    0    0    0     0       0          0
1776966831.594682663    br0:    1422      13    0    0    0     0          0        11     1264      16    0    0    0     0       0          0
1776966832.608882461     lo:   26822     356    0    0    0     0          0         0    26822     356    0    0    0     0       0          0
1776966832.608882461 enP1p1s0: 22191088292 27261834    0    0    0     0          0        48     4596      60    0    4    0     0       0          0
1776966832.608882461   eth0:     810      15    0    0    0     0          0         4 22300130794 27261850    0    0    0     0       0          0
1776966832.608882461  wlan0:  415600    4342    0    0    0     0          0         9  1047384    4491    0    0    0     0       0          0
1776966832.608882461    br0:    1422      13    0    0    0     0          0        11     1264      16    0    0    0     0       0          0
1776966833.623825947     lo:   26822     356    0    0    0     0          0         0    26822     356    0    0    0     0       0          0
1776966833.623825947 enP1p1s0: 22314138230 27413001    0    0    0     0          0        48     4596      60    0    4    0     0       0          0
1776966833.623825947   eth0:     810      15    0    0    0     0          0         4 22423784582 27413016    0    0    0     0       0          0
1776966833.623825947  wlan0:  415600    4342    0    0    0     0          0         9  1047384    4491    0    0    0     0       0          0
1776966833.623825947    br0:    1422      13    0    0    0     0          0        11     1264      16    0    0    0     0       0          0
1776966834.638156153     lo:   26822     356    0    0    0     0          0         0    26822     356    0    0    0     0       0          0
1776966834.638156153 enP1p1s0: 22437189796 27564170    0    0    0     0          0        48     4596      60    0    4    0     0       0          0
1776966834.638156153   eth0:     810      15    0    0    0     0          0         4 22547429372 27564171    0    0    0     0       0          0
1776966834.638156153  wlan0:  415600    4342    0    0    0     0          0         9  1047384    4491    0    0    0     0       0          0
1776966834.638156153    br0:    1422      13    0    0    0     0          0        11     1264      16    0    0    0     0       0          0
1776966835.651802949     lo:   26822     356    0    0    0     0          0         0    26822     356    0    0    0     0       0          0
1776966835.651802949 enP1p1s0: 22560269852 27715374    0    0    0     0          0        48     4596      60    0    4    0     0       0          0
1776966835.651802949   eth0:     810      15    0    0    0     0          0         4 22671111790 27715372    0    0    0     0       0          0
1776966835.651802949  wlan0:  415600    4342    0    0    0     0          0         9  1047384    4491    0    0    0     0       0          0
1776966835.651802949    br0:    1422      13    0    0    0     0          0        11     1264      16    0    0    0     0       0          0
1776966836.666906250     lo:   26822     356    0    0    0     0          0         0    26822     356    0    0    0     0       0          0
1776966836.666906250 enP1p1s0: 22683632366 27866925    0    0    0     0          0        48     4666      61    0    4    0     0       0          0
1776966836.666906250   eth0:     810      15    0    0    0     0          0         4 22795076418 27866918    0    0    0     0       0          0
1776966836.666906250  wlan0:  415652    4343    0    0    0     0          0         9  1047534    4492    0    0    0     0       0          0
1776966836.666906250    br0:    1422      13    0    0    0     0          0        11     1264      16    0    0    0     0       0          0
1776966837.681230697     lo:   26822     356    0    0    0     0          0         0    26822     356    0    0    0     0       0          0
1776966837.681230697 enP1p1s0: 22806636720 28018036    0    0    0     0          0        48     4666      61    0    4    0     0       0          0
1776966837.681230697   eth0:     810      15    0    0    0     0          0         4 22918701576 28018049    0    0    0     0       0          0
1776966837.681230697  wlan0:  415652    4343    0    0    0     0          0         9  1047534    4492    0    0    0     0       0          0
1776966837.681230697    br0:    1422      13    0    0    0     0          0        11     1264      16    0    0    0     0       0          0
1776966838.694899734     lo:   26822     356    0    0    0     0          0         0    26822     356    0    0    0     0       0          0
1776966838.694899734 enP1p1s0: 22929643516 28169150    0    0    0     0          0        48     4666      61    0    4    0     0       0          0
1776966838.694899734   eth0:     810      15    0    0    0     0          0         4 23042298104 28169145    0    0    0     0       0          0
1776966838.694899734  wlan0:  415652    4343    0    0    0     0          0         9  1047534    4492    0    0    0     0       0          0
1776966838.694899734    br0:    1422      13    0    0    0     0          0        11     1264      16    0    0    0     0       0          0
1776966839.709154625     lo:   26822     356    0    0    0     0          0         0    26822     356    0    0    0     0       0          0
1776966839.709154625 enP1p1s0: 23052417508 28319978    0    0    0     0          0        48     4666      61    0    4    0     0       0          0
1776966839.709154625   eth0:     810      15    0    0    0     0          0         4 23165693404 28319995    0    0    0     0       0          0
1776966839.709154625  wlan0:  415652    4343    0    0    0     0          0         9  1047534    4492    0    0    0     0       0          0
1776966839.709154625    br0:    1422      13    0    0    0     0          0        11     1264      16    0    0    0     0       0          0
1776966840.724099055     lo:   26822     356    0    0    0     0          0         0    26822     356    0    0    0     0       0          0
1776966840.724099055 enP1p1s0: 23175562684 28471262    0    0    0     0          0        48     4666      61    0    4    0     0       0          0
1776966840.724099055   eth0:     810      15    0    0    0     0          0         4 23289446170 28471282    0    0    0     0       0          0
1776966840.724099055  wlan0:  415652    4343    0    0    0     0          0         9  1047534    4492    0    0    0     0       0          0
1776966840.724099055    br0:    1422      13    0    0    0     0          0        11     1264      16    0    0    0     0       0          0
1776966841.738414761     lo:   26822     356    0    0    0     0          0         0    26822     356    0    0    0     0       0          0
1776966841.738414761 enP1p1s0: 23298320396 28622070    0    0    0     0          0        48     4666      61    0    4    0     0       0          0
1776966841.738414761   eth0:     810      15    0    0    0     0          0         4 23412803842 28622086    0    0    0     0       0          0
1776966841.738414761  wlan0:  415704    4344    0    0    0     0          0         9  1047684    4493    0    0    0     0       0          0
1776966841.738414761    br0:    1422      13    0    0    0     0          0        11     1264      16    0    0    0     0       0          0
1776966842.751780075     lo:   26822     356    0    0    0     0          0         0    26822     356    0    0    0     0       0          0
1776966842.751780075 enP1p1s0: 23421358938 28773223    0    0    0     0          0        48     4666      61    0    4    0     0       0          0
1776966842.751780075   eth0:     810      15    0    0    0     0          0         4 23536447814 28773240    0    0    0     0       0          0
1776966842.751780075  wlan0:  415704    4344    0    0    0     0          0         9  1047684    4493    0    0    0     0       0          0
1776966842.751780075    br0:    1422      13    0    0    0     0          0        11     1264      16    0    0    0     0       0          0
1776966843.766934062     lo:   26822     356    0    0    0     0          0         0    26822     356    0    0    0     0       0          0
1776966843.766934062 enP1p1s0: 23544724708 28924778    0    0    0     0          0        48     4666      61    0    4    0     0       0          0
1776966843.766934062   eth0:     810      15    0    0    0     0          0         4 23660418986 28924794    0    0    0     0       0          0
1776966843.766934062  wlan0:  415704    4344    0    0    0     0          0         9  1047684    4493    0    0    0     0       0          0
1776966843.766934062    br0:    1422      13    0    0    0     0          0        11     1264      16    0    0    0     0       0          0
1776966844.781437454     lo:   26822     356    0    0    0     0          0         0    26822     356    0    0    0     0       0          0
1776966844.781437454 enP1p1s0: 23667775460 29075946    0    0    0     0          0        48     4666      61    0    4    0     0       0          0
1776966844.781437454   eth0:     810      15    0    0    0     0          0         4 23784062958 29075948    0    0    0     0       0          0
1776966844.781437454  wlan0:  415704    4344    0    0    0     0          0         9  1047684    4493    0    0    0     0       0          0
1776966844.781437454    br0:    1422      13    0    0    0     0          0        11     1264      16    0    0    0     0       0          0
1776966845.796515755     lo:   26822     356    0    0    0     0          0         0    26822     356    0    0    0     0       0          0
1776966845.796515755 enP1p1s0: 23791135532 29227494    0    0    0     0          0        48     4666      61    0    4    0     0       0          0
1776966845.796515755   eth0:     810      15    0    0    0     0          0         4 23908030040 29227497    0    0    0     0       0          0
1776966845.796515755  wlan0:  415704    4344    0    0    0     0          0         9  1047684    4493    0    0    0     0       0          0
1776966845.796515755    br0:    1422      13    0    0    0     0          0        11     1264      16    0    0    0     0       0          0
1776966846.810749349     lo:   26822     356    0    0    0     0          0         0    26822     356    0    0    0     0       0          0
1776966846.810749349 enP1p1s0: 23913989296 29378420    0    0    0     0          0        48     4666      61    0    4    0     0       0          0
1776966846.810749349   eth0:     810      15    0    0    0     0          0         4 24031497324 29378435    0    0    0     0       0          0
1776966846.810749349  wlan0:  415756    4345    0    0    0     0          0         9  1047834    4494    0    0    0     0       0          0
1776966846.810749349    br0:    1422      13    0    0    0     0          0        11     1264      16    0    0    0     0       0          0
1776966847.825701076     lo:   26822     356    0    0    0     0          0         0    26822     356    0    0    0     0       0          0
1776966847.825701076 enP1p1s0: 24037223198 29529813    0    0    0     0          0        48     4666      61    0    4    0     0       0          0
1776966847.825701076   eth0:     810      15    0    0    0     0          0         4 24155335162 29529826    0    0    0     0       0          0
1776966847.825701076  wlan0:  415756    4345    0    0    0     0          0         9  1047834    4494    0    0    0     0       0          0
1776966847.825701076    br0:    1422      13    0    0    0     0          0        11     1264      16    0    0    0     0       0          0
1776966848.838766426     lo:   26822     356    0    0    0     0          0         0    26822     356    0    0    0     0       0          0
1776966848.838766426 enP1p1s0: 24150018364 29668382    0    0    0     0          0        48     4666      61    0    4    0     0       0          0
1776966848.838766426   eth0:     810      15    0    0    0     0          0         4 24268693602 29668406    0    0    0     0       0          0
1776966848.838766426  wlan0:  415756    4345    0    0    0     0          0         9  1047834    4494    0    0    0     0       0          0
1776966848.838766426    br0:    1422      13    0    0    0     0          0        11     1264      16    0    0    0     0       0          0
1776966849.847986891     lo:   26822     356    0    0    0     0          0         0    26822     356    0    0    0     0       0          0
1776966849.847986891 enP1p1s0: 24150018364 29668382    0    0    0     0          0        48     4666      61    0    4    0     0       0          0
1776966849.847986891   eth0:     810      15    0    0    0     0          0         4 24268693602 29668406    0    0    0     0       0          0
1776966849.847986891  wlan0:  415756    4345    0    0    0     0          0         9  1047834    4494    0    0    0     0       0          0
1776966849.847986891    br0:    1422      13    0    0    0     0          0        11     1264      16    0    0    0     0       0          0
1776966850.857067874     lo:   26822     356    0    0    0     0          0         0    26822     356    0    0    0     0       0          0
1776966850.857067874 enP1p1s0: 24150018364 29668382    0    0    0     0          0        48     4666      61    0    4    0     0       0          0
1776966850.857067874   eth0:     810      15    0    0    0     0          0         4 24268693602 29668406    0    0    0     0       0          0
1776966850.857067874  wlan0:  415756    4345    0    0    0     0          0         9  1047834    4494    0    0    0     0       0          0
1776966850.857067874    br0:    1422      13    0    0    0     0          0        11     1264      16    0    0    0     0       0          0
1776966851.866090802     lo:   26822     356    0    0    0     0          0         0    26822     356    0    0    0     0       0          0
1776966851.866090802 enP1p1s0: 24150018364 29668382    0    0    0     0          0        48     4666      61    0    4    0     0       0          0
1776966851.866090802   eth0:     810      15    0    0    0     0          0         4 24268693602 29668406    0    0    0     0       0          0
1776966851.866090802  wlan0:  415808    4346    0    0    0     0          0         9  1047984    4495    0    0    0     0       0          0
1776966851.866090802    br0:    1422      13    0    0    0     0          0        11     1264      16    0    0    0     0       0          0
1776966852.875123785     lo:   26822     356    0    0    0     0          0         0    26822     356    0    0    0     0       0          0
1776966852.875123785 enP1p1s0: 24150018364 29668382    0    0    0     0          0        48     4666      61    0    4    0     0       0          0
1776966852.875123785   eth0:     810      15    0    0    0     0          0         4 24268693602 29668406    0    0    0     0       0          0
1776966852.875123785  wlan0:  415808    4346    0    0    0     0          0         9  1047984    4495    0    0    0     0       0          0
1776966852.875123785    br0:    1422      13    0    0    0     0          0        11     1264      16    0    0    0     0       0          0
1776966853.884058156     lo:   26822     356    0    0    0     0          0         0    26822     356    0    0    0     0       0          0
1776966853.884058156 enP1p1s0: 24150018364 29668382    0    0    0     0          0        48     4666      61    0    4    0     0       0          0
1776966853.884058156   eth0:     810      15    0    0    0     0          0         4 24268693602 29668406    0    0    0     0       0          0
1776966853.884058156  wlan0:  415808    4346    0    0    0     0          0         9  1047984    4495    0    0    0     0       0          0
1776966853.884058156    br0:    1422      13    0    0    0     0          0        11     1264      16    0    0    0     0       0          0
1776966854.902892231     lo:   26822     356    0    0    0     0          0         0    26822     356    0    0    0     0       0          0
1776966854.902892231 enP1p1s0: 24196467826 29725448    0    0    0     0          0        48     5026      67    0    4    0     0       0          0
1776966854.902892231   eth0:     948      18    0    0    0     0          0         4 24315371328 29725472    0    0    0     0       0          0
1776966854.902892231  wlan0:  415808    4346    0    0    0     0          0         9  1047984    4495    0    0    0     0       0          0
1776966854.902892231    br0:    1422      13    0    0    0     0          0        11     1264      16    0    0    0     0       0          0
1776966855.926610230     lo:   26822     356    0    0    0     0          0         0    26822     356    0    0    0     0       0          0
1776966855.926610230 enP1p1s0: 24319329730 29876384    0    0    0     0          0        48     5026      67    0    4    0     0       0          0
1776966855.926610230   eth0:     948      18    0    0    0     0          0         4 24438836976 29876408    0    0    0     0       0          0
1776966855.926610230  wlan0:  415808    4346    0    0    0     0          0         9  1047984    4495    0    0    0     0       0          0
1776966855.926610230    br0:    1422      13    0    0    0     0          0        11     1264      16    0    0    0     0       0          0
1776966856.936791810     lo:   26822     356    0    0    0     0          0         0    26822     356    0    0    0     0       0          0
1776966856.936791810 enP1p1s0: 24319329730 29876384    0    0    0     0          0        48     5026      67    0    4    0     0       0          0
1776966856.936791810   eth0:     948      18    0    0    0     0          0         4 24438836976 29876408    0    0    0     0       0          0
1776966856.936791810  wlan0:  415860    4347    0    0    0     0          0         9  1048134    4496    0    0    0     0       0          0
1776966856.936791810    br0:    1422      13    0    0    0     0          0        11     1264      16    0    0    0     0       0          0
1776966857.945714718     lo:   26822     356    0    0    0     0          0         0    26822     356    0    0    0     0       0          0
1776966857.945714718 enP1p1s0: 24319329730 29876384    0    0    0     0          0        48     5026      67    0    4    0     0       0          0
1776966857.945714718   eth0:     948      18    0    0    0     0          0         4 24438836976 29876408    0    0    0     0       0          0
1776966857.945714718  wlan0:  415860    4347    0    0    0     0          0         9  1048134    4496    0    0    0     0       0          0
1776966857.945714718    br0:    1422      13    0    0    0     0          0        11     1264      16    0    0    0     0       0          0
1776966858.954822831     lo:   26822     356    0    0    0     0          0         0    26822     356    0    0    0     0       0          0
1776966858.954822831 enP1p1s0: 24319329730 29876384    0    0    0     0          0        48     5026      67    0    4    0     0       0          0
1776966858.954822831   eth0:     948      18    0    0    0     0          0         4 24438836976 29876408    0    0    0     0       0          0
1776966858.954822831  wlan0:  415860    4347    0    0    0     0          0         9  1048134    4496    0    0    0     0       0          0
1776966858.954822831    br0:    1422      13    0    0    0     0          0        11     1264      16    0    0    0     0       0          0
