Linux 6.17.0-1011-raspi (raspberrypi) 	04/23/26 	_aarch64_	(4 CPU)

20:39:40     CPU    %usr   %nice    %sys %iowait    %irq   %soft  %steal  %guest  %gnice   %idle
20:39:41     all    0.75    0.00    1.51    0.00    0.00    0.00    0.00    0.00    0.00   97.74
20:39:41       0    0.00    0.00    2.02    0.00    0.00    0.00    0.00    0.00    0.00   97.98
20:39:41       1    1.00    0.00    2.00    0.00    0.00    0.00    0.00    0.00    0.00   97.00
20:39:41       2    1.01    0.00    1.01    0.00    0.00    0.00    0.00    0.00    0.00   97.98
20:39:41       3    1.00    0.00    1.00    0.00    0.00    0.00    0.00    0.00    0.00   98.00

20:39:41     CPU    %usr   %nice    %sys %iowait    %irq   %soft  %steal  %guest  %gnice   %idle
20:39:42     all    0.50    0.00    1.75    0.00    0.00    0.00    0.00    0.00    0.00   97.75
20:39:42       0    0.00    0.00    2.00    0.00    0.00    0.00    0.00    0.00    0.00   98.00
20:39:42       1    0.00    0.00    1.01    0.00    0.00    0.00    0.00    0.00    0.00   98.99
20:39:42       2    1.98    0.00    1.98    0.00    0.00    0.00    0.00    0.00    0.00   96.04
20:39:42       3    0.00    0.00    2.00    0.00    0.00    0.00    0.00    0.00    0.00   98.00

20:39:42     CPU    %usr   %nice    %sys %iowait    %irq   %soft  %steal  %guest  %gnice   %idle
20:39:43     all    0.50    0.00    1.26    0.00    0.00    0.00    0.00    0.00    0.00   98.24
20:39:43       0    1.01    0.00    1.01    0.00    0.00    0.00    0.00    0.00    0.00   97.98
20:39:43       1    0.00    0.00    2.00    0.00    0.00    0.00    0.00    0.00    0.00   98.00
20:39:43       2    0.00    0.00    2.00    0.00    0.00    0.00    0.00    0.00    0.00   98.00
20:39:43       3    1.01    0.00    0.00    0.00    0.00    0.00    0.00    0.00    0.00   98.99

20:39:43     CPU    %usr   %nice    %sys %iowait    %irq   %soft  %steal  %guest  %gnice   %idle
20:39:44     all    1.00    0.00    1.25    0.00    0.00    0.00    0.00    0.00    0.00   97.76
20:39:44       0    1.00    0.00    1.00    0.00    0.00    0.00    0.00    0.00    0.00   98.00
20:39:44       1    0.99    0.00    1.98    0.00    0.00    0.00    0.00    0.00    0.00   97.03
20:39:44       2    1.00    0.00    1.00    0.00    0.00    0.00    0.00    0.00    0.00   98.00
20:39:44       3    1.00    0.00    1.00    0.00    0.00    0.00    0.00    0.00    0.00   98.00

20:39:44     CPU    %usr   %nice    %sys %iowait    %irq   %soft  %steal  %guest  %gnice   %idle
20:39:45     all    0.25    0.00    1.50    0.00    0.00    0.00    0.00    0.00    0.00   98.25
20:39:45       0    1.00    0.00    2.00    0.00    0.00    0.00    0.00    0.00    0.00   97.00
20:39:45       1    0.00    0.00    1.00    0.00    0.00    0.00    0.00    0.00    0.00   99.00
20:39:45       2    0.00    0.00    1.01    0.00    0.00    0.00    0.00    0.00    0.00   98.99
20:39:45       3    0.00    0.00    2.00    0.00    0.00    0.00    0.00    0.00    0.00   98.00

20:39:45     CPU    %usr   %nice    %sys %iowait    %irq   %soft  %steal  %guest  %gnice   %idle
20:39:46     all    1.00    0.00    1.49    0.00    0.00    0.00    0.00    0.00    0.00   97.51
20:39:46       0    0.99    0.00    1.98    0.00    0.00    0.00    0.00    0.00    0.00   97.03
20:39:46       1    1.01    0.00    1.01    0.00    0.00    0.00    0.00    0.00    0.00   97.98
20:39:46       2    0.99    0.00    1.98    0.00    0.00    0.00    0.00    0.00    0.00   97.03
20:39:46       3    0.99    0.00    0.99    0.00    0.00    0.00    0.00    0.00    0.00   98.02

20:39:46     CPU    %usr   %nice    %sys %iowait    %irq   %soft  %steal  %guest  %gnice   %idle
20:39:47     all    0.51    0.00    0.76    0.00    0.00    0.00    0.00    0.00    0.00   98.74
20:39:47       0    1.01    0.00    1.01    0.00    0.00    0.00    0.00    0.00    0.00   97.98
20:39:47       1    1.00    0.00    1.00    0.00    0.00    0.00    0.00    0.00    0.00   98.00
20:39:47       2    0.00    0.00    0.00    0.00    0.00    0.00    0.00    0.00    0.00  100.00
20:39:47       3    0.00    0.00    1.01    0.00    0.00    0.00    0.00    0.00    0.00   98.99

20:39:47     CPU    %usr   %nice    %sys %iowait    %irq   %soft  %steal  %guest  %gnice   %idle
20:39:48     all    0.99    0.00    1.74    0.00    0.00    0.00    0.00    0.00    0.00   97.27
20:39:48       0    0.99    0.00    1.98    0.00    0.00    0.00    0.00    0.00    0.00   97.03
20:39:48       1    1.00    0.00    2.00    0.00    0.00    0.00    0.00    0.00    0.00   97.00
20:39:48       2    0.99    0.00    1.98    0.00    0.00    0.00    0.00    0.00    0.00   97.03
20:39:48       3    0.99    0.00    0.99    0.00    0.00    0.00    0.00    0.00    0.00   98.02

20:39:48     CPU    %usr   %nice    %sys %iowait    %irq   %soft  %steal  %guest  %gnice   %idle
20:39:49     all    0.57    0.00    1.14    0.00    0.00    2.00    0.00    0.00    0.00   96.29
20:39:49       0    0.00    0.00    2.00    0.00    0.00   14.00    0.00    0.00    0.00   84.00
20:39:49       1    0.99    0.00    0.99    0.00    0.00    0.00    0.00    0.00    0.00   98.02
20:39:49       2    0.00    0.00    1.00    0.00    0.00    0.00    0.00    0.00    0.00   99.00
20:39:49       3    1.01    0.00    1.01    0.00    0.00    0.00    0.00    0.00    0.00   97.98

20:39:49     CPU    %usr   %nice    %sys %iowait    %irq   %soft  %steal  %guest  %gnice   %idle
20:39:50     all    0.88    0.00    1.46    0.00    0.00    2.34    0.00    0.00    0.00   95.32
20:39:50       0    2.27    0.00    2.27    0.00    0.00   18.18    0.00    0.00    0.00   77.27
20:39:50       1    1.01    0.00    1.01    0.00    0.00    0.00    0.00    0.00    0.00   97.98
20:39:50       2    1.00    0.00    2.00    0.00    0.00    0.00    0.00    0.00    0.00   97.00
20:39:50       3    0.00    0.00    1.01    0.00    0.00    0.00    0.00    0.00    0.00   98.99

20:39:50     CPU    %usr   %nice    %sys %iowait    %irq   %soft  %steal  %guest  %gnice   %idle
20:39:51     all    0.29    0.00    1.44    0.58    0.00    3.46    0.00    0.00    0.00   94.24
20:39:51       0    0.00    0.00    4.17    0.00    0.00   25.00    0.00    0.00    0.00   70.83
20:39:51       1    0.00    0.00    1.01    0.00    0.00    0.00    0.00    0.00    0.00   98.99
20:39:51       2    0.00    0.00    1.00    2.00    0.00    0.00    0.00    0.00    0.00   97.00
20:39:51       3    1.00    0.00    1.00    0.00    0.00    0.00    0.00    0.00    0.00   98.00

20:39:51     CPU    %usr   %nice    %sys %iowait    %irq   %soft  %steal  %guest  %gnice   %idle
20:39:52     all    0.86    0.00    1.71    0.00    0.00    3.43    0.00    0.00    0.00   94.00
20:39:52       0    2.08    0.00    2.08    0.00    0.00   25.00    0.00    0.00    0.00   70.83
20:39:52       1    0.00    0.00    1.98    0.00    0.00    0.00    0.00    0.00    0.00   98.02
20:39:52       2    1.00    0.00    1.00    0.00    0.00    0.00    0.00    0.00    0.00   98.00
20:39:52       3    0.99    0.00    1.98    0.00    0.00    0.00    0.00    0.00    0.00   97.03

20:39:52     CPU    %usr   %nice    %sys %iowait    %irq   %soft  %steal  %guest  %gnice   %idle
20:39:53     all    0.58    0.00    1.45    0.00    0.00    3.18    0.00    0.00    0.00   94.80
20:39:53       0    2.13    0.00    2.13    0.00    0.00   23.40    0.00    0.00    0.00   72.34
20:39:53       1    0.00    0.00    1.01    0.00    0.00    0.00    0.00    0.00    0.00   98.99
20:39:53       2    0.00    0.00    2.00    0.00    0.00    0.00    0.00    0.00    0.00   98.00
20:39:53       3    1.00    0.00    1.00    0.00    0.00    0.00    0.00    0.00    0.00   98.00

20:39:53     CPU    %usr   %nice    %sys %iowait    %irq   %soft  %steal  %guest  %gnice   %idle
20:39:54     all    0.29    0.00    1.44    0.00    0.00    4.31    0.00    0.00    0.00   93.97
20:39:54       0    0.00    0.00    2.04    0.00    0.00   30.61    0.00    0.00    0.00   67.35
20:39:54       1    1.00    0.00    1.00    0.00    0.00    0.00    0.00    0.00    0.00   98.00
20:39:54       2    0.00    0.00    1.01    0.00    0.00    0.00    0.00    0.00    0.00   98.99
20:39:54       3    0.00    0.00    2.00    0.00    0.00    0.00    0.00    0.00    0.00   98.00

20:39:54     CPU    %usr   %nice    %sys %iowait    %irq   %soft  %steal  %guest  %gnice   %idle
20:39:55     all    1.14    0.00    2.00    0.00    0.00    3.43    0.00    0.00    0.00   93.43
20:39:55       0    2.04    0.00    4.08    0.00    0.00   24.49    0.00    0.00    0.00   69.39
20:39:55       1    1.00    0.00    2.00    0.00    0.00    0.00    0.00    0.00    0.00   97.00
20:39:55       2    0.99    0.00    1.98    0.00    0.00    0.00    0.00    0.00    0.00   97.03
20:39:55       3    1.00    0.00    1.00    0.00    0.00    0.00    0.00    0.00    0.00   98.00

20:39:55     CPU    %usr   %nice    %sys %iowait    %irq   %soft  %steal  %guest  %gnice   %idle
20:39:56     all    0.27    0.00    1.09    0.27    0.00    1.64    0.00    0.00    0.00   96.72
20:39:56       0    0.00    0.00    1.52    0.00    0.00    9.09    0.00    0.00    0.00   89.39
20:39:56       1    0.00    0.00    1.98    0.99    0.00    0.00    0.00    0.00    0.00   97.03
20:39:56       2    1.00    0.00    0.00    0.00    0.00    0.00    0.00    0.00    0.00   99.00
20:39:56       3    0.00    0.00    1.01    0.00    0.00    0.00    0.00    0.00    0.00   98.99

20:39:56     CPU    %usr   %nice    %sys %iowait    %irq   %soft  %steal  %guest  %gnice   %idle
20:39:57     all    0.75    0.00    1.49    0.00    0.00    0.00    0.00    0.00    0.00   97.76
20:39:57       0    0.99    0.00    1.98    0.00    0.00    0.00    0.00    0.00    0.00   97.03
20:39:57       1    1.00    0.00    1.00    0.00    0.00    0.00    0.00    0.00    0.00   98.00
20:39:57       2    0.00    0.00    2.00    0.00    0.00    0.00    0.00    0.00    0.00   98.00
20:39:57       3    0.99    0.00    0.99    0.00    0.00    0.00    0.00    0.00    0.00   98.02

20:39:57     CPU    %usr   %nice    %sys %iowait    %irq   %soft  %steal  %guest  %gnice   %idle
20:39:58     all    0.51    0.00    1.01    0.00    0.00    0.00    0.00    0.00    0.00   98.48
20:39:58       0    2.00    0.00    1.00    0.00    0.00    0.00    0.00    0.00    0.00   97.00
20:39:58       1    0.00    0.00    1.01    0.00    0.00    0.00    0.00    0.00    0.00   98.99
20:39:58       2    0.00    0.00    1.01    0.00    0.00    0.00    0.00    0.00    0.00   98.99
20:39:58       3    0.00    0.00    1.02    0.00    0.00    0.00    0.00    0.00    0.00   98.98

20:39:58     CPU    %usr   %nice    %sys %iowait    %irq   %soft  %steal  %guest  %gnice   %idle
20:39:59     all    0.74    0.00    1.74    0.00    0.00    0.00    0.00    0.00    0.00   97.52
20:39:59       0    0.00    0.00    2.00    0.00    0.00    0.00    0.00    0.00    0.00   98.00
20:39:59       1    0.99    0.00    0.99    0.00    0.00    0.00    0.00    0.00    0.00   98.02
20:39:59       2    0.99    0.00    1.98    0.00    0.00    0.00    0.00    0.00    0.00   97.03
20:39:59       3    0.99    0.00    1.98    0.00    0.00    0.00    0.00    0.00    0.00   97.03

20:39:59     CPU    %usr   %nice    %sys %iowait    %irq   %soft  %steal  %guest  %gnice   %idle
20:40:00     all    0.50    0.00    1.26    0.00    0.00    0.00    0.00    0.00    0.00   98.24
20:40:00       0    1.01    0.00    1.01    0.00    0.00    0.00    0.00    0.00    0.00   97.98
20:40:00       1    0.00    0.00    1.01    0.00    0.00    0.00    0.00    0.00    0.00   98.99
20:40:00       2    0.00    0.00    1.01    0.00    0.00    0.00    0.00    0.00    0.00   98.99
20:40:00       3    0.99    0.00    1.98    0.00    0.00    0.00    0.00    0.00    0.00   97.03

20:40:00     CPU    %usr   %nice    %sys %iowait    %irq   %soft  %steal  %guest  %gnice   %idle
20:40:01     all    1.25    0.00    2.00    0.25    0.00    0.00    0.00    0.00    0.00   96.50
20:40:01       0    1.98    0.00    1.98    0.00    0.00    0.00    0.00    0.00    0.00   96.04
20:40:01       1    2.00    0.00    2.00    0.00    0.00    0.00    0.00    0.00    0.00   96.00
20:40:01       2    1.00    0.00    2.00    0.00    0.00    0.00    0.00    0.00    0.00   97.00
20:40:01       3    0.00    0.00    2.02    1.01    0.00    0.00    0.00    0.00    0.00   96.97

20:40:01     CPU    %usr   %nice    %sys %iowait    %irq   %soft  %steal  %guest  %gnice   %idle
20:40:02     all    0.52    0.00    1.55    0.00    0.00    1.29    0.00    0.00    0.00   96.65
20:40:02       0    1.12    0.00    2.25    0.00    0.00    5.62    0.00    0.00    0.00   91.01
20:40:02       1    0.00    0.00    2.00    0.00    0.00    0.00    0.00    0.00    0.00   98.00
20:40:02       2    0.00    0.00    1.01    0.00    0.00    0.00    0.00    0.00    0.00   98.99
20:40:02       3    1.00    0.00    1.00    0.00    0.00    0.00    0.00    0.00    0.00   98.00

20:40:02     CPU    %usr   %nice    %sys %iowait    %irq   %soft  %steal  %guest  %gnice   %idle
20:40:03     all    0.29    0.00    1.45    0.00    0.00    2.60    0.00    0.00    0.00   95.66
20:40:03       0    0.00    0.00    2.22    0.00    0.00   20.00    0.00    0.00    0.00   77.78
20:40:03       1    0.00    0.00    1.00    0.00    0.00    0.00    0.00    0.00    0.00   99.00
20:40:03       2    0.99    0.00    1.98    0.00    0.00    0.00    0.00    0.00    0.00   97.03
20:40:03       3    0.00    0.00    1.00    0.00    0.00    0.00    0.00    0.00    0.00   99.00

20:40:03     CPU    %usr   %nice    %sys %iowait    %irq   %soft  %steal  %guest  %gnice   %idle
20:40:04     all    0.86    0.00    1.44    0.00    0.00    3.74    0.00    0.00    0.00   93.97
20:40:04       0    2.04    0.00    4.08    0.00    0.00   26.53    0.00    0.00    0.00   67.35
20:40:04       1    1.01    0.00    0.00    0.00    0.00    0.00    0.00    0.00    0.00   98.99
20:40:04       2    0.00    0.00    1.01    0.00    0.00    0.00    0.00    0.00    0.00   98.99
20:40:04       3    0.99    0.00    1.98    0.00    0.00    0.00    0.00    0.00    0.00   97.03

20:40:04     CPU    %usr   %nice    %sys %iowait    %irq   %soft  %steal  %guest  %gnice   %idle
20:40:05     all    0.58    0.00    1.73    0.00    0.00    2.89    0.00    0.00    0.00   94.80
20:40:05       0    0.00    0.00    2.17    0.00    0.00   21.74    0.00    0.00    0.00   76.09
20:40:05       1    0.99    0.00    1.98    0.00    0.00    0.00    0.00    0.00    0.00   97.03
20:40:05       2    0.99    0.00    1.98    0.00    0.00    0.00    0.00    0.00    0.00   97.03
20:40:05       3    0.00    0.00    1.02    0.00    0.00    0.00    0.00    0.00    0.00   98.98

20:40:05     CPU    %usr   %nice    %sys %iowait    %irq   %soft  %steal  %guest  %gnice   %idle
20:40:06     all    0.58    0.00    0.58    0.00    0.00    2.04    0.00    0.00    0.00   96.79
20:40:06       0    2.27    0.00    2.27    0.00    0.00   15.91    0.00    0.00    0.00   79.55
20:40:06       1    0.00    0.00    0.00    0.00    0.00    0.00    0.00    0.00    0.00  100.00
20:40:06       2    0.00    0.00    0.00    0.00    0.00    0.00    0.00    0.00    0.00  100.00
20:40:06       3    0.99    0.00    0.99    0.00    0.00    0.00    0.00    0.00    0.00   98.02

20:40:06     CPU    %usr   %nice    %sys %iowait    %irq   %soft  %steal  %guest  %gnice   %idle
20:40:07     all    0.29    0.00    1.16    0.29    0.00    2.62    0.00    0.00    0.00   95.64
20:40:07       0    0.00    0.00    2.27    0.00    0.00   20.45    0.00    0.00    0.00   77.27
20:40:07       1    0.00    0.00    1.00    0.00    0.00    0.00    0.00    0.00    0.00   99.00
20:40:07       2    0.99    0.00    0.99    0.99    0.00    0.00    0.00    0.00    0.00   97.03
20:40:07       3    0.00    0.00    1.01    0.00    0.00    0.00    0.00    0.00    0.00   98.99

20:40:07     CPU    %usr   %nice    %sys %iowait    %irq   %soft  %steal  %guest  %gnice   %idle
20:40:08     all    0.87    0.00    1.45    0.00    0.00    2.60    0.00    0.00    0.00   95.09
20:40:08       0    2.17    0.00    2.17    0.00    0.00   19.57    0.00    0.00    0.00   76.09
20:40:08       1    0.99    0.00    1.98    0.00    0.00    0.00    0.00    0.00    0.00   97.03
20:40:08       2    0.00    0.00    1.01    0.00    0.00    0.00    0.00    0.00    0.00   98.99
20:40:08       3    1.00    0.00    1.00    0.00    0.00    0.00    0.00    0.00    0.00   98.00

20:40:08     CPU    %usr   %nice    %sys %iowait    %irq   %soft  %steal  %guest  %gnice   %idle
20:40:09     all    0.57    0.00    2.01    0.00    0.00    2.87    0.00    0.00    0.00   94.54
20:40:09       0    2.17    0.00    2.17    0.00    0.00   21.74    0.00    0.00    0.00   73.91
20:40:09       1    0.00    0.00    2.00    0.00    0.00    0.00    0.00    0.00    0.00   98.00
20:40:09       2    0.99    0.00    1.98    0.00    0.00    0.00    0.00    0.00    0.00   97.03
20:40:09       3    0.00    0.00    1.98    0.00    0.00    0.00    0.00    0.00    0.00   98.02

20:40:09     CPU    %usr   %nice    %sys %iowait    %irq   %soft  %steal  %guest  %gnice   %idle
20:40:10     all    0.87    0.00    1.45    0.00    0.00    2.90    0.00    0.00    0.00   94.78
20:40:10       0    0.00    0.00    4.26    0.00    0.00   21.28    0.00    0.00    0.00   74.47
20:40:10       1    1.01    0.00    1.01    0.00    0.00    0.00    0.00    0.00    0.00   97.98
20:40:10       2    1.00    0.00    1.00    0.00    0.00    0.00    0.00    0.00    0.00   98.00
20:40:10       3    1.01    0.00    1.01    0.00    0.00    0.00    0.00    0.00    0.00   97.98

20:40:10     CPU    %usr   %nice    %sys %iowait    %irq   %soft  %steal  %guest  %gnice   %idle
20:40:11     all    0.58    0.00    1.45    0.00    0.00    2.33    0.00    0.00    0.00   95.64
20:40:11       0    2.33    0.00    0.00    0.00    0.00   18.60    0.00    0.00    0.00   79.07
20:40:11       1    0.99    0.00    1.98    0.00    0.00    0.00    0.00    0.00    0.00   97.03
20:40:11       2    0.00    0.00    1.00    0.00    0.00    0.00    0.00    0.00    0.00   99.00
20:40:11       3    0.00    0.00    2.00    0.00    0.00    0.00    0.00    0.00    0.00   98.00

20:40:11     CPU    %usr   %nice    %sys %iowait    %irq   %soft  %steal  %guest  %gnice   %idle
20:40:12     all    0.29    0.00    1.45    0.00    0.00    3.48    0.00    0.00    0.00   94.78
20:40:12       0    0.00    0.00    2.08    0.00    0.00   25.00    0.00    0.00    0.00   72.92
20:40:12       1    0.00    0.00    1.02    0.00    0.00    0.00    0.00    0.00    0.00   98.98
20:40:12       2    0.00    0.00    2.00    0.00    0.00    0.00    0.00    0.00    0.00   98.00
20:40:12       3    1.01    0.00    1.01    0.00    0.00    0.00    0.00    0.00    0.00   97.98

20:40:12     CPU    %usr   %nice    %sys %iowait    %irq   %soft  %steal  %guest  %gnice   %idle
20:40:13     all    0.29    0.00    1.73    0.00    0.00    3.17    0.00    0.00    0.00   94.81
20:40:13       0    0.00    0.00    4.26    0.00    0.00   23.40    0.00    0.00    0.00   72.34
20:40:13       1    0.99    0.00    1.98    0.00    0.00    0.00    0.00    0.00    0.00   97.03
20:40:13       2    0.00    0.00    1.01    0.00    0.00    0.00    0.00    0.00    0.00   98.99
20:40:13       3    0.00    0.00    1.00    0.00    0.00    0.00    0.00    0.00    0.00   99.00

20:40:13     CPU    %usr   %nice    %sys %iowait    %irq   %soft  %steal  %guest  %gnice   %idle
20:40:14     all    1.15    0.00    1.73    0.00    0.00    2.88    0.00    0.00    0.00   94.24
20:40:14       0    2.17    0.00    2.17    0.00    0.00   21.74    0.00    0.00    0.00   73.91
20:40:14       1    1.00    0.00    2.00    0.00    0.00    0.00    0.00    0.00    0.00   97.00
20:40:14       2    1.00    0.00    1.00    0.00    0.00    0.00    0.00    0.00    0.00   98.00
20:40:14       3    0.99    0.00    1.98    0.00    0.00    0.00    0.00    0.00    0.00   97.03

20:40:14     CPU    %usr   %nice    %sys %iowait    %irq   %soft  %steal  %guest  %gnice   %idle
20:40:15     all    0.58    0.00    1.75    0.00    0.00    2.33    0.00    0.00    0.00   95.34
20:40:15       0    2.22    0.00    4.44    0.00    0.00   17.78    0.00    0.00    0.00   75.56
20:40:15       1    0.00    0.00    1.01    0.00    0.00    0.00    0.00    0.00    0.00   98.99
20:40:15       2    1.00    0.00    2.00    0.00    0.00    0.00    0.00    0.00    0.00   97.00
20:40:15       3    0.00    0.00    1.01    0.00    0.00    0.00    0.00    0.00    0.00   98.99

20:40:15     CPU    %usr   %nice    %sys %iowait    %irq   %soft  %steal  %guest  %gnice   %idle
20:40:16     all    0.29    0.00    1.45    0.00    0.00    2.89    0.00    0.00    0.00   95.38
20:40:16       0    0.00    0.00    2.17    0.00    0.00   21.74    0.00    0.00    0.00   76.09
20:40:16       1    0.00    0.00    2.00    0.00    0.00    0.00    0.00    0.00    0.00   98.00
20:40:16       2    0.00    0.00    1.00    0.00    0.00    0.00    0.00    0.00    0.00   99.00
20:40:16       3    1.00    0.00    1.00    0.00    0.00    0.00    0.00    0.00    0.00   98.00

20:40:16     CPU    %usr   %nice    %sys %iowait    %irq   %soft  %steal  %guest  %gnice   %idle
20:40:17     all    0.87    0.00    1.74    0.00    0.00    2.62    0.00    0.00    0.00   94.77
20:40:17       0    2.22    0.00    4.44    0.00    0.00   20.00    0.00    0.00    0.00   73.33
20:40:17       1    1.00    0.00    1.00    0.00    0.00    0.00    0.00    0.00    0.00   98.00
20:40:17       2    1.00    0.00    2.00    0.00    0.00    0.00    0.00    0.00    0.00   97.00
20:40:17       3    0.00    0.00    1.01    0.00    0.00    0.00    0.00    0.00    0.00   98.99

20:40:17     CPU    %usr   %nice    %sys %iowait    %irq   %soft  %steal  %guest  %gnice   %idle
20:40:18     all    0.87    0.00    1.16    0.00    0.00    2.60    0.00    0.00    0.00   95.38
20:40:18       0    0.00    0.00    0.00    0.00    0.00   20.45    0.00    0.00    0.00   79.55
20:40:18       1    0.99    0.00    1.98    0.00    0.00    0.00    0.00    0.00    0.00   97.03
20:40:18       2    1.00    0.00    1.00    0.00    0.00    0.00    0.00    0.00    0.00   98.00
20:40:18       3    0.99    0.00    0.99    0.00    0.00    0.00    0.00    0.00    0.00   98.02

20:40:18     CPU    %usr   %nice    %sys %iowait    %irq   %soft  %steal  %guest  %gnice   %idle
20:40:19     all    0.58    0.00    1.45    0.00    0.00    2.61    0.00    0.00    0.00   95.36
20:40:19       0    2.17    0.00    2.17    0.00    0.00   19.57    0.00    0.00    0.00   76.09
20:40:19       1    0.00    0.00    1.01    0.00    0.00    0.00    0.00    0.00    0.00   98.99
20:40:19       2    1.00    0.00    1.00    0.00    0.00    0.00    0.00    0.00    0.00   98.00
20:40:19       3    0.00    0.00    2.00    0.00    0.00    0.00    0.00    0.00    0.00   98.00

20:40:19     CPU    %usr   %nice    %sys %iowait    %irq   %soft  %steal  %guest  %gnice   %idle
20:40:20     all    0.29    0.00    1.74    0.00    0.00    3.19    0.00    0.00    0.00   94.78
20:40:20       0    0.00    0.00    2.17    0.00    0.00   23.91    0.00    0.00    0.00   73.91
20:40:20       1    0.00    0.00    2.00    0.00    0.00    0.00    0.00    0.00    0.00   98.00
20:40:20       2    0.00    0.00    2.02    0.00    0.00    0.00    0.00    0.00    0.00   97.98
20:40:20       3    1.00    0.00    1.00    0.00    0.00    0.00    0.00    0.00    0.00   98.00

20:40:20     CPU    %usr   %nice    %sys %iowait    %irq   %soft  %steal  %guest  %gnice   %idle
20:40:21     all    1.17    0.00    1.17    0.00    0.00    2.04    0.00    0.00    0.00   95.63
20:40:21       0    2.33    0.00    2.33    0.00    0.00   16.28    0.00    0.00    0.00   79.07
20:40:21       1    1.00    0.00    1.00    0.00    0.00    0.00    0.00    0.00    0.00   98.00
20:40:21       2    1.00    0.00    1.00    0.00    0.00    0.00    0.00    0.00    0.00   98.00
20:40:21       3    1.00    0.00    1.00    0.00    0.00    0.00    0.00    0.00    0.00   98.00

20:40:21     CPU    %usr   %nice    %sys %iowait    %irq   %soft  %steal  %guest  %gnice   %idle
20:40:22     all    0.57    0.00    2.01    0.29    0.00    3.16    0.00    0.00    0.00   93.97
20:40:22       0    2.13    0.00    2.13    0.00    0.00   23.40    0.00    0.00    0.00   72.34
20:40:22       1    0.99    0.00    1.98    0.00    0.00    0.00    0.00    0.00    0.00   97.03
20:40:22       2    0.00    0.00    2.00    1.00    0.00    0.00    0.00    0.00    0.00   97.00
20:40:22       3    0.00    0.00    2.00    0.00    0.00    0.00    0.00    0.00    0.00   98.00

20:40:22     CPU    %usr   %nice    %sys %iowait    %irq   %soft  %steal  %guest  %gnice   %idle
20:40:23     all    0.86    0.00    1.44    0.00    0.00    3.17    0.00    0.00    0.00   94.52
20:40:23       0    2.08    0.00    4.17    0.00    0.00   22.92    0.00    0.00    0.00   70.83
20:40:23       1    0.00    0.00    1.02    0.00    0.00    0.00    0.00    0.00    0.00   98.98
20:40:23       2    0.99    0.00    0.99    0.00    0.00    0.00    0.00    0.00    0.00   98.02
20:40:23       3    1.00    0.00    1.00    0.00    0.00    0.00    0.00    0.00    0.00   98.00

20:40:23     CPU    %usr   %nice    %sys %iowait    %irq   %soft  %steal  %guest  %gnice   %idle
20:40:24     all    0.58    0.00    1.74    0.00    0.00    2.33    0.00    0.00    0.00   95.35
20:40:24       0    0.00    0.00    2.33    0.00    0.00   18.60    0.00    0.00    0.00   79.07
20:40:24       1    0.98    0.00    1.96    0.00    0.00    0.00    0.00    0.00    0.00   97.06
20:40:24       2    0.00    0.00    2.02    0.00    0.00    0.00    0.00    0.00    0.00   97.98
20:40:24       3    1.00    0.00    1.00    0.00    0.00    0.00    0.00    0.00    0.00   98.00

20:40:24     CPU    %usr   %nice    %sys %iowait    %irq   %soft  %steal  %guest  %gnice   %idle
20:40:25     all    0.81    0.00    1.08    0.00    0.00    0.27    0.00    0.00    0.00   97.83
20:40:25       0    1.45    0.00    1.45    0.00    0.00    1.45    0.00    0.00    0.00   95.65
20:40:25       1    0.00    0.00    1.01    0.00    0.00    0.00    0.00    0.00    0.00   98.99
20:40:25       2    0.99    0.00    0.99    0.00    0.00    0.00    0.00    0.00    0.00   98.02
20:40:25       3    1.00    0.00    1.00    0.00    0.00    0.00    0.00    0.00    0.00   98.00

20:40:25     CPU    %usr   %nice    %sys %iowait    %irq   %soft  %steal  %guest  %gnice   %idle
20:40:26     all    0.50    0.00    1.26    0.00    0.00    0.00    0.00    0.00    0.00   98.24
20:40:26       0    1.00    0.00    1.00    0.00    0.00    0.00    0.00    0.00    0.00   98.00
20:40:26       1    1.01    0.00    1.01    0.00    0.00    0.00    0.00    0.00    0.00   97.98
20:40:26       2    0.00    0.00    1.01    0.00    0.00    0.00    0.00    0.00    0.00   98.99
20:40:26       3    0.00    0.00    2.00    0.00    0.00    0.00    0.00    0.00    0.00   98.00

20:40:26     CPU    %usr   %nice    %sys %iowait    %irq   %soft  %steal  %guest  %gnice   %idle
20:40:27     all    0.75    0.00    1.26    0.00    0.00    0.00    0.00    0.00    0.00   97.99
20:40:27       0    0.00    0.00    2.02    0.00    0.00    0.00    0.00    0.00    0.00   97.98
20:40:27       1    1.00    0.00    1.00    0.00    0.00    0.00    0.00    0.00    0.00   98.00
20:40:27       2    1.00    0.00    1.00    0.00    0.00    0.00    0.00    0.00    0.00   98.00
20:40:27       3    1.01    0.00    1.01    0.00    0.00    0.00    0.00    0.00    0.00   97.98

20:40:27     CPU    %usr   %nice    %sys %iowait    %irq   %soft  %steal  %guest  %gnice   %idle
20:40:28     all    0.50    0.00    1.00    0.00    0.00    0.00    0.00    0.00    0.00   98.50
20:40:28       0    0.99    0.00    0.99    0.00    0.00    0.00    0.00    0.00    0.00   98.02
20:40:28       1    1.00    0.00    1.00    0.00    0.00    0.00    0.00    0.00    0.00   98.00
20:40:28       2    0.00    0.00    1.00    0.00    0.00    0.00    0.00    0.00    0.00   99.00
20:40:28       3    0.00    0.00    1.00    0.00    0.00    0.00    0.00    0.00    0.00   99.00

20:40:28     CPU    %usr   %nice    %sys %iowait    %irq   %soft  %steal  %guest  %gnice   %idle
20:40:29     all    0.00    0.00    0.75    0.00    0.00    0.00    0.00    0.00    0.00   99.25
20:40:29       0    0.00    0.00    1.01    0.00    0.00    0.00    0.00    0.00    0.00   98.99
20:40:29       1    0.00    0.00    1.00    0.00    0.00    0.00    0.00    0.00    0.00   99.00
20:40:29       2    0.00    0.00    1.00    0.00    0.00    0.00    0.00    0.00    0.00   99.00
20:40:29       3    0.00    0.00    0.00    0.00    0.00    0.00    0.00    0.00    0.00  100.00

20:40:29     CPU    %usr   %nice    %sys %iowait    %irq   %soft  %steal  %guest  %gnice   %idle
20:40:30     all    0.80    0.00    1.34    0.00    0.00    1.34    0.00    0.00    0.00   96.52
20:40:30       0    1.35    0.00    1.35    0.00    0.00    6.76    0.00    0.00    0.00   90.54
20:40:30       1    1.00    0.00    2.00    0.00    0.00    0.00    0.00    0.00    0.00   97.00
20:40:30       2    0.00    0.00    1.01    0.00    0.00    0.00    0.00    0.00    0.00   98.99
20:40:30       3    0.99    0.00    0.99    0.00    0.00    0.00    0.00    0.00    0.00   98.02

20:40:30     CPU    %usr   %nice    %sys %iowait    %irq   %soft  %steal  %guest  %gnice   %idle
20:40:31     all    0.29    0.00    1.73    0.00    0.00    3.18    0.00    0.00    0.00   94.80
20:40:31       0    0.00    0.00    2.17    0.00    0.00   23.91    0.00    0.00    0.00   73.91
20:40:31       1    0.00    0.00    2.00    0.00    0.00    0.00    0.00    0.00    0.00   98.00
20:40:31       2    1.00    0.00    1.00    0.00    0.00    0.00    0.00    0.00    0.00   98.00
20:40:31       3    0.00    0.00    2.00    0.00    0.00    0.00    0.00    0.00    0.00   98.00

20:40:31     CPU    %usr   %nice    %sys %iowait    %irq   %soft  %steal  %guest  %gnice   %idle
20:40:32     all    1.14    0.00    1.42    1.42    0.00    3.42    0.00    0.00    0.00   92.59
20:40:32       0    2.00    0.00    2.00    2.00    0.00   24.00    0.00    0.00    0.00   70.00
20:40:32       1    0.99    0.00    0.99    2.97    0.00    0.00    0.00    0.00    0.00   95.05
20:40:32       2    1.00    0.00    2.00    0.00    0.00    0.00    0.00    0.00    0.00   97.00
20:40:32       3    1.00    0.00    1.00    1.00    0.00    0.00    0.00    0.00    0.00   97.00

20:40:32     CPU    %usr   %nice    %sys %iowait    %irq   %soft  %steal  %guest  %gnice   %idle
20:40:33     all    0.00    0.00    1.47    0.00    0.00    2.35    0.00    0.00    0.00   96.18
20:40:33       0    0.00    0.00    4.55    0.00    0.00   18.18    0.00    0.00    0.00   77.27
20:40:33       1    0.00    0.00    1.01    0.00    0.00    0.00    0.00    0.00    0.00   98.99
20:40:33       2    0.00    0.00    1.01    0.00    0.00    0.00    0.00    0.00    0.00   98.99
20:40:33       3    0.00    0.00    1.02    0.00    0.00    0.00    0.00    0.00    0.00   98.98

20:40:33     CPU    %usr   %nice    %sys %iowait    %irq   %soft  %steal  %guest  %gnice   %idle
20:40:34     all    1.13    0.00    1.98    0.00    0.00    3.68    0.00    0.00    0.00   93.20
20:40:34       0    2.04    0.00    2.04    0.00    0.00   26.53    0.00    0.00    0.00   69.39
20:40:34       1    0.99    0.00    1.98    0.00    0.00    0.00    0.00    0.00    0.00   97.03
20:40:34       2    0.99    0.00    1.98    0.00    0.00    0.00    0.00    0.00    0.00   97.03
20:40:34       3    0.98    0.00    1.96    0.00    0.00    0.00    0.00    0.00    0.00   97.06

20:40:34     CPU    %usr   %nice    %sys %iowait    %irq   %soft  %steal  %guest  %gnice   %idle
20:40:35     all    0.29    0.00    1.16    0.00    0.00    2.91    0.00    0.00    0.00   95.64
20:40:35       0    2.13    0.00    4.26    0.00    0.00   21.28    0.00    0.00    0.00   72.34
20:40:35       1    0.00    0.00    0.00    0.00    0.00    0.00    0.00    0.00    0.00  100.00
20:40:35       2    0.00    0.00    1.01    0.00    0.00    0.00    0.00    0.00    0.00   98.99
20:40:35       3    0.00    0.00    1.01    0.00    0.00    0.00    0.00    0.00    0.00   98.99

20:40:35     CPU    %usr   %nice    %sys %iowait    %irq   %soft  %steal  %guest  %gnice   %idle
20:40:36     all    0.57    0.00    1.72    0.00    0.00    4.01    0.00    0.00    0.00   93.70
20:40:36       0    0.00    0.00    4.08    0.00    0.00   28.57    0.00    0.00    0.00   67.35
20:40:36       1    1.00    0.00    1.00    0.00    0.00    0.00    0.00    0.00    0.00   98.00
20:40:36       2    0.99    0.00    1.98    0.00    0.00    0.00    0.00    0.00    0.00   97.03
20:40:36       3    0.00    0.00    1.01    0.00    0.00    0.00    0.00    0.00    0.00   98.99

20:40:36     CPU    %usr   %nice    %sys %iowait    %irq   %soft  %steal  %guest  %gnice   %idle
20:40:37     all    0.29    0.00    1.74    0.00    0.00    3.19    0.00    0.00    0.00   94.78
20:40:37       0    0.00    0.00    2.13    0.00    0.00   23.40    0.00    0.00    0.00   74.47
20:40:37       1    0.00    0.00    1.01    0.00    0.00    0.00    0.00    0.00    0.00   98.99
20:40:37       2    0.00    0.00    2.02    0.00    0.00    0.00    0.00    0.00    0.00   97.98
20:40:37       3    1.00    0.00    2.00    0.00    0.00    0.00    0.00    0.00    0.00   97.00

20:40:37     CPU    %usr   %nice    %sys %iowait    %irq   %soft  %steal  %guest  %gnice   %idle
20:40:38     all    0.86    0.00    1.44    0.00    0.00    2.88    0.00    0.00    0.00   94.81
20:40:38       0    2.13    0.00    4.26    0.00    0.00   21.28    0.00    0.00    0.00   72.34
20:40:38       1    1.00    0.00    1.00    0.00    0.00    0.00    0.00    0.00    0.00   98.00
20:40:38       2    1.00    0.00    1.00    0.00    0.00    0.00    0.00    0.00    0.00   98.00
20:40:38       3    0.00    0.00    1.00    0.00    0.00    0.00    0.00    0.00    0.00   99.00

20:40:38     CPU    %usr   %nice    %sys %iowait    %irq   %soft  %steal  %guest  %gnice   %idle
20:40:39     all    0.29    0.00    1.73    0.00    0.00    3.18    0.00    0.00    0.00   94.80
20:40:39       0    0.00    0.00    2.17    0.00    0.00   23.91    0.00    0.00    0.00   73.91
20:40:39       1    1.00    0.00    1.00    0.00    0.00    0.00    0.00    0.00    0.00   98.00
20:40:39       2    0.00    0.00    2.00    0.00    0.00    0.00    0.00    0.00    0.00   98.00
20:40:39       3    0.00    0.00    2.00    0.00    0.00    0.00    0.00    0.00    0.00   98.00

20:40:39     CPU    %usr   %nice    %sys %iowait    %irq   %soft  %steal  %guest  %gnice   %idle
20:40:40     all    0.57    0.00    1.72    0.00    0.00    3.44    0.00    0.00    0.00   94.27
20:40:40       0    2.08    0.00    2.08    0.00    0.00   25.00    0.00    0.00    0.00   70.83
20:40:40       1    0.00    0.00    2.00    0.00    0.00    0.00    0.00    0.00    0.00   98.00
20:40:40       2    0.00    0.00    1.98    0.00    0.00    0.00    0.00    0.00    0.00   98.02
20:40:40       3    1.00    0.00    1.00    0.00    0.00    0.00    0.00    0.00    0.00   98.00

20:40:40     CPU    %usr   %nice    %sys %iowait    %irq   %soft  %steal  %guest  %gnice   %idle
20:40:41     all    0.87    0.00    1.16    0.00    0.00    3.18    0.00    0.00    0.00   94.80
20:40:41       0    2.13    0.00    2.13    0.00    0.00   23.40    0.00    0.00    0.00   72.34
20:40:41       1    1.00    0.00    1.00    0.00    0.00    0.00    0.00    0.00    0.00   98.00
20:40:41       2    1.00    0.00    1.00    0.00    0.00    0.00    0.00    0.00    0.00   98.00
20:40:41       3    0.00    0.00    1.01    0.00    0.00    0.00    0.00    0.00    0.00   98.99

20:40:41     CPU    %usr   %nice    %sys %iowait    %irq   %soft  %steal  %guest  %gnice   %idle
20:40:42     all    0.86    0.00    1.44    0.57    0.00    3.16    0.00    0.00    0.00   93.97
20:40:42       0    2.13    0.00    2.13    0.00    0.00   23.40    0.00    0.00    0.00   72.34
20:40:42       1    0.00    0.00    1.01    0.00    0.00    0.00    0.00    0.00    0.00   98.99
20:40:42       2    1.00    0.00    1.00    1.00    0.00    0.00    0.00    0.00    0.00   97.00
20:40:42       3    0.98    0.00    1.96    0.98    0.00    0.00    0.00    0.00    0.00   96.08

20:40:42     CPU    %usr   %nice    %sys %iowait    %irq   %soft  %steal  %guest  %gnice   %idle
20:40:43     all    0.58    0.00    1.73    0.00    0.00    2.89    0.00    0.00    0.00   94.80
20:40:43       0    0.00    0.00    4.35    0.00    0.00   21.74    0.00    0.00    0.00   73.91
20:40:43       1    1.00    0.00    1.00    0.00    0.00    0.00    0.00    0.00    0.00   98.00
20:40:43       2    0.99    0.00    1.98    0.00    0.00    0.00    0.00    0.00    0.00   97.03
20:40:43       3    0.00    0.00    1.01    0.00    0.00    0.00    0.00    0.00    0.00   98.99

20:40:43     CPU    %usr   %nice    %sys %iowait    %irq   %soft  %steal  %guest  %gnice   %idle
20:40:44     all    0.86    0.00    1.73    0.00    0.00    2.59    0.00    0.00    0.00   94.81
20:40:44       0    2.17    0.00    2.17    0.00    0.00   19.57    0.00    0.00    0.00   76.09
20:40:44       1    0.00    0.00    2.00    0.00    0.00    0.00    0.00    0.00    0.00   98.00
20:40:44       2    1.00    0.00    1.00    0.00    0.00    0.00    0.00    0.00    0.00   98.00
20:40:44       3    0.99    0.00    1.98    0.00    0.00    0.00    0.00    0.00    0.00   97.03

20:40:44     CPU    %usr   %nice    %sys %iowait    %irq   %soft  %steal  %guest  %gnice   %idle
20:40:45     all    0.59    0.00    0.88    0.00    0.00    2.06    0.00    0.00    0.00   96.47
20:40:45       0    0.00    0.00    0.00    0.00    0.00   16.67    0.00    0.00    0.00   83.33
20:40:45       1    1.00    0.00    1.00    0.00    0.00    0.00    0.00    0.00    0.00   98.00
20:40:45       2    0.00    0.00    1.02    0.00    0.00    0.00    0.00    0.00    0.00   98.98
20:40:45       3    1.00    0.00    1.00    0.00    0.00    0.00    0.00    0.00    0.00   98.00

Average:     CPU    %usr   %nice    %sys %iowait    %irq   %soft  %steal  %guest  %gnice   %idle
Average:     all    0.63    0.00    1.46    0.06    0.00    1.98    0.00    0.00    0.00   95.88
Average:       0    1.02    0.00    2.11    0.02    0.00   11.52    0.00    0.00    0.00   85.34
Average:       1    0.57    0.00    1.34    0.06    0.00    0.00    0.00    0.00    0.00   98.03
Average:       2    0.54    0.00    1.36    0.08    0.00    0.00    0.00    0.00    0.00   98.03
Average:       3    0.55    0.00    1.28    0.05    0.00    0.00    0.00    0.00    0.00   98.12
