# timestamp  face |bytes    packets errs drop fifo frame compressed multicast|bytes    packets errs drop fifo colls carrier compressed
1776965980.174845116     lo:   26473     352    0    0    0     0          0         0    26473     352    0    0    0     0       0          0
1776965980.174845116 enP1p1s0: 12512989046 15372265    0    0    0     0          0        40     3556      45    0    2    0     0       0          0
1776965980.174845116   eth0:     478       8    0    0    0     0          0         3 12574479446 15372284    0    0    0     0       0          0
1776965980.174845116  wlan0:  242241    2629    0    0    0     0          0         3   279324    2495    0    0    0     0       0          0
1776965980.174845116    br0:     508       5    0    0    0     0          0         4     1054      13    0    0    0     0       0          0
1776965981.189478704     lo:   26473     352    0    0    0     0          0         0    26473     352    0    0    0     0       0          0
1776965981.189478704 enP1p1s0: 12512989046 15372265    0    0    0     0          0        40     3556      45    0    2    0     0       0          0
1776965981.189478704   eth0:     478       8    0    0    0     0          0         3 12574479446 15372284    0    0    0     0       0          0
1776965981.189478704  wlan0:  246553    2678    0    0    0     0          0         3   284322    2544    0    0    0     0       0          0
1776965981.189478704    br0:     508       5    0    0    0     0          0         4     1054      13    0    0    0     0       0          0
1776965982.199536166     lo:   26473     352    0    0    0     0          0         0    26473     352    0    0    0     0       0          0
1776965982.199536166 enP1p1s0: 12512989046 15372265    0    0    0     0          0        40     3556      45    0    2    0     0       0          0
1776965982.199536166   eth0:     478       8    0    0    0     0          0         3 12574479446 15372284    0    0    0     0       0          0
1776965982.199536166  wlan0:  250957    2729    0    0    0     0          0         3   289320    2593    0    0    0     0       0          0
1776965982.199536166    br0:     508       5    0    0    0     0          0         4     1054      13    0    0    0     0       0          0
1776965983.209758111     lo:   26473     352    0    0    0     0          0         0    26473     352    0    0    0     0       0          0
1776965983.209758111 enP1p1s0: 12512989046 15372265    0    0    0     0          0        40     3556      45    0    2    0     0       0          0
1776965983.209758111   eth0:     478       8    0    0    0     0          0         3 12574479446 15372284    0    0    0     0       0          0
1776965983.209758111  wlan0:  254353    2768    0    0    0     0          0         3   293196    2631    0    0    0     0       0          0
1776965983.209758111    br0:     508       5    0    0    0     0          0         4     1054      13    0    0    0     0       0          0
1776965984.220977504     lo:   26473     352    0    0    0     0          0         0    26473     352    0    0    0     0       0          0
1776965984.220977504 enP1p1s0: 12512989046 15372265    0    0    0     0          0        40     3556      45    0    2    0     0       0          0
1776965984.220977504   eth0:     478       8    0    0    0     0          0         3 12574479446 15372284    0    0    0     0       0          0
1776965984.220977504  wlan0:  254353    2768    0    0    0     0          0         3   293196    2631    0    0    0     0       0          0
1776965984.220977504    br0:     508       5    0    0    0     0          0         4     1054      13    0    0    0     0       0          0
1776965985.231199430     lo:   26473     352    0    0    0     0          0         0    26473     352    0    0    0     0       0          0
1776965985.231199430 enP1p1s0: 12512989046 15372265    0    0    0     0          0        40     3556      45    0    2    0     0       0          0
1776965985.231199430   eth0:     478       8    0    0    0     0          0         3 12574479446 15372284    0    0    0     0       0          0
1776965985.231199430  wlan0:  254353    2768    0    0    0     0          0         3   293196    2631    0    0    0     0       0          0
1776965985.231199430    br0:     508       5    0    0    0     0          0         4     1054      13    0    0    0     0       0          0
1776965986.242206580     lo:   26473     352    0    0    0     0          0         0    26473     352    0    0    0     0       0          0
1776965986.242206580 enP1p1s0: 12512989046 15372265    0    0    0     0          0        40     3556      45    0    2    0     0       0          0
1776965986.242206580   eth0:     478       8    0    0    0     0          0         3 12574479446 15372284    0    0    0     0       0          0
1776965986.242206580  wlan0:  254353    2768    0    0    0     0          0         3   293196    2631    0    0    0     0       0          0
1776965986.242206580    br0:     508       5    0    0    0     0          0         4     1054      13    0    0    0     0       0          0
1776965987.253447806     lo:   26473     352    0    0    0     0          0         0    26473     352    0    0    0     0       0          0
1776965987.253447806 enP1p1s0: 12512989046 15372265    0    0    0     0          0        40     3556      45    0    2    0     0       0          0
1776965987.253447806   eth0:     478       8    0    0    0     0          0         3 12574479446 15372284    0    0    0     0       0          0
1776965987.253447806  wlan0:  254353    2768    0    0    0     0          0         3   293196    2631    0    0    0     0       0          0
1776965987.253447806    br0:     508       5    0    0    0     0          0         4     1054      13    0    0    0     0       0          0
1776965988.264456087     lo:   26473     352    0    0    0     0          0         0    26473     352    0    0    0     0       0          0
1776965988.264456087 enP1p1s0: 12512989046 15372265    0    0    0     0          0        40     3556      45    0    2    0     0       0          0
1776965988.264456087   eth0:     478       8    0    0    0     0          0         3 12574479446 15372284    0    0    0     0       0          0
1776965988.264456087  wlan0:  254353    2768    0    0    0     0          0         3   293196    2631    0    0    0     0       0          0
1776965988.264456087    br0:     508       5    0    0    0     0          0         4     1054      13    0    0    0     0       0          0
1776965989.275927646     lo:   26473     352    0    0    0     0          0         0    26473     352    0    0    0     0       0          0
1776965989.275927646 enP1p1s0: 12633168820 15519906    0    0    0     0          0        40     3556      45    0    2    0     0       0          0
1776965989.275927646   eth0:     478       8    0    0    0     0          0         3 12695284140 15519967    0    0    0     0       0          0
1776965989.275927646  wlan0:  254353    2768    0    0    0     0          0         3   293196    2631    0    0    0     0       0          0
1776965989.275927646    br0:     508       5    0    0    0     0          0         4     1054      13    0    0    0     0       0          0
1776965990.296768974     lo:   26473     352    0    0    0     0          0         0    26473     352    0    0    0     0       0          0
1776965990.296768974 enP1p1s0: 12756650178 15671603    0    0    0     0          0        40     3556      45    0    2    0     0       0          0
1776965990.296768974   eth0:     478       8    0    0    0     0          0         3 12819343656 15671629    0    0    0     0       0          0
1776965990.296768974  wlan0:  254353    2768    0    0    0     0          0         3   293196    2631    0    0    0     0       0          0
1776965990.296768974    br0:     508       5    0    0    0     0          0         4     1054      13    0    0    0     0       0          0
1776965991.319059213     lo:   26473     352    0    0    0     0          0         0    26473     352    0    0    0     0       0          0
1776965991.319059213 enP1p1s0: 12880746920 15824056    0    0    0     0          0        40     3556      45    0    2    0     0       0          0
1776965991.319059213   eth0:     478       8    0    0    0     0          0         3 12944051846 15824084    0    0    0     0       0          0
1776965991.319059213  wlan0:  254353    2768    0    0    0     0          0         3   293196    2631    0    0    0     0       0          0
1776965991.319059213    br0:     508       5    0    0    0     0          0         4     1054      13    0    0    0     0       0          0
1776965992.340756470     lo:   26473     352    0    0    0     0          0         0    26473     352    0    0    0     0       0          0
1776965992.340756470 enP1p1s0: 13004816800 15976476    0    0    0     0          0        40     3556      45    0    2    0     0       0          0
1776965992.340756470   eth0:     478       8    0    0    0     0          0         3 13068719136 15976489    0    0    0     0       0          0
1776965992.340756470  wlan0:  254353    2768    0    0    0     0          0         3   293196    2631    0    0    0     0       0          0
1776965992.340756470    br0:     508       5    0    0    0     0          0         4     1054      13    0    0    0     0       0          0
1776965993.358290047     lo:   26473     352    0    0    0     0          0         0    26473     352    0    0    0     0       0          0
1776965993.358290047 enP1p1s0: 13128749928 16128728    0    0    0     0          0        40     3556      45    0    2    0     0       0          0
1776965993.358290047   eth0:     478       8    0    0    0     0          0         3 13193295628 16128783    0    0    0     0       0          0
1776965993.358290047  wlan0:  254353    2768    0    0    0     0          0         3   293196    2631    0    0    0     0       0          0
1776965993.358290047    br0:     508       5    0    0    0     0          0         4     1054      13    0    0    0     0       0          0
1776965994.378895133     lo:   26473     352    0    0    0     0          0         0    26473     352    0    0    0     0       0          0
1776965994.378895133 enP1p1s0: 13252229718 16280424    0    0    0     0          0        40     3616      46    0    2    0     0       0          0
1776965994.378895133   eth0:     524       9    0    0    0     0          0         3 13317360934 16280453    0    0    0     0       0          0
1776965994.378895133  wlan0:  254353    2768    0    0    0     0          0         3   293196    2631    0    0    0     0       0          0
1776965994.378895133    br0:     508       5    0    0    0     0          0         4     1054      13    0    0    0     0       0          0
1776965995.395981858     lo:   26473     352    0    0    0     0          0         0    26473     352    0    0    0     0       0          0
1776965995.395981858 enP1p1s0: 13376081446 16432576    0    0    0     0          0        40     3616      46    0    2    0     0       0          0
1776965995.395981858   eth0:     524       9    0    0    0     0          0         3 13441852354 16432643    0    0    0     0       0          0
1776965995.395981858  wlan0:  254353    2768    0    0    0     0          0         3   293196    2631    0    0    0     0       0          0
1776965995.395981858    br0:     508       5    0    0    0     0          0         4     1054      13    0    0    0     0       0          0
1776965996.412404913     lo:   26473     352    0    0    0     0          0         0    26473     352    0    0    0     0       0          0
1776965996.412404913 enP1p1s0: 13419620678 16486064    0    0    0     0          0        40     3616      46    0    2    0     0       0          0
1776965996.412404913   eth0:     524       9    0    0    0     0          0         3 13485566274 16486083    0    0    0     0       0          0
1776965996.412404913  wlan0:  254353    2768    0    0    0     0          0         3   293196    2631    0    0    0     0       0          0
1776965996.412404913    br0:     508       5    0    0    0     0          0         4     1054      13    0    0    0     0       0          0
1776965997.423549472     lo:   26473     352    0    0    0     0          0         0    26473     352    0    0    0     0       0          0
1776965997.423549472 enP1p1s0: 13419620678 16486064    0    0    0     0          0        40     3616      46    0    2    0     0       0          0
1776965997.423549472   eth0:     524       9    0    0    0     0          0         3 13485566274 16486083    0    0    0     0       0          0
1776965997.423549472  wlan0:  254353    2768    0    0    0     0          0         3   293196    2631    0    0    0     0       0          0
1776965997.423549472    br0:     508       5    0    0    0     0          0         4     1054      13    0    0    0     0       0          0
1776965998.434559623     lo:   26473     352    0    0    0     0          0         0    26473     352    0    0    0     0       0          0
1776965998.434559623 enP1p1s0: 13419620678 16486064    0    0    0     0          0        40     3616      46    0    2    0     0       0          0
1776965998.434559623   eth0:     524       9    0    0    0     0          0         3 13485566274 16486083    0    0    0     0       0          0
1776965998.434559623  wlan0:  254353    2768    0    0    0     0          0         3   293196    2631    0    0    0     0       0          0
1776965998.434559623    br0:     508       5    0    0    0     0          0         4     1054      13    0    0    0     0       0          0
1776965999.445717477     lo:   26473     352    0    0    0     0          0         0    26473     352    0    0    0     0       0          0
1776965999.445717477 enP1p1s0: 13419620678 16486064    0    0    0     0          0        40     3616      46    0    2    0     0       0          0
1776965999.445717477   eth0:     524       9    0    0    0     0          0         3 13485566274 16486083    0    0    0     0       0          0
1776965999.445717477  wlan0:  254353    2768    0    0    0     0          0         3   293196    2631    0    0    0     0       0          0
1776965999.445717477    br0:     508       5    0    0    0     0          0         4     1054      13    0    0    0     0       0          0
1776966000.456924259     lo:   26473     352    0    0    0     0          0         0    26473     352    0    0    0     0       0          0
1776966000.456924259 enP1p1s0: 13419620678 16486064    0    0    0     0          0        40     3616      46    0    2    0     0       0          0
1776966000.456924259   eth0:     524       9    0    0    0     0          0         3 13485566274 16486083    0    0    0     0       0          0
1776966000.456924259  wlan0:  254353    2768    0    0    0     0          0         3   293196    2631    0    0    0     0       0          0
1776966000.456924259    br0:     508       5    0    0    0     0          0         4     1054      13    0    0    0     0       0          0
1776966001.468058873     lo:   26473     352    0    0    0     0          0         0    26473     352    0    0    0     0       0          0
1776966001.468058873 enP1p1s0: 13419620678 16486064    0    0    0     0          0        40     3616      46    0    2    0     0       0          0
1776966001.468058873   eth0:     524       9    0    0    0     0          0         3 13485566274 16486083    0    0    0     0       0          0
1776966001.468058873  wlan0:  254353    2768    0    0    0     0          0         3   293196    2631    0    0    0     0       0          0
1776966001.468058873    br0:     508       5    0    0    0     0          0         4     1054      13    0    0    0     0       0          0
1776966002.479832822     lo:   26473     352    0    0    0     0          0         0    26473     352    0    0    0     0       0          0
1776966002.479832822 enP1p1s0: 13487387806 16569316    0    0    0     0          0        40     3616      46    0    2    0     0       0          0
1776966002.479832822   eth0:     524       9    0    0    0     0          0         3 13553672954 16569343    0    0    0     0       0          0
1776966002.479832822  wlan0:  254353    2768    0    0    0     0          0         3   293196    2631    0    0    0     0       0          0
1776966002.479832822    br0:     508       5    0    0    0     0          0         4     1054      13    0    0    0     0       0          0
1776966003.490880880     lo:   26473     352    0    0    0     0          0         0    26473     352    0    0    0     0       0          0
1776966003.490880880 enP1p1s0: 13610724272 16720835    0    0    0     0          0        40     3616      46    0    2    0     0       0          0
1776966003.490880880   eth0:     524       9    0    0    0     0          0         3 13677635946 16720887    0    0    0     0       0          0
1776966003.490880880  wlan0:  254353    2768    0    0    0     0          0         3   293196    2631    0    0    0     0       0          0
1776966003.490880880    br0:     508       5    0    0    0     0          0         4     1054      13    0    0    0     0       0          0
1776966004.506315063     lo:   26473     352    0    0    0     0          0         0    26473     352    0    0    0     0       0          0
1776966004.506315063 enP1p1s0: 13733934568 16872199    0    0    0     0          0        40     3616      46    0    2    0     0       0          0
1776966004.506315063   eth0:     524       9    0    0    0     0          0         3 13801473784 16872278    0    0    0     0       0          0
1776966004.506315063  wlan0:  254353    2768    0    0    0     0          0         3   293196    2631    0    0    0     0       0          0
1776966004.506315063    br0:     508       5    0    0    0     0          0         4     1054      13    0    0    0     0       0          0
1776966005.522211117     lo:   26473     352    0    0    0     0          0         0    26473     352    0    0    0     0       0          0
1776966005.522211117 enP1p1s0: 13856624718 17022924    0    0    0     0          0        40     3616      46    0    2    0     0       0          0
1776966005.522211117   eth0:     524       9    0    0    0     0          0         3 13924726826 17022955    0    0    0     0       0          0
1776966005.522211117  wlan0:  254353    2768    0    0    0     0          0         3   293196    2631    0    0    0     0       0          0
1776966005.522211117    br0:     508       5    0    0    0     0          0         4     1054      13    0    0    0     0       0          0
1776966006.538428005     lo:   26473     352    0    0    0     0          0         0    26473     352    0    0    0     0       0          0
1776966006.538428005 enP1p1s0: 13980508192 17175115    0    0    0     0          0        40     3616      46    0    2    0     0       0          0
1776966006.538428005   eth0:     524       9    0    0    0     0          0         3 14049245240 17175178    0    0    0     0       0          0
1776966006.538428005  wlan0:  254353    2768    0    0    0     0          0         3   293196    2631    0    0    0     0       0          0
1776966006.538428005    br0:     508       5    0    0    0     0          0         4     1054      13    0    0    0     0       0          0
1776966007.559711279     lo:   26473     352    0    0    0     0          0         0    26473     352    0    0    0     0       0          0
1776966007.559711279 enP1p1s0: 14104130372 17326985    0    0    0     0          0        40     3616      46    0    2    0     0       0          0
1776966007.559711279   eth0:     524       9    0    0    0     0          0         3 14173438090 17327003    0    0    0     0       0          0
1776966007.559711279  wlan0:  254353    2768    0    0    0     0          0         3   293196    2631    0    0    0     0       0          0
1776966007.559711279    br0:     508       5    0    0    0     0          0         4     1054      13    0    0    0     0       0          0
1776966008.577079411     lo:   26473     352    0    0    0     0          0         0    26473     352    0    0    0     0       0          0
1776966008.577079411 enP1p1s0: 14227970704 17479123    0    0    0     0          0        40     3616      46    0    2    0     0       0          0
1776966008.577079411   eth0:     524       9    0    0    0     0          0         3 14297921330 17479183    0    0    0     0       0          0
1776966008.577079411  wlan0:  254353    2768    0    0    0     0          0         3   293196    2631    0    0    0     0       0          0
1776966008.577079411    br0:     508       5    0    0    0     0          0         4     1054      13    0    0    0     0       0          0
1776966009.593285855     lo:   26473     352    0    0    0     0          0         0    26473     352    0    0    0     0       0          0
1776966009.593285855 enP1p1s0: 14350677134 17629868    0    0    0     0          0        40     3616      46    0    2    0     0       0          0
1776966009.593285855   eth0:     524       9    0    0    0     0          0         3 14421208654 17629901    0    0    0     0       0          0
1776966009.593285855  wlan0:  254353    2768    0    0    0     0          0         3   293196    2631    0    0    0     0       0          0
1776966009.593285855    br0:     508       5    0    0    0     0          0         4     1054      13    0    0    0     0       0          0
1776966010.604926804     lo:   26473     352    0    0    0     0          0         0    26473     352    0    0    0     0       0          0
1776966010.604926804 enP1p1s0: 14473985924 17781353    0    0    0     0          0        40     3616      46    0    2    0     0       0          0
1776966010.604926804   eth0:     524       9    0    0    0     0          0         3 14545135654 17781401    0    0    0     0       0          0
1776966010.604926804  wlan0:  254353    2768    0    0    0     0          0         3   293196    2631    0    0    0     0       0          0
1776966010.604926804    br0:     508       5    0    0    0     0          0         4     1054      13    0    0    0     0       0          0
1776966011.620728321     lo:   26473     352    0    0    0     0          0         0    26473     352    0    0    0     0       0          0
1776966011.620728321 enP1p1s0: 14596745264 17932163    0    0    0     0          0        40     3616      46    0    2    0     0       0          0
1776966011.620728321   eth0:     524       9    0    0    0     0          0         3 14668463878 17932169    0    0    0     0       0          0
1776966011.620728321  wlan0:  254353    2768    0    0    0     0          0         3   293196    2631    0    0    0     0       0          0
1776966011.620728321    br0:     508       5    0    0    0     0          0         4     1054      13    0    0    0     0       0          0
1776966012.632301955     lo:   26473     352    0    0    0     0          0         0    26473     352    0    0    0     0       0          0
1776966012.632301955 enP1p1s0: 14720148478 18083764    0    0    0     0          0        40     3616      46    0    2    0     0       0          0
1776966012.632301955   eth0:     524       9    0    0    0     0          0         3 14792517668 18083824    0    0    0     0       0          0
1776966012.632301955  wlan0:  254353    2768    0    0    0     0          0         3   293196    2631    0    0    0     0       0          0
1776966012.632301955    br0:     508       5    0    0    0     0          0         4     1054      13    0    0    0     0       0          0
1776966013.648159897     lo:   26473     352    0    0    0     0          0         0    26473     352    0    0    0     0       0          0
1776966013.648159897 enP1p1s0: 14843471106 18235266    0    0    0     0          0        40     3616      46    0    2    0     0       0          0
1776966013.648159897   eth0:     524       9    0    0    0     0          0         3 14916437306 18235315    0    0    0     0       0          0
1776966013.648159897  wlan0:  254353    2768    0    0    0     0          0         3   293196    2631    0    0    0     0       0          0
1776966013.648159897    br0:     508       5    0    0    0     0          0         4     1054      13    0    0    0     0       0          0
1776966014.668832040     lo:   26473     352    0    0    0     0          0         0    26473     352    0    0    0     0       0          0
1776966014.668832040 enP1p1s0: 14967015142 18387040    0    0    0     0          0        40     3616      46    0    2    0     0       0          0
1776966014.668832040   eth0:     524       9    0    0    0     0          0         3 15040580258 18387079    0    0    0     0       0          0
1776966014.668832040  wlan0:  254353    2768    0    0    0     0          0         3   293196    2631    0    0    0     0       0          0
1776966014.668832040    br0:     508       5    0    0    0     0          0         4     1054      13    0    0    0     0       0          0
1776966015.686115690     lo:   26473     352    0    0    0     0          0         0    26473     352    0    0    0     0       0          0
1776966015.686115690 enP1p1s0: 15090286488 18538479    0    0    0     0          0        40     3616      46    0    2    0     0       0          0
1776966015.686115690   eth0:     524       9    0    0    0     0          0         3 15164447544 18538506    0    0    0     0       0          0
1776966015.686115690  wlan0:  254353    2768    0    0    0     0          0         3   293196    2631    0    0    0     0       0          0
1776966015.686115690    br0:     508       5    0    0    0     0          0         4     1054      13    0    0    0     0       0          0
1776966016.697987418     lo:   26473     352    0    0    0     0          0         0    26473     352    0    0    0     0       0          0
1776966016.697987418 enP1p1s0: 15212921286 18689136    0    0    0     0          0        40     3616      46    0    2    0     0       0          0
1776966016.697987418   eth0:     524       9    0    0    0     0          0         3 15287685788 18689164    0    0    0     0       0          0
1776966016.697987418  wlan0:  254353    2768    0    0    0     0          0         3   293196    2631    0    0    0     0       0          0
1776966016.697987418    br0:     508       5    0    0    0     0          0         4     1054      13    0    0    0     0       0          0
1776966017.708416382     lo:   26473     352    0    0    0     0          0         0    26473     352    0    0    0     0       0          0
1776966017.708416382 enP1p1s0: 15334913838 18839004    0    0    0     0          0        40     3616      46    0    2    0     0       0          0
1776966017.708416382   eth0:     524       9    0    0    0     0          0         3 15410280266 18839035    0    0    0     0       0          0
1776966017.708416382  wlan0:  254353    2768    0    0    0     0          0         3   293196    2631    0    0    0     0       0          0
1776966017.708416382    br0:     508       5    0    0    0     0          0         4     1054      13    0    0    0     0       0          0
1776966018.720102442     lo:   26473     352    0    0    0     0          0         0    26473     352    0    0    0     0       0          0
1776966018.720102442 enP1p1s0: 15458190882 18990450    0    0    0     0          0        40     3616      46    0    2    0     0       0          0
1776966018.720102442   eth0:     524       9    0    0    0     0          0         3 15534196632 18990522    0    0    0     0       0          0
1776966018.720102442  wlan0:  254353    2768    0    0    0     0          0         3   293196    2631    0    0    0     0       0          0
1776966018.720102442    br0:     508       5    0    0    0     0          0         4     1054      13    0    0    0     0       0          0
1776966019.741084066     lo:   26473     352    0    0    0     0          0         0    26473     352    0    0    0     0       0          0
1776966019.741084066 enP1p1s0: 15582299020 19142917    0    0    0     0          0        40     3616      46    0    2    0     0       0          0
1776966019.741084066   eth0:     524       9    0    0    0     0          0         3 15658916274 19142991    0    0    0     0       0          0
1776966019.741084066  wlan0:  254353    2768    0    0    0     0          0         3   293196    2631    0    0    0     0       0          0
1776966019.741084066    br0:     508       5    0    0    0     0          0         4     1054      13    0    0    0     0       0          0
1776966020.763473917     lo:   26473     352    0    0    0     0          0         0    26473     352    0    0    0     0       0          0
1776966020.763473917 enP1p1s0: 15705873988 19294729    0    0    0     0          0        40     3616      46    0    2    0     0       0          0
1776966020.763473917   eth0:     524       9    0    0    0     0          0         3 15783063316 19294760    0    0    0     0       0          0
1776966020.763473917  wlan0:  254353    2768    0    0    0     0          0         3   293196    2631    0    0    0     0       0          0
1776966020.763473917    br0:     508       5    0    0    0     0          0         4     1054      13    0    0    0     0       0          0
1776966021.780607104     lo:   26473     352    0    0    0     0          0         0    26473     352    0    0    0     0       0          0
1776966021.780607104 enP1p1s0: 15829728972 19446885    0    0    0     0          0        40     3616      46    0    2    0     0       0          0
1776966021.780607104   eth0:     524       9    0    0    0     0          0         3 15907531014 19446921    0    0    0     0       0          0
1776966021.780607104  wlan0:  254353    2768    0    0    0     0          0         3   293196    2631    0    0    0     0       0          0
1776966021.780607104    br0:     508       5    0    0    0     0          0         4     1054      13    0    0    0     0       0          0
1776966022.801268024     lo:   26473     352    0    0    0     0          0         0    26473     352    0    0    0     0       0          0
1776966022.801268024 enP1p1s0: 15953312894 19598708    0    0    0     0          0        40     3616      46    0    2    0     0       0          0
1776966022.801268024   eth0:     524       9    0    0    0     0          0         3 16031704232 19598722    0    0    0     0       0          0
1776966022.801268024  wlan0:  254353    2768    0    0    0     0          0         3   293196    2631    0    0    0     0       0          0
1776966022.801268024    br0:     508       5    0    0    0     0          0         4     1054      13    0    0    0     0       0          0
1776966023.818278304     lo:   26473     352    0    0    0     0          0         0    26473     352    0    0    0     0       0          0
1776966023.818278304 enP1p1s0: 16077060430 19750732    0    0    0     0          0        40     3616      46    0    2    0     0       0          0
1776966023.818278304   eth0:     524       9    0    0    0     0          0         3 16156126940 19750828    0    0    0     0       0          0
1776966023.818278304  wlan0:  254353    2768    0    0    0     0          0         3   293196    2631    0    0    0     0       0          0
1776966023.818278304    br0:     508       5    0    0    0     0          0         4     1054      13    0    0    0     0       0          0
1776966024.834832267     lo:   26473     352    0    0    0     0          0         0    26473     352    0    0    0     0       0          0
1776966024.834832267 enP1p1s0: 16178597976 19875471    0    0    0     0          0        40     3616      46    0    2    0     0       0          0
1776966024.834832267   eth0:     524       9    0    0    0     0          0         3 16258101274 19875491    0    0    0     0       0          0
1776966024.834832267  wlan0:  254353    2768    0    0    0     0          0         3   293196    2631    0    0    0     0       0          0
1776966024.834832267    br0:     508       5    0    0    0     0          0         4     1054      13    0    0    0     0       0          0
1776966025.846025456     lo:   26473     352    0    0    0     0          0         0    26473     352    0    0    0     0       0          0
1776966025.846025456 enP1p1s0: 16178597976 19875471    0    0    0     0          0        40     3616      46    0    2    0     0       0          0
1776966025.846025456   eth0:     524       9    0    0    0     0          0         3 16258101274 19875491    0    0    0     0       0          0
1776966025.846025456  wlan0:  254353    2768    0    0    0     0          0         3   293196    2631    0    0    0     0       0          0
1776966025.846025456    br0:     508       5    0    0    0     0          0         4     1054      13    0    0    0     0       0          0
1776966026.857195551     lo:   26473     352    0    0    0     0          0         0    26473     352    0    0    0     0       0          0
1776966026.857195551 enP1p1s0: 16178597976 19875471    0    0    0     0          0        40     3616      46    0    2    0     0       0          0
1776966026.857195551   eth0:     524       9    0    0    0     0          0         3 16258101274 19875491    0    0    0     0       0          0
1776966026.857195551  wlan0:  254353    2768    0    0    0     0          0         3   293196    2631    0    0    0     0       0          0
1776966026.857195551    br0:     508       5    0    0    0     0          0         4     1054      13    0    0    0     0       0          0
1776966027.868366804     lo:   26473     352    0    0    0     0          0         0    26473     352    0    0    0     0       0          0
1776966027.868366804 enP1p1s0: 16178597976 19875471    0    0    0     0          0        40     3616      46    0    2    0     0       0          0
1776966027.868366804   eth0:     524       9    0    0    0     0          0         3 16258101274 19875491    0    0    0     0       0          0
1776966027.868366804  wlan0:  254785    2770    0    0    0     0          0         3   293656    2633    0    0    0     0       0          0
1776966027.868366804    br0:     508       5    0    0    0     0          0         4     1054      13    0    0    0     0       0          0
1776966028.879403938     lo:   26473     352    0    0    0     0          0         0    26473     352    0    0    0     0       0          0
1776966028.879403938 enP1p1s0: 16178597976 19875471    0    0    0     0          0        40     3616      46    0    2    0     0       0          0
1776966028.879403938   eth0:     524       9    0    0    0     0          0         3 16258101274 19875491    0    0    0     0       0          0
1776966028.879403938  wlan0:  255001    2771    0    0    0     0          0         3   293886    2634    0    0    0     0       0          0
1776966028.879403938    br0:     508       5    0    0    0     0          0         4     1054      13    0    0    0     0       0          0
1776966029.890732443     lo:   26473     352    0    0    0     0          0         0    26473     352    0    0    0     0       0          0
1776966029.890732443 enP1p1s0: 16205185898 19908138    0    0    0     0          0        40     3856      50    0    2    0     0       0          0
1776966029.890732443   eth0:     708      13    0    0    0     0          0         3 16284845222 19908189    0    0    0     0       0          0
1776966029.890732443  wlan0:  255217    2772    0    0    0     0          0         3   294116    2635    0    0    0     0       0          0
1776966029.890732443    br0:     554       6    0    0    0     0          0         4     1054      13    0    0    0     0       0          0
1776966030.911472269     lo:   26473     352    0    0    0     0          0         0    26473     352    0    0    0     0       0          0
1776966030.911472269 enP1p1s0: 16328651790 20059816    0    0    0     0          0        40     3856      50    0    2    0     0       0          0
1776966030.911472269   eth0:     708      13    0    0    0     0          0         3 16408898194 20059843    0    0    0     0       0          0
1776966030.911472269  wlan0:  255433    2773    0    0    0     0          0         3   294346    2636    0    0    0     0       0          0
1776966030.911472269    br0:     554       6    0    0    0     0          0         4     1054      13    0    0    0     0       0          0
1776966031.928851289     lo:   26473     352    0    0    0     0          0         0    26473     352    0    0    0     0       0          0
1776966031.928851289 enP1p1s0: 16451658586 20210930    0    0    0     0          0        40     3856      50    0    2    0     0       0          0
1776966031.928851289   eth0:     708      13    0    0    0     0          0         3 16532506174 20210953    0    0    0     0       0          0
1776966031.928851289  wlan0:  255433    2773    0    0    0     0          0         3   294346    2636    0    0    0     0       0          0
1776966031.928851289    br0:     554       6    0    0    0     0          0         4     1054      13    0    0    0     0       0          0
1776966032.944624750     lo:   26473     352    0    0    0     0          0         0    26473     352    0    0    0     0       0          0
1776966032.944624750 enP1p1s0: 16575017844 20362477    0    0    0     0          0        40     3856      50    0    2    0     0       0          0
1776966032.944624750   eth0:     708      13    0    0    0     0          0         3 16656469166 20362497    0    0    0     0       0          0
1776966032.944624750  wlan0:  255461    2774    0    0    0     0          0         3   294388    2637    0    0    0     0       0          0
1776966032.944624750    br0:     554       6    0    0    0     0          0         4     1054      13    0    0    0     0       0          0
1776966033.961902475     lo:   26473     352    0    0    0     0          0         0    26473     352    0    0    0     0       0          0
1776966033.961902475 enP1p1s0: 16698708400 20514431    0    0    0     0          0        40     3856      50    0    2    0     0       0          0
1776966033.961902475   eth0:     708      13    0    0    0     0          0         3 16780792896 20514482    0    0    0     0       0          0
1776966033.961902475  wlan0:  255461    2774    0    0    0     0          0         3   294388    2637    0    0    0     0       0          0
1776966033.961902475    br0:     554       6    0    0    0     0          0         4     1054      13    0    0    0     0       0          0
1776966034.983005635     lo:   26473     352    0    0    0     0          0         0    26473     352    0    0    0     0       0          0
1776966034.983005635 enP1p1s0: 16822275228 20666233    0    0    0     0          0        40     3856      50    0    2    0     0       0          0
1776966034.983005635   eth0:     708      13    0    0    0     0          0         3 16904939120 20666250    0    0    0     0       0          0
1776966034.983005635  wlan0:  255461    2774    0    0    0     0          0         3   294388    2637    0    0    0     0       0          0
1776966034.983005635    br0:     554       6    0    0    0     0          0         4     1054      13    0    0    0     0       0          0
1776966036.000303267     lo:   26473     352    0    0    0     0          0         0    26473     352    0    0    0     0       0          0
1776966036.000303267 enP1p1s0: 16946193704 20818467    0    0    0     0          0        40     3856      50    0    2    0     0       0          0
1776966036.000303267   eth0:     708      13    0    0    0     0          0         3 17029507432 20818534    0    0    0     0       0          0
1776966036.000303267  wlan0:  255461    2774    0    0    0     0          0         3   294388    2637    0    0    0     0       0          0
1776966036.000303267    br0:     554       6    0    0    0     0          0         4     1054      13    0    0    0     0       0          0
1776966037.021562335     lo:   26473     352    0    0    0     0          0         0    26473     352    0    0    0     0       0          0
1776966037.021562335 enP1p1s0: 17069755648 20970263    0    0    0     0          0        40     3856      50    0    2    0     0       0          0
1776966037.021562335   eth0:     708      13    0    0    0     0          0         3 17153649566 20970297    0    0    0     0       0          0
1776966037.021562335  wlan0:  255461    2774    0    0    0     0          0         3   294388    2637    0    0    0     0       0          0
1776966037.021562335    br0:     554       6    0    0    0     0          0         4     1054      13    0    0    0     0       0          0
1776966038.039052985     lo:   26473     352    0    0    0     0          0         0    26473     352    0    0    0     0       0          0
1776966038.039052985 enP1p1s0: 17193715638 21122548    0    0    0     0          0        40     3856      50    0    2    0     0       0          0
1776966038.039052985   eth0:     708      13    0    0    0     0          0         3 17278230148 21122596    0    0    0     0       0          0
1776966038.039052985  wlan0:  255461    2774    0    0    0     0          0         3   294388    2637    0    0    0     0       0          0
1776966038.039052985    br0:     554       6    0    0    0     0          0         4     1054      13    0    0    0     0       0          0
1776966039.060135331     lo:   26473     352    0    0    0     0          0         0    26473     352    0    0    0     0       0          0
1776966039.060135331 enP1p1s0: 17317276768 21274343    0    0    0     0          0        40     3856      50    0    2    0     0       0          0
1776966039.060135331   eth0:     708      13    0    0    0     0          0         3 17402368192 21274354    0    0    0     0       0          0
1776966039.060135331  wlan0:  255461    2774    0    0    0     0          0         3   294388    2637    0    0    0     0       0          0
1776966039.060135331    br0:     554       6    0    0    0     0          0         4     1054      13    0    0    0     0       0          0
1776966040.078302779     lo:   26473     352    0    0    0     0          0         0    26473     352    0    0    0     0       0          0
1776966040.078302779 enP1p1s0: 17440881854 21426192    0    0    0     0          0        40     3856      50    0    2    0     0       0          0
1776966040.078302779   eth0:     708      13    0    0    0     0          0         3 17526579856 21426202    0    0    0     0       0          0
1776966040.078302779  wlan0:  255461    2774    0    0    0     0          0         3   294388    2637    0    0    0     0       0          0
1776966040.078302779    br0:     554       6    0    0    0     0          0         4     1054      13    0    0    0     0       0          0
1776966041.096521321     lo:   26473     352    0    0    0     0          0         0    26473     352    0    0    0     0       0          0
1776966041.096521321 enP1p1s0: 17564029472 21577479    0    0    0     0          0        40     3856      50    0    2    0     0       0          0
1776966041.096521321   eth0:     708      13    0    0    0     0          0         3 17650350618 21577511    0    0    0     0       0          0
1776966041.096521321  wlan0:  255461    2774    0    0    0     0          0         3   294388    2637    0    0    0     0       0          0
1776966041.096521321    br0:     554       6    0    0    0     0          0         4     1054      13    0    0    0     0       0          0
1776966042.119076004     lo:   26473     352    0    0    0     0          0         0    26473     352    0    0    0     0       0          0
1776966042.119076004 enP1p1s0: 17687985392 21729759    0    0    0     0          0        40     3856      50    0    2    0     0       0          0
1776966042.119076004   eth0:     708      13    0    0    0     0          0         3 17774906660 21729780    0    0    0     0       0          0
1776966042.119076004  wlan0:  255461    2774    0    0    0     0          0         3   294388    2637    0    0    0     0       0          0
1776966042.119076004    br0:     554       6    0    0    0     0          0         4     1054      13    0    0    0     0       0          0
1776966043.136843785     lo:   26473     352    0    0    0     0          0         0    26473     352    0    0    0     0       0          0
1776966043.136843785 enP1p1s0: 17811811072 21881879    0    0    0     0          0        40     3856      50    0    2    0     0       0          0
1776966043.136843785   eth0:     708      13    0    0    0     0          0         3 17899370268 21881936    0    0    0     0       0          0
1776966043.136843785  wlan0:  255461    2774    0    0    0     0          0         3   294388    2637    0    0    0     0       0          0
1776966043.136843785    br0:     554       6    0    0    0     0          0         4     1054      13    0    0    0     0       0          0
1776966044.158271575     lo:   26473     352    0    0    0     0          0         0    26473     352    0    0    0     0       0          0
1776966044.158271575 enP1p1s0: 17935425926 22033740    0    0    0     0          0        40     3856      50    0    2    0     0       0          0
1776966044.158271575   eth0:     708      13    0    0    0     0          0         3 18023555756 22033752    0    0    0     0       0          0
1776966044.158271575  wlan0:  255461    2774    0    0    0     0          0         3   294388    2637    0    0    0     0       0          0
1776966044.158271575    br0:     554       6    0    0    0     0          0         4     1054      13    0    0    0     0       0          0
