Linux 6.17.0-1011-raspi (raspberrypi) 	04/20/26 	_aarch64_	(4 CPU)

21:22:09     CPU    %usr   %nice    %sys %iowait    %irq   %soft  %steal  %guest  %gnice   %idle
21:22:10     all   28.18    0.00   23.94    0.00    0.00    0.00    0.00    0.00    0.00   47.88
21:22:10       0    1.00    0.00    3.00    0.00    0.00    0.00    0.00    0.00    0.00   96.00
21:22:10       1   11.00    0.00   89.00    0.00    0.00    0.00    0.00    0.00    0.00    0.00
21:22:10       2   99.01    0.00    0.99    0.00    0.00    0.00    0.00    0.00    0.00    0.00
21:22:10       3    1.00    0.00    3.00    0.00    0.00    0.00    0.00    0.00    0.00   96.00

21:22:10     CPU    %usr   %nice    %sys %iowait    %irq   %soft  %steal  %guest  %gnice   %idle
21:22:11     all   27.64    0.00   23.87    0.00    0.00    0.00    0.00    0.00    0.00   48.49
21:22:11       0    0.00    0.00    2.02    0.00    0.00    0.00    0.00    0.00    0.00   97.98
21:22:11       1    9.09    0.00   90.91    0.00    0.00    0.00    0.00    0.00    0.00    0.00
21:22:11       2  100.00    0.00    0.00    0.00    0.00    0.00    0.00    0.00    0.00    0.00
21:22:11       3    1.00    0.00    3.00    0.00    0.00    0.00    0.00    0.00    0.00   96.00

21:22:11     CPU    %usr   %nice    %sys %iowait    %irq   %soft  %steal  %guest  %gnice   %idle
21:22:12     all   27.93    0.00   23.69    0.00    0.00    0.00    0.00    0.00    0.00   48.38
21:22:12       0    1.01    0.00    1.01    0.00    0.00    0.00    0.00    0.00    0.00   97.98
21:22:12       1    9.90    0.00   90.10    0.00    0.00    0.00    0.00    0.00    0.00    0.00
21:22:12       2  100.00    0.00    0.00    0.00    0.00    0.00    0.00    0.00    0.00    0.00
21:22:12       3    0.99    0.00    2.97    0.00    0.00    0.00    0.00    0.00    0.00   96.04

21:22:12     CPU    %usr   %nice    %sys %iowait    %irq   %soft  %steal  %guest  %gnice   %idle
21:22:13     all   27.75    0.00   23.75    0.00    0.00    0.00    0.00    0.00    0.00   48.50
21:22:13       0    0.99    0.00    1.98    0.00    0.00    0.00    0.00    0.00    0.00   97.03
21:22:13       1    9.00    0.00   91.00    0.00    0.00    0.00    0.00    0.00    0.00    0.00
21:22:13       2  100.00    0.00    0.00    0.00    0.00    0.00    0.00    0.00    0.00    0.00
21:22:13       3    1.01    0.00    2.02    0.00    0.00    0.00    0.00    0.00    0.00   96.97

21:22:13     CPU    %usr   %nice    %sys %iowait    %irq   %soft  %steal  %guest  %gnice   %idle
21:22:14     all   28.07    0.00   23.56    0.00    0.00    0.00    0.00    0.00    0.00   48.37
21:22:14       0    1.01    0.00    2.02    0.00    0.00    0.00    0.00    0.00    0.00   96.97
21:22:14       1   10.00    0.00   90.00    0.00    0.00    0.00    0.00    0.00    0.00    0.00
21:22:14       2  100.00    0.00    0.00    0.00    0.00    0.00    0.00    0.00    0.00    0.00
21:22:14       3    1.00    0.00    2.00    0.00    0.00    0.00    0.00    0.00    0.00   97.00

21:22:14     CPU    %usr   %nice    %sys %iowait    %irq   %soft  %steal  %guest  %gnice   %idle
21:22:15     all   28.07    0.00   23.56    0.00    0.00    0.00    0.00    0.00    0.00   48.37
21:22:15       0    1.00    0.00    2.00    0.00    0.00    0.00    0.00    0.00    0.00   97.00
21:22:15       1   10.00    0.00   90.00    0.00    0.00    0.00    0.00    0.00    0.00    0.00
21:22:15       2  100.00    0.00    0.00    0.00    0.00    0.00    0.00    0.00    0.00    0.00
21:22:15       3    1.01    0.00    2.02    0.00    0.00    0.00    0.00    0.00    0.00   96.97

21:22:15     CPU    %usr   %nice    %sys %iowait    %irq   %soft  %steal  %guest  %gnice   %idle
21:22:16     all   27.68    0.00   23.94    0.00    0.00    0.00    0.00    0.00    0.00   48.38
21:22:16       0    1.00    0.00    2.00    0.00    0.00    0.00    0.00    0.00    0.00   97.00
21:22:16       1    9.00    0.00   91.00    0.00    0.00    0.00    0.00    0.00    0.00    0.00
21:22:16       2  100.00    0.00    0.00    0.00    0.00    0.00    0.00    0.00    0.00    0.00
21:22:16       3    0.99    0.00    2.97    0.00    0.00    0.00    0.00    0.00    0.00   96.04

21:22:16     CPU    %usr   %nice    %sys %iowait    %irq   %soft  %steal  %guest  %gnice   %idle
21:22:17     all   27.50    0.00   24.00    0.00    0.00    0.00    0.00    0.00    0.00   48.50
21:22:17       0    1.00    0.00    2.00    0.00    0.00    0.00    0.00    0.00    0.00   97.00
21:22:17       1    8.00    0.00   92.00    0.00    0.00    0.00    0.00    0.00    0.00    0.00
21:22:17       2  100.00    0.00    0.00    0.00    0.00    0.00    0.00    0.00    0.00    0.00
21:22:17       3    1.00    0.00    2.00    0.00    0.00    0.00    0.00    0.00    0.00   97.00

21:22:17     CPU    %usr   %nice    %sys %iowait    %irq   %soft  %steal  %guest  %gnice   %idle
21:22:18     all   28.00    0.00   23.75    0.00    0.00    0.00    0.00    0.00    0.00   48.25
21:22:18       0    1.00    0.00    3.00    0.00    0.00    0.00    0.00    0.00    0.00   96.00
21:22:18       1   10.00    0.00   90.00    0.00    0.00    0.00    0.00    0.00    0.00    0.00
21:22:18       2  100.00    0.00    0.00    0.00    0.00    0.00    0.00    0.00    0.00    0.00
21:22:18       3    1.00    0.00    2.00    0.00    0.00    0.00    0.00    0.00    0.00   97.00

21:22:18     CPU    %usr   %nice    %sys %iowait    %irq   %soft  %steal  %guest  %gnice   %idle
21:22:19     all   28.00    0.00   23.75    0.00    0.00    0.00    0.00    0.00    0.00   48.25
21:22:19       0    1.00    0.00    2.00    0.00    0.00    0.00    0.00    0.00    0.00   97.00
21:22:19       1    9.00    0.00   91.00    0.00    0.00    0.00    0.00    0.00    0.00    0.00
21:22:19       2  100.00    0.00    0.00    0.00    0.00    0.00    0.00    0.00    0.00    0.00
21:22:19       3    2.00    0.00    2.00    0.00    0.00    0.00    0.00    0.00    0.00   96.00

21:22:19     CPU    %usr   %nice    %sys %iowait    %irq   %soft  %steal  %guest  %gnice   %idle
21:22:20     all   28.00    0.00   23.50    0.00    0.00    0.00    0.00    0.00    0.00   48.50
21:22:20       0    1.00    0.00    1.00    0.00    0.00    0.00    0.00    0.00    0.00   98.00
21:22:20       1   10.00    0.00   90.00    0.00    0.00    0.00    0.00    0.00    0.00    0.00
21:22:20       2  100.00    0.00    0.00    0.00    0.00    0.00    0.00    0.00    0.00    0.00
21:22:20       3    1.00    0.00    3.00    0.00    0.00    0.00    0.00    0.00    0.00   96.00

21:22:20     CPU    %usr   %nice    %sys %iowait    %irq   %soft  %steal  %guest  %gnice   %idle
21:22:21     all   28.13    0.00   24.81    0.00    0.00    0.00    0.00    0.00    0.00   47.06
21:22:21       0    1.10    0.00    2.20    0.00    0.00    0.00    0.00    0.00    0.00   96.70
21:22:21       1    8.00    0.00   92.00    0.00    0.00    0.00    0.00    0.00    0.00    0.00
21:22:21       2  100.00    0.00    0.00    0.00    0.00    0.00    0.00    0.00    0.00    0.00
21:22:21       3    1.00    0.00    3.00    0.00    0.00    0.00    0.00    0.00    0.00   96.00

21:22:21     CPU    %usr   %nice    %sys %iowait    %irq   %soft  %steal  %guest  %gnice   %idle
21:22:22     all   30.55    0.00   23.50    0.00    0.00    1.04    0.00    0.00    0.00   44.91
21:22:22       0    1.19    0.00    2.38    0.00    0.00    4.76    0.00    0.00    0.00   91.67
21:22:22       1   15.00    0.00   85.00    0.00    0.00    0.00    0.00    0.00    0.00    0.00
21:22:22       2  100.00    0.00    0.00    0.00    0.00    0.00    0.00    0.00    0.00    0.00
21:22:22       3    1.01    0.00    3.03    0.00    0.00    0.00    0.00    0.00    0.00   95.96

21:22:22     CPU    %usr   %nice    %sys %iowait    %irq   %soft  %steal  %guest  %gnice   %idle
21:22:23     all   30.13    0.00   24.16    0.00    0.00    1.04    0.00    0.00    0.00   44.68
21:22:23       0    2.38    0.00    2.38    0.00    0.00    4.76    0.00    0.00    0.00   90.48
21:22:23       1   12.00    0.00   88.00    0.00    0.00    0.00    0.00    0.00    0.00    0.00
21:22:23       2  100.00    0.00    0.00    0.00    0.00    0.00    0.00    0.00    0.00    0.00
21:22:23       3    1.98    0.00    2.97    0.00    0.00    0.00    0.00    0.00    0.00   95.05

21:22:23     CPU    %usr   %nice    %sys %iowait    %irq   %soft  %steal  %guest  %gnice   %idle
21:22:24     all   30.47    0.00   23.96    0.00    0.00    1.04    0.00    0.00    0.00   44.53
21:22:24       0    2.35    0.00    3.53    0.00    0.00    4.71    0.00    0.00    0.00   89.41
21:22:24       1   14.00    0.00   86.00    0.00    0.00    0.00    0.00    0.00    0.00    0.00
21:22:24       2  100.00    0.00    0.00    0.00    0.00    0.00    0.00    0.00    0.00    0.00
21:22:24       3    1.01    0.00    3.03    0.00    0.00    0.00    0.00    0.00    0.00   95.96

21:22:24     CPU    %usr   %nice    %sys %iowait    %irq   %soft  %steal  %guest  %gnice   %idle
21:22:25     all   30.31    0.00   24.09    0.00    0.00    1.04    0.00    0.00    0.00   44.56
21:22:25       0    2.35    0.00    3.53    0.00    0.00    4.71    0.00    0.00    0.00   89.41
21:22:25       1   13.00    0.00   87.00    0.00    0.00    0.00    0.00    0.00    0.00    0.00
21:22:25       2  100.00    0.00    0.00    0.00    0.00    0.00    0.00    0.00    0.00    0.00
21:22:25       3    1.98    0.00    2.97    0.00    0.00    0.00    0.00    0.00    0.00   95.05

21:22:25     CPU    %usr   %nice    %sys %iowait    %irq   %soft  %steal  %guest  %gnice   %idle
21:22:26     all   29.50    0.00   24.28    1.31    0.00    1.31    0.00    0.00    0.00   43.60
21:22:26       0    1.19    0.00    3.57    1.19    0.00    4.76    0.00    0.00    0.00   89.29
21:22:26       1   11.00    0.00   88.00    0.00    0.00    1.00    0.00    0.00    0.00    0.00
21:22:26       2  100.00    0.00    0.00    0.00    0.00    0.00    0.00    0.00    0.00    0.00
21:22:26       3    1.01    0.00    2.02    4.04    0.00    0.00    0.00    0.00    0.00   92.93

21:22:26     CPU    %usr   %nice    %sys %iowait    %irq   %soft  %steal  %guest  %gnice   %idle
21:22:27     all   29.87    0.00   24.68    0.00    0.00    1.04    0.00    0.00    0.00   44.42
21:22:27       0    1.19    0.00    3.57    0.00    0.00    4.76    0.00    0.00    0.00   90.48
21:22:27       1   12.00    0.00   88.00    0.00    0.00    0.00    0.00    0.00    0.00    0.00
21:22:27       2  100.00    0.00    0.00    0.00    0.00    0.00    0.00    0.00    0.00    0.00
21:22:27       3    1.98    0.00    3.96    0.00    0.00    0.00    0.00    0.00    0.00   94.06

21:22:27     CPU    %usr   %nice    %sys %iowait    %irq   %soft  %steal  %guest  %gnice   %idle
21:22:28     all   30.47    0.00   23.96    0.00    0.00    1.30    0.00    0.00    0.00   44.27
21:22:28       0    3.57    0.00    2.38    0.00    0.00    5.95    0.00    0.00    0.00   88.10
21:22:28       1   12.00    0.00   88.00    0.00    0.00    0.00    0.00    0.00    0.00    0.00
21:22:28       2  100.00    0.00    0.00    0.00    0.00    0.00    0.00    0.00    0.00    0.00
21:22:28       3    2.00    0.00    2.00    0.00    0.00    0.00    0.00    0.00    0.00   96.00

21:22:28     CPU    %usr   %nice    %sys %iowait    %irq   %soft  %steal  %guest  %gnice   %idle
21:22:29     all   29.74    0.00   25.00    0.00    0.00    0.79    0.00    0.00    0.00   44.47
21:22:29       0    0.00    0.00    6.10    0.00    0.00    3.66    0.00    0.00    0.00   90.24
21:22:29       1   12.00    0.00   88.00    0.00    0.00    0.00    0.00    0.00    0.00    0.00
21:22:29       2  100.00    0.00    0.00    0.00    0.00    0.00    0.00    0.00    0.00    0.00
21:22:29       3    1.02    0.00    2.04    0.00    0.00    0.00    0.00    0.00    0.00   96.94

21:22:29     CPU    %usr   %nice    %sys %iowait    %irq   %soft  %steal  %guest  %gnice   %idle
21:22:30     all   30.29    0.00   24.80    0.00    0.00    1.57    0.00    0.00    0.00   43.34
21:22:30       0    2.41    0.00    3.61    0.00    0.00    7.23    0.00    0.00    0.00   86.75
21:22:30       1   12.00    0.00   88.00    0.00    0.00    0.00    0.00    0.00    0.00    0.00
21:22:30       2  100.00    0.00    0.00    0.00    0.00    0.00    0.00    0.00    0.00    0.00
21:22:30       3    2.00    0.00    4.00    0.00    0.00    0.00    0.00    0.00    0.00   94.00

21:22:30     CPU    %usr   %nice    %sys %iowait    %irq   %soft  %steal  %guest  %gnice   %idle
21:22:31     all   30.10    0.00   24.87    0.00    0.00    1.05    0.00    0.00    0.00   43.98
21:22:31       0    2.44    0.00    3.66    0.00    0.00    4.88    0.00    0.00    0.00   89.02
21:22:31       1   12.00    0.00   88.00    0.00    0.00    0.00    0.00    0.00    0.00    0.00
21:22:31       2  100.00    0.00    0.00    0.00    0.00    0.00    0.00    0.00    0.00    0.00
21:22:31       3    1.00    0.00    4.00    0.00    0.00    0.00    0.00    0.00    0.00   95.00

21:22:31     CPU    %usr   %nice    %sys %iowait    %irq   %soft  %steal  %guest  %gnice   %idle
21:22:32     all   30.34    0.00   24.80    0.00    0.00    0.79    0.00    0.00    0.00   44.06
21:22:32       0    1.25    0.00    3.75    0.00    0.00    3.75    0.00    0.00    0.00   91.25
21:22:32       1   12.12    0.00   87.88    0.00    0.00    0.00    0.00    0.00    0.00    0.00
21:22:32       2  100.00    0.00    0.00    0.00    0.00    0.00    0.00    0.00    0.00    0.00
21:22:32       3    2.00    0.00    4.00    0.00    0.00    0.00    0.00    0.00    0.00   94.00

21:22:32     CPU    %usr   %nice    %sys %iowait    %irq   %soft  %steal  %guest  %gnice   %idle
21:22:33     all   29.84    0.00   23.56    0.00    0.00    0.79    0.00    0.00    0.00   45.81
21:22:33       0    0.00    0.00    1.23    0.00    0.00    3.70    0.00    0.00    0.00   95.06
21:22:33       1   12.87    0.00   87.13    0.00    0.00    0.00    0.00    0.00    0.00    0.00
21:22:33       2  100.00    0.00    0.00    0.00    0.00    0.00    0.00    0.00    0.00    0.00
21:22:33       3    1.00    0.00    1.00    0.00    0.00    0.00    0.00    0.00    0.00   98.00

21:22:33     CPU    %usr   %nice    %sys %iowait    %irq   %soft  %steal  %guest  %gnice   %idle
21:22:34     all   30.71    0.00   24.41    0.00    0.00    1.57    0.00    0.00    0.00   43.31
21:22:34       0    2.44    0.00    3.66    0.00    0.00    7.32    0.00    0.00    0.00   86.59
21:22:34       1   13.00    0.00   87.00    0.00    0.00    0.00    0.00    0.00    0.00    0.00
21:22:34       2  100.00    0.00    0.00    0.00    0.00    0.00    0.00    0.00    0.00    0.00
21:22:34       3    2.02    0.00    3.03    0.00    0.00    0.00    0.00    0.00    0.00   94.95

21:22:34     CPU    %usr   %nice    %sys %iowait    %irq   %soft  %steal  %guest  %gnice   %idle
21:22:35     all   30.08    0.00   24.54    0.26    0.00    1.06    0.00    0.00    0.00   44.06
21:22:35       0    0.00    0.00    3.70    1.23    0.00    4.94    0.00    0.00    0.00   90.12
21:22:35       1   13.13    0.00   86.87    0.00    0.00    0.00    0.00    0.00    0.00    0.00
21:22:35       2  100.00    0.00    0.00    0.00    0.00    0.00    0.00    0.00    0.00    0.00
21:22:35       3    1.01    0.00    4.04    0.00    0.00    0.00    0.00    0.00    0.00   94.95

21:22:35     CPU    %usr   %nice    %sys %iowait    %irq   %soft  %steal  %guest  %gnice   %idle
21:22:36     all   30.55    0.00   24.80    0.00    0.00    1.57    0.00    0.00    0.00   43.08
21:22:36       0    1.23    0.00    4.94    0.00    0.00    7.41    0.00    0.00    0.00   86.42
21:22:36       1   13.86    0.00   86.14    0.00    0.00    0.00    0.00    0.00    0.00    0.00
21:22:36       2  100.00    0.00    0.00    0.00    0.00    0.00    0.00    0.00    0.00    0.00
21:22:36       3    1.98    0.00    3.96    0.00    0.00    0.00    0.00    0.00    0.00   94.06

21:22:36     CPU    %usr   %nice    %sys %iowait    %irq   %soft  %steal  %guest  %gnice   %idle
21:22:37     all   30.29    0.00   24.54    0.00    0.00    1.57    0.00    0.00    0.00   43.60
21:22:37       0    2.41    0.00    3.61    0.00    0.00    7.23    0.00    0.00    0.00   86.75
21:22:37       1   12.00    0.00   88.00    0.00    0.00    0.00    0.00    0.00    0.00    0.00
21:22:37       2  100.00    0.00    0.00    0.00    0.00    0.00    0.00    0.00    0.00    0.00
21:22:37       3    2.00    0.00    3.00    0.00    0.00    0.00    0.00    0.00    0.00   95.00

21:22:37     CPU    %usr   %nice    %sys %iowait    %irq   %soft  %steal  %guest  %gnice   %idle
21:22:38     all   30.08    0.00   24.54    0.00    0.00    1.06    0.00    0.00    0.00   44.33
21:22:38       0    1.23    0.00    2.47    0.00    0.00    4.94    0.00    0.00    0.00   91.36
21:22:38       1   11.11    0.00   88.89    0.00    0.00    0.00    0.00    0.00    0.00    0.00
21:22:38       2  100.00    0.00    0.00    0.00    0.00    0.00    0.00    0.00    0.00    0.00
21:22:38       3    2.02    0.00    3.03    0.00    0.00    0.00    0.00    0.00    0.00   94.95

21:22:38     CPU    %usr   %nice    %sys %iowait    %irq   %soft  %steal  %guest  %gnice   %idle
21:22:39     all   29.95    0.00   24.74    0.00    0.00    1.04    0.00    0.00    0.00   44.27
21:22:39       0    1.20    0.00    3.61    0.00    0.00    4.82    0.00    0.00    0.00   90.36
21:22:39       1   12.00    0.00   88.00    0.00    0.00    0.00    0.00    0.00    0.00    0.00
21:22:39       2  100.00    0.00    0.00    0.00    0.00    0.00    0.00    0.00    0.00    0.00
21:22:39       3    1.98    0.00    3.96    0.00    0.00    0.00    0.00    0.00    0.00   94.06

21:22:39     CPU    %usr   %nice    %sys %iowait    %irq   %soft  %steal  %guest  %gnice   %idle
21:22:40     all   29.77    0.00   24.80    0.00    0.00    1.04    0.00    0.00    0.00   44.39
21:22:40       0    1.19    0.00    4.76    0.00    0.00    3.57    0.00    0.00    0.00   90.48
21:22:40       1   11.88    0.00   87.13    0.00    0.00    0.99    0.00    0.00    0.00    0.00
21:22:40       2  100.00    0.00    0.00    0.00    0.00    0.00    0.00    0.00    0.00    0.00
21:22:40       3    1.02    0.00    3.06    0.00    0.00    0.00    0.00    0.00    0.00   95.92

21:22:40     CPU    %usr   %nice    %sys %iowait    %irq   %soft  %steal  %guest  %gnice   %idle
21:22:41     all   30.29    0.00   24.28    0.00    0.00    0.78    0.00    0.00    0.00   44.65
21:22:41       0    1.22    0.00    1.22    0.00    0.00    3.66    0.00    0.00    0.00   93.90
21:22:41       1   12.00    0.00   88.00    0.00    0.00    0.00    0.00    0.00    0.00    0.00
21:22:41       2  100.00    0.00    0.00    0.00    0.00    0.00    0.00    0.00    0.00    0.00
21:22:41       3    2.97    0.00    3.96    0.00    0.00    0.00    0.00    0.00    0.00   93.07

21:22:41     CPU    %usr   %nice    %sys %iowait    %irq   %soft  %steal  %guest  %gnice   %idle
21:22:42     all   30.37    0.00   24.08    0.00    0.00    0.79    0.00    0.00    0.00   44.76
21:22:42       0    1.20    0.00    2.41    0.00    0.00    3.61    0.00    0.00    0.00   92.77
21:22:42       1   13.00    0.00   87.00    0.00    0.00    0.00    0.00    0.00    0.00    0.00
21:22:42       2  100.00    0.00    0.00    0.00    0.00    0.00    0.00    0.00    0.00    0.00
21:22:42       3    2.02    0.00    3.03    0.00    0.00    0.00    0.00    0.00    0.00   94.95

21:22:42     CPU    %usr   %nice    %sys %iowait    %irq   %soft  %steal  %guest  %gnice   %idle
21:22:43     all   29.72    0.00   24.81    0.00    0.00    1.29    0.00    0.00    0.00   44.19
21:22:43       0    2.33    0.00    3.49    0.00    0.00    5.81    0.00    0.00    0.00   88.37
21:22:43       1   11.00    0.00   89.00    0.00    0.00    0.00    0.00    0.00    0.00    0.00
21:22:43       2  100.00    0.00    0.00    0.00    0.00    0.00    0.00    0.00    0.00    0.00
21:22:43       3    1.98    0.00    3.96    0.00    0.00    0.00    0.00    0.00    0.00   94.06

21:22:43     CPU    %usr   %nice    %sys %iowait    %irq   %soft  %steal  %guest  %gnice   %idle
21:22:44     all   30.89    0.00   23.82    0.00    0.00    0.79    0.00    0.00    0.00   44.50
21:22:44       0    1.22    0.00    3.66    0.00    0.00    3.66    0.00    0.00    0.00   91.46
21:22:44       1   14.00    0.00   86.00    0.00    0.00    0.00    0.00    0.00    0.00    0.00
21:22:44       2  100.00    0.00    0.00    0.00    0.00    0.00    0.00    0.00    0.00    0.00
21:22:44       3    3.00    0.00    2.00    0.00    0.00    0.00    0.00    0.00    0.00   95.00

21:22:44     CPU    %usr   %nice    %sys %iowait    %irq   %soft  %steal  %guest  %gnice   %idle
21:22:45     all   29.61    0.00   24.42    0.26    0.00    1.30    0.00    0.00    0.00   44.42
21:22:45       0    1.18    0.00    3.53    0.00    0.00    5.88    0.00    0.00    0.00   89.41
21:22:45       1   12.00    0.00   88.00    0.00    0.00    0.00    0.00    0.00    0.00    0.00
21:22:45       2  100.00    0.00    0.00    0.00    0.00    0.00    0.00    0.00    0.00    0.00
21:22:45       3    1.00    0.00    3.00    1.00    0.00    0.00    0.00    0.00    0.00   95.00

21:22:45     CPU    %usr   %nice    %sys %iowait    %irq   %soft  %steal  %guest  %gnice   %idle
21:22:46     all   30.91    0.00   23.64    0.00    0.00    1.30    0.00    0.00    0.00   44.16
21:22:46       0    2.35    0.00    3.53    0.00    0.00    5.88    0.00    0.00    0.00   88.24
21:22:46       1   15.00    0.00   85.00    0.00    0.00    0.00    0.00    0.00    0.00    0.00
21:22:46       2  100.00    0.00    0.00    0.00    0.00    0.00    0.00    0.00    0.00    0.00
21:22:46       3    2.00    0.00    3.00    0.00    0.00    0.00    0.00    0.00    0.00   95.00

21:22:46     CPU    %usr   %nice    %sys %iowait    %irq   %soft  %steal  %guest  %gnice   %idle
21:22:47     all   30.29    0.00   24.54    0.00    0.00    0.78    0.00    0.00    0.00   44.39
21:22:47       0    1.20    0.00    4.82    0.00    0.00    3.61    0.00    0.00    0.00   90.36
21:22:47       1   13.00    0.00   87.00    0.00    0.00    0.00    0.00    0.00    0.00    0.00
21:22:47       2  100.00    0.00    0.00    0.00    0.00    0.00    0.00    0.00    0.00    0.00
21:22:47       3    2.00    0.00    3.00    0.00    0.00    0.00    0.00    0.00    0.00   95.00

21:22:47     CPU    %usr   %nice    %sys %iowait    %irq   %soft  %steal  %guest  %gnice   %idle
21:22:48     all   29.84    0.00   24.35    0.00    0.00    1.31    0.00    0.00    0.00   44.50
21:22:48       0    0.00    0.00    3.57    0.00    0.00    5.95    0.00    0.00    0.00   90.48
21:22:48       1   12.12    0.00   87.88    0.00    0.00    0.00    0.00    0.00    0.00    0.00
21:22:48       2  100.00    0.00    0.00    0.00    0.00    0.00    0.00    0.00    0.00    0.00
21:22:48       3    2.02    0.00    3.03    0.00    0.00    0.00    0.00    0.00    0.00   94.95

21:22:48     CPU    %usr   %nice    %sys %iowait    %irq   %soft  %steal  %guest  %gnice   %idle
21:22:49     all   29.79    0.00   24.61    0.00    0.00    1.30    0.00    0.00    0.00   44.30
21:22:49       0    1.18    0.00    3.53    0.00    0.00    5.88    0.00    0.00    0.00   89.41
21:22:49       1   12.00    0.00   88.00    0.00    0.00    0.00    0.00    0.00    0.00    0.00
21:22:49       2  100.00    0.00    0.00    0.00    0.00    0.00    0.00    0.00    0.00    0.00
21:22:49       3    1.98    0.00    3.96    0.00    0.00    0.00    0.00    0.00    0.00   94.06

Average:     CPU    %usr   %nice    %sys %iowait    %irq   %soft  %steal  %guest  %gnice   %idle
Average:     all   29.47    0.00   24.21    0.05    0.00    0.77    0.00    0.00    0.00   45.50
Average:       0    1.31    0.00    2.96    0.06    0.00    3.36    0.00    0.00    0.00   92.32
Average:       1   11.60    0.00   88.35    0.00    0.00    0.05    0.00    0.00    0.00    0.00
Average:       2   99.98    0.00    0.02    0.00    0.00    0.00    0.00    0.00    0.00    0.00
Average:       3    1.55    0.00    2.95    0.13    0.00    0.00    0.00    0.00    0.00   95.37
