# timestamp  face |bytes    packets errs drop fifo frame compressed multicast|bytes    packets errs drop fifo colls carrier compressed
1776799325.192359310     lo:   31357     396    0    0    0     0          0         0    31357     396    0    0    0     0       0          0
1776799325.192359310 enP1p1s0: 702000400 9000005    0    0    0     0          0        49      540       8    0    3    0     0       0          0
1776799325.192359310   eth0:    4688      59    0    0    0     0          0        31 26049010524 44700115    0    0    0     0       0          0
1776799325.192359310  wlan0: 3302060    8128    0    0    0     0          0        32  2303853    7828    0    0    0     0       0          0
1776799325.192359310    br0:    8216      85    0    0    0     0          0        77     1446      17    0    2    0     0       0          0
1776799326.203158537     lo:   31357     396    0    0    0     0          0         0    31357     396    0    0    0     0       0          0
1776799326.203158537 enP1p1s0: 702000400 9000005    0    0    0     0          0        49      540       8    0    3    0     0       0          0
1776799326.203158537   eth0:    4688      59    0    0    0     0          0        31 26049010524 44700115    0    0    0     0       0          0
1776799326.203158537  wlan0: 3307100    8191    0    0    0     0          0        32  2308851    7877    0    0    0     0       0          0
1776799326.203158537    br0:    8216      85    0    0    0     0          0        77     1446      17    0    2    0     0       0          0
1776799327.212319353     lo:   31357     396    0    0    0     0          0         0    31357     396    0    0    0     0       0          0
1776799327.212319353 enP1p1s0: 702000400 9000005    0    0    0     0          0        49      540       8    0    3    0     0       0          0
1776799327.212319353   eth0:    4688      59    0    0    0     0          0        31 26049010524 44700115    0    0    0     0       0          0
1776799327.212319353  wlan0: 3311776    8247    0    0    0     0          0        32  2313915    7927    0    0    0     0       0          0
1776799327.212319353    br0:    8216      85    0    0    0     0          0        77     1446      17    0    2    0     0       0          0
1776799328.221514317     lo:   31357     396    0    0    0     0          0         0    31357     396    0    0    0     0       0          0
1776799328.221514317 enP1p1s0: 702000400 9000005    0    0    0     0          0        49      540       8    0    3    0     0       0          0
1776799328.221514317   eth0:    4688      59    0    0    0     0          0        31 26049010524 44700115    0    0    0     0       0          0
1776799328.221514317  wlan0: 3313764    8270    0    0    0     0          0        32  2316159    7949    0    0    0     0       0          0
1776799328.221514317    br0:    8216      85    0    0    0     0          0        77     1446      17    0    2    0     0       0          0
1776799329.230603188     lo:   31357     396    0    0    0     0          0         0    31357     396    0    0    0     0       0          0
1776799329.230603188 enP1p1s0: 702000400 9000005    0    0    0     0          0        49      540       8    0    3    0     0       0          0
1776799329.230603188   eth0:    4688      59    0    0    0     0          0        31 26049010524 44700115    0    0    0     0       0          0
1776799329.230603188  wlan0: 3314172    8272    0    0    0     0          0        32  2316309    7950    0    0    0     0       0          0
1776799329.230603188    br0:    8216      85    0    0    0     0          0        77     1446      17    0    2    0     0       0          0
1776799330.239705947     lo:   31357     396    0    0    0     0          0         0    31357     396    0    0    0     0       0          0
1776799330.239705947 enP1p1s0: 702000400 9000005    0    0    0     0          0        49      540       8    0    3    0     0       0          0
1776799330.239705947   eth0:    4688      59    0    0    0     0          0        31 26049010524 44700115    0    0    0     0       0          0
1776799330.239705947  wlan0: 3314172    8272    0    0    0     0          0        32  2316309    7950    0    0    0     0       0          0
1776799330.239705947    br0:    8216      85    0    0    0     0          0        77     1446      17    0    2    0     0       0          0
1776799331.248802892     lo:   31357     396    0    0    0     0          0         0    31357     396    0    0    0     0       0          0
1776799331.248802892 enP1p1s0: 702000400 9000005    0    0    0     0          0        49      540       8    0    3    0     0       0          0
1776799331.248802892   eth0:    4688      59    0    0    0     0          0        31 26049010524 44700115    0    0    0     0       0          0
1776799331.248802892  wlan0: 3314172    8272    0    0    0     0          0        32  2316309    7950    0    0    0     0       0          0
1776799331.248802892    br0:    8216      85    0    0    0     0          0        77     1446      17    0    2    0     0       0          0
1776799332.257911337     lo:   31357     396    0    0    0     0          0         0    31357     396    0    0    0     0       0          0
1776799332.257911337 enP1p1s0: 702000400 9000005    0    0    0     0          0        49      540       8    0    3    0     0       0          0
1776799332.257911337   eth0:    4688      59    0    0    0     0          0        31 26049010524 44700115    0    0    0     0       0          0
1776799332.257911337  wlan0: 3314172    8272    0    0    0     0          0        32  2316309    7950    0    0    0     0       0          0
1776799332.257911337    br0:    8216      85    0    0    0     0          0        77     1446      17    0    2    0     0       0          0
1776799333.267087449     lo:   31357     396    0    0    0     0          0         0    31357     396    0    0    0     0       0          0
1776799333.267087449 enP1p1s0: 702000400 9000005    0    0    0     0          0        49      540       8    0    3    0     0       0          0
1776799333.267087449   eth0:    4688      59    0    0    0     0          0        31 26049010524 44700115    0    0    0     0       0          0
1776799333.267087449  wlan0: 3314172    8272    0    0    0     0          0        32  2316309    7950    0    0    0     0       0          0
1776799333.267087449    br0:    8216      85    0    0    0     0          0        77     1446      17    0    2    0     0       0          0
1776799334.276949026     lo:   31357     396    0    0    0     0          0         0    31357     396    0    0    0     0       0          0
1776799334.276949026 enP1p1s0: 731780942 9056622    0    0    0     0          0        49      540       8    0    3    0     0       0          0
1776799334.276949026   eth0:    4688      59    0    0    0     0          0        31 26079021774 44756740    0    0    0     0       0          0
1776799334.276949026  wlan0: 3314224    8273    0    0    0     0          0        32  2316459    7951    0    0    0     0       0          0
1776799334.276949026    br0:    8216      85    0    0    0     0          0        77     1446      17    0    2    0     0       0          0
1776799335.288262292     lo:   31357     396    0    0    0     0          0         0    31357     396    0    0    0     0       0          0
1776799335.288262292 enP1p1s0: 795329632 9177437    0    0    0     0          0        49      540       8    0    3    0     0       0          0
1776799335.288262292   eth0:    4688      59    0    0    0     0          0        31 26143053194 44877554    0    0    0     0       0          0
1776799335.288262292  wlan0: 3314224    8273    0    0    0     0          0        32  2316459    7951    0    0    0     0       0          0
1776799335.288262292    br0:    8216      85    0    0    0     0          0        77     1446      17    0    2    0     0       0          0
1776799336.299654763     lo:   31357     396    0    0    0     0          0         0    31357     396    0    0    0     0       0          0
1776799336.299654763 enP1p1s0: 858704216 9297921    0    0    0     0          0        49      540       8    0    3    0     0       0          0
1776799336.299654763   eth0:    4688      59    0    0    0     0          0        31 26206915014 44998048    0    0    0     0       0          0
1776799336.299654763  wlan0: 3314224    8273    0    0    0     0          0        32  2316459    7951    0    0    0     0       0          0
1776799336.299654763    br0:    8216      85    0    0    0     0          0        77     1446      17    0    2    0     0       0          0
1776799337.312235718     lo:   31357     396    0    0    0     0          0         0    31357     396    0    0    0     0       0          0
1776799337.312235718 enP1p1s0: 922349164 9418919    0    0    0     0          0        49      540       8    0    3    0     0       0          0
1776799337.312235718   eth0:    4688      59    0    0    0     0          0        31 26271040774 45119040    0    0    0     0       0          0
1776799337.312235718  wlan0: 3314224    8273    0    0    0     0          0        32  2316459    7951    0    0    0     0       0          0
1776799337.312235718    br0:    8216      85    0    0    0     0          0        77     1446      17    0    2    0     0       0          0
1776799338.324159190     lo:   31357     396    0    0    0     0          0         0    31357     396    0    0    0     0       0          0
1776799338.324159190 enP1p1s0: 985573838 9539118    0    0    0     0          0        49      540       8    0    3    0     0       0          0
1776799338.324159190   eth0:    4688      59    0    0    0     0          0        31 26334744654 45239236    0    0    0     0       0          0
1776799338.324159190  wlan0: 3314224    8273    0    0    0     0          0        32  2316459    7951    0    0    0     0       0          0
1776799338.324159190    br0:    8216      85    0    0    0     0          0        77     1446      17    0    2    0     0       0          0
1776799339.336573885     lo:   31357     396    0    0    0     0          0         0    31357     396    0    0    0     0       0          0
1776799339.336573885 enP1p1s0: 1049095236 9659882    0    0    0     0          0        49      660      10    0    3    0     0       0          0
1776799339.336573885   eth0:    4734      60    0    0    0     0          0        31 26398750698 45360003    0    0    0     0       0          0
1776799339.336573885  wlan0: 3314276    8274    0    0    0     0          0        32  2316609    7952    0    0    0     0       0          0
1776799339.336573885    br0:    8216      85    0    0    0     0          0        77     1446      17    0    2    0     0       0          0
1776799340.349035895     lo:   31357     396    0    0    0     0          0         0    31357     396    0    0    0     0       0          0
1776799340.349035895 enP1p1s0: 1118976440 9792736    0    0    0     0          0        49      660      10    0    3    0     0       0          0
1776799340.349035895   eth0:    4734      60    0    0    0     0          0        31 26469166498 45492863    0    0    0     0       0          0
1776799340.349035895  wlan0: 3314276    8274    0    0    0     0          0        32  2316609    7952    0    0    0     0       0          0
1776799340.349035895    br0:    8216      85    0    0    0     0          0        77     1446      17    0    2    0     0       0          0
1776799341.363355800     lo:   31357     396    0    0    0     0          0         0    31357     396    0    0    0     0       0          0
1776799341.363355800 enP1p1s0: 1211529296 9968692    0    0    0     0          0        49      660      10    0    3    0     0       0          0
1776799341.363355800   eth0:    4734      60    0    0    0     0          0        31 26562426358 45668825    0    0    0     0       0          0
1776799341.363355800  wlan0: 3314276    8274    0    0    0     0          0        32  2316609    7952    0    0    0     0       0          0
1776799341.363355800    br0:    8216      85    0    0    0     0          0        77     1446      17    0    2    0     0       0          0
1776799342.376986444     lo:   31357     396    0    0    0     0          0         0    31357     396    0    0    0     0       0          0
1776799342.376986444 enP1p1s0: 1303629792 10143788    0    0    0     0          0        49      660      10    0    3    0     0       0          0
1776799342.376986444   eth0:    4734      60    0    0    0     0          0        31 26655224058 45843915    0    0    0     0       0          0
1776799342.376986444  wlan0: 3314276    8274    0    0    0     0          0        32  2316609    7952    0    0    0     0       0          0
1776799342.376986444    br0:    8216      85    0    0    0     0          0        77     1446      17    0    2    0     0       0          0
1776799343.391194163     lo:   31357     396    0    0    0     0          0         0    31357     396    0    0    0     0       0          0
1776799343.391194163 enP1p1s0: 1396534016 10320412    0    0    0     0          0        49      660      10    0    3    0     0       0          0
1776799343.391194163   eth0:    4734      60    0    0    0     0          0        31 26748834248 46020538    0    0    0     0       0          0
1776799343.391194163  wlan0: 3314276    8274    0    0    0     0          0        32  2316609    7952    0    0    0     0       0          0
1776799343.391194163    br0:    8216      85    0    0    0     0          0        77     1446      17    0    2    0     0       0          0
1776799344.405957995     lo:   31357     396    0    0    0     0          0         0    31357     396    0    0    0     0       0          0
1776799344.405957995 enP1p1s0: 1489523978 10497199    0    0    0     0          0        49      660      10    0    3    0     0       0          0
1776799344.405957995   eth0:    4734      60    0    0    0     0          0        31 26842534008 46197330    0    0    0     0       0          0
1776799344.405957995  wlan0: 3314328    8275    0    0    0     0          0        32  2316989    7954    0    0    0     0       0          0
1776799344.405957995    br0:    8216      85    0    0    0     0          0        77     1446      17    0    2    0     0       0          0
1776799345.419467757     lo:   31357     396    0    0    0     0          0         0    31357     396    0    0    0     0       0          0
1776799345.419467757 enP1p1s0: 1581824880 10672676    0    0    0     0          0        49      660      10    0    3    0     0       0          0
1776799345.419467757   eth0:    4734      60    0    0    0     0          0        31 26935534698 46372803    0    0    0     0       0          0
1776799345.419467757  wlan0: 3314760    8277    0    0    0     0          0        32  2317219    7955    0    0    0     0       0          0
1776799345.419467757    br0:    8216      85    0    0    0     0          0        77     1446      17    0    2    0     0       0          0
1776799346.433900469     lo:   31357     396    0    0    0     0          0         0    31357     396    0    0    0     0       0          0
1776799346.433900469 enP1p1s0: 1675804774 10851345    0    0    0     0          0        49      660      10    0    3    0     0       0          0
1776799346.433900469   eth0:    4734      60    0    0    0     0          0        31 27030220258 46551455    0    0    0     0       0          0
1776799346.433900469  wlan0: 3314760    8277    0    0    0     0          0        32  2317219    7955    0    0    0     0       0          0
1776799346.433900469    br0:    8216      85    0    0    0     0          0        77     1446      17    0    2    0     0       0          0
1776799347.445698619     lo:   31357     396    0    0    0     0          0         0    31357     396    0    0    0     0       0          0
1776799347.445698619 enP1p1s0: 1773098994 11036315    0    0    0     0          0        49      660      10    0    3    0     0       0          0
1776799347.445698619   eth0:    4734      60    0    0    0     0          0        31 27128262308 46736440    0    0    0     0       0          0
1776799347.445698619  wlan0: 3314760    8277    0    0    0     0          0        32  2317219    7955    0    0    0     0       0          0
1776799347.445698619    br0:    8216      85    0    0    0     0          0        77     1446      17    0    2    0     0       0          0
1776799348.460398109     lo:   31357     396    0    0    0     0          0         0    31357     396    0    0    0     0       0          0
1776799348.460398109 enP1p1s0: 1870040794 11220615    0    0    0     0          0        49      660      10    0    3    0     0       0          0
1776799348.460398109   eth0:    4734      60    0    0    0     0          0        31 27225946608 46920750    0    0    0     0       0          0
1776799348.460398109  wlan0: 3314760    8277    0    0    0     0          0        32  2317219    7955    0    0    0     0       0          0
1776799348.460398109    br0:    8216      85    0    0    0     0          0        77     1446      17    0    2    0     0       0          0
1776799349.474490043     lo:   31357     396    0    0    0     0          0         0    31357     396    0    0    0     0       0          0
1776799349.474490043 enP1p1s0: 1966188334 11403405    0    0    0     0          0        49      660      10    0    3    0     0       0          0
1776799349.474490043   eth0:    4734      60    0    0    0     0          0        31 27322821068 47103532    0    0    0     0       0          0
1776799349.474490043  wlan0: 3314840    8279    0    0    0     0          0        32  2317411    7957    0    0    0     0       0          0
1776799349.474490043    br0:    8216      85    0    0    0     0          0        77     1446      17    0    2    0     0       0          0
1776799350.487731030     lo:   31357     396    0    0    0     0          0         0    31357     396    0    0    0     0       0          0
1776799350.487731030 enP1p1s0: 2065491874 11592195    0    0    0     0          0        49      660      10    0    3    0     0       0          0
1776799350.487731030   eth0:    4734      60    0    0    0     0          0        31 27422877648 47292318    0    0    0     0       0          0
1776799350.487731030  wlan0: 3314840    8279    0    0    0     0          0        32  2317641    7958    0    0    0     0       0          0
1776799350.487731030    br0:    8216      85    0    0    0     0          0        77     1446      17    0    2    0     0       0          0
1776799351.503188596     lo:   31357     396    0    0    0     0          0         0    31357     396    0    0    0     0       0          0
1776799351.503188596 enP1p1s0: 2165943672 11783168    0    0    0     0          0        49      660      10    0    3    0     0       0          0
1776799351.503188596   eth0:    4734      60    0    0    0     0          0        31 27524097048 47483298    0    0    0     0       0          0
1776799351.503188596  wlan0: 3315056    8280    0    0    0     0          0        32  2317641    7958    0    0    0     0       0          0
1776799351.503188596    br0:    8216      85    0    0    0     0          0        77     1446      17    0    2    0     0       0          0
1776799352.517546031     lo:   31357     396    0    0    0     0          0         0    31357     396    0    0    0     0       0          0
1776799352.517546031 enP1p1s0: 2266153510 11973681    0    0    0     0          0        49      660      10    0    3    0     0       0          0
1776799352.517546031   eth0:    4734      60    0    0    0     0          0        31 27625065228 47673804    0    0    0     0       0          0
1776799352.517546031  wlan0: 3315272    8281    0    0    0     0          0        32  2317871    7959    0    0    0     0       0          0
1776799352.517546031    br0:    8216      85    0    0    0     0          0        77     1446      17    0    2    0     0       0          0
1776799353.532595115     lo:   31357     396    0    0    0     0          0         0    31357     396    0    0    0     0       0          0
1776799353.532595115 enP1p1s0: 2367581564 12166510    0    0    0     0          0        49      660      10    0    3    0     0       0          0
1776799353.532595115   eth0:    4734      60    0    0    0     0          0        31 27727271488 47866646    0    0    0     0       0          0
1776799353.532595115  wlan0: 3315272    8281    0    0    0     0          0        32  2317871    7959    0    0    0     0       0          0
1776799353.532595115    br0:    8216      85    0    0    0     0          0        77     1446      17    0    2    0     0       0          0
1776799354.549802557     lo:   31357     396    0    0    0     0          0         0    31357     396    0    0    0     0       0          0
1776799354.549802557 enP1p1s0: 2472219796 12365442    0    0    0     0          0        49      660      10    0    3    0     0       0          0
1776799354.549802557   eth0:    4734      60    0    0    0     0          0        31 27832706508 48065580    0    0    0     0       0          0
1776799354.549802557  wlan0: 3315352    8283    0    0    0     0          0        32  2318063    7961    0    0    0     0       0          0
1776799354.549802557    br0:    8216      85    0    0    0     0          0        77     1446      17    0    2    0     0       0          0
1776799355.573293552     lo:   31357     396    0    0    0     0          0         0    31357     396    0    0    0     0       0          0
1776799355.573293552 enP1p1s0: 2578549644 12567590    0    0    0     0          0        49      660      10    0    3    0     0       0          0
1776799355.573293552   eth0:    4734      60    0    0    0     0          0        31 27939639308 48267340    0    0    0     0       0          0
1776799355.573293552  wlan0: 3315352    8283    0    0    0     0          0        32  2318063    7961    0    0    0     0       0          0
1776799355.573293552    br0:    8216      85    0    0    0     0          0        77     1446      17    0    2    0     0       0          0
1776799356.595133173     lo:   31357     396    0    0    0     0          0         0    31357     396    0    0    0     0       0          0
1776799356.595133173 enP1p1s0: 2679312834 12759155    0    0    0     0          0        49      660      10    0    3    0     0       0          0
1776799356.595133173   eth0:    4734      60    0    0    0     0          0        31 28041369628 48459284    0    0    0     0       0          0
1776799356.595133173  wlan0: 3315352    8283    0    0    0     0          0        32  2318063    7961    0    0    0     0       0          0
1776799356.595133173    br0:    8216      85    0    0    0     0          0        77     1446      17    0    2    0     0       0          0
1776799357.613017284     lo:   31357     396    0    0    0     0          0         0    31357     396    0    0    0     0       0          0
1776799357.613017284 enP1p1s0: 2778056710 12946881    0    0    0     0          0        49      660      10    0    3    0     0       0          0
1776799357.613017284   eth0:    4734      60    0    0    0     0          0        31 28140860698 48647003    0    0    0     0       0          0
1776799357.613017284  wlan0: 3315352    8283    0    0    0     0          0        32  2318063    7961    0    0    0     0       0          0
1776799357.613017284    br0:    8216      85    0    0    0     0          0        77     1446      17    0    2    0     0       0          0
1776799358.627138088     lo:   31357     396    0    0    0     0          0         0    31357     396    0    0    0     0       0          0
1776799358.627138088 enP1p1s0: 2881534586 13143607    0    0    0     0          0        49      660      10    0    3    0     0       0          0
1776799358.627138088   eth0:    4734      60    0    0    0     0          0        31 28245130248 48843738    0    0    0     0       0          0
1776799358.627138088  wlan0: 3315352    8283    0    0    0     0          0        32  2318063    7961    0    0    0     0       0          0
1776799358.627138088    br0:    8216      85    0    0    0     0          0        77     1446      17    0    2    0     0       0          0
1776799359.641691541     lo:   31357     396    0    0    0     0          0         0    31357     396    0    0    0     0       0          0
1776799359.641691541 enP1p1s0: 2981404102 13333473    0    0    0     0          0        49      660      10    0    3    0     0       0          0
1776799359.641691541   eth0:    4734      60    0    0    0     0          0        31 28345756048 49033598    0    0    0     0       0          0
1776799359.641691541  wlan0: 3315404    8284    0    0    0     0          0        32  2318213    7962    0    0    0     0       0          0
1776799359.641691541    br0:    8216      85    0    0    0     0          0        77     1446      17    0    2    0     0       0          0
1776799360.654796768     lo:   31357     396    0    0    0     0          0         0    31357     396    0    0    0     0       0          0
1776799360.654796768 enP1p1s0: 3083182998 13526969    0    0    0     0          0        49      660      10    0    3    0     0       0          0
1776799360.654796768   eth0:    4734      60    0    0    0     0          0        31 28448312108 49227100    0    0    0     0       0          0
1776799360.654796768  wlan0: 3315404    8284    0    0    0     0          0        32  2318213    7962    0    0    0     0       0          0
1776799360.654796768    br0:    8216      85    0    0    0     0          0        77     1446      17    0    2    0     0       0          0
1776799361.670595002     lo:   31357     396    0    0    0     0          0         0    31357     396    0    0    0     0       0          0
1776799361.670595002 enP1p1s0: 3187206336 13724732    0    0    0     0          0        49      660      10    0    3    0     0       0          0
1776799361.670595002   eth0:    4734      60    0    0    0     0          0        31 28553125968 49424862    0    0    0     0       0          0
1776799361.670595002  wlan0: 3315404    8284    0    0    0     0          0        32  2318213    7962    0    0    0     0       0          0
1776799361.670595002    br0:    8216      85    0    0    0     0          0        77     1446      17    0    2    0     0       0          0
1776799362.684803325     lo:   31357     396    0    0    0     0          0         0    31357     396    0    0    0     0       0          0
1776799362.684803325 enP1p1s0: 3286906480 13914276    0    0    0     0          0        49      660      10    0    3    0     0       0          0
1776799362.684803325   eth0:    4734      60    0    0    0     0          0        31 28653582168 49614402    0    0    0     0       0          0
1776799362.684803325  wlan0: 3315404    8284    0    0    0     0          0        32  2318213    7962    0    0    0     0       0          0
1776799362.684803325    br0:    8216      85    0    0    0     0          0        77     1446      17    0    2    0     0       0          0
1776799363.697518014     lo:   31357     396    0    0    0     0          0         0    31357     396    0    0    0     0       0          0
1776799363.697518014 enP1p1s0: 3377470590 14086452    0    0    0     0          0        49      780      12    0    3    0     0       0          0
1776799363.697518014   eth0:    4780      61    0    0    0     0          0        31 28744836572 49786581    0    0    0     0       0          0
1776799363.697518014  wlan0: 3315404    8284    0    0    0     0          0        32  2318213    7962    0    0    0     0       0          0
1776799363.697518014    br0:    8216      85    0    0    0     0          0        77     1446      17    0    2    0     0       0          0
1776799364.711563244     lo:   31357     396    0    0    0     0          0         0    31357     396    0    0    0     0       0          0
1776799364.711563244 enP1p1s0: 3468249774 14259036    0    0    0     0          0        49      780      12    0    3    0     0       0          0
1776799364.711563244   eth0:    4780      61    0    0    0     0          0        31 28836306092 49959165    0    0    0     0       0          0
1776799364.711563244  wlan0: 3315456    8285    0    0    0     0          0        32  2318363    7963    0    0    0     0       0          0
1776799364.711563244    br0:    8216      85    0    0    0     0          0        77     1446      17    0    2    0     0       0          0
1776799365.725964623     lo:   31357     396    0    0    0     0          0         0    31357     396    0    0    0     0       0          0
1776799365.725964623 enP1p1s0: 3558947428 14431465    0    0    0     0          0        49      780      12    0    3    0     0       0          0
1776799365.725964623   eth0:    4780      61    0    0    0     0          0        31 28927696112 50131599    0    0    0     0       0          0
1776799365.725964623  wlan0: 3315456    8285    0    0    0     0          0        32  2318363    7963    0    0    0     0       0          0
1776799365.725964623    br0:    8216      85    0    0    0     0          0        77     1446      17    0    2    0     0       0          0
1776799366.739427758     lo:   31357     396    0    0    0     0          0         0    31357     396    0    0    0     0       0          0
1776799366.739427758 enP1p1s0: 3649479918 14603580    0    0    0     0          0        49      780      12    0    3    0     0       0          0
1776799366.739427758   eth0:    4780      61    0    0    0     0          0        31 29018913352 50303707    0    0    0     0       0          0
1776799366.739427758  wlan0: 3315456    8285    0    0    0     0          0        32  2318363    7963    0    0    0     0       0          0
1776799366.739427758    br0:    8216      85    0    0    0     0          0        77     1446      17    0    2    0     0       0          0
1776799367.753243635     lo:   31357     396    0    0    0     0          0         0    31357     396    0    0    0     0       0          0
1776799367.753243635 enP1p1s0: 3740128128 14775915    0    0    0     0          0        49      780      12    0    3    0     0       0          0
1776799367.753243635   eth0:    4780      61    0    0    0     0          0        31 29110253022 50476046    0    0    0     0       0          0
1776799367.753243635  wlan0: 3315456    8285    0    0    0     0          0        32  2318363    7963    0    0    0     0       0          0
1776799367.753243635    br0:    8216      85    0    0    0     0          0        77     1446      17    0    2    0     0       0          0
1776799368.765822102     lo:   31357     396    0    0    0     0          0         0    31357     396    0    0    0     0       0          0
1776799368.765822102 enP1p1s0: 3830687970 14948082    0    0    0     0          0        49      780      12    0    3    0     0       0          0
1776799368.765822102   eth0:    4780      61    0    0    0     0          0        31 29201499412 50648209    0    0    0     0       0          0
1776799368.765822102  wlan0: 3315456    8285    0    0    0     0          0        32  2318363    7963    0    0    0     0       0          0
1776799368.765822102    br0:    8216      85    0    0    0     0          0        77     1446      17    0    2    0     0       0          0
1776799369.780184684     lo:   31357     396    0    0    0     0          0         0    31357     396    0    0    0     0       0          0
1776799369.780184684 enP1p1s0: 3921500818 15120730    0    0    0     0          0        49      780      12    0    3    0     0       0          0
1776799369.780184684   eth0:    4780      61    0    0    0     0          0        31 29293006562 50820864    0    0    0     0       0          0
1776799369.780184684  wlan0: 3315508    8286    0    0    0     0          0        32  2318513    7964    0    0    0     0       0          0
1776799369.780184684    br0:    8216      85    0    0    0     0          0        77     1446      17    0    2    0     0       0          0
1776799370.795551454     lo:   31357     396    0    0    0     0          0         0    31357     396    0    0    0     0       0          0
1776799370.795551454 enP1p1s0: 4012291574 15293336    0    0    0     0          0        49      780      12    0    3    0     0       0          0
1776799370.795551454   eth0:    4780      61    0    0    0     0          0        31 29384487212 50993469    0    0    0     0       0          0
1776799370.795551454  wlan0: 3315508    8286    0    0    0     0          0        32  2318513    7964    0    0    0     0       0          0
1776799370.795551454    br0:    8216      85    0    0    0     0          0        77     1446      17    0    2    0     0       0          0
1776799371.809846277     lo:   31357     396    0    0    0     0          0         0    31357     396    0    0    0     0       0          0
1776799371.809846277 enP1p1s0: 4103010794 15465806    0    0    0     0          0        49      780      12    0    3    0     0       0          0
1776799371.809846277   eth0:    4780      61    0    0    0     0          0        31 29475894722 51165936    0    0    0     0       0          0
1776799371.809846277  wlan0: 3315508    8286    0    0    0     0          0        32  2318513    7964    0    0    0     0       0          0
1776799371.809846277    br0:    8216      85    0    0    0     0          0        77     1446      17    0    2    0     0       0          0
1776799372.823598080     lo:   31357     396    0    0    0     0          0         0    31357     396    0    0    0     0       0          0
1776799372.823598080 enP1p1s0: 4193553804 15637941    0    0    0     0          0        49      780      12    0    3    0     0       0          0
1776799372.823598080   eth0:    4780      61    0    0    0     0          0        31 29567124152 51338067    0    0    0     0       0          0
1776799372.823598080  wlan0: 3315508    8286    0    0    0     0          0        32  2318513    7964    0    0    0     0       0          0
1776799372.823598080    br0:    8216      85    0    0    0     0          0        77     1446      17    0    2    0     0       0          0
1776799373.837979718     lo:   31357     396    0    0    0     0          0         0    31357     396    0    0    0     0       0          0
1776799373.837979718 enP1p1s0: 4284345086 15810548    0    0    0     0          0        49      780      12    0    3    0     0       0          0
1776799373.837979718   eth0:    4780      61    0    0    0     0          0        31 29658610102 51510682    0    0    0     0       0          0
1776799373.837979718  wlan0: 3315560    8287    0    0    0     0          0        32  2318663    7965    0    0    0     0       0          0
1776799373.837979718    br0:    8216      85    0    0    0     0          0        77     1446      17    0    2    0     0       0          0
1776799374.851511187     lo:   31357     396    0    0    0     0          0         0    31357     396    0    0    0     0       0          0
1776799374.851511187 enP1p1s0: 4374907032 15982719    0    0    0     0          0        49      780      12    0    3    0     0       0          0
1776799374.851511187   eth0:    4780      61    0    0    0     0          0        31 29749849072 51682831    0    0    0     0       0          0
1776799374.851511187  wlan0: 3315560    8287    0    0    0     0          0        32  2318663    7965    0    0    0     0       0          0
1776799374.851511187    br0:    8216      85    0    0    0     0          0        77     1446      17    0    2    0     0       0          0
1776799375.864962564     lo:   31357     396    0    0    0     0          0         0    31357     396    0    0    0     0       0          0
1776799375.864962564 enP1p1s0: 4465484232 16154919    0    0    0     0          0        49      780      12    0    3    0     0       0          0
1776799375.864962564   eth0:    4780      61    0    0    0     0          0        31 29841114012 51855029    0    0    0     0       0          0
1776799375.864962564  wlan0: 3315560    8287    0    0    0     0          0        32  2318663    7965    0    0    0     0       0          0
1776799375.864962564    br0:    8216      85    0    0    0     0          0        77     1446      17    0    2    0     0       0          0
1776799376.879213220     lo:   31357     396    0    0    0     0          0         0    31357     396    0    0    0     0       0          0
1776799376.879213220 enP1p1s0: 4556237116 16327453    0    0    0     0          0        49      780      12    0    3    0     0       0          0
1776799376.879213220   eth0:    4780      61    0    0    0     0          0        31 29932563392 52027575    0    0    0     0       0          0
1776799376.879213220  wlan0: 3315560    8287    0    0    0     0          0        32  2318663    7965    0    0    0     0       0          0
1776799376.879213220    br0:    8216      85    0    0    0     0          0        77     1446      17    0    2    0     0       0          0
1776799377.893920118     lo:   31357     396    0    0    0     0          0         0    31357     396    0    0    0     0       0          0
1776799377.893920118 enP1p1s0: 4647026820 16500057    0    0    0     0          0        49      780      12    0    3    0     0       0          0
1776799377.893920118   eth0:    4780      61    0    0    0     0          0        31 30024049872 52200191    0    0    0     0       0          0
1776799377.893920118  wlan0: 3315560    8287    0    0    0     0          0        32  2318663    7965    0    0    0     0       0          0
1776799377.893920118    br0:    8216      85    0    0    0     0          0        77     1446      17    0    2    0     0       0          0
1776799378.907192864     lo:   31357     396    0    0    0     0          0         0    31357     396    0    0    0     0       0          0
1776799378.907192864 enP1p1s0: 4737557732 16672169    0    0    0     0          0        49      780      12    0    3    0     0       0          0
1776799378.907192864   eth0:    4780      61    0    0    0     0          0        31 30115264992 52372295    0    0    0     0       0          0
1776799378.907192864  wlan0: 3315612    8288    0    0    0     0          0        32  2318813    7966    0    0    0     0       0          0
1776799378.907192864    br0:    8216      85    0    0    0     0          0        77     1446      17    0    2    0     0       0          0
1776799379.921181538     lo:   31357     396    0    0    0     0          0         0    31357     396    0    0    0     0       0          0
1776799379.921181538 enP1p1s0: 4828275374 16844636    0    0    0     0          0        49      780      12    0    3    0     0       0          0
1776799379.921181538   eth0:    4780      61    0    0    0     0          0        31 30206671442 52544760    0    0    0     0       0          0
1776799379.921181538  wlan0: 3315612    8288    0    0    0     0          0        32  2318813    7966    0    0    0     0       0          0
1776799379.921181538    br0:    8216      85    0    0    0     0          0        77     1446      17    0    2    0     0       0          0
1776799380.935732473     lo:   31357     396    0    0    0     0          0         0    31357     396    0    0    0     0       0          0
1776799380.935732473 enP1p1s0: 4919056136 17017223    0    0    0     0          0        49      780      12    0    3    0     0       0          0
1776799380.935732473   eth0:    4780      61    0    0    0     0          0        31 30298144672 52717351    0    0    0     0       0          0
1776799380.935732473  wlan0: 3315612    8288    0    0    0     0          0        32  2318813    7966    0    0    0     0       0          0
1776799380.935732473    br0:    8216      85    0    0    0     0          0        77     1446      17    0    2    0     0       0          0
1776799381.949849351     lo:   31357     396    0    0    0     0          0         0    31357     396    0    0    0     0       0          0
1776799381.949849351 enP1p1s0: 5009736958 17189620    0    0    0     0          0        49      780      12    0    3    0     0       0          0
1776799381.949849351   eth0:    4780      61    0    0    0     0          0        31 30389518262 52889754    0    0    0     0       0          0
1776799381.949849351  wlan0: 3315612    8288    0    0    0     0          0        32  2318813    7966    0    0    0     0       0          0
1776799381.949849351    br0:    8216      85    0    0    0     0          0        77     1446      17    0    2    0     0       0          0
1776799382.963372542     lo:   31357     396    0    0    0     0          0         0    31357     396    0    0    0     0       0          0
1776799382.963372542 enP1p1s0: 5100265240 17361727    0    0    0     0          0        49      780      12    0    3    0     0       0          0
1776799382.963372542   eth0:    4780      61    0    0    0     0          0        31 30480732852 53061857    0    0    0     0       0          0
1776799382.963372542  wlan0: 3315612    8288    0    0    0     0          0        32  2318813    7966    0    0    0     0       0          0
1776799382.963372542    br0:    8216      85    0    0    0     0          0        77     1446      17    0    2    0     0       0          0
1776799383.983409676     lo:   31357     396    0    0    0     0          0         0    31357     396    0    0    0     0       0          0
1776799383.983409676 enP1p1s0: 5191657740 17535477    0    0    0     0          0        49      780      12    0    3    0     0       0          0
1776799383.983409676   eth0:    4780      61    0    0    0     0          0        31 30572820352 53235607    0    0    0     0       0          0
1776799383.983409676  wlan0: 3315664    8289    0    0    0     0          0        32  2318963    7967    0    0    0     0       0          0
1776799383.983409676    br0:    8216      85    0    0    0     0          0        77     1446      17    0    2    0     0       0          0
1776799385.001845788     lo:   31357     396    0    0    0     0          0         0    31357     396    0    0    0     0       0          0
1776799385.001845788 enP1p1s0: 5282545806 17708268    0    0    0     0          0        49      780      12    0    3    0     0       0          0
1776799385.001845788   eth0:    4780      61    0    0    0     0          0        31 30664397992 53408395    0    0    0     0       0          0
1776799385.001845788  wlan0: 3315664    8289    0    0    0     0          0        32  2318963    7967    0    0    0     0       0          0
1776799385.001845788    br0:    8216      85    0    0    0     0          0        77     1446      17    0    2    0     0       0          0
1776799386.016986965     lo:   31357     396    0    0    0     0          0         0    31357     396    0    0    0     0       0          0
1776799386.016986965 enP1p1s0: 5373384428 17880965    0    0    0     0          0        49      780      12    0    3    0     0       0          0
1776799386.016986965   eth0:    4780      61    0    0    0     0          0        31 30755924222 53581086    0    0    0     0       0          0
1776799386.016986965  wlan0: 3315664    8289    0    0    0     0          0        32  2318963    7967    0    0    0     0       0          0
1776799386.016986965    br0:    8216      85    0    0    0     0          0        77     1446      17    0    2    0     0       0          0
1776799387.031710123     lo:   31357     396    0    0    0     0          0         0    31357     396    0    0    0     0       0          0
1776799387.031710123 enP1p1s0: 5464177814 18053576    0    0    0     0          0        49      780      12    0    3    0     0       0          0
1776799387.031710123   eth0:    4780      61    0    0    0     0          0        31 30847413882 53753708    0    0    0     0       0          0
1776799387.031710123  wlan0: 3315664    8289    0    0    0     0          0        32  2318963    7967    0    0    0     0       0          0
1776799387.031710123    br0:    8216      85    0    0    0     0          0        77     1446      17    0    2    0     0       0          0
1776799388.045510796     lo:   31357     396    0    0    0     0          0         0    31357     396    0    0    0     0       0          0
1776799388.045510796 enP1p1s0: 5554728188 18225725    0    0    0     0          0        49      780      12    0    3    0     0       0          0
1776799388.045510796   eth0:    4780      61    0    0    0     0          0        31 30938650732 53925853    0    0    0     0       0          0
1776799388.045510796  wlan0: 3315700    8290    0    0    0     0          0        33  2318963    7967    0    0    0     0       0          0
1776799388.045510796    br0:    8216      85    0    0    0     0          0        77     1446      17    0    2    0     0       0          0
1776799389.059751767     lo:   31357     396    0    0    0     0          0         0    31357     396    0    0    0     0       0          0
1776799389.059751767 enP1p1s0: 5645512632 18398319    0    0    0     0          0        49      780      12    0    3    0     0       0          0
1776799389.059751767   eth0:    4780      61    0    0    0     0          0        31 31030126612 54098449    0    0    0     0       0          0
1776799389.059751767  wlan0: 3315752    8291    0    0    0     0          0        33  2319113    7968    0    0    0     0       0          0
1776799389.059751767    br0:    8216      85    0    0    0     0          0        77     1446      17    0    2    0     0       0          0
