# timestamp  face |bytes    packets errs drop fifo frame compressed multicast|bytes    packets errs drop fifo colls carrier compressed
1777804400.722806434     lo:   26897     356    0    0    0     0          0         0    26897     356    0    0    0     0       0          0
1777804400.722806434 enP1p1s0: 1529954248 19614795    0    0    0     0          0        87 1528862762 19600802    0    3    0     0       0          0
1777804400.722806434   eth0:       0       0    0    0    0     0          0         0        0       0    0    0    0     0       0          0
1777804400.722806434  wlan0:  221878    2220    0    0    0     0          0         6   254175    2125    0    0    0     0       0          0
1777804401.733453182     lo:   26897     356    0    0    0     0          0         0    26897     356    0    0    0     0       0          0
1777804401.733453182 enP1p1s0: 1529954248 19614795    0    0    0     0          0        87 1528862762 19600802    0    3    0     0       0          0
1777804401.733453182   eth0:       0       0    0    0    0     0          0         0        0       0    0    0    0     0       0          0
1777804401.733453182  wlan0:  226730    2278    0    0    0     0          0         6   259377    2176    0    0    0     0       0          0
1777804402.742330328     lo:   26897     356    0    0    0     0          0         0    26897     356    0    0    0     0       0          0
1777804402.742330328 enP1p1s0: 1529954248 19614795    0    0    0     0          0        87 1528862762 19600802    0    3    0     0       0          0
1777804402.742330328   eth0:       0       0    0    0    0     0          0         0        0       0    0    0    0     0       0          0
1777804402.742330328  wlan0:  227414    2287    0    0    0     0          0         6   259965    2182    0    0    0     0       0          0
1777804403.751213475     lo:   26897     356    0    0    0     0          0         0    26897     356    0    0    0     0       0          0
1777804403.751213475 enP1p1s0: 1529954248 19614795    0    0    0     0          0        87 1528862762 19600802    0    3    0     0       0          0
1777804403.751213475   eth0:       0       0    0    0    0     0          0         0        0       0    0    0    0     0       0          0
1777804403.751213475  wlan0:  227466    2288    0    0    0     0          0         6   260115    2183    0    0    0     0       0          0
1777804404.760088788     lo:   26897     356    0    0    0     0          0         0    26897     356    0    0    0     0       0          0
1777804404.760088788 enP1p1s0: 1529954248 19614795    0    0    0     0          0        87 1528862762 19600802    0    3    0     0       0          0
1777804404.760088788   eth0:       0       0    0    0    0     0          0         0        0       0    0    0    0     0       0          0
1777804404.760088788  wlan0:  227466    2288    0    0    0     0          0         6   260115    2183    0    0    0     0       0          0
1777804405.768936323     lo:   26897     356    0    0    0     0          0         0    26897     356    0    0    0     0       0          0
1777804405.768936323 enP1p1s0: 1529954248 19614795    0    0    0     0          0        87 1528862762 19600802    0    3    0     0       0          0
1777804405.768936323   eth0:       0       0    0    0    0     0          0         0        0       0    0    0    0     0       0          0
1777804405.768936323  wlan0:  227466    2288    0    0    0     0          0         6   260115    2183    0    0    0     0       0          0
1777804406.777799654     lo:   26897     356    0    0    0     0          0         0    26897     356    0    0    0     0       0          0
1777804406.777799654 enP1p1s0: 1529954248 19614795    0    0    0     0          0        87 1528862762 19600802    0    3    0     0       0          0
1777804406.777799654   eth0:       0       0    0    0    0     0          0         0        0       0    0    0    0     0       0          0
1777804406.777799654  wlan0:  227466    2288    0    0    0     0          0         6   260115    2183    0    0    0     0       0          0
1777804407.786719375     lo:   26897     356    0    0    0     0          0         0    26897     356    0    0    0     0       0          0
1777804407.786719375 enP1p1s0: 1529954248 19614795    0    0    0     0          0        87 1528862762 19600802    0    3    0     0       0          0
1777804407.786719375   eth0:       0       0    0    0    0     0          0         0        0       0    0    0    0     0       0          0
1777804407.786719375  wlan0:  227466    2288    0    0    0     0          0         6   260115    2183    0    0    0     0       0          0
1777804408.795573502     lo:   26897     356    0    0    0     0          0         0    26897     356    0    0    0     0       0          0
1777804408.795573502 enP1p1s0: 1529954248 19614795    0    0    0     0          0        87 1528862762 19600802    0    3    0     0       0          0
1777804408.795573502   eth0:       0       0    0    0    0     0          0         0        0       0    0    0    0     0       0          0
1777804408.795573502  wlan0:  227518    2289    0    0    0     0          0         6   260265    2184    0    0    0     0       0          0
1777804409.804463982     lo:   26897     356    0    0    0     0          0         0    26897     356    0    0    0     0       0          0
1777804409.804463982 enP1p1s0: 1529954248 19614795    0    0    0     0          0        87 1528862762 19600802    0    3    0     0       0          0
1777804409.804463982   eth0:       0       0    0    0    0     0          0         0        0       0    0    0    0     0       0          0
1777804409.804463982  wlan0:  227518    2289    0    0    0     0          0         6   260265    2184    0    0    0     0       0          0
1777804410.813517963     lo:   26897     356    0    0    0     0          0         0    26897     356    0    0    0     0       0          0
1777804410.813517963 enP1p1s0: 1529954248 19614795    0    0    0     0          0        87 1528862762 19600802    0    3    0     0       0          0
1777804410.813517963   eth0:       0       0    0    0    0     0          0         0        0       0    0    0    0     0       0          0
1777804410.813517963  wlan0:  227518    2289    0    0    0     0          0         6   260265    2184    0    0    0     0       0          0
1777804411.822451757     lo:   26897     356    0    0    0     0          0         0    26897     356    0    0    0     0       0          0
1777804411.822451757 enP1p1s0: 1529954248 19614795    0    0    0     0          0        87 1528862762 19600802    0    3    0     0       0          0
1777804411.822451757   eth0:       0       0    0    0    0     0          0         0        0       0    0    0    0     0       0          0
1777804411.822451757  wlan0:  227518    2289    0    0    0     0          0         6   260265    2184    0    0    0     0       0          0
1777804412.831308367     lo:   26897     356    0    0    0     0          0         0    26897     356    0    0    0     0       0          0
1777804412.831308367 enP1p1s0: 1529954248 19614795    0    0    0     0          0        87 1528862762 19600802    0    3    0     0       0          0
1777804412.831308367   eth0:       0       0    0    0    0     0          0         0        0       0    0    0    0     0       0          0
1777804412.831308367  wlan0:  227518    2289    0    0    0     0          0         6   260415    2185    0    0    0     0       0          0
1777804413.840163716     lo:   26897     356    0    0    0     0          0         0    26897     356    0    0    0     0       0          0
1777804413.840163716 enP1p1s0: 1529954248 19614795    0    0    0     0          0        87 1528862762 19600802    0    3    0     0       0          0
1777804413.840163716   eth0:       0       0    0    0    0     0          0         0        0       0    0    0    0     0       0          0
1777804413.840163716  wlan0:  227570    2290    0    0    0     0          0         6   260415    2185    0    0    0     0       0          0
1777804414.850025887     lo:   26897     356    0    0    0     0          0         0    26897     356    0    0    0     0       0          0
1777804414.850025887 enP1p1s0: 1606159550 19759672    0    0    0     0          0        87 1605062278 19745668    0    3    0     0       0          0
1777804414.850025887   eth0:       0       0    0    0    0     0          0         0        0       0    0    0    0     0       0          0
1777804414.850025887  wlan0:  228052    2293    0    0    0     0          0         6   260415    2185    0    0    0     0       0          0
1777804415.861743845     lo:   26897     356    0    0    0     0          0         0    26897     356    0    0    0     0       0          0
1777804415.861743845 enP1p1s0: 1726427346 19988318    0    0    0     0          0        87 1725329022 19974312    0    3    0     0       0          0
1777804415.861743845   eth0:       0       0    0    0    0     0          0         0        0       0    0    0    0     0       0          0
1777804415.861743845  wlan0:  228336    2297    0    0    0     0          0         6   260415    2185    0    0    0     0       0          0
1777804416.873692933     lo:   26897     356    0    0    0     0          0         0    26897     356    0    0    0     0       0          0
1777804416.873692933 enP1p1s0: 1846693038 20216960    0    0    0     0          0        87 1845592084 20202949    0    3    0     0       0          0
1777804416.873692933   eth0:       0       0    0    0    0     0          0         0        0       0    0    0    0     0       0          0
1777804416.873692933  wlan0:  228336    2297    0    0    0     0          0         6   260415    2185    0    0    0     0       0          0
1777804417.885601633     lo:   26897     356    0    0    0     0          0         0    26897     356    0    0    0     0       0          0
1777804417.885601633 enP1p1s0: 1966942950 20445572    0    0    0     0          0        87 1965837262 20431552    0    3    0     0       0          0
1777804417.885601633   eth0:       0       0    0    0    0     0          0         0        0       0    0    0    0     0       0          0
1777804417.885601633  wlan0:  228336    2297    0    0    0     0          0         6   260565    2186    0    0    0     0       0          0
1777804418.897613056     lo:   26897     356    0    0    0     0          0         0    26897     356    0    0    0     0       0          0
1777804418.897613056 enP1p1s0: 2086318124 20672521    0    0    0     0          0        87 2085209806 20658496    0    3    0     0       0          0
1777804418.897613056   eth0:       0       0    0    0    0     0          0         0        0       0    0    0    0     0       0          0
1777804418.897613056  wlan0:  228388    2298    0    0    0     0          0         6   260565    2186    0    0    0     0       0          0
1777804419.909527181     lo:   26897     356    0    0    0     0          0         0    26897     356    0    0    0     0       0          0
1777804419.909527181 enP1p1s0: 2204837616 20897845    0    0    0     0          0        87 2203735610 20883832    0    3    0     0       0          0
1777804419.909527181   eth0:       0       0    0    0    0     0          0         0        0       0    0    0    0     0       0          0
1777804419.909527181  wlan0:  228444    2299    0    0    0     0          0         6   260565    2186    0    0    0     0       0          0
1777804420.921269991     lo:   26897     356    0    0    0     0          0         0    26897     356    0    0    0     0       0          0
1777804420.921269991 enP1p1s0: 2323908762 21124216    0    0    0     0          0        87 2322811034 21110212    0    3    0     0       0          0
1777804420.921269991   eth0:       0       0    0    0    0     0          0         0        0       0    0    0    0     0       0          0
1777804420.921269991  wlan0:  228444    2299    0    0    0     0          0         6   260565    2186    0    0    0     0       0          0
1777804421.933169691     lo:   26897     356    0    0    0     0          0         0    26897     356    0    0    0     0       0          0
1777804421.933169691 enP1p1s0: 2443354946 21351300    0    0    0     0          0        87 2442255114 21337292    0    3    0     0       0          0
1777804421.933169691   eth0:       0       0    0    0    0     0          0         0        0       0    0    0    0     0       0          0
1777804421.933169691  wlan0:  228444    2299    0    0    0     0          0         6   260565    2186    0    0    0     0       0          0
1777804422.945145780     lo:   26897     356    0    0    0     0          0         0    26897     356    0    0    0     0       0          0
1777804422.945145780 enP1p1s0: 2561471928 21575857    0    0    0     0          0        87 2560371570 21561848    0    3    0     0       0          0
1777804422.945145780   eth0:       0       0    0    0    0     0          0         0        0       0    0    0    0     0       0          0
1777804422.945145780  wlan0:  228496    2300    0    0    0     0          0         6   260715    2187    0    0    0     0       0          0
1777804423.957184388     lo:   26897     356    0    0    0     0          0         0    26897     356    0    0    0     0       0          0
1777804423.957184388 enP1p1s0: 2681491978 21804032    0    0    0     0          0        87 2680385834 21790012    0    3    0     0       0          0
1777804423.957184388   eth0:       0       0    0    0    0     0          0         0        0       0    0    0    0     0       0          0
1777804423.957184388  wlan0:  228496    2300    0    0    0     0          0         6   260715    2187    0    0    0     0       0          0
1777804424.969194218     lo:   26897     356    0    0    0     0          0         0    26897     356    0    0    0     0       0          0
1777804424.969194218 enP1p1s0: 2801037050 22031304    0    0    0     0          0        87 2799939322 22017300    0    3    0     0       0          0
1777804424.969194218   eth0:       0       0    0    0    0     0          0         0        0       0    0    0    0     0       0          0
1777804424.969194218  wlan0:  228496    2300    0    0    0     0          0         6   260715    2187    0    0    0     0       0          0
1777804425.981172863     lo:   26897     356    0    0    0     0          0         0    26897     356    0    0    0     0       0          0
1777804425.981172863 enP1p1s0: 2921358498 22260052    0    0    0     0          0        87 2920252354 22246032    0    3    0     0       0          0
1777804425.981172863   eth0:       0       0    0    0    0     0          0         0        0       0    0    0    0     0       0          0
1777804425.981172863  wlan0:  228496    2300    0    0    0     0          0         6   260715    2187    0    0    0     0       0          0
1777804426.993262378     lo:   26897     356    0    0    0     0          0         0    26897     356    0    0    0     0       0          0
1777804426.993262378 enP1p1s0: 3041227586 22487940    0    0    0     0          0        87 3040119338 22473916    0    3    0     0       0          0
1777804426.993262378   eth0:       0       0    0    0    0     0          0         0        0       0    0    0    0     0       0          0
1777804426.993262378  wlan0:  228496    2300    0    0    0     0          0         6   260715    2187    0    0    0     0       0          0
1777804428.005287060     lo:   26897     356    0    0    0     0          0         0    26897     356    0    0    0     0       0          0
1777804428.005287060 enP1p1s0: 3161518000 22716629    0    0    0     0          0        87 3160411856 22702609    0    3    0     0       0          0
1777804428.005287060   eth0:       0       0    0    0    0     0          0         0        0       0    0    0    0     0       0          0
1777804428.005287060  wlan0:  228604    2302    0    0    0     0          0         6   260865    2188    0    0    0     0       0          0
1777804429.017257316     lo:   26897     356    0    0    0     0          0         0    26897     356    0    0    0     0       0          0
1777804429.017257316 enP1p1s0: 3281731618 22945172    0    0    0     0          0        87 3280627578 22931156    0    3    0     0       0          0
1777804429.017257316   eth0:       0       0    0    0    0     0          0         0        0       0    0    0    0     0       0          0
1777804429.017257316  wlan0:  228604    2302    0    0    0     0          0         6   260865    2188    0    0    0     0       0          0
1777804430.029167719     lo:   26897     356    0    0    0     0          0         0    26897     356    0    0    0     0       0          0
1777804430.029167719 enP1p1s0: 3402000466 23173820    0    0    0     0          0        87 3400894322 23159800    0    3    0     0       0          0
1777804430.029167719   eth0:       0       0    0    0    0     0          0         0        0       0    0    0    0     0       0          0
1777804430.029167719  wlan0:  228604    2302    0    0    0     0          0         6   260865    2188    0    0    0     0       0          0
1777804431.041017659     lo:   26897     356    0    0    0     0          0         0    26897     356    0    0    0     0       0          0
1777804431.041017659 enP1p1s0: 3522287198 23402502    0    0    0     0          0        87 3521182106 23388484    0    3    0     0       0          0
1777804431.041017659   eth0:       0       0    0    0    0     0          0         0        0       0    0    0    0     0       0          0
1777804431.041017659  wlan0:  228604    2302    0    0    0     0          0         6   260865    2188    0    0    0     0       0          0
1777804432.052823136     lo:   26897     356    0    0    0     0          0         0    26897     356    0    0    0     0       0          0
1777804432.052823136 enP1p1s0: 3642554468 23631147    0    0    0     0          0        87 3641444642 23617120    0    3    0     0       0          0
1777804432.052823136   eth0:       0       0    0    0    0     0          0         0        0       0    0    0    0     0       0          0
1777804432.052823136  wlan0:  228604    2302    0    0    0     0          0         6   260865    2188    0    0    0     0       0          0
1777804433.064645928     lo:   26897     356    0    0    0     0          0         0    26897     356    0    0    0     0       0          0
1777804433.064645928 enP1p1s0: 3762832258 23859812    0    0    0     0          0        87 3761730322 23845800    0    3    0     0       0          0
1777804433.064645928   eth0:       0       0    0    0    0     0          0         0        0       0    0    0    0     0       0          0
1777804433.064645928  wlan0:  228656    2303    0    0    0     0          0         6   261015    2189    0    0    0     0       0          0
1777804434.076527183     lo:   26897     356    0    0    0     0          0         0    26897     356    0    0    0     0       0          0
1777804434.076527183 enP1p1s0: 3883086378 24088432    0    0    0     0          0        87 3881984442 24074420    0    3    0     0       0          0
1777804434.076527183   eth0:       0       0    0    0    0     0          0         0        0       0    0    0    0     0       0          0
1777804434.076527183  wlan0:  228656    2303    0    0    0     0          0         6   261015    2189    0    0    0     0       0          0
1777804435.088462883     lo:   26897     356    0    0    0     0          0         0    26897     356    0    0    0     0       0          0
1777804435.088462883 enP1p1s0: 4003264754 24316908    0    0    0     0          0        87 4002160714 24302892    0    3    0     0       0          0
1777804435.088462883   eth0:       0       0    0    0    0     0          0         0        0       0    0    0    0     0       0          0
1777804435.088462883  wlan0:  228656    2303    0    0    0     0          0         6   261015    2189    0    0    0     0       0          0
1777804436.100448861     lo:   26897     356    0    0    0     0          0         0    26897     356    0    0    0     0       0          0
1777804436.100448861 enP1p1s0: 4123491522 24545476    0    0    0     0          0        87 4122394320 24531473    0    3    0     0       0          0
1777804436.100448861   eth0:       0       0    0    0    0     0          0         0        0       0    0    0    0     0       0          0
1777804436.100448861  wlan0:  228656    2303    0    0    0     0          0         6   261015    2189    0    0    0     0       0          0
1777804437.112405469     lo:   26897     356    0    0    0     0          0         0    26897     356    0    0    0     0       0          0
1777804437.112405469 enP1p1s0: 4243735122 24774076    0    0    0     0          0        87 4242633186 24760064    0    3    0     0       0          0
1777804437.112405469   eth0:       0       0    0    0    0     0          0         0        0       0    0    0    0     0       0          0
1777804437.112405469  wlan0:  228656    2303    0    0    0     0          0         6   261015    2189    0    0    0     0       0          0
1777804438.124322816     lo:   26897     356    0    0    0     0          0         0    26897     356    0    0    0     0       0          0
1777804438.124322816 enP1p1s0: 4363934012 25002591    0    0    0     0          0        87 4362836810 24988588    0    3    0     0       0          0
1777804438.124322816   eth0:       0       0    0    0    0     0          0         0        0       0    0    0    0     0       0          0
1777804438.124322816  wlan0:  228708    2304    0    0    0     0          0         6   261165    2190    0    0    0     0       0          0
1777804439.136250072     lo:   26897     356    0    0    0     0          0         0    26897     356    0    0    0     0       0          0
1777804439.136250072 enP1p1s0: 4484207594 25231248    0    0    0     0          0        87 4483103554 25217232    0    3    0     0       0          0
1777804439.136250072   eth0:       0       0    0    0    0     0          0         0        0       0    0    0    0     0       0          0
1777804439.136250072  wlan0:  228708    2304    0    0    0     0          0         6   261165    2190    0    0    0     0       0          0
1777804440.148147827     lo:   26897     356    0    0    0     0          0         0    26897     356    0    0    0     0       0          0
1777804440.148147827 enP1p1s0: 4604364930 25459684    0    0    0     0          0        87 4603267202 25445680    0    3    0     0       0          0
1777804440.148147827   eth0:       0       0    0    0    0     0          0         0        0       0    0    0    0     0       0          0
1777804440.148147827  wlan0:  228708    2304    0    0    0     0          0         6   261165    2190    0    0    0     0       0          0
1777804441.159865878     lo:   26897     356    0    0    0     0          0         0    26897     356    0    0    0     0       0          0
1777804441.159865878 enP1p1s0: 4724522266 25688120    0    0    0     0          0        87 4723395082 25674060    0    3    0     0       0          0
1777804441.159865878   eth0:       0       0    0    0    0     0          0         0        0       0    0    0    0     0       0          0
1777804441.159865878  wlan0:  228708    2304    0    0    0     0          0         6   261165    2190    0    0    0     0       0          0
1777804442.172875824     lo:   26897     356    0    0    0     0          0         0    26897     356    0    0    0     0       0          0
1777804442.172875824 enP1p1s0: 4845043594 25917248    0    0    0     0          0        87 4843916410 25903188    0    3    0     0       0          0
1777804442.172875824   eth0:       0       0    0    0    0     0          0         0        0       0    0    0    0     0       0          0
1777804442.172875824  wlan0:  228708    2304    0    0    0     0          0         6   261165    2190    0    0    0     0       0          0
1777804443.190018108     lo:   26897     356    0    0    0     0          0         0    26897     356    0    0    0     0       0          0
1777804443.190018108 enP1p1s0: 4965781634 26146788    0    0    0     0          0        87 4964646034 26132712    0    3    0     0       0          0
1777804443.190018108   eth0:       0       0    0    0    0     0          0         0        0       0    0    0    0     0       0          0
1777804443.190018108  wlan0:  228816    2306    0    0    0     0          0         6   261315    2191    0    0    0     0       0          0
1777804444.205279492     lo:   26897     356    0    0    0     0          0         0    26897     356    0    0    0     0       0          0
1777804444.205279492 enP1p1s0: 5086427624 26376153    0    0    0     0          0        87 5085325162 26362140    0    3    0     0       0          0
1777804444.205279492   eth0:       0       0    0    0    0     0          0         0        0       0    0    0    0     0       0          0
1777804444.205279492  wlan0:  228816    2306    0    0    0     0          0         6   261315    2191    0    0    0     0       0          0
1777804445.217937493     lo:   26897     356    0    0    0     0          0         0    26897     356    0    0    0     0       0          0
1777804445.217937493 enP1p1s0: 5206788522 26604976    0    0    0     0          0        87 5205688690 26590968    0    3    0     0       0          0
1777804445.217937493   eth0:       0       0    0    0    0     0          0         0        0       0    0    0    0     0       0          0
1777804445.217937493  wlan0:  228816    2306    0    0    0     0          0         6   261315    2191    0    0    0     0       0          0
1777804446.231064403     lo:   26897     356    0    0    0     0          0         0    26897     356    0    0    0     0       0          0
1777804446.231064403 enP1p1s0: 5327143634 26833788    0    0    0     0          0        87 5326037490 26819768    0    3    0     0       0          0
1777804446.231064403   eth0:       0       0    0    0    0     0          0         0        0       0    0    0    0     0       0          0
1777804446.231064403  wlan0:  228816    2306    0    0    0     0          0         6   261315    2191    0    0    0     0       0          0
1777804447.243886089     lo:   26897     356    0    0    0     0          0         0    26897     356    0    0    0     0       0          0
1777804447.243886089 enP1p1s0: 5447521890 27062644    0    0    0     0          0        87 5446426266 27048644    0    3    0     0       0          0
1777804447.243886089   eth0:       0       0    0    0    0     0          0         0        0       0    0    0    0     0       0          0
1777804447.243886089  wlan0:  228816    2306    0    0    0     0          0         6   261315    2191    0    0    0     0       0          0
1777804448.257002314     lo:   26897     356    0    0    0     0          0         0    26897     356    0    0    0     0       0          0
1777804448.257002314 enP1p1s0: 5568018496 27291725    0    0    0     0          0        87 5566911826 27277704    0    3    0     0       0          0
1777804448.257002314   eth0:       0       0    0    0    0     0          0         0        0       0    0    0    0     0       0          0
1777804448.257002314  wlan0:  228868    2307    0    0    0     0          0         6   261465    2192    0    0    0     0       0          0
1777804449.270703949     lo:   26897     356    0    0    0     0          0         0    26897     356    0    0    0     0       0          0
1777804449.270703949 enP1p1s0: 5688789674 27521328    0    0    0     0          0        87 5687687738 27507316    0    3    0     0       0          0
1777804449.270703949   eth0:       0       0    0    0    0     0          0         0        0       0    0    0    0     0       0          0
1777804449.270703949  wlan0:  228868    2307    0    0    0     0          0         6   261465    2192    0    0    0     0       0          0
1777804450.283496024     lo:   26897     356    0    0    0     0          0         0    26897     356    0    0    0     0       0          0
1777804450.283496024 enP1p1s0: 5809529818 27750872    0    0    0     0          0        87 5808434194 27736872    0    3    0     0       0          0
1777804450.283496024   eth0:       0       0    0    0    0     0          0         0        0       0    0    0    0     0       0          0
1777804450.283496024  wlan0:  228868    2307    0    0    0     0          0         6   261465    2192    0    0    0     0       0          0
1777804451.296955251     lo:   26897     356    0    0    0     0          0         0    26897     356    0    0    0     0       0          0
1777804451.296955251 enP1p1s0: 5930164762 27980216    0    0    0     0          0        87 5929060722 27966200    0    3    0     0       0          0
1777804451.296955251   eth0:       0       0    0    0    0     0          0         0        0       0    0    0    0     0       0          0
1777804451.296955251  wlan0:  228868    2307    0    0    0     0          0         6   261465    2192    0    0    0     0       0          0
1777804452.310345958     lo:   26897     356    0    0    0     0          0         0    26897     356    0    0    0     0       0          0
1777804452.310345958 enP1p1s0: 6050734482 28209436    0    0    0     0          0        87 6049638858 28195436    0    3    0     0       0          0
1777804452.310345958   eth0:       0       0    0    0    0     0          0         0        0       0    0    0    0     0       0          0
1777804452.310345958  wlan0:  228868    2307    0    0    0     0          0         6   261465    2192    0    0    0     0       0          0
1777804453.322612141     lo:   26897     356    0    0    0     0          0         0    26897     356    0    0    0     0       0          0
1777804453.322612141 enP1p1s0: 6171110634 28438288    0    0    0     0          0        87 6170010802 28424280    0    3    0     0       0          0
1777804453.322612141   eth0:       0       0    0    0    0     0          0         0        0       0    0    0    0     0       0          0
1777804453.322612141  wlan0:  228956    2309    0    0    0     0          0         7   261615    2193    0    0    0     0       0          0
1777804454.334498841     lo:   26897     356    0    0    0     0          0         0    26897     356    0    0    0     0       0          0
1777804454.334498841 enP1p1s0: 6291359494 28666898    0    0    0     0          0        87 6290254402 28652880    0    3    0     0       0          0
1777804454.334498841   eth0:       0       0    0    0    0     0          0         0        0       0    0    0    0     0       0          0
1777804454.334498841  wlan0:  228956    2309    0    0    0     0          0         7   261615    2193    0    0    0     0       0          0
1777804455.346446948     lo:   26897     356    0    0    0     0          0         0    26897     356    0    0    0     0       0          0
1777804455.346446948 enP1p1s0: 6411703034 28895688    0    0    0     0          0        87 6410601098 28881676    0    3    0     0       0          0
1777804455.346446948   eth0:       0       0    0    0    0     0          0         0        0       0    0    0    0     0       0          0
1777804455.346446948  wlan0:  228956    2309    0    0    0     0          0         7   261615    2193    0    0    0     0       0          0
1777804456.358357982     lo:   26897     356    0    0    0     0          0         0    26897     356    0    0    0     0       0          0
1777804456.358357982 enP1p1s0: 6531987136 29124365    0    0    0     0          0        87 6530888882 29110360    0    3    0     0       0          0
1777804456.358357982   eth0:       0       0    0    0    0     0          0         0        0       0    0    0    0     0       0          0
1777804456.358357982  wlan0:  228956    2309    0    0    0     0          0         7   261615    2193    0    0    0     0       0          0
1777804457.370336145     lo:   26897     356    0    0    0     0          0         0    26897     356    0    0    0     0       0          0
1777804457.370336145 enP1p1s0: 6652242834 29352988    0    0    0     0          0        87 6651136690 29338968    0    3    0     0       0          0
1777804457.370336145   eth0:       0       0    0    0    0     0          0         0        0       0    0    0    0     0       0          0
1777804457.370336145  wlan0:  229172    2310    0    0    0     0          0         7   261845    2194    0    0    0     0       0          0
1777804458.382279104     lo:   26897     356    0    0    0     0          0         0    26897     356    0    0    0     0       0          0
1777804458.382279104 enP1p1s0: 6772570594 29581748    0    0    0     0          0        87 6771472866 29567744    0    3    0     0       0          0
1777804458.382279104   eth0:       0       0    0    0    0     0          0         0        0       0    0    0    0     0       0          0
1777804458.382279104  wlan0:  229440    2312    0    0    0     0          0         7   262225    2196    0    0    0     0       0          0
1777804459.394175044     lo:   26897     356    0    0    0     0          0         0    26897     356    0    0    0     0       0          0
1777804459.394175044 enP1p1s0: 6892847332 29810411    0    0    0     0          0        87 6891741714 29796392    0    3    0     0       0          0
1777804459.394175044   eth0:       0       0    0    0    0     0          0         0        0       0    0    0    0     0       0          0
1777804459.394175044  wlan0:  229656    2313    0    0    0     0          0         7   262455    2197    0    0    0     0       0          0
1777804460.406137448     lo:   26897     356    0    0    0     0          0         0    26897     356    0    0    0     0       0          0
1777804460.406137448 enP1p1s0: 7013209282 30039236    0    0    0     0          0        87 7012113658 30025236    0    3    0     0       0          0
1777804460.406137448   eth0:       0       0    0    0    0     0          0         0        0       0    0    0    0     0       0          0
1777804460.406137448  wlan0:  229656    2313    0    0    0     0          0         7   262455    2197    0    0    0     0       0          0
1777804461.418016833     lo:   26897     356    0    0    0     0          0         0    26897     356    0    0    0     0       0          0
1777804461.418016833 enP1p1s0: 7133513492 30267953    0    0    0     0          0        87 7132413134 30253944    0    3    0     0       0          0
1777804461.418016833   eth0:       0       0    0    0    0     0          0         0        0       0    0    0    0     0       0          0
1777804461.418016833  wlan0:  229656    2313    0    0    0     0          0         7   262455    2197    0    0    0     0       0          0
1777804462.432315157     lo:   26897     356    0    0    0     0          0         0    26897     356    0    0    0     0       0          0
1777804462.432315157 enP1p1s0: 7254084790 30497176    0    0    0     0          0        87 7252978646 30483156    0    3    0     0       0          0
1777804462.432315157   eth0:       0       0    0    0    0     0          0         0        0       0    0    0    0     0       0          0
1777804462.432315157  wlan0:  229684    2314    0    0    0     0          0         7   262497    2198    0    0    0     0       0          0
1777804463.444225764     lo:   26897     356    0    0    0     0          0         0    26897     356    0    0    0     0       0          0
1777804463.444225764 enP1p1s0: 7374336806 30725792    0    0    0     0          0        87 7373234870 30711780    0    3    0     0       0          0
1777804463.444225764   eth0:       0       0    0    0    0     0          0         0        0       0    0    0    0     0       0          0
1777804463.444225764  wlan0:  229736    2315    0    0    0     0          0         7   262647    2199    0    0    0     0       0          0
1777804464.456163075     lo:   26897     356    0    0    0     0          0         0    26897     356    0    0    0     0       0          0
1777804464.456163075 enP1p1s0: 7494675612 30954573    0    0    0     0          0        87 7493571046 30940556    0    3    0     0       0          0
1777804464.456163075   eth0:       0       0    0    0    0     0          0         0        0       0    0    0    0     0       0          0
1777804464.456163075  wlan0:  229736    2315    0    0    0     0          0         7   262945    2200    0    0    0     0       0          0
1777804465.468058349     lo:   26897     356    0    0    0     0          0         0    26897     356    0    0    0     0       0          0
1777804465.468058349 enP1p1s0: 7614911848 31183159    0    0    0     0          0        87 7613810438 31169148    0    3    0     0       0          0
1777804465.468058349   eth0:       0       0    0    0    0     0          0         0        0       0    0    0    0     0       0          0
1777804465.468058349  wlan0:  229952    2316    0    0    0     0          0         7   263175    2201    0    0    0     0       0          0
1777804466.479857344     lo:   26897     356    0    0    0     0          0         0    26897     356    0    0    0     0       0          0
1777804466.479857344 enP1p1s0: 7735151766 31411752    0    0    0     0          0        87 7734049830 31397740    0    3    0     0       0          0
1777804466.479857344   eth0:       0       0    0    0    0     0          0         0        0       0    0    0    0     0       0          0
1777804466.479857344  wlan0:  229952    2316    0    0    0     0          0         7   263175    2201    0    0    0     0       0          0
1777804467.491774340     lo:   26897     356    0    0    0     0          0         0    26897     356    0    0    0     0       0          0
1777804467.491774340 enP1p1s0: 7854411220 31638481    0    0    0     0          0        87 7853310862 31624472    0    3    0     0       0          0
1777804467.491774340   eth0:       0       0    0    0    0     0          0         0        0       0    0    0    0     0       0          0
1777804467.491774340  wlan0:  229952    2316    0    0    0     0          0         7   263175    2201    0    0    0     0       0          0
1777804468.503560965     lo:   26897     356    0    0    0     0          0         0    26897     356    0    0    0     0       0          0
1777804468.503560965 enP1p1s0: 7974725830 31867216    0    0    0     0          0        87 7973625998 31853208    0    3    0     0       0          0
1777804468.503560965   eth0:       0       0    0    0    0     0          0         0        0       0    0    0    0     0       0          0
1777804468.503560965  wlan0:  230004    2317    0    0    0     0          0         7   263325    2202    0    0    0     0       0          0
1777804469.515481795     lo:   26897     356    0    0    0     0          0         0    26897     356    0    0    0     0       0          0
1777804469.515481795 enP1p1s0: 8094998886 32095872    0    0    0     0          0        87 8093896950 32081860    0    3    0     0       0          0
1777804469.515481795   eth0:       0       0    0    0    0     0          0         0        0       0    0    0    0     0       0          0
1777804469.515481795  wlan0:  230004    2317    0    0    0     0          0         7   263325    2202    0    0    0     0       0          0
