Linux 6.17.0-1011-raspi (raspberrypi) 	05/03/26 	_aarch64_	(4 CPU)

15:15:29     CPU    %usr   %nice    %sys %iowait    %irq   %soft  %steal  %guest  %gnice   %idle
15:15:30     all    3.01    0.00   24.06    0.00    0.00    0.00    0.00    0.00    0.00   72.93
15:15:30       0    0.00    0.00    2.02    0.00    0.00    0.00    0.00    0.00    0.00   97.98
15:15:30       1   10.00    0.00   90.00    0.00    0.00    0.00    0.00    0.00    0.00    0.00
15:15:30       2    1.00    0.00    2.00    0.00    0.00    0.00    0.00    0.00    0.00   97.00
15:15:30       3    1.00    0.00    2.00    0.00    0.00    0.00    0.00    0.00    0.00   97.00

15:15:30     CPU    %usr   %nice    %sys %iowait    %irq   %soft  %steal  %guest  %gnice   %idle
15:15:31     all    3.25    0.00   23.50    0.00    0.00    0.00    0.00    0.00    0.00   73.25
15:15:31       0    1.00    0.00    1.00    0.00    0.00    0.00    0.00    0.00    0.00   98.00
15:15:31       1   11.00    0.00   89.00    0.00    0.00    0.00    0.00    0.00    0.00    0.00
15:15:31       2    0.00    0.00    2.00    0.00    0.00    0.00    0.00    0.00    0.00   98.00
15:15:31       3    1.00    0.00    2.00    0.00    0.00    0.00    0.00    0.00    0.00   97.00

15:15:31     CPU    %usr   %nice    %sys %iowait    %irq   %soft  %steal  %guest  %gnice   %idle
15:15:32     all    2.77    0.00   23.93    0.00    0.00    0.00    0.00    0.00    0.00   73.30
15:15:32       0    0.00    0.00    2.02    0.00    0.00    0.00    0.00    0.00    0.00   97.98
15:15:32       1   10.00    0.00   90.00    0.00    0.00    0.00    0.00    0.00    0.00    0.00
15:15:32       2    1.01    0.00    1.01    0.00    0.00    0.00    0.00    0.00    0.00   97.98
15:15:32       3    0.00    0.00    2.02    0.00    0.00    0.00    0.00    0.00    0.00   97.98

15:15:32     CPU    %usr   %nice    %sys %iowait    %irq   %soft  %steal  %guest  %gnice   %idle
15:15:33     all    3.47    0.00   23.76    0.25    0.00    0.00    0.00    0.00    0.00   72.52
15:15:33       0    0.99    0.00    1.98    0.00    0.00    0.00    0.00    0.00    0.00   97.03
15:15:33       1   10.89    0.00   89.11    0.00    0.00    0.00    0.00    0.00    0.00    0.00
15:15:33       2    0.99    0.00    1.98    0.00    0.00    0.00    0.00    0.00    0.00   97.03
15:15:33       3    0.99    0.00    1.98    0.99    0.00    0.00    0.00    0.00    0.00   96.04

15:15:33     CPU    %usr   %nice    %sys %iowait    %irq   %soft  %steal  %guest  %gnice   %idle
15:15:34     all    3.78    0.00   22.67    0.00    0.00    0.00    0.00    0.00    0.00   73.55
15:15:34       0    1.00    0.00    1.00    0.00    0.00    0.00    0.00    0.00    0.00   98.00
15:15:34       1   12.12    0.00   87.88    0.00    0.00    0.00    0.00    0.00    0.00    0.00
15:15:34       2    1.01    0.00    1.01    0.00    0.00    0.00    0.00    0.00    0.00   97.98
15:15:34       3    1.01    0.00    1.01    0.00    0.00    0.00    0.00    0.00    0.00   97.98

15:15:34     CPU    %usr   %nice    %sys %iowait    %irq   %soft  %steal  %guest  %gnice   %idle
15:15:35     all    3.24    0.00   23.44    0.25    0.00    0.00    0.00    0.00    0.00   73.07
15:15:35       0    1.01    0.00    1.01    0.00    0.00    0.00    0.00    0.00    0.00   97.98
15:15:35       1   11.00    0.00   89.00    0.00    0.00    0.00    0.00    0.00    0.00    0.00
15:15:35       2    0.00    0.00    1.98    0.99    0.00    0.00    0.00    0.00    0.00   97.03
15:15:35       3    0.99    0.00    1.98    0.00    0.00    0.00    0.00    0.00    0.00   97.03

15:15:35     CPU    %usr   %nice    %sys %iowait    %irq   %soft  %steal  %guest  %gnice   %idle
15:15:36     all    3.01    0.00   23.56    0.00    0.00    0.00    0.00    0.00    0.00   73.43
15:15:36       0    0.00    0.00    2.00    0.00    0.00    0.00    0.00    0.00    0.00   98.00
15:15:36       1   11.00    0.00   89.00    0.00    0.00    0.00    0.00    0.00    0.00    0.00
15:15:36       2    1.00    0.00    2.00    0.00    0.00    0.00    0.00    0.00    0.00   97.00
15:15:36       3    0.00    0.00    1.01    0.00    0.00    0.00    0.00    0.00    0.00   98.99

15:15:36     CPU    %usr   %nice    %sys %iowait    %irq   %soft  %steal  %guest  %gnice   %idle
15:15:37     all    3.98    0.00   23.13    0.00    0.00    0.00    0.00    0.00    0.00   72.89
15:15:37       0    1.00    0.00    1.00    0.00    0.00    0.00    0.00    0.00    0.00   98.00
15:15:37       1   12.87    0.00   87.13    0.00    0.00    0.00    0.00    0.00    0.00    0.00
15:15:37       2    1.00    0.00    2.00    0.00    0.00    0.00    0.00    0.00    0.00   97.00
15:15:37       3    0.99    0.00    1.98    0.00    0.00    0.00    0.00    0.00    0.00   97.03

15:15:37     CPU    %usr   %nice    %sys %iowait    %irq   %soft  %steal  %guest  %gnice   %idle
15:15:38     all    2.77    0.00   23.68    0.00    0.00    0.00    0.00    0.00    0.00   73.55
15:15:38       0    1.01    0.00    1.01    0.00    0.00    0.00    0.00    0.00    0.00   97.98
15:15:38       1    9.09    0.00   90.91    0.00    0.00    0.00    0.00    0.00    0.00    0.00
15:15:38       2    0.00    0.00    2.02    0.00    0.00    0.00    0.00    0.00    0.00   97.98
15:15:38       3    1.00    0.00    1.00    0.00    0.00    0.00    0.00    0.00    0.00   98.00

15:15:38     CPU    %usr   %nice    %sys %iowait    %irq   %soft  %steal  %guest  %gnice   %idle
15:15:39     all    3.00    0.00   23.75    0.00    0.00    0.00    0.00    0.00    0.00   73.25
15:15:39       0    1.00    0.00    1.00    0.00    0.00    0.00    0.00    0.00    0.00   98.00
15:15:39       1   10.00    0.00   90.00    0.00    0.00    0.00    0.00    0.00    0.00    0.00
15:15:39       2    0.99    0.00    1.98    0.00    0.00    0.00    0.00    0.00    0.00   97.03
15:15:39       3    0.00    0.00    2.02    0.00    0.00    0.00    0.00    0.00    0.00   97.98

15:15:39     CPU    %usr   %nice    %sys %iowait    %irq   %soft  %steal  %guest  %gnice   %idle
15:15:40     all    3.74    0.00   23.44    0.00    0.00    0.00    0.00    0.00    0.00   72.82
15:15:40       0    1.00    0.00    2.00    0.00    0.00    0.00    0.00    0.00    0.00   97.00
15:15:40       1   11.88    0.00   88.12    0.00    0.00    0.00    0.00    0.00    0.00    0.00
15:15:40       2    1.00    0.00    2.00    0.00    0.00    0.00    0.00    0.00    0.00   97.00
15:15:40       3    1.00    0.00    1.00    0.00    0.00    0.00    0.00    0.00    0.00   98.00

15:15:40     CPU    %usr   %nice    %sys %iowait    %irq   %soft  %steal  %guest  %gnice   %idle
15:15:41     all    3.27    0.00   23.17    0.00    0.00    0.00    0.00    0.00    0.00   73.55
15:15:41       0    0.00    0.00    1.01    0.00    0.00    0.00    0.00    0.00    0.00   98.99
15:15:41       1   11.11    0.00   88.89    0.00    0.00    0.00    0.00    0.00    0.00    0.00
15:15:41       2    1.01    0.00    1.01    0.00    0.00    0.00    0.00    0.00    0.00   97.98
15:15:41       3    1.00    0.00    2.00    0.00    0.00    0.00    0.00    0.00    0.00   97.00

15:15:41     CPU    %usr   %nice    %sys %iowait    %irq   %soft  %steal  %guest  %gnice   %idle
15:15:42     all    3.23    0.00   23.63    0.00    0.00    0.00    0.00    0.00    0.00   73.13
15:15:42       0    0.99    0.00    1.98    0.00    0.00    0.00    0.00    0.00    0.00   97.03
15:15:42       1   11.00    0.00   89.00    0.00    0.00    0.00    0.00    0.00    0.00    0.00
15:15:42       2    0.00    0.00    2.00    0.00    0.00    0.00    0.00    0.00    0.00   98.00
15:15:42       3    0.99    0.00    1.98    0.00    0.00    0.00    0.00    0.00    0.00   97.03

15:15:42     CPU    %usr   %nice    %sys %iowait    %irq   %soft  %steal  %guest  %gnice   %idle
15:15:43     all    3.27    0.00   23.43    0.00    0.00    0.50    0.00    0.00    0.00   72.80
15:15:43       0    1.03    0.00    1.03    0.00    0.00    1.03    0.00    0.00    0.00   96.91
15:15:43       1   10.89    0.00   88.12    0.00    0.00    0.99    0.00    0.00    0.00    0.00
15:15:43       2    1.00    0.00    2.00    0.00    0.00    0.00    0.00    0.00    0.00   97.00
15:15:43       3    0.00    0.00    1.01    0.00    0.00    0.00    0.00    0.00    0.00   98.99

15:15:43     CPU    %usr   %nice    %sys %iowait    %irq   %soft  %steal  %guest  %gnice   %idle
15:15:44     all    2.84    0.00   25.52    0.00    0.00    0.77    0.00    0.00    0.00   70.88
15:15:44       0    0.00    0.00    3.41    0.00    0.00    3.41    0.00    0.00    0.00   93.18
15:15:44       1    9.00    0.00   91.00    0.00    0.00    0.00    0.00    0.00    0.00    0.00
15:15:44       2    1.00    0.00    3.00    0.00    0.00    0.00    0.00    0.00    0.00   96.00
15:15:44       3    1.00    0.00    2.00    0.00    0.00    0.00    0.00    0.00    0.00   97.00

15:15:44     CPU    %usr   %nice    %sys %iowait    %irq   %soft  %steal  %guest  %gnice   %idle
15:15:45     all    3.32    0.00   24.81    0.00    0.00    1.53    0.00    0.00    0.00   70.33
15:15:45       0    1.11    0.00    2.22    0.00    0.00    5.56    0.00    0.00    0.00   91.11
15:15:45       1   10.00    0.00   89.00    0.00    0.00    1.00    0.00    0.00    0.00    0.00
15:15:45       2    1.00    0.00    3.00    0.00    0.00    0.00    0.00    0.00    0.00   96.00
15:15:45       3    0.99    0.00    2.97    0.00    0.00    0.00    0.00    0.00    0.00   96.04

15:15:45     CPU    %usr   %nice    %sys %iowait    %irq   %soft  %steal  %guest  %gnice   %idle
15:15:46     all    3.39    0.00   24.54    0.00    0.00    0.78    0.00    0.00    0.00   71.28
15:15:46       0    0.00    0.00    2.33    0.00    0.00    3.49    0.00    0.00    0.00   94.19
15:15:46       1   11.11    0.00   88.89    0.00    0.00    0.00    0.00    0.00    0.00    0.00
15:15:46       2    1.01    0.00    2.02    0.00    0.00    0.00    0.00    0.00    0.00   96.97
15:15:46       3    1.01    0.00    2.02    0.00    0.00    0.00    0.00    0.00    0.00   96.97

15:15:46     CPU    %usr   %nice    %sys %iowait    %irq   %soft  %steal  %guest  %gnice   %idle
15:15:47     all    3.60    0.00   24.94    0.00    0.00    0.77    0.00    0.00    0.00   70.69
15:15:47       0    2.25    0.00    2.25    0.00    0.00    3.37    0.00    0.00    0.00   92.13
15:15:47       1   10.00    0.00   90.00    0.00    0.00    0.00    0.00    0.00    0.00    0.00
15:15:47       2    1.00    0.00    2.00    0.00    0.00    0.00    0.00    0.00    0.00   97.00
15:15:47       3    1.00    0.00    3.00    0.00    0.00    0.00    0.00    0.00    0.00   96.00

15:15:47     CPU    %usr   %nice    %sys %iowait    %irq   %soft  %steal  %guest  %gnice   %idle
15:15:48     all    3.11    0.00   25.13    0.00    0.00    1.04    0.00    0.00    0.00   70.73
15:15:48       0    0.00    0.00    2.33    0.00    0.00    3.49    0.00    0.00    0.00   94.19
15:15:48       1    9.90    0.00   89.11    0.00    0.00    0.99    0.00    0.00    0.00    0.00
15:15:48       2    1.00    0.00    3.00    0.00    0.00    0.00    0.00    0.00    0.00   96.00
15:15:48       3    1.01    0.00    2.02    0.00    0.00    0.00    0.00    0.00    0.00   96.97

15:15:48     CPU    %usr   %nice    %sys %iowait    %irq   %soft  %steal  %guest  %gnice   %idle
15:15:49     all    3.33    0.00   24.62    0.00    0.00    1.28    0.00    0.00    0.00   70.77
15:15:49       0    1.11    0.00    3.33    0.00    0.00    4.44    0.00    0.00    0.00   91.11
15:15:49       1   10.00    0.00   89.00    0.00    0.00    1.00    0.00    0.00    0.00    0.00
15:15:49       2    1.00    0.00    2.00    0.00    0.00    0.00    0.00    0.00    0.00   97.00
15:15:49       3    1.00    0.00    2.00    0.00    0.00    0.00    0.00    0.00    0.00   97.00

15:15:49     CPU    %usr   %nice    %sys %iowait    %irq   %soft  %steal  %guest  %gnice   %idle
15:15:50     all    3.08    0.00   25.19    0.26    0.00    0.77    0.00    0.00    0.00   70.69
15:15:50       0    1.14    0.00    2.27    0.00    0.00    3.41    0.00    0.00    0.00   93.18
15:15:50       1    9.00    0.00   91.00    0.00    0.00    0.00    0.00    0.00    0.00    0.00
15:15:50       2    1.00    0.00    2.00    0.00    0.00    0.00    0.00    0.00    0.00   97.00
15:15:50       3    0.99    0.00    2.97    0.99    0.00    0.00    0.00    0.00    0.00   95.05

15:15:50     CPU    %usr   %nice    %sys %iowait    %irq   %soft  %steal  %guest  %gnice   %idle
15:15:51     all    3.38    0.00   24.68    0.00    0.00    1.04    0.00    0.00    0.00   70.91
15:15:51       0    1.15    0.00    2.30    0.00    0.00    4.60    0.00    0.00    0.00   91.95
15:15:51       1   10.10    0.00   89.90    0.00    0.00    0.00    0.00    0.00    0.00    0.00
15:15:51       2    1.01    0.00    2.02    0.00    0.00    0.00    0.00    0.00    0.00   96.97
15:15:51       3    1.00    0.00    2.00    0.00    0.00    0.00    0.00    0.00    0.00   97.00

15:15:51     CPU    %usr   %nice    %sys %iowait    %irq   %soft  %steal  %guest  %gnice   %idle
15:15:52     all    3.07    0.00   25.32    0.00    0.00    1.28    0.00    0.00    0.00   70.33
15:15:52       0    1.12    0.00    3.37    0.00    0.00    4.49    0.00    0.00    0.00   91.01
15:15:52       1    9.90    0.00   89.11    0.00    0.00    0.99    0.00    0.00    0.00    0.00
15:15:52       2    0.99    0.00    2.97    0.00    0.00    0.00    0.00    0.00    0.00   96.04
15:15:52       3    0.00    0.00    3.00    0.00    0.00    0.00    0.00    0.00    0.00   97.00

15:15:52     CPU    %usr   %nice    %sys %iowait    %irq   %soft  %steal  %guest  %gnice   %idle
15:15:53     all    3.89    0.00   24.61    0.00    0.00    0.52    0.00    0.00    0.00   70.98
15:15:53       0    2.30    0.00    2.30    0.00    0.00    2.30    0.00    0.00    0.00   93.10
15:15:53       1   11.00    0.00   89.00    0.00    0.00    0.00    0.00    0.00    0.00    0.00
15:15:53       2    1.01    0.00    2.02    0.00    0.00    0.00    0.00    0.00    0.00   96.97
15:15:53       3    1.00    0.00    2.00    0.00    0.00    0.00    0.00    0.00    0.00   97.00

15:15:53     CPU    %usr   %nice    %sys %iowait    %irq   %soft  %steal  %guest  %gnice   %idle
15:15:54     all    3.86    0.00   24.42    0.00    0.00    1.03    0.00    0.00    0.00   70.69
15:15:54       0    1.12    0.00    2.25    0.00    0.00    4.49    0.00    0.00    0.00   92.13
15:15:54       1   12.00    0.00   88.00    0.00    0.00    0.00    0.00    0.00    0.00    0.00
15:15:54       2    1.00    0.00    3.00    0.00    0.00    0.00    0.00    0.00    0.00   96.00
15:15:54       3    1.00    0.00    2.00    0.00    0.00    0.00    0.00    0.00    0.00   97.00

15:15:54     CPU    %usr   %nice    %sys %iowait    %irq   %soft  %steal  %guest  %gnice   %idle
15:15:55     all    2.84    0.00   25.58    0.00    0.00    1.03    0.00    0.00    0.00   70.54
15:15:55       0    1.12    0.00    4.49    0.00    0.00    4.49    0.00    0.00    0.00   89.89
15:15:55       1    9.00    0.00   91.00    0.00    0.00    0.00    0.00    0.00    0.00    0.00
15:15:55       2    1.01    0.00    2.02    0.00    0.00    0.00    0.00    0.00    0.00   96.97
15:15:55       3    0.00    0.00    2.02    0.00    0.00    0.00    0.00    0.00    0.00   97.98

15:15:55     CPU    %usr   %nice    %sys %iowait    %irq   %soft  %steal  %guest  %gnice   %idle
15:15:56     all    3.35    0.00   24.74    0.00    0.00    1.03    0.00    0.00    0.00   70.88
15:15:56       0    1.15    0.00    2.30    0.00    0.00    3.45    0.00    0.00    0.00   93.10
15:15:56       1   10.00    0.00   89.00    0.00    0.00    1.00    0.00    0.00    0.00    0.00
15:15:56       2    0.99    0.00    2.97    0.00    0.00    0.00    0.00    0.00    0.00   96.04
15:15:56       3    1.00    0.00    2.00    0.00    0.00    0.00    0.00    0.00    0.00   97.00

15:15:56     CPU    %usr   %nice    %sys %iowait    %irq   %soft  %steal  %guest  %gnice   %idle
15:15:57     all    3.62    0.00   23.26    0.00    0.00    0.52    0.00    0.00    0.00   72.61
15:15:57       0    0.00    0.00    0.00    0.00    0.00    2.33    0.00    0.00    0.00   97.67
15:15:57       1   12.00    0.00   88.00    0.00    0.00    0.00    0.00    0.00    0.00    0.00
15:15:57       2    1.00    0.00    1.00    0.00    0.00    0.00    0.00    0.00    0.00   98.00
15:15:57       3    0.99    0.00    0.99    0.00    0.00    0.00    0.00    0.00    0.00   98.02

15:15:57     CPU    %usr   %nice    %sys %iowait    %irq   %soft  %steal  %guest  %gnice   %idle
15:15:58     all    2.84    0.00   25.06    0.00    0.00    0.52    0.00    0.00    0.00   71.58
15:15:58       0    2.25    0.00    3.37    0.00    0.00    2.25    0.00    0.00    0.00   92.13
15:15:58       1    9.00    0.00   91.00    0.00    0.00    0.00    0.00    0.00    0.00    0.00
15:15:58       2    0.00    0.00    2.02    0.00    0.00    0.00    0.00    0.00    0.00   97.98
15:15:58       3    0.00    0.00    1.01    0.00    0.00    0.00    0.00    0.00    0.00   98.99

15:15:58     CPU    %usr   %nice    %sys %iowait    %irq   %soft  %steal  %guest  %gnice   %idle
15:15:59     all    3.10    0.00   24.81    0.00    0.00    1.29    0.00    0.00    0.00   70.80
15:15:59       0    0.00    0.00    2.30    0.00    0.00    4.60    0.00    0.00    0.00   93.10
15:15:59       1   10.00    0.00   89.00    0.00    0.00    1.00    0.00    0.00    0.00    0.00
15:15:59       2    0.99    0.00    2.97    0.00    0.00    0.00    0.00    0.00    0.00   96.04
15:15:59       3    1.01    0.00    2.02    0.00    0.00    0.00    0.00    0.00    0.00   96.97

15:15:59     CPU    %usr   %nice    %sys %iowait    %irq   %soft  %steal  %guest  %gnice   %idle
15:16:00     all    3.36    0.00   24.81    0.26    0.00    0.78    0.00    0.00    0.00   70.80
15:16:00       0    1.12    0.00    3.37    1.12    0.00    3.37    0.00    0.00    0.00   91.01
15:16:00       1   10.10    0.00   89.90    0.00    0.00    0.00    0.00    0.00    0.00    0.00
15:16:00       2    1.01    0.00    2.02    0.00    0.00    0.00    0.00    0.00    0.00   96.97
15:16:00       3    1.00    0.00    2.00    0.00    0.00    0.00    0.00    0.00    0.00   97.00

15:16:00     CPU    %usr   %nice    %sys %iowait    %irq   %soft  %steal  %guest  %gnice   %idle
15:16:01     all    3.64    0.00   24.68    0.00    0.00    0.78    0.00    0.00    0.00   70.91
15:16:01       0    1.16    0.00    1.16    0.00    0.00    3.49    0.00    0.00    0.00   94.19
15:16:01       1   11.00    0.00   89.00    0.00    0.00    0.00    0.00    0.00    0.00    0.00
15:16:01       2    1.00    0.00    3.00    0.00    0.00    0.00    0.00    0.00    0.00   96.00
15:16:01       3    1.01    0.00    2.02    0.00    0.00    0.00    0.00    0.00    0.00   96.97

15:16:01     CPU    %usr   %nice    %sys %iowait    %irq   %soft  %steal  %guest  %gnice   %idle
15:16:02     all    3.32    0.00   25.26    0.00    0.00    1.28    0.00    0.00    0.00   70.15
15:16:02       0    1.11    0.00    3.33    0.00    0.00    4.44    0.00    0.00    0.00   91.11
15:16:02       1    9.90    0.00   89.11    0.00    0.00    0.99    0.00    0.00    0.00    0.00
15:16:02       2    1.00    0.00    3.00    0.00    0.00    0.00    0.00    0.00    0.00   96.00
15:16:02       3    0.99    0.00    2.97    0.00    0.00    0.00    0.00    0.00    0.00   96.04

15:16:02     CPU    %usr   %nice    %sys %iowait    %irq   %soft  %steal  %guest  %gnice   %idle
15:16:03     all    3.63    0.00   24.35    0.00    0.00    0.78    0.00    0.00    0.00   71.24
15:16:03       0    1.14    0.00    2.27    0.00    0.00    3.41    0.00    0.00    0.00   93.18
15:16:03       1   11.11    0.00   88.89    0.00    0.00    0.00    0.00    0.00    0.00    0.00
15:16:03       2    1.00    0.00    2.00    0.00    0.00    0.00    0.00    0.00    0.00   97.00
15:16:03       3    1.01    0.00    2.02    0.00    0.00    0.00    0.00    0.00    0.00   96.97

15:16:03     CPU    %usr   %nice    %sys %iowait    %irq   %soft  %steal  %guest  %gnice   %idle
15:16:04     all    3.11    0.00   25.65    0.00    0.00    0.78    0.00    0.00    0.00   70.47
15:16:04       0    0.00    0.00    3.45    0.00    0.00    3.45    0.00    0.00    0.00   93.10
15:16:04       1    9.90    0.00   90.10    0.00    0.00    0.00    0.00    0.00    0.00    0.00
15:16:04       2    1.01    0.00    2.02    0.00    0.00    0.00    0.00    0.00    0.00   96.97
15:16:04       3    1.01    0.00    3.03    0.00    0.00    0.00    0.00    0.00    0.00   95.96

15:16:04     CPU    %usr   %nice    %sys %iowait    %irq   %soft  %steal  %guest  %gnice   %idle
15:16:05     all    3.32    0.00   24.81    0.00    0.00    1.53    0.00    0.00    0.00   70.33
15:16:05       0    1.11    0.00    2.22    0.00    0.00    5.56    0.00    0.00    0.00   91.11
15:16:05       1    9.00    0.00   90.00    0.00    0.00    1.00    0.00    0.00    0.00    0.00
15:16:05       2    1.00    0.00    3.00    0.00    0.00    0.00    0.00    0.00    0.00   96.00
15:16:05       3    1.98    0.00    1.98    0.00    0.00    0.00    0.00    0.00    0.00   96.04

15:16:05     CPU    %usr   %nice    %sys %iowait    %irq   %soft  %steal  %guest  %gnice   %idle
15:16:06     all    3.34    0.00   25.19    0.00    0.00    1.03    0.00    0.00    0.00   70.44
15:16:06       0    1.12    0.00    3.37    0.00    0.00    4.49    0.00    0.00    0.00   91.01
15:16:06       1    9.00    0.00   91.00    0.00    0.00    0.00    0.00    0.00    0.00    0.00
15:16:06       2    2.00    0.00    2.00    0.00    0.00    0.00    0.00    0.00    0.00   96.00
15:16:06       3    1.00    0.00    2.00    0.00    0.00    0.00    0.00    0.00    0.00   97.00

15:16:06     CPU    %usr   %nice    %sys %iowait    %irq   %soft  %steal  %guest  %gnice   %idle
15:16:07     all    3.90    0.00   24.42    0.00    0.00    0.78    0.00    0.00    0.00   70.91
15:16:07       0    0.00    0.00    2.33    0.00    0.00    3.49    0.00    0.00    0.00   94.19
15:16:07       1   13.00    0.00   87.00    0.00    0.00    0.00    0.00    0.00    0.00    0.00
15:16:07       2    1.00    0.00    3.00    0.00    0.00    0.00    0.00    0.00    0.00   96.00
15:16:07       3    1.01    0.00    2.02    0.00    0.00    0.00    0.00    0.00    0.00   96.97

15:16:07     CPU    %usr   %nice    %sys %iowait    %irq   %soft  %steal  %guest  %gnice   %idle
15:16:08     all    3.34    0.00   24.94    0.00    0.00    1.29    0.00    0.00    0.00   70.44
15:16:08       0    1.11    0.00    2.22    0.00    0.00    4.44    0.00    0.00    0.00   92.22
15:16:08       1   10.00    0.00   89.00    0.00    0.00    1.00    0.00    0.00    0.00    0.00
15:16:08       2    1.01    0.00    3.03    0.00    0.00    0.00    0.00    0.00    0.00   95.96
15:16:08       3    1.00    0.00    3.00    0.00    0.00    0.00    0.00    0.00    0.00   96.00

15:16:08     CPU    %usr   %nice    %sys %iowait    %irq   %soft  %steal  %guest  %gnice   %idle
15:16:09     all    3.35    0.00   25.00    0.00    0.00    0.77    0.00    0.00    0.00   70.88
15:16:09       0    0.00    0.00    3.41    0.00    0.00    3.41    0.00    0.00    0.00   93.18
15:16:09       1   11.00    0.00   89.00    0.00    0.00    0.00    0.00    0.00    0.00    0.00
15:16:09       2    1.00    0.00    3.00    0.00    0.00    0.00    0.00    0.00    0.00   96.00
15:16:09       3    1.00    0.00    2.00    0.00    0.00    0.00    0.00    0.00    0.00   97.00

15:16:09     CPU    %usr   %nice    %sys %iowait    %irq   %soft  %steal  %guest  %gnice   %idle
15:16:10     all    3.35    0.00   25.26    0.26    0.00    0.77    0.00    0.00    0.00   70.36
15:16:10       0    1.15    0.00    2.30    0.00    0.00    3.45    0.00    0.00    0.00   93.10
15:16:10       1   10.00    0.00   90.00    0.00    0.00    0.00    0.00    0.00    0.00    0.00
15:16:10       2    0.99    0.00    2.97    0.99    0.00    0.00    0.00    0.00    0.00   95.05
15:16:10       3    1.00    0.00    3.00    0.00    0.00    0.00    0.00    0.00    0.00   96.00

15:16:10     CPU    %usr   %nice    %sys %iowait    %irq   %soft  %steal  %guest  %gnice   %idle
15:16:11     all    3.08    0.00   25.19    0.00    0.00    1.03    0.00    0.00    0.00   70.69
15:16:11       0    1.14    0.00    2.27    0.00    0.00    3.41    0.00    0.00    0.00   93.18
15:16:11       1    9.00    0.00   90.00    0.00    0.00    1.00    0.00    0.00    0.00    0.00
15:16:11       2    0.99    0.00    2.97    0.00    0.00    0.00    0.00    0.00    0.00   96.04
15:16:11       3    1.00    0.00    3.00    0.00    0.00    0.00    0.00    0.00    0.00   96.00

15:16:11     CPU    %usr   %nice    %sys %iowait    %irq   %soft  %steal  %guest  %gnice   %idle
15:16:12     all    2.86    0.00   25.00    0.00    0.00    0.78    0.00    0.00    0.00   71.35
15:16:12       0    0.00    0.00    2.30    0.00    0.00    3.45    0.00    0.00    0.00   94.25
15:16:12       1    9.09    0.00   90.91    0.00    0.00    0.00    0.00    0.00    0.00    0.00
15:16:12       2    1.01    0.00    2.02    0.00    0.00    0.00    0.00    0.00    0.00   96.97
15:16:12       3    1.01    0.00    2.02    0.00    0.00    0.00    0.00    0.00    0.00   96.97

15:16:12     CPU    %usr   %nice    %sys %iowait    %irq   %soft  %steal  %guest  %gnice   %idle
15:16:13     all    3.33    0.00   25.38    0.00    0.00    0.77    0.00    0.00    0.00   70.51
15:16:13       0    1.14    0.00    2.27    0.00    0.00    3.41    0.00    0.00    0.00   93.18
15:16:13       1    9.90    0.00   90.10    0.00    0.00    0.00    0.00    0.00    0.00    0.00
15:16:13       2    1.00    0.00    3.00    0.00    0.00    0.00    0.00    0.00    0.00   96.00
15:16:13       3    0.99    0.00    2.97    0.00    0.00    0.00    0.00    0.00    0.00   96.04

15:16:13     CPU    %usr   %nice    %sys %iowait    %irq   %soft  %steal  %guest  %gnice   %idle
15:16:14     all    3.35    0.00   24.74    0.00    0.00    1.03    0.00    0.00    0.00   70.88
15:16:14       0    1.12    0.00    2.25    0.00    0.00    4.49    0.00    0.00    0.00   92.13
15:16:14       1   10.00    0.00   90.00    0.00    0.00    0.00    0.00    0.00    0.00    0.00
15:16:14       2    1.00    0.00    2.00    0.00    0.00    0.00    0.00    0.00    0.00   97.00
15:16:14       3    1.01    0.00    2.02    0.00    0.00    0.00    0.00    0.00    0.00   96.97

15:16:14     CPU    %usr   %nice    %sys %iowait    %irq   %soft  %steal  %guest  %gnice   %idle
15:16:15     all    2.83    0.00   25.45    0.00    0.00    1.29    0.00    0.00    0.00   70.44
15:16:15       0    0.00    0.00    2.27    0.00    0.00    4.55    0.00    0.00    0.00   93.18
15:16:15       1    8.00    0.00   91.00    0.00    0.00    1.00    0.00    0.00    0.00    0.00
15:16:15       2    1.98    0.00    2.97    0.00    0.00    0.00    0.00    0.00    0.00   95.05
15:16:15       3    1.00    0.00    3.00    0.00    0.00    0.00    0.00    0.00    0.00   96.00

15:16:15     CPU    %usr   %nice    %sys %iowait    %irq   %soft  %steal  %guest  %gnice   %idle
15:16:16     all    3.36    0.00   24.81    0.00    0.00    1.03    0.00    0.00    0.00   70.80
15:16:16       0    1.14    0.00    2.27    0.00    0.00    4.55    0.00    0.00    0.00   92.05
15:16:16       1   11.00    0.00   89.00    0.00    0.00    0.00    0.00    0.00    0.00    0.00
15:16:16       2    0.00    0.00    2.04    0.00    0.00    0.00    0.00    0.00    0.00   97.96
15:16:16       3    0.99    0.00    2.97    0.00    0.00    0.00    0.00    0.00    0.00   96.04

15:16:16     CPU    %usr   %nice    %sys %iowait    %irq   %soft  %steal  %guest  %gnice   %idle
15:16:17     all    3.08    0.00   25.38    0.00    0.00    1.28    0.00    0.00    0.00   70.26
15:16:17       0    1.11    0.00    2.22    0.00    0.00    5.56    0.00    0.00    0.00   91.11
15:16:17       1    9.00    0.00   91.00    0.00    0.00    0.00    0.00    0.00    0.00    0.00
15:16:17       2    0.99    0.00    3.96    0.00    0.00    0.00    0.00    0.00    0.00   95.05
15:16:17       3    1.01    0.00    2.02    0.00    0.00    0.00    0.00    0.00    0.00   96.97

15:16:17     CPU    %usr   %nice    %sys %iowait    %irq   %soft  %steal  %guest  %gnice   %idle
15:16:18     all    2.86    0.00   25.26    0.00    0.00    0.78    0.00    0.00    0.00   71.09
15:16:18       0    0.00    0.00    2.33    0.00    0.00    3.49    0.00    0.00    0.00   94.19
15:16:18       1    9.09    0.00   90.91    0.00    0.00    0.00    0.00    0.00    0.00    0.00
15:16:18       2    1.01    0.00    2.02    0.00    0.00    0.00    0.00    0.00    0.00   96.97
15:16:18       3    1.00    0.00    3.00    0.00    0.00    0.00    0.00    0.00    0.00   96.00

15:16:18     CPU    %usr   %nice    %sys %iowait    %irq   %soft  %steal  %guest  %gnice   %idle
15:16:19     all    3.33    0.00   25.13    0.00    0.00    1.03    0.00    0.00    0.00   70.51
15:16:19       0    1.11    0.00    3.33    0.00    0.00    4.44    0.00    0.00    0.00   91.11
15:16:19       1   10.00    0.00   90.00    0.00    0.00    0.00    0.00    0.00    0.00    0.00
15:16:19       2    1.00    0.00    3.00    0.00    0.00    0.00    0.00    0.00    0.00   96.00
15:16:19       3    1.00    0.00    2.00    0.00    0.00    0.00    0.00    0.00    0.00   97.00

15:16:19     CPU    %usr   %nice    %sys %iowait    %irq   %soft  %steal  %guest  %gnice   %idle
15:16:20     all    3.09    0.00   23.45    0.00    0.00    1.03    0.00    0.00    0.00   72.42
15:16:20       0    0.00    0.00    0.00    0.00    0.00    3.45    0.00    0.00    0.00   96.55
15:16:20       1    9.90    0.00   89.11    0.00    0.00    0.99    0.00    0.00    0.00    0.00
15:16:20       2    1.00    0.00    1.00    0.00    0.00    0.00    0.00    0.00    0.00   98.00
15:16:20       3    1.00    0.00    0.00    0.00    0.00    0.00    0.00    0.00    0.00   99.00

15:16:20     CPU    %usr   %nice    %sys %iowait    %irq   %soft  %steal  %guest  %gnice   %idle
15:16:21     all    2.84    0.00   25.26    0.00    0.00    0.77    0.00    0.00    0.00   71.13
15:16:21       0    1.14    0.00    2.27    0.00    0.00    3.41    0.00    0.00    0.00   93.18
15:16:21       1    9.09    0.00   90.91    0.00    0.00    0.00    0.00    0.00    0.00    0.00
15:16:21       2    0.99    0.00    2.97    0.00    0.00    0.00    0.00    0.00    0.00   96.04
15:16:21       3    0.00    0.00    3.00    0.00    0.00    0.00    0.00    0.00    0.00   97.00

15:16:21     CPU    %usr   %nice    %sys %iowait    %irq   %soft  %steal  %guest  %gnice   %idle
15:16:22     all    3.37    0.00   24.87    0.00    0.00    0.78    0.00    0.00    0.00   70.98
15:16:22       0    0.00    0.00    2.30    0.00    0.00    3.45    0.00    0.00    0.00   94.25
15:16:22       1   10.00    0.00   90.00    0.00    0.00    0.00    0.00    0.00    0.00    0.00
15:16:22       2    1.01    0.00    2.02    0.00    0.00    0.00    0.00    0.00    0.00   96.97
15:16:22       3    2.00    0.00    2.00    0.00    0.00    0.00    0.00    0.00    0.00   96.00

15:16:22     CPU    %usr   %nice    %sys %iowait    %irq   %soft  %steal  %guest  %gnice   %idle
15:16:23     all    3.61    0.00   24.74    0.00    0.00    1.03    0.00    0.00    0.00   70.62
15:16:23       0    1.14    0.00    2.27    0.00    0.00    4.55    0.00    0.00    0.00   92.05
15:16:23       1   11.00    0.00   89.00    0.00    0.00    0.00    0.00    0.00    0.00    0.00
15:16:23       2    1.00    0.00    3.00    0.00    0.00    0.00    0.00    0.00    0.00   96.00
15:16:23       3    1.00    0.00    2.00    0.00    0.00    0.00    0.00    0.00    0.00   97.00

15:16:23     CPU    %usr   %nice    %sys %iowait    %irq   %soft  %steal  %guest  %gnice   %idle
15:16:24     all    3.34    0.00   24.94    0.00    0.00    1.29    0.00    0.00    0.00   70.44
15:16:24       0    1.12    0.00    2.25    0.00    0.00    4.49    0.00    0.00    0.00   92.13
15:16:24       1    8.91    0.00   90.10    0.00    0.00    0.99    0.00    0.00    0.00    0.00
15:16:24       2    2.00    0.00    2.00    0.00    0.00    0.00    0.00    0.00    0.00   96.00
15:16:24       3    1.01    0.00    2.02    0.00    0.00    0.00    0.00    0.00    0.00   96.97

15:16:24     CPU    %usr   %nice    %sys %iowait    %irq   %soft  %steal  %guest  %gnice   %idle
15:16:25     all    3.63    0.00   24.61    0.00    0.00    0.78    0.00    0.00    0.00   70.98
15:16:25       0    1.15    0.00    2.30    0.00    0.00    3.45    0.00    0.00    0.00   93.10
15:16:25       1   11.00    0.00   89.00    0.00    0.00    0.00    0.00    0.00    0.00    0.00
15:16:25       2    1.01    0.00    2.02    0.00    0.00    0.00    0.00    0.00    0.00   96.97
15:16:25       3    1.00    0.00    2.00    0.00    0.00    0.00    0.00    0.00    0.00   97.00

15:16:25     CPU    %usr   %nice    %sys %iowait    %irq   %soft  %steal  %guest  %gnice   %idle
15:16:26     all    3.34    0.00   24.94    0.00    0.00    1.29    0.00    0.00    0.00   70.44
15:16:26       0    1.15    0.00    2.30    0.00    0.00    4.60    0.00    0.00    0.00   91.95
15:16:26       1   10.00    0.00   89.00    0.00    0.00    1.00    0.00    0.00    0.00    0.00
15:16:26       2    0.99    0.00    2.97    0.00    0.00    0.00    0.00    0.00    0.00   96.04
15:16:26       3    0.99    0.00    2.97    0.00    0.00    0.00    0.00    0.00    0.00   96.04

15:16:26     CPU    %usr   %nice    %sys %iowait    %irq   %soft  %steal  %guest  %gnice   %idle
15:16:27     all    2.85    0.00   25.39    0.00    0.00    0.78    0.00    0.00    0.00   70.98
15:16:27       0    1.12    0.00    3.37    0.00    0.00    3.37    0.00    0.00    0.00   92.13
15:16:27       1    9.09    0.00   90.91    0.00    0.00    0.00    0.00    0.00    0.00    0.00
15:16:27       2    1.01    0.00    2.02    0.00    0.00    0.00    0.00    0.00    0.00   96.97
15:16:27       3    0.00    0.00    3.03    0.00    0.00    0.00    0.00    0.00    0.00   96.97

15:16:27     CPU    %usr   %nice    %sys %iowait    %irq   %soft  %steal  %guest  %gnice   %idle
15:16:28     all    3.07    0.00   25.32    0.00    0.00    1.28    0.00    0.00    0.00   70.33
15:16:28       0    1.11    0.00    3.33    0.00    0.00    4.44    0.00    0.00    0.00   91.11
15:16:28       1    8.91    0.00   90.10    0.00    0.00    0.99    0.00    0.00    0.00    0.00
15:16:28       2    1.00    0.00    2.00    0.00    0.00    0.00    0.00    0.00    0.00   97.00
15:16:28       3    1.00    0.00    3.00    0.00    0.00    0.00    0.00    0.00    0.00   96.00

15:16:28     CPU    %usr   %nice    %sys %iowait    %irq   %soft  %steal  %guest  %gnice   %idle
15:16:29     all    2.84    0.00   25.58    0.00    0.00    0.78    0.00    0.00    0.00   70.80
15:16:29       0    1.15    0.00    2.30    0.00    0.00    3.45    0.00    0.00    0.00   93.10
15:16:29       1    8.00    0.00   92.00    0.00    0.00    0.00    0.00    0.00    0.00    0.00
15:16:29       2    1.00    0.00    3.00    0.00    0.00    0.00    0.00    0.00    0.00   96.00
15:16:29       3    1.00    0.00    2.00    0.00    0.00    0.00    0.00    0.00    0.00   97.00

15:16:29     CPU    %usr   %nice    %sys %iowait    %irq   %soft  %steal  %guest  %gnice   %idle
15:16:30     all    3.12    0.00   25.00    0.00    0.00    0.78    0.00    0.00    0.00   71.09
15:16:30       0    1.15    0.00    2.30    0.00    0.00    3.45    0.00    0.00    0.00   93.10
15:16:30       1    9.00    0.00   91.00    0.00    0.00    0.00    0.00    0.00    0.00    0.00
15:16:30       2    1.02    0.00    1.02    0.00    0.00    0.00    0.00    0.00    0.00   97.96
15:16:30       3    1.01    0.00    2.02    0.00    0.00    0.00    0.00    0.00    0.00   96.97

15:16:30     CPU    %usr   %nice    %sys %iowait    %irq   %soft  %steal  %guest  %gnice   %idle
15:16:31     all    3.33    0.00   24.62    0.26    0.00    1.28    0.00    0.00    0.00   70.51
15:16:31       0    1.12    0.00    2.25    1.12    0.00    4.49    0.00    0.00    0.00   91.01
15:16:31       1   10.00    0.00   89.00    0.00    0.00    1.00    0.00    0.00    0.00    0.00
15:16:31       2    0.99    0.00    2.97    0.00    0.00    0.00    0.00    0.00    0.00   96.04
15:16:31       3    1.00    0.00    2.00    0.00    0.00    0.00    0.00    0.00    0.00   97.00

15:16:31     CPU    %usr   %nice    %sys %iowait    %irq   %soft  %steal  %guest  %gnice   %idle
15:16:32     all    3.08    0.00   25.71    0.00    0.00    0.77    0.00    0.00    0.00   70.44
15:16:32       0    1.14    0.00    2.27    0.00    0.00    3.41    0.00    0.00    0.00   93.18
15:16:32       1    9.00    0.00   91.00    0.00    0.00    0.00    0.00    0.00    0.00    0.00
15:16:32       2    1.00    0.00    3.00    0.00    0.00    0.00    0.00    0.00    0.00   96.00
15:16:32       3    0.99    0.00    3.96    0.00    0.00    0.00    0.00    0.00    0.00   95.05

15:16:32     CPU    %usr   %nice    %sys %iowait    %irq   %soft  %steal  %guest  %gnice   %idle
15:16:33     all    3.36    0.00   25.06    0.00    0.00    0.78    0.00    0.00    0.00   70.80
15:16:33       0    2.27    0.00    3.41    0.00    0.00    3.41    0.00    0.00    0.00   90.91
15:16:33       1   10.00    0.00   90.00    0.00    0.00    0.00    0.00    0.00    0.00    0.00
15:16:33       2    1.00    0.00    2.00    0.00    0.00    0.00    0.00    0.00    0.00   97.00
15:16:33       3    0.00    0.00    2.02    0.00    0.00    0.00    0.00    0.00    0.00   97.98

15:16:33     CPU    %usr   %nice    %sys %iowait    %irq   %soft  %steal  %guest  %gnice   %idle
15:16:34     all    2.86    0.00   25.19    0.00    0.00    1.04    0.00    0.00    0.00   70.91
15:16:34       0    0.00    0.00    2.30    0.00    0.00    3.45    0.00    0.00    0.00   94.25
15:16:34       1    9.00    0.00   90.00    0.00    0.00    1.00    0.00    0.00    0.00    0.00
15:16:34       2    1.01    0.00    3.03    0.00    0.00    0.00    0.00    0.00    0.00   95.96
15:16:34       3    1.01    0.00    2.02    0.00    0.00    0.00    0.00    0.00    0.00   96.97

15:16:34     CPU    %usr   %nice    %sys %iowait    %irq   %soft  %steal  %guest  %gnice   %idle
15:16:35     all    3.87    0.00   24.74    0.00    0.00    0.77    0.00    0.00    0.00   70.62
15:16:35       0    2.27    0.00    2.27    0.00    0.00    3.41    0.00    0.00    0.00   92.05
15:16:35       1   11.00    0.00   89.00    0.00    0.00    0.00    0.00    0.00    0.00    0.00
15:16:35       2    1.00    0.00    3.00    0.00    0.00    0.00    0.00    0.00    0.00   96.00
15:16:35       3    1.00    0.00    2.00    0.00    0.00    0.00    0.00    0.00    0.00   97.00

15:16:35     CPU    %usr   %nice    %sys %iowait    %irq   %soft  %steal  %guest  %gnice   %idle
15:16:36     all    3.87    0.00   24.74    0.00    0.00    0.77    0.00    0.00    0.00   70.62
15:16:36       0    1.15    0.00    3.45    0.00    0.00    2.30    0.00    0.00    0.00   93.10
15:16:36       1   10.89    0.00   88.12    0.00    0.00    0.99    0.00    0.00    0.00    0.00
15:16:36       2    1.00    0.00    2.00    0.00    0.00    0.00    0.00    0.00    0.00   97.00
15:16:36       3    2.00    0.00    2.00    0.00    0.00    0.00    0.00    0.00    0.00   96.00

15:16:36     CPU    %usr   %nice    %sys %iowait    %irq   %soft  %steal  %guest  %gnice   %idle
15:16:37     all    3.10    0.00   25.06    0.00    0.00    0.78    0.00    0.00    0.00   71.06
15:16:37       0    1.14    0.00    2.27    0.00    0.00    3.41    0.00    0.00    0.00   93.18
15:16:37       1    9.09    0.00   90.91    0.00    0.00    0.00    0.00    0.00    0.00    0.00
15:16:37       2    1.01    0.00    2.02    0.00    0.00    0.00    0.00    0.00    0.00   96.97
15:16:37       3    0.99    0.00    2.97    0.00    0.00    0.00    0.00    0.00    0.00   96.04

15:16:37     CPU    %usr   %nice    %sys %iowait    %irq   %soft  %steal  %guest  %gnice   %idle
15:16:38     all    2.86    0.00   25.26    0.00    0.00    0.78    0.00    0.00    0.00   71.09
15:16:38       0    0.00    0.00    3.49    0.00    0.00    3.49    0.00    0.00    0.00   93.02
15:16:38       1    9.09    0.00   90.91    0.00    0.00    0.00    0.00    0.00    0.00    0.00
15:16:38       2    1.00    0.00    2.00    0.00    0.00    0.00    0.00    0.00    0.00   97.00
15:16:38       3    1.01    0.00    2.02    0.00    0.00    0.00    0.00    0.00    0.00   96.97

15:16:38     CPU    %usr   %nice    %sys %iowait    %irq   %soft  %steal  %guest  %gnice   %idle
15:16:39     all    3.57    0.00   24.74    0.00    0.00    1.02    0.00    0.00    0.00   70.66
15:16:39       0    1.14    0.00    2.27    0.00    0.00    3.41    0.00    0.00    0.00   93.18
15:16:39       1    9.80    0.00   89.22    0.00    0.00    0.98    0.00    0.00    0.00    0.00
15:16:39       2    1.98    0.00    1.98    0.00    0.00    0.00    0.00    0.00    0.00   96.04
15:16:39       3    0.99    0.00    1.98    0.00    0.00    0.00    0.00    0.00    0.00   97.03

Average:     CPU    %usr   %nice    %sys %iowait    %irq   %soft  %steal  %guest  %gnice   %idle
Average:     all    3.27    0.00   24.65    0.02    0.00    0.77    0.00    0.00    0.00   71.28
Average:       0    0.89    0.00    2.28    0.03    0.00    2.99    0.00    0.00    0.00   93.81
Average:       1   10.10    0.00   89.62    0.00    0.00    0.29    0.00    0.00    0.00    0.00
Average:       2    0.97    0.00    2.32    0.03    0.00    0.00    0.00    0.00    0.00   96.68
Average:       3    0.90    0.00    2.16    0.03    0.00    0.00    0.00    0.00    0.00   96.91
