# timestamp  face |bytes    packets errs drop fifo frame compressed multicast|bytes    packets errs drop fifo colls carrier compressed
1776798083.203805335     lo:   29612     376    0    0    0     0          0         0    29612     376    0    0    0     0       0          0
1776798083.203805335 enP1p1s0: 19717806626 32100072    0    0    0     0          0        44     2676      40    0    3    0     0       0          0
1776798083.203805335   eth0:    4356      52    0    0    0     0          0        30 19846209496 32100102    0    0    0     0       0          0
1776798083.203805335  wlan0: 2368157    5261    0    0    0     0          0        24  1676827    5007    0    0    0     0       0          0
1776798083.203805335    br0:    7946      81    0    0    0     0          0        73     1376      16    0    2    0     0       0          0
1776798084.217465583     lo:   29612     376    0    0    0     0          0         0    29612     376    0    0    0     0       0          0
1776798084.217465583 enP1p1s0: 19717806626 32100072    0    0    0     0          0        44     2676      40    0    3    0     0       0          0
1776798084.217465583   eth0:    4356      52    0    0    0     0          0        30 19846209496 32100102    0    0    0     0       0          0
1776798084.217465583  wlan0: 2372765    5315    0    0    0     0          0        24  1681903    5057    0    0    0     0       0          0
1776798084.217465583    br0:    7946      81    0    0    0     0          0        73     1376      16    0    2    0     0       0          0
1776798085.227019465     lo:   29612     376    0    0    0     0          0         0    29612     376    0    0    0     0       0          0
1776798085.227019465 enP1p1s0: 19717806626 32100072    0    0    0     0          0        44     2676      40    0    3    0     0       0          0
1776798085.227019465   eth0:    4356      52    0    0    0     0          0        30 19846209496 32100102    0    0    0     0       0          0
1776798085.227019465  wlan0: 2377129    5365    0    0    0     0          0        24  1686901    5106    0    0    0     0       0          0
1776798085.227019465    br0:    7946      81    0    0    0     0          0        73     1376      16    0    2    0     0       0          0
1776798086.236460273     lo:   29612     376    0    0    0     0          0         0    29612     376    0    0    0     0       0          0
1776798086.236460273 enP1p1s0: 19717806626 32100072    0    0    0     0          0        44     2676      40    0    3    0     0       0          0
1776798086.236460273   eth0:    4356      52    0    0    0     0          0        30 19846209496 32100102    0    0    0     0       0          0
1776798086.236460273  wlan0: 2380085    5399    0    0    0     0          0        24  1690267    5139    0    0    0     0       0          0
1776798086.236460273    br0:    7946      81    0    0    0     0          0        73     1376      16    0    2    0     0       0          0
1776798087.246407750     lo:   29612     376    0    0    0     0          0         0    29612     376    0    0    0     0       0          0
1776798087.246407750 enP1p1s0: 19717806626 32100072    0    0    0     0          0        44     2676      40    0    3    0     0       0          0
1776798087.246407750   eth0:    4356      52    0    0    0     0          0        30 19846209496 32100102    0    0    0     0       0          0
1776798087.246407750  wlan0: 2380085    5399    0    0    0     0          0        24  1690267    5139    0    0    0     0       0          0
1776798087.246407750    br0:    7946      81    0    0    0     0          0        73     1376      16    0    2    0     0       0          0
1776798088.256087873     lo:   29612     376    0    0    0     0          0         0    29612     376    0    0    0     0       0          0
1776798088.256087873 enP1p1s0: 19717806626 32100072    0    0    0     0          0        44     2676      40    0    3    0     0       0          0
1776798088.256087873   eth0:    4356      52    0    0    0     0          0        30 19846209496 32100102    0    0    0     0       0          0
1776798088.256087873  wlan0: 2380085    5399    0    0    0     0          0        24  1690267    5139    0    0    0     0       0          0
1776798088.256087873    br0:    7946      81    0    0    0     0          0        73     1376      16    0    2    0     0       0          0
1776798089.266080646     lo:   29612     376    0    0    0     0          0         0    29612     376    0    0    0     0       0          0
1776798089.266080646 enP1p1s0: 19717806626 32100072    0    0    0     0          0        44     2676      40    0    3    0     0       0          0
1776798089.266080646   eth0:    4356      52    0    0    0     0          0        30 19846209496 32100102    0    0    0     0       0          0
1776798089.266080646  wlan0: 2380085    5399    0    0    0     0          0        24  1690267    5139    0    0    0     0       0          0
1776798089.266080646    br0:    7946      81    0    0    0     0          0        73     1376      16    0    2    0     0       0          0
1776798090.276327920     lo:   29612     376    0    0    0     0          0         0    29612     376    0    0    0     0       0          0
1776798090.276327920 enP1p1s0: 19717806626 32100072    0    0    0     0          0        44     2676      40    0    3    0     0       0          0
1776798090.276327920   eth0:    4356      52    0    0    0     0          0        30 19846209496 32100102    0    0    0     0       0          0
1776798090.276327920  wlan0: 2380085    5399    0    0    0     0          0        24  1690267    5139    0    0    0     0       0          0
1776798090.276327920    br0:    7946      81    0    0    0     0          0        73     1376      16    0    2    0     0       0          0
1776798091.286690083     lo:   29612     376    0    0    0     0          0         0    29612     376    0    0    0     0       0          0
1776798091.286690083 enP1p1s0: 19717806626 32100072    0    0    0     0          0        44     2676      40    0    3    0     0       0          0
1776798091.286690083   eth0:    4356      52    0    0    0     0          0        30 19846209496 32100102    0    0    0     0       0          0
1776798091.286690083  wlan0: 2380085    5399    0    0    0     0          0        24  1690267    5139    0    0    0     0       0          0
1776798091.286690083    br0:    7946      81    0    0    0     0          0        73     1376      16    0    2    0     0       0          0
1776798092.296724670     lo:   29612     376    0    0    0     0          0         0    29612     376    0    0    0     0       0          0
1776798092.296724670 enP1p1s0: 19717806626 32100072    0    0    0     0          0        44     2676      40    0    3    0     0       0          0
1776798092.296724670   eth0:    4356      52    0    0    0     0          0        30 19846209496 32100102    0    0    0     0       0          0
1776798092.296724670  wlan0: 2380085    5399    0    0    0     0          0        24  1690267    5139    0    0    0     0       0          0
1776798092.296724670    br0:    7946      81    0    0    0     0          0        73     1376      16    0    2    0     0       0          0
1776798093.306828407     lo:   29612     376    0    0    0     0          0         0    29612     376    0    0    0     0       0          0
1776798093.306828407 enP1p1s0: 19717806626 32100072    0    0    0     0          0        44     2676      40    0    3    0     0       0          0
1776798093.306828407   eth0:    4356      52    0    0    0     0          0        30 19846209496 32100102    0    0    0     0       0          0
1776798093.306828407  wlan0: 2380085    5399    0    0    0     0          0        24  1690267    5139    0    0    0     0       0          0
1776798093.306828407    br0:    7946      81    0    0    0     0          0        73     1376      16    0    2    0     0       0          0
1776798094.317590015     lo:   29612     376    0    0    0     0          0         0    29612     376    0    0    0     0       0          0
1776798094.317590015 enP1p1s0: 19717806626 32100072    0    0    0     0          0        44     2676      40    0    3    0     0       0          0
1776798094.317590015   eth0:    4356      52    0    0    0     0          0        30 19846209496 32100102    0    0    0     0       0          0
1776798094.317590015  wlan0: 2380085    5399    0    0    0     0          0        24  1690267    5139    0    0    0     0       0          0
1776798094.317590015    br0:    7946      81    0    0    0     0          0        73     1376      16    0    2    0     0       0          0
1776798095.327984715     lo:   29612     376    0    0    0     0          0         0    29612     376    0    0    0     0       0          0
1776798095.327984715 enP1p1s0: 19758887502 32127206    0    0    0     0          0        44     2676      40    0    3    0     0       0          0
1776798095.327984715   eth0:    4356      52    0    0    0     0          0        30 19887400426 32127237    0    0    0     0       0          0
1776798095.327984715  wlan0: 2380085    5399    0    0    0     0          0        24  1690267    5139    0    0    0     0       0          0
1776798095.327984715    br0:    7946      81    0    0    0     0          0        73     1376      16    0    2    0     0       0          0
1776798096.339883346     lo:   29612     376    0    0    0     0          0         0    29612     376    0    0    0     0       0          0
1776798096.339883346 enP1p1s0: 19850793358 32187910    0    0    0     0          0        44     2676      40    0    3    0     0       0          0
1776798096.339883346   eth0:    4356      52    0    0    0     0          0        30 19979562760 32187950    0    0    0     0       0          0
1776798096.339883346  wlan0: 2380085    5399    0    0    0     0          0        24  1690267    5139    0    0    0     0       0          0
1776798096.339883346    br0:    7946      81    0    0    0     0          0        73     1376      16    0    2    0     0       0          0
1776798097.353558871     lo:   29612     376    0    0    0     0          0         0    29612     376    0    0    0     0       0          0
1776798097.353558871 enP1p1s0: 19942785512 32248671    0    0    0     0          0        44     2676      40    0    3    0     0       0          0
1776798097.353558871   eth0:    4356      52    0    0    0     0          0        30 20071793404 32248708    0    0    0     0       0          0
1776798097.353558871  wlan0: 2380085    5399    0    0    0     0          0        24  1690267    5139    0    0    0     0       0          0
1776798097.353558871    br0:    7946      81    0    0    0     0          0        73     1376      16    0    2    0     0       0          0
1776798098.365675744     lo:   29612     376    0    0    0     0          0         0    29612     376    0    0    0     0       0          0
1776798098.365675744 enP1p1s0: 20034673200 32309363    0    0    0     0          0        44     2676      40    0    3    0     0       0          0
1776798098.365675744   eth0:    4356      52    0    0    0     0          0        30 20163925378 32309401    0    0    0     0       0          0
1776798098.365675744  wlan0: 2380085    5399    0    0    0     0          0        24  1690267    5139    0    0    0     0       0          0
1776798098.365675744    br0:    7946      81    0    0    0     0          0        73     1376      16    0    2    0     0       0          0
1776798099.377711690     lo:   29612     376    0    0    0     0          0         0    29612     376    0    0    0     0       0          0
1776798099.377711690 enP1p1s0: 20126768306 32370192    0    0    0     0          0        44     2676      40    0    3    0     0       0          0
1776798099.377711690   eth0:    4356      52    0    0    0     0          0        30 20256265318 32370231    0    0    0     0       0          0
1776798099.377711690  wlan0: 2380085    5399    0    0    0     0          0        24  1690267    5139    0    0    0     0       0          0
1776798099.377711690    br0:    7946      81    0    0    0     0          0        73     1376      16    0    2    0     0       0          0
1776798100.389908358     lo:   29612     376    0    0    0     0          0         0    29612     376    0    0    0     0       0          0
1776798100.389908358 enP1p1s0: 20218580354 32430835    0    0    0     0          0        44     2736      41    0    3    0     0       0          0
1776798100.389908358   eth0:    4402      53    0    0    0     0          0        30 20348313866 32430870    0    0    0     0       0          0
1776798100.389908358  wlan0: 2380085    5399    0    0    0     0          0        24  1690267    5139    0    0    0     0       0          0
1776798100.389908358    br0:    7946      81    0    0    0     0          0        73     1376      16    0    2    0     0       0          0
1776798101.400833134     lo:   29612     376    0    0    0     0          0         0    29612     376    0    0    0     0       0          0
1776798101.400833134 enP1p1s0: 20310536172 32491572    0    0    0     0          0        44     2736      41    0    3    0     0       0          0
1776798101.400833134   eth0:    4402      53    0    0    0     0          0        30 20440515668 32491609    0    0    0     0       0          0
1776798101.400833134  wlan0: 2380085    5399    0    0    0     0          0        24  1690267    5139    0    0    0     0       0          0
1776798101.400833134    br0:    7946      81    0    0    0     0          0        73     1376      16    0    2    0     0       0          0
1776798102.412827765     lo:   29612     376    0    0    0     0          0         0    29612     376    0    0    0     0       0          0
1776798102.412827765 enP1p1s0: 20402457168 32552286    0    0    0     0          0        44     2736      41    0    3    0     0       0          0
1776798102.412827765   eth0:    4402      53    0    0    0     0          0        30 20532687110 32552328    0    0    0     0       0          0
1776798102.412827765  wlan0: 2380085    5399    0    0    0     0          0        24  1690267    5139    0    0    0     0       0          0
1776798102.412827765    br0:    7946      81    0    0    0     0          0        73     1376      16    0    2    0     0       0          0
1776798103.424795507     lo:   29612     376    0    0    0     0          0         0    29612     376    0    0    0     0       0          0
1776798103.424795507 enP1p1s0: 20494266128 32612926    0    0    0     0          0        44     2736      41    0    3    0     0       0          0
1776798103.424795507   eth0:    4402      53    0    0    0     0          0        30 20624720414 32612956    0    0    0     0       0          0
1776798103.424795507  wlan0: 2380085    5399    0    0    0     0          0        24  1690267    5139    0    0    0     0       0          0
1776798103.424795507    br0:    7946      81    0    0    0     0          0        73     1376      16    0    2    0     0       0          0
1776798104.435446412     lo:   29612     376    0    0    0     0          0         0    29612     376    0    0    0     0       0          0
1776798104.435446412 enP1p1s0: 20586205292 32673652    0    0    0     0          0        44     2736      41    0    3    0     0       0          0
1776798104.435446412   eth0:    4402      53    0    0    0     0          0        30 20716916144 32673691    0    0    0     0       0          0
1776798104.435446412  wlan0: 2380085    5399    0    0    0     0          0        24  1690267    5139    0    0    0     0       0          0
1776798104.435446412    br0:    7946      81    0    0    0     0          0        73     1376      16    0    2    0     0       0          0
1776798105.449002752     lo:   29612     376    0    0    0     0          0         0    29612     376    0    0    0     0       0          0
1776798105.449002752 enP1p1s0: 20678214100 32734424    0    0    0     0          0        44     2736      41    0    3    0     0       0          0
1776798105.449002752   eth0:    4402      53    0    0    0     0          0        30 20809166522 32734462    0    0    0     0       0          0
1776798105.449002752  wlan0: 2380085    5399    0    0    0     0          0        24  1690267    5139    0    0    0     0       0          0
1776798105.449002752    br0:    7946      81    0    0    0     0          0        73     1376      16    0    2    0     0       0          0
1776798106.461451421     lo:   29612     376    0    0    0     0          0         0    29612     376    0    0    0     0       0          0
1776798106.461451421 enP1p1s0: 20770136610 32795139    0    0    0     0          0        44     2736      41    0    3    0     0       0          0
1776798106.461451421   eth0:    4402      53    0    0    0     0          0        30 20901322784 32795171    0    0    0     0       0          0
1776798106.461451421  wlan0: 2380085    5399    0    0    0     0          0        24  1690267    5139    0    0    0     0       0          0
1776798106.461451421    br0:    7946      81    0    0    0     0          0        73     1376      16    0    2    0     0       0          0
1776798107.473737164     lo:   29612     376    0    0    0     0          0         0    29612     376    0    0    0     0       0          0
1776798107.473737164 enP1p1s0: 20862109082 32855887    0    0    0     0          0        44     2736      41    0    3    0     0       0          0
1776798107.473737164   eth0:    4402      53    0    0    0     0          0        30 20993545838 32855924    0    0    0     0       0          0
1776798107.473737164  wlan0: 2380085    5399    0    0    0     0          0        24  1690267    5139    0    0    0     0       0          0
1776798107.473737164    br0:    7946      81    0    0    0     0          0        73     1376      16    0    2    0     0       0          0
1776798108.484931089     lo:   29612     376    0    0    0     0          0         0    29612     376    0    0    0     0       0          0
1776798108.484931089 enP1p1s0: 20953960434 32916555    0    0    0     0          0        44     2736      41    0    3    0     0       0          0
1776798108.484931089   eth0:    4402      53    0    0    0     0          0        30 21085647452 32916597    0    0    0     0       0          0
1776798108.484931089  wlan0: 2380085    5399    0    0    0     0          0        24  1690267    5139    0    0    0     0       0          0
1776798108.484931089    br0:    7946      81    0    0    0     0          0        73     1376      16    0    2    0     0       0          0
1776798109.496071384     lo:   29612     376    0    0    0     0          0         0    29612     376    0    0    0     0       0          0
1776798109.496071384 enP1p1s0: 21045816328 32977226    0    0    0     0          0        44     2736      41    0    3    0     0       0          0
1776798109.496071384   eth0:    4402      53    0    0    0     0          0        30 21177738440 32977263    0    0    0     0       0          0
1776798109.496071384  wlan0: 2380085    5399    0    0    0     0          0        24  1690267    5139    0    0    0     0       0          0
1776798109.496071384    br0:    7946      81    0    0    0     0          0        73     1376      16    0    2    0     0       0          0
1776798110.507147568     lo:   29612     376    0    0    0     0          0         0    29612     376    0    0    0     0       0          0
1776798110.507147568 enP1p1s0: 21137667680 33037894    0    0    0     0          0        44     2736      41    0    3    0     0       0          0
1776798110.507147568   eth0:    4402      53    0    0    0     0          0        30 21269821838 33037924    0    0    0     0       0          0
1776798110.507147568  wlan0: 2380085    5399    0    0    0     0          0        24  1690267    5139    0    0    0     0       0          0
1776798110.507147568    br0:    7946      81    0    0    0     0          0        73     1376      16    0    2    0     0       0          0
1776798111.517869769     lo:   29612     376    0    0    0     0          0         0    29612     376    0    0    0     0       0          0
1776798111.517869769 enP1p1s0: 21229482696 33098538    0    0    0     0          0        44     2736      41    0    3    0     0       0          0
1776798111.517869769   eth0:    4402      53    0    0    0     0          0        30 21361896128 33098579    0    0    0     0       0          0
1776798111.517869769  wlan0: 2380085    5399    0    0    0     0          0        24  1690267    5139    0    0    0     0       0          0
1776798111.517869769    br0:    7946      81    0    0    0     0          0        73     1376      16    0    2    0     0       0          0
1776798112.528918452     lo:   29612     376    0    0    0     0          0         0    29612     376    0    0    0     0       0          0
1776798112.528918452 enP1p1s0: 21321334048 33159206    0    0    0     0          0        44     2736      41    0    3    0     0       0          0
1776798112.528918452   eth0:    4402      53    0    0    0     0          0        30 21453973454 33159236    0    0    0     0       0          0
1776798112.528918452  wlan0: 2380085    5399    0    0    0     0          0        24  1690267    5139    0    0    0     0       0          0
1776798112.528918452    br0:    7946      81    0    0    0     0          0        73     1376      16    0    2    0     0       0          0
1776798113.539905691     lo:   29612     376    0    0    0     0          0         0    29612     376    0    0    0     0       0          0
1776798113.539905691 enP1p1s0: 21413167232 33219862    0    0    0     0          0        44     2736      41    0    3    0     0       0          0
1776798113.539905691   eth0:    4402      53    0    0    0     0          0        30 21546062924 33219901    0    0    0     0       0          0
1776798113.539905691  wlan0: 2380085    5399    0    0    0     0          0        24  1690267    5139    0    0    0     0       0          0
1776798113.539905691    br0:    7946      81    0    0    0     0          0        73     1376      16    0    2    0     0       0          0
1776798114.550857023     lo:   29612     376    0    0    0     0          0         0    29612     376    0    0    0     0       0          0
1776798114.550857023 enP1p1s0: 21505018584 33280530    0    0    0     0          0        44     2736      41    0    3    0     0       0          0
1776798114.550857023   eth0:    4402      53    0    0    0     0          0        30 21638143286 33280560    0    0    0     0       0          0
1776798114.550857023  wlan0: 2380085    5399    0    0    0     0          0        24  1690267    5139    0    0    0     0       0          0
1776798114.550857023    br0:    7946      81    0    0    0     0          0        73     1376      16    0    2    0     0       0          0
1776798115.561839040     lo:   29612     376    0    0    0     0          0         0    29612     376    0    0    0     0       0          0
1776798115.561839040 enP1p1s0: 21596851768 33341186    0    0    0     0          0        44     2736      41    0    3    0     0       0          0
1776798115.561839040   eth0:    4402      53    0    0    0     0          0        30 21730222130 33341218    0    0    0     0       0          0
1776798115.561839040  wlan0: 2380085    5399    0    0    0     0          0        24  1690267    5139    0    0    0     0       0          0
1776798115.561839040    br0:    7946      81    0    0    0     0          0        73     1376      16    0    2    0     0       0          0
1776798116.572745056     lo:   29612     376    0    0    0     0          0         0    29612     376    0    0    0     0       0          0
1776798116.572745056 enP1p1s0: 21688684952 33401842    0    0    0     0          0        44     2736      41    0    3    0     0       0          0
1776798116.572745056   eth0:    4402      53    0    0    0     0          0        30 21822304010 33401878    0    0    0     0       0          0
1776798116.572745056  wlan0: 2380085    5399    0    0    0     0          0        24  1690267    5139    0    0    0     0       0          0
1776798116.572745056    br0:    7946      81    0    0    0     0          0        73     1376      16    0    2    0     0       0          0
1776798117.583693813     lo:   29612     376    0    0    0     0          0         0    29612     376    0    0    0     0       0          0
1776798117.583693813 enP1p1s0: 21780521164 33462500    0    0    0     0          0        44     2736      41    0    3    0     0       0          0
1776798117.583693813   eth0:    4402      53    0    0    0     0          0        30 21914390444 33462541    0    0    0     0       0          0
1776798117.583693813  wlan0: 2380085    5399    0    0    0     0          0        24  1690267    5139    0    0    0     0       0          0
1776798117.583693813    br0:    7946      81    0    0    0     0          0        73     1376      16    0    2    0     0       0          0
1776798118.594724830     lo:   29612     376    0    0    0     0          0         0    29612     376    0    0    0     0       0          0
1776798118.594724830 enP1p1s0: 21872372516 33523168    0    0    0     0          0        44     2736      41    0    3    0     0       0          0
1776798118.594724830   eth0:    4402      53    0    0    0     0          0        30 22006467770 33523198    0    0    0     0       0          0
1776798118.594724830  wlan0: 2380085    5399    0    0    0     0          0        24  1690267    5139    0    0    0     0       0          0
1776798118.594724830    br0:    7946      81    0    0    0     0          0        73     1376      16    0    2    0     0       0          0
1776798119.605719162     lo:   29612     376    0    0    0     0          0         0    29612     376    0    0    0     0       0          0
1776798119.605719162 enP1p1s0: 21964208728 33583826    0    0    0     0          0        44     2736      41    0    3    0     0       0          0
1776798119.605719162   eth0:    4402      53    0    0    0     0          0        30 22098549650 33583858    0    0    0     0       0          0
1776798119.605719162  wlan0: 2380085    5399    0    0    0     0          0        24  1690267    5139    0    0    0     0       0          0
1776798119.605719162    br0:    7946      81    0    0    0     0          0        73     1376      16    0    2    0     0       0          0
1776798120.616637252     lo:   29612     376    0    0    0     0          0         0    29612     376    0    0    0     0       0          0
1776798120.616637252 enP1p1s0: 22056023744 33644470    0    0    0     0          0        44     2736      41    0    3    0     0       0          0
1776798120.616637252   eth0:    4402      53    0    0    0     0          0        30 22190610278 33644504    0    0    0     0       0          0
1776798120.616637252  wlan0: 2380085    5399    0    0    0     0          0        24  1690267    5139    0    0    0     0       0          0
1776798120.616637252    br0:    7946      81    0    0    0     0          0        73     1376      16    0    2    0     0       0          0
1776798121.627290620     lo:   29612     376    0    0    0     0          0         0    29612     376    0    0    0     0       0          0
1776798121.627290620 enP1p1s0: 22147849418 33705122    0    0    0     0          0        44     2796      42    0    3    0     0       0          0
1776798121.627290620   eth0:    4448      54    0    0    0     0          0        30 22282686150 33705161    0    0    0     0       0          0
1776798121.627290620  wlan0: 2380085    5399    0    0    0     0          0        24  1690267    5139    0    0    0     0       0          0
1776798121.627290620    br0:    7946      81    0    0    0     0          0        73     1376      16    0    2    0     0       0          0
1776798122.639812882     lo:   29612     376    0    0    0     0          0         0    29612     376    0    0    0     0       0          0
1776798122.639812882 enP1p1s0: 22239846114 33765886    0    0    0     0          0        44     2796      42    0    3    0     0       0          0
1776798122.639812882   eth0:    4448      54    0    0    0     0          0        30 22374912240 33765916    0    0    0     0       0          0
1776798122.639812882  wlan0: 2380085    5399    0    0    0     0          0        24  1690267    5139    0    0    0     0       0          0
1776798122.639812882    br0:    7946      81    0    0    0     0          0        73     1376      16    0    2    0     0       0          0
1776798123.651790199     lo:   29612     376    0    0    0     0          0         0    29612     376    0    0    0     0       0          0
1776798123.651790199 enP1p1s0: 22331891258 33826682    0    0    0     0          0        44     2796      42    0    3    0     0       0          0
1776798123.651790199   eth0:    4448      54    0    0    0     0          0        30 22467205122 33826715    0    0    0     0       0          0
1776798123.651790199  wlan0: 2380085    5399    0    0    0     0          0        24  1690267    5139    0    0    0     0       0          0
1776798123.651790199    br0:    7946      81    0    0    0     0          0        73     1376      16    0    2    0     0       0          0
1776798124.664990167     lo:   29612     376    0    0    0     0          0         0    29612     376    0    0    0     0       0          0
1776798124.664990167 enP1p1s0: 22423803170 33887390    0    0    0     0          0        44     2796      42    0    3    0     0       0          0
1776798124.664990167   eth0:    4448      54    0    0    0     0          0        30 22559365938 33887427    0    0    0     0       0          0
1776798124.664990167  wlan0: 2380085    5399    0    0    0     0          0        24  1690267    5139    0    0    0     0       0          0
1776798124.664990167    br0:    7946      81    0    0    0     0          0        73     1376      16    0    2    0     0       0          0
1776798125.677650726     lo:   29612     376    0    0    0     0          0         0    29612     376    0    0    0     0       0          0
1776798125.677650726 enP1p1s0: 22515808950 33948160    0    0    0     0          0        44     2796      42    0    3    0     0       0          0
1776798125.677650726   eth0:    4448      54    0    0    0     0          0        30 22651611762 33948195    0    0    0     0       0          0
1776798125.677650726  wlan0: 2380085    5399    0    0    0     0          0        24  1690267    5139    0    0    0     0       0          0
1776798125.677650726    br0:    7946      81    0    0    0     0          0        73     1376      16    0    2    0     0       0          0
1776798126.690038543     lo:   29612     376    0    0    0     0          0         0    29612     376    0    0    0     0       0          0
1776798126.690038543 enP1p1s0: 22607784450 34008910    0    0    0     0          0        44     2796      42    0    3    0     0       0          0
1776798126.690038543   eth0:    4448      54    0    0    0     0          0        30 22743825708 34008942    0    0    0     0       0          0
1776798126.690038543  wlan0: 2380085    5399    0    0    0     0          0        24  1690267    5139    0    0    0     0       0          0
1776798126.690038543    br0:    7946      81    0    0    0     0          0        73     1376      16    0    2    0     0       0          0
1776798127.700932504     lo:   29612     376    0    0    0     0          0         0    29612     376    0    0    0     0       0          0
1776798127.700932504 enP1p1s0: 22699705446 34069624    0    0    0     0          0        44     2796      42    0    3    0     0       0          0
1776798127.700932504   eth0:    4448      54    0    0    0     0          0        30 22836003222 34069665    0    0    0     0       0          0
1776798127.700932504  wlan0: 2380085    5399    0    0    0     0          0        24  1690267    5139    0    0    0     0       0          0
1776798127.700932504    br0:    7946      81    0    0    0     0          0        73     1376      16    0    2    0     0       0          0
1776798128.714472103     lo:   29612     376    0    0    0     0          0         0    29612     376    0    0    0     0       0          0
1776798128.714472103 enP1p1s0: 22791749076 34130419    0    0    0     0          0        44     2796      42    0    3    0     0       0          0
1776798128.714472103   eth0:    4448      54    0    0    0     0          0        30 22928279406 34130453    0    0    0     0       0          0
1776798128.714472103  wlan0: 2380085    5399    0    0    0     0          0        24  1690267    5139    0    0    0     0       0          0
1776798128.714472103    br0:    7946      81    0    0    0     0          0        73     1376      16    0    2    0     0       0          0
1776798129.729504707     lo:   29612     376    0    0    0     0          0         0    29612     376    0    0    0     0       0          0
1776798129.729504707 enP1p1s0: 22883913826 34191294    0    0    0     0          0        44     2796      42    0    3    0     0       0          0
1776798129.729504707   eth0:    4448      54    0    0    0     0          0        30 23020684620 34191326    0    0    0     0       0          0
1776798129.729504707  wlan0: 2380085    5399    0    0    0     0          0        24  1690267    5139    0    0    0     0       0          0
1776798129.729504707    br0:    7946      81    0    0    0     0          0        73     1376      16    0    2    0     0       0          0
1776798130.740541113     lo:   29612     376    0    0    0     0          0         0    29612     376    0    0    0     0       0          0
1776798130.740541113 enP1p1s0: 22975734898 34251942    0    0    0     0          0        44     2796      42    0    3    0     0       0          0
1776798130.740541113   eth0:    4448      54    0    0    0     0          0        30 23112745248 34251972    0    0    0     0       0          0
1776798130.740541113  wlan0: 2380085    5399    0    0    0     0          0        24  1690267    5139    0    0    0     0       0          0
1776798130.740541113    br0:    7946      81    0    0    0     0          0        73     1376      16    0    2    0     0       0          0
1776798131.751946557     lo:   29612     376    0    0    0     0          0         0    29612     376    0    0    0     0       0          0
1776798131.751946557 enP1p1s0: 23067640754 34312646    0    0    0     0          0        44     2796      42    0    3    0     0       0          0
1776798131.751946557   eth0:    4448      54    0    0    0     0          0        30 23204906064 34312684    0    0    0     0       0          0
1776798131.751946557  wlan0: 2380085    5399    0    0    0     0          0        24  1690267    5139    0    0    0     0       0          0
1776798131.751946557    br0:    7946      81    0    0    0     0          0        73     1376      16    0    2    0     0       0          0
1776798132.763448797     lo:   29612     376    0    0    0     0          0         0    29612     376    0    0    0     0       0          0
1776798132.763448797 enP1p1s0: 23159595058 34373382    0    0    0     0          0        44     2796      42    0    3    0     0       0          0
1776798132.763448797   eth0:    4448      54    0    0    0     0          0        30 23297100276 34373418    0    0    0     0       0          0
1776798132.763448797  wlan0: 2380085    5399    0    0    0     0          0        24  1690267    5139    0    0    0     0       0          0
1776798132.763448797    br0:    7946      81    0    0    0     0          0        73     1376      16    0    2    0     0       0          0
1776798133.777107989     lo:   29612     376    0    0    0     0          0         0    29612     376    0    0    0     0       0          0
1776798133.777107989 enP1p1s0: 23251585698 34434142    0    0    0     0          0        44     2796      42    0    3    0     0       0          0
1776798133.777107989   eth0:    4448      54    0    0    0     0          0        30 23389332438 34434177    0    0    0     0       0          0
1776798133.777107989  wlan0: 2380085    5399    0    0    0     0          0        24  1690267    5139    0    0    0     0       0          0
1776798133.777107989    br0:    7946      81    0    0    0     0          0        73     1376      16    0    2    0     0       0          0
1776798134.790802144     lo:   29612     376    0    0    0     0          0         0    29612     376    0    0    0     0       0          0
1776798134.790802144 enP1p1s0: 23343679290 34494970    0    0    0     0          0        44     2796      42    0    3    0     0       0          0
1776798134.790802144   eth0:    4448      54    0    0    0     0          0        30 23481675414 34495009    0    0    0     0       0          0
1776798134.790802144  wlan0: 2380085    5399    0    0    0     0          0        24  1690267    5139    0    0    0     0       0          0
1776798134.790802144    br0:    7946      81    0    0    0     0          0        73     1376      16    0    2    0     0       0          0
1776798135.803247110     lo:   29612     376    0    0    0     0          0         0    29612     376    0    0    0     0       0          0
1776798135.803247110 enP1p1s0: 23435633594 34555706    0    0    0     0          0        44     2796      42    0    3    0     0       0          0
1776798135.803247110   eth0:    4448      54    0    0    0     0          0        30 23573871144 34555744    0    0    0     0       0          0
1776798135.803247110  wlan0: 2380085    5399    0    0    0     0          0        24  1690267    5139    0    0    0     0       0          0
1776798135.803247110    br0:    7946      81    0    0    0     0          0        73     1376      16    0    2    0     0       0          0
1776798136.814089552     lo:   29612     376    0    0    0     0          0         0    29612     376    0    0    0     0       0          0
1776798136.814089552 enP1p1s0: 23527569730 34616430    0    0    0     0          0        44     2796      42    0    3    0     0       0          0
1776798136.814089552   eth0:    4448      54    0    0    0     0          0        30 23666056248 34616472    0    0    0     0       0          0
1776798136.814089552  wlan0: 2380085    5399    0    0    0     0          0        24  1690267    5139    0    0    0     0       0          0
1776798136.814089552    br0:    7946      81    0    0    0     0          0        73     1376      16    0    2    0     0       0          0
1776798137.827770281     lo:   29612     376    0    0    0     0          0         0    29612     376    0    0    0     0       0          0
1776798137.827770281 enP1p1s0: 23619560370 34677190    0    0    0     0          0        44     2796      42    0    3    0     0       0          0
1776798137.827770281   eth0:    4448      54    0    0    0     0          0        30 23758286892 34677230    0    0    0     0       0          0
1776798137.827770281  wlan0: 2380085    5399    0    0    0     0          0        24  1690267    5139    0    0    0     0       0          0
1776798137.827770281    br0:    7946      81    0    0    0     0          0        73     1376      16    0    2    0     0       0          0
1776798138.841480696     lo:   29612     376    0    0    0     0          0         0    29612     376    0    0    0     0       0          0
1776798138.841480696 enP1p1s0: 23711649420 34738015    0    0    0     0          0        44     2796      42    0    3    0     0       0          0
1776798138.841480696   eth0:    4448      54    0    0    0     0          0        30 23850616206 34738053    0    0    0     0       0          0
1776798138.841480696  wlan0: 2380085    5399    0    0    0     0          0        24  1690267    5139    0    0    0     0       0          0
1776798138.841480696    br0:    7946      81    0    0    0     0          0        73     1376      16    0    2    0     0       0          0
1776798139.855266832     lo:   29612     376    0    0    0     0          0         0    29612     376    0    0    0     0       0          0
1776798139.855266832 enP1p1s0: 23803741498 34798842    0    0    0     0          0        44     2796      42    0    3    0     0       0          0
1776798139.855266832   eth0:    4448      54    0    0    0     0          0        30 23942944002 34798875    0    0    0     0       0          0
1776798139.855266832  wlan0: 2380085    5399    0    0    0     0          0        24  1690267    5139    0    0    0     0       0          0
1776798139.855266832    br0:    7946      81    0    0    0     0          0        73     1376      16    0    2    0     0       0          0
1776798140.867743483     lo:   29612     376    0    0    0     0          0         0    29612     376    0    0    0     0       0          0
1776798140.867743483 enP1p1s0: 23895732138 34859602    0    0    0     0          0        44     2796      42    0    3    0     0       0          0
1776798140.867743483   eth0:    4448      54    0    0    0     0          0        30 24035173128 34859632    0    0    0     0       0          0
1776798140.867743483  wlan0: 2380085    5399    0    0    0     0          0        24  1690267    5139    0    0    0     0       0          0
1776798140.867743483    br0:    7946      81    0    0    0     0          0        73     1376      16    0    2    0     0       0          0
1776798141.878027831     lo:   29612     376    0    0    0     0          0         0    29612     376    0    0    0     0       0          0
1776798141.878027831 enP1p1s0: 23987426034 34920166    0    0    0     0          0        44     2796      42    0    3    0     0       0          0
1776798141.878027831   eth0:    4448      54    0    0    0     0          0        30 24127124460 34920206    0    0    0     0       0          0
1776798141.878027831  wlan0: 2380085    5399    0    0    0     0          0        24  1690267    5139    0    0    0     0       0          0
1776798141.878027831    br0:    7946      81    0    0    0     0          0        73     1376      16    0    2    0     0       0          0
1776798142.888535569     lo:   29612     376    0    0    0     0          0         0    29612     376    0    0    0     0       0          0
1776798142.888535569 enP1p1s0: 24079260732 34980823    0    0    0     0          0        44     2796      42    0    3    0     0       0          0
1776798142.888535569   eth0:    4448      54    0    0    0     0          0        30 24219200268 34980862    0    0    0     0       0          0
1776798142.888535569  wlan0: 2380085    5399    0    0    0     0          0        24  1690267    5139    0    0    0     0       0          0
1776798142.888535569    br0:    7946      81    0    0    0     0          0        73     1376      16    0    2    0     0       0          0
1776798143.900399829     lo:   29612     376    0    0    0     0          0         0    29612     376    0    0    0     0       0          0
1776798143.900399829 enP1p1s0: 24171322530 35041630    0    0    0     0          0        44     2796      42    0    3    0     0       0          0
1776798143.900399829   eth0:    4448      54    0    0    0     0          0        30 24311500740 35041666    0    0    0     0       0          0
1776798143.900399829  wlan0: 2380085    5399    0    0    0     0          0        24  1690267    5139    0    0    0     0       0          0
1776798143.900399829    br0:    7946      81    0    0    0     0          0        73     1376      16    0    2    0     0       0          0
1776798144.914116762     lo:   29612     376    0    0    0     0          0         0    29612     376    0    0    0     0       0          0
1776798144.914116762 enP1p1s0: 24263304086 35102384    0    0    0     0          0        44     2796      42    0    3    0     0       0          0
1776798144.914116762   eth0:    4448      54    0    0    0     0          0        30 24403716204 35102414    0    0    0     0       0          0
1776798144.914116762  wlan0: 2380085    5399    0    0    0     0          0        24  1690267    5139    0    0    0     0       0          0
1776798144.914116762    br0:    7946      81    0    0    0     0          0        73     1376      16    0    2    0     0       0          0
1776798145.926364097     lo:   29612     376    0    0    0     0          0         0    29612     376    0    0    0     0       0          0
1776798145.926364097 enP1p1s0: 24355362916 35163190    0    0    0     0          0        44     2856      43    0    3    0     0       0          0
1776798145.926364097   eth0:    4494      55    0    0    0     0          0        30 24496024330 35163224    0    0    0     0       0          0
1776798145.926364097  wlan0: 2380085    5399    0    0    0     0          0        24  1690267    5139    0    0    0     0       0          0
1776798145.926364097    br0:    7946      81    0    0    0     0          0        73     1376      16    0    2    0     0       0          0
1776798146.939980845     lo:   29612     376    0    0    0     0          0         0    29612     376    0    0    0     0       0          0
1776798146.939980845 enP1p1s0: 24447347500 35223946    0    0    0     0          0        44     2856      43    0    3    0     0       0          0
1776798146.939980845   eth0:    4494      55    0    0    0     0          0        30 24588245866 35223976    0    0    0     0       0          0
1776798146.939980845  wlan0: 2380085    5399    0    0    0     0          0        24  1690267    5139    0    0    0     0       0          0
1776798146.939980845    br0:    7946      81    0    0    0     0          0        73     1376      16    0    2    0     0       0          0
1776798147.952377551     lo:   29612     376    0    0    0     0          0         0    29612     376    0    0    0     0       0          0
1776798147.952377551 enP1p1s0: 24539321486 35284695    0    0    0     0          0        44     2856      43    0    3    0     0       0          0
1776798147.952377551   eth0:    4494      55    0    0    0     0          0        30 24680462848 35284725    0    0    0     0       0          0
1776798147.952377551  wlan0: 2380085    5399    0    0    0     0          0        24  1690267    5139    0    0    0     0       0          0
1776798147.952377551    br0:    7946      81    0    0    0     0          0        73     1376      16    0    2    0     0       0          0
