Linux 6.17.0-1011-raspi (raspberrypi) 	04/18/26 	_aarch64_	(4 CPU)

14:06:15     CPU    %usr   %nice    %sys %iowait    %irq   %soft  %steal  %guest  %gnice   %idle
14:06:16     all    0.50    0.00    2.01    0.00    0.00    0.00    0.00    0.00    0.00   97.49
14:06:16       0    0.99    0.00    1.98    0.00    0.00    0.00    0.00    0.00    0.00   97.03
14:06:16       1    0.00    0.00    2.02    0.00    0.00    0.00    0.00    0.00    0.00   97.98
14:06:16       2    0.00    0.00    2.02    0.00    0.00    0.00    0.00    0.00    0.00   97.98
14:06:16       3    1.00    0.00    2.00    0.00    0.00    0.00    0.00    0.00    0.00   97.00

14:06:16     CPU    %usr   %nice    %sys %iowait    %irq   %soft  %steal  %guest  %gnice   %idle
14:06:17     all    0.51    0.00    1.01    0.00    0.00    0.00    0.00    0.00    0.00   98.48
14:06:17       0    0.00    0.00    1.02    0.00    0.00    0.00    0.00    0.00    0.00   98.98
14:06:17       1    1.01    0.00    1.01    0.00    0.00    0.00    0.00    0.00    0.00   97.98
14:06:17       2    1.00    0.00    1.00    0.00    0.00    0.00    0.00    0.00    0.00   98.00
14:06:17       3    0.00    0.00    1.01    0.00    0.00    0.00    0.00    0.00    0.00   98.99

14:06:17     CPU    %usr   %nice    %sys %iowait    %irq   %soft  %steal  %guest  %gnice   %idle
14:06:18     all    0.75    0.00    1.49    0.00    0.00    0.00    0.00    0.00    0.00   97.76
14:06:18       0    0.99    0.00    1.98    0.00    0.00    0.00    0.00    0.00    0.00   97.03
14:06:18       1    0.00    0.00    2.00    0.00    0.00    0.00    0.00    0.00    0.00   98.00
14:06:18       2    1.00    0.00    1.00    0.00    0.00    0.00    0.00    0.00    0.00   98.00
14:06:18       3    0.99    0.00    0.99    0.00    0.00    0.00    0.00    0.00    0.00   98.02

14:06:18     CPU    %usr   %nice    %sys %iowait    %irq   %soft  %steal  %guest  %gnice   %idle
14:06:19     all    0.25    0.00    1.50    0.00    0.00    0.00    0.00    0.00    0.00   98.25
14:06:19       0    0.00    0.00    1.01    0.00    0.00    0.00    0.00    0.00    0.00   98.99
14:06:19       1    1.00    0.00    1.00    0.00    0.00    0.00    0.00    0.00    0.00   98.00
14:06:19       2    0.00    0.00    1.98    0.00    0.00    0.00    0.00    0.00    0.00   98.02
14:06:19       3    0.00    0.00    2.02    0.00    0.00    0.00    0.00    0.00    0.00   97.98

14:06:19     CPU    %usr   %nice    %sys %iowait    %irq   %soft  %steal  %guest  %gnice   %idle
14:06:20     all    1.00    0.00    1.24    0.00    0.00    0.00    0.00    0.00    0.00   97.76
14:06:20       0    0.99    0.00    0.99    0.00    0.00    0.00    0.00    0.00    0.00   98.02
14:06:20       1    1.00    0.00    1.00    0.00    0.00    0.00    0.00    0.00    0.00   98.00
14:06:20       2    1.00    0.00    1.00    0.00    0.00    0.00    0.00    0.00    0.00   98.00
14:06:20       3    0.99    0.00    1.98    0.00    0.00    0.00    0.00    0.00    0.00   97.03

14:06:20     CPU    %usr   %nice    %sys %iowait    %irq   %soft  %steal  %guest  %gnice   %idle
14:06:21     all    0.25    0.00    1.25    0.25    0.00    0.00    0.00    0.00    0.00   98.25
14:06:21       0    0.00    0.00    1.01    0.00    0.00    0.00    0.00    0.00    0.00   98.99
14:06:21       1    0.98    0.00    1.96    0.98    0.00    0.00    0.00    0.00    0.00   96.08
14:06:21       2    0.00    0.00    1.01    0.00    0.00    0.00    0.00    0.00    0.00   98.99
14:06:21       3    0.00    0.00    1.01    0.00    0.00    0.00    0.00    0.00    0.00   98.99

14:06:21     CPU    %usr   %nice    %sys %iowait    %irq   %soft  %steal  %guest  %gnice   %idle
14:06:22     all    0.75    0.00    1.50    0.00    0.00    0.00    0.00    0.00    0.00   97.75
14:06:22       0    1.00    0.00    1.00    0.00    0.00    0.00    0.00    0.00    0.00   98.00
14:06:22       1    0.00    0.00    2.02    0.00    0.00    0.00    0.00    0.00    0.00   97.98
14:06:22       2    0.99    0.00    1.98    0.00    0.00    0.00    0.00    0.00    0.00   97.03
14:06:22       3    1.00    0.00    1.00    0.00    0.00    0.00    0.00    0.00    0.00   98.00

14:06:22     CPU    %usr   %nice    %sys %iowait    %irq   %soft  %steal  %guest  %gnice   %idle
14:06:23     all    0.75    0.00    1.00    0.00    0.00    0.00    0.00    0.00    0.00   98.25
14:06:23       0    1.00    0.00    1.00    0.00    0.00    0.00    0.00    0.00    0.00   98.00
14:06:23       1    0.99    0.00    0.99    0.00    0.00    0.00    0.00    0.00    0.00   98.02
14:06:23       2    1.01    0.00    1.01    0.00    0.00    0.00    0.00    0.00    0.00   97.98
14:06:23       3    0.00    0.00    1.01    0.00    0.00    0.00    0.00    0.00    0.00   98.99

14:06:23     CPU    %usr   %nice    %sys %iowait    %irq   %soft  %steal  %guest  %gnice   %idle
14:06:24     all    0.54    0.00    1.61    0.00    0.00    0.27    0.00    0.00    0.00   97.58
14:06:24       0    0.00    0.00    2.74    0.00    0.00    1.37    0.00    0.00    0.00   95.89
14:06:24       1    0.00    0.00    1.01    0.00    0.00    0.00    0.00    0.00    0.00   98.99
14:06:24       2    1.00    0.00    2.00    0.00    0.00    0.00    0.00    0.00    0.00   97.00
14:06:24       3    1.00    0.00    1.00    0.00    0.00    0.00    0.00    0.00    0.00   98.00

14:06:24     CPU    %usr   %nice    %sys %iowait    %irq   %soft  %steal  %guest  %gnice   %idle
14:06:25     all    0.54    0.00    1.63    0.00    0.00    1.63    0.00    0.00    0.00   96.20
14:06:25       0    1.47    0.00    1.47    0.00    0.00    8.82    0.00    0.00    0.00   88.24
14:06:25       1    1.00    0.00    2.00    0.00    0.00    0.00    0.00    0.00    0.00   97.00
14:06:25       2    0.00    0.00    1.00    0.00    0.00    0.00    0.00    0.00    0.00   99.00
14:06:25       3    0.00    0.00    2.00    0.00    0.00    0.00    0.00    0.00    0.00   98.00

14:06:25     CPU    %usr   %nice    %sys %iowait    %irq   %soft  %steal  %guest  %gnice   %idle
14:06:26     all    0.27    0.00    1.37    0.00    0.00    1.10    0.00    0.00    0.00   97.26
14:06:26       0    0.00    0.00    3.03    0.00    0.00    6.06    0.00    0.00    0.00   90.91
14:06:26       1    1.01    0.00    0.00    0.00    0.00    0.00    0.00    0.00    0.00   98.99
14:06:26       2    0.00    0.00    2.00    0.00    0.00    0.00    0.00    0.00    0.00   98.00
14:06:26       3    0.00    0.00    1.00    0.00    0.00    0.00    0.00    0.00    0.00   99.00

14:06:26     CPU    %usr   %nice    %sys %iowait    %irq   %soft  %steal  %guest  %gnice   %idle
14:06:27     all    1.10    0.00    1.10    0.00    0.00    0.82    0.00    0.00    0.00   96.99
14:06:27       0    1.52    0.00    1.52    0.00    0.00    4.55    0.00    0.00    0.00   92.42
14:06:27       1    1.00    0.00    1.00    0.00    0.00    0.00    0.00    0.00    0.00   98.00
14:06:27       2    1.01    0.00    1.01    0.00    0.00    0.00    0.00    0.00    0.00   97.98
14:06:27       3    1.00    0.00    1.00    0.00    0.00    0.00    0.00    0.00    0.00   98.00

14:06:27     CPU    %usr   %nice    %sys %iowait    %irq   %soft  %steal  %guest  %gnice   %idle
14:06:28     all    0.54    0.00    1.63    0.00    0.00    1.36    0.00    0.00    0.00   96.48
14:06:28       0    0.00    0.00    2.94    0.00    0.00    7.35    0.00    0.00    0.00   89.71
14:06:28       1    1.00    0.00    1.00    0.00    0.00    0.00    0.00    0.00    0.00   98.00
14:06:28       2    0.00    0.00    1.98    0.00    0.00    0.00    0.00    0.00    0.00   98.02
14:06:28       3    1.00    0.00    1.00    0.00    0.00    0.00    0.00    0.00    0.00   98.00

14:06:28     CPU    %usr   %nice    %sys %iowait    %irq   %soft  %steal  %guest  %gnice   %idle
14:06:29     all    0.55    0.00    1.37    0.00    0.00    1.64    0.00    0.00    0.00   96.45
14:06:29       0    0.00    0.00    0.00    0.00    0.00    8.96    0.00    0.00    0.00   91.04
14:06:29       1    0.00    0.00    2.00    0.00    0.00    0.00    0.00    0.00    0.00   98.00
14:06:29       2    1.01    0.00    1.01    0.00    0.00    0.00    0.00    0.00    0.00   97.98
14:06:29       3    1.00    0.00    2.00    0.00    0.00    0.00    0.00    0.00    0.00   97.00

14:06:29     CPU    %usr   %nice    %sys %iowait    %irq   %soft  %steal  %guest  %gnice   %idle
14:06:30     all    0.54    0.00    1.63    0.00    0.00    1.09    0.00    0.00    0.00   96.73
14:06:30       0    1.47    0.00    2.94    0.00    0.00    5.88    0.00    0.00    0.00   89.71
14:06:30       1    1.00    0.00    1.00    0.00    0.00    0.00    0.00    0.00    0.00   98.00
14:06:30       2    0.00    0.00    2.00    0.00    0.00    0.00    0.00    0.00    0.00   98.00
14:06:30       3    0.00    0.00    1.01    0.00    0.00    0.00    0.00    0.00    0.00   98.99

14:06:30     CPU    %usr   %nice    %sys %iowait    %irq   %soft  %steal  %guest  %gnice   %idle
14:06:31     all    0.54    0.00    1.63    0.00    0.00    1.36    0.00    0.00    0.00   96.47
14:06:31       0    0.00    0.00    1.49    0.00    0.00    7.46    0.00    0.00    0.00   91.04
14:06:31       1    0.00    0.00    1.01    0.00    0.00    0.00    0.00    0.00    0.00   98.99
14:06:31       2    0.99    0.00    1.98    0.00    0.00    0.00    0.00    0.00    0.00   97.03
14:06:31       3    0.99    0.00    1.98    0.00    0.00    0.00    0.00    0.00    0.00   97.03

14:06:31     CPU    %usr   %nice    %sys %iowait    %irq   %soft  %steal  %guest  %gnice   %idle
14:06:32     all    0.54    0.00    1.63    0.00    0.00    1.09    0.00    0.00    0.00   96.73
14:06:32       0    1.47    0.00    2.94    0.00    0.00    5.88    0.00    0.00    0.00   89.71
14:06:32       1    0.99    0.00    1.98    0.00    0.00    0.00    0.00    0.00    0.00   97.03
14:06:32       2    0.00    0.00    1.01    0.00    0.00    0.00    0.00    0.00    0.00   98.99
14:06:32       3    0.00    0.00    1.01    0.00    0.00    0.00    0.00    0.00    0.00   98.99

14:06:32     CPU    %usr   %nice    %sys %iowait    %irq   %soft  %steal  %guest  %gnice   %idle
14:06:33     all    0.82    0.00    1.37    0.00    0.00    1.09    0.00    0.00    0.00   96.72
14:06:33       0    1.49    0.00    1.49    0.00    0.00    5.97    0.00    0.00    0.00   91.04
14:06:33       1    0.00    0.00    1.01    0.00    0.00    0.00    0.00    0.00    0.00   98.99
14:06:33       2    1.00    0.00    1.00    0.00    0.00    0.00    0.00    0.00    0.00   98.00
14:06:33       3    1.00    0.00    2.00    0.00    0.00    0.00    0.00    0.00    0.00   97.00

14:06:33     CPU    %usr   %nice    %sys %iowait    %irq   %soft  %steal  %guest  %gnice   %idle
14:06:34     all    0.55    0.00    1.10    0.00    0.00    1.10    0.00    0.00    0.00   97.25
14:06:34       0    0.00    0.00    1.52    0.00    0.00    6.06    0.00    0.00    0.00   92.42
14:06:34       1    0.00    0.00    1.01    0.00    0.00    0.00    0.00    0.00    0.00   98.99
14:06:34       2    1.01    0.00    1.01    0.00    0.00    0.00    0.00    0.00    0.00   97.98
14:06:34       3    1.00    0.00    1.00    0.00    0.00    0.00    0.00    0.00    0.00   98.00

14:06:34     CPU    %usr   %nice    %sys %iowait    %irq   %soft  %steal  %guest  %gnice   %idle
14:06:35     all    0.54    0.00    1.36    0.00    0.00    1.36    0.00    0.00    0.00   96.73
14:06:35       0    0.00    0.00    1.49    0.00    0.00    7.46    0.00    0.00    0.00   91.04
14:06:35       1    1.00    0.00    1.00    0.00    0.00    0.00    0.00    0.00    0.00   98.00
14:06:35       2    0.99    0.00    1.98    0.00    0.00    0.00    0.00    0.00    0.00   97.03
14:06:35       3    0.00    0.00    1.01    0.00    0.00    0.00    0.00    0.00    0.00   98.99

14:06:35     CPU    %usr   %nice    %sys %iowait    %irq   %soft  %steal  %guest  %gnice   %idle
14:06:36     all    1.10    0.00    1.37    0.27    0.00    0.55    0.00    0.00    0.00   96.71
14:06:36       0    1.56    0.00    1.56    0.00    0.00    3.12    0.00    0.00    0.00   93.75
14:06:36       1    1.00    0.00    1.00    0.00    0.00    0.00    0.00    0.00    0.00   98.00
14:06:36       2    1.00    0.00    1.00    1.00    0.00    0.00    0.00    0.00    0.00   97.00
14:06:36       3    0.99    0.00    1.98    0.00    0.00    0.00    0.00    0.00    0.00   97.03

14:06:36     CPU    %usr   %nice    %sys %iowait    %irq   %soft  %steal  %guest  %gnice   %idle
14:06:37     all    0.27    0.00    1.90    0.00    0.00    1.36    0.00    0.00    0.00   96.47
14:06:37       0    1.45    0.00    2.90    0.00    0.00    7.25    0.00    0.00    0.00   88.41
14:06:37       1    0.00    0.00    2.00    0.00    0.00    0.00    0.00    0.00    0.00   98.00
14:06:37       2    0.00    0.00    2.00    0.00    0.00    0.00    0.00    0.00    0.00   98.00
14:06:37       3    0.00    0.00    1.01    0.00    0.00    0.00    0.00    0.00    0.00   98.99

14:06:37     CPU    %usr   %nice    %sys %iowait    %irq   %soft  %steal  %guest  %gnice   %idle
14:06:38     all    0.82    0.00    1.09    0.00    0.00    0.82    0.00    0.00    0.00   97.27
14:06:38       0    0.00    0.00    1.54    0.00    0.00    4.62    0.00    0.00    0.00   93.85
14:06:38       1    0.99    0.00    0.99    0.00    0.00    0.00    0.00    0.00    0.00   98.02
14:06:38       2    1.00    0.00    1.00    0.00    0.00    0.00    0.00    0.00    0.00   98.00
14:06:38       3    1.00    0.00    1.00    0.00    0.00    0.00    0.00    0.00    0.00   98.00

14:06:38     CPU    %usr   %nice    %sys %iowait    %irq   %soft  %steal  %guest  %gnice   %idle
14:06:39     all    0.82    0.00    1.37    0.00    0.00    0.82    0.00    0.00    0.00   96.99
14:06:39       0    1.52    0.00    1.52    0.00    0.00    4.55    0.00    0.00    0.00   92.42
14:06:39       1    1.00    0.00    1.00    0.00    0.00    0.00    0.00    0.00    0.00   98.00
14:06:39       2    1.01    0.00    1.01    0.00    0.00    0.00    0.00    0.00    0.00   97.98
14:06:39       3    0.00    0.00    2.00    0.00    0.00    0.00    0.00    0.00    0.00   98.00

14:06:39     CPU    %usr   %nice    %sys %iowait    %irq   %soft  %steal  %guest  %gnice   %idle
14:06:40     all    0.55    0.00    1.64    0.00    0.00    0.82    0.00    0.00    0.00   96.99
14:06:40       0    0.00    0.00    1.54    0.00    0.00    4.62    0.00    0.00    0.00   93.85
14:06:40       1    0.00    0.00    1.01    0.00    0.00    0.00    0.00    0.00    0.00   98.99
14:06:40       2    0.99    0.00    1.98    0.00    0.00    0.00    0.00    0.00    0.00   97.03
14:06:40       3    1.00    0.00    2.00    0.00    0.00    0.00    0.00    0.00    0.00   97.00

14:06:40     CPU    %usr   %nice    %sys %iowait    %irq   %soft  %steal  %guest  %gnice   %idle
14:06:41     all    0.55    0.00    1.10    0.00    0.00    0.82    0.00    0.00    0.00   97.53
14:06:41       0    0.00    0.00    1.54    0.00    0.00    4.62    0.00    0.00    0.00   93.85
14:06:41       1    1.00    0.00    1.00    0.00    0.00    0.00    0.00    0.00    0.00   98.00
14:06:41       2    1.01    0.00    1.01    0.00    0.00    0.00    0.00    0.00    0.00   97.98
14:06:41       3    0.00    0.00    1.00    0.00    0.00    0.00    0.00    0.00    0.00   99.00

14:06:41     CPU    %usr   %nice    %sys %iowait    %irq   %soft  %steal  %guest  %gnice   %idle
14:06:42     all    0.54    0.00    1.63    0.00    0.00    1.09    0.00    0.00    0.00   96.73
14:06:42       0    1.47    0.00    1.47    0.00    0.00    5.88    0.00    0.00    0.00   91.18
14:06:42       1    0.00    0.00    2.00    0.00    0.00    0.00    0.00    0.00    0.00   98.00
14:06:42       2    0.00    0.00    2.02    0.00    0.00    0.00    0.00    0.00    0.00   97.98
14:06:42       3    1.00    0.00    1.00    0.00    0.00    0.00    0.00    0.00    0.00   98.00

14:06:42     CPU    %usr   %nice    %sys %iowait    %irq   %soft  %steal  %guest  %gnice   %idle
14:06:43     all    0.55    0.00    1.64    0.00    0.00    1.09    0.00    0.00    0.00   96.72
14:06:43       0    0.00    0.00    1.52    0.00    0.00    6.06    0.00    0.00    0.00   92.42
14:06:43       1    0.00    0.00    1.00    0.00    0.00    0.00    0.00    0.00    0.00   99.00
14:06:43       2    1.00    0.00    2.00    0.00    0.00    0.00    0.00    0.00    0.00   97.00
14:06:43       3    1.00    0.00    2.00    0.00    0.00    0.00    0.00    0.00    0.00   97.00

14:06:43     CPU    %usr   %nice    %sys %iowait    %irq   %soft  %steal  %guest  %gnice   %idle
14:06:44     all    1.09    0.00    1.37    0.00    0.00    0.55    0.00    0.00    0.00   96.99
14:06:44       0    1.54    0.00    1.54    0.00    0.00    3.08    0.00    0.00    0.00   93.85
14:06:44       1    1.00    0.00    1.00    0.00    0.00    0.00    0.00    0.00    0.00   98.00
14:06:44       2    0.99    0.00    1.98    0.00    0.00    0.00    0.00    0.00    0.00   97.03
14:06:44       3    1.00    0.00    1.00    0.00    0.00    0.00    0.00    0.00    0.00   98.00

14:06:44     CPU    %usr   %nice    %sys %iowait    %irq   %soft  %steal  %guest  %gnice   %idle
14:06:45     all    0.00    0.00    1.38    0.00    0.00    0.55    0.00    0.00    0.00   98.07
14:06:45       0    0.00    0.00    1.56    0.00    0.00    3.12    0.00    0.00    0.00   95.31
14:06:45       1    0.00    0.00    1.01    0.00    0.00    0.00    0.00    0.00    0.00   98.99
14:06:45       2    0.00    0.00    2.00    0.00    0.00    0.00    0.00    0.00    0.00   98.00
14:06:45       3    0.00    0.00    1.01    0.00    0.00    0.00    0.00    0.00    0.00   98.99

14:06:45     CPU    %usr   %nice    %sys %iowait    %irq   %soft  %steal  %guest  %gnice   %idle
14:06:46     all    0.55    0.00    0.55    0.27    0.00    0.82    0.00    0.00    0.00   97.81
14:06:46       0    1.49    0.00    1.49    0.00    0.00    4.48    0.00    0.00    0.00   92.54
14:06:46       1    0.00    0.00    0.00    1.00    0.00    0.00    0.00    0.00    0.00   99.00
14:06:46       2    1.01    0.00    0.00    0.00    0.00    0.00    0.00    0.00    0.00   98.99
14:06:46       3    0.00    0.00    1.00    0.00    0.00    0.00    0.00    0.00    0.00   99.00

14:06:46     CPU    %usr   %nice    %sys %iowait    %irq   %soft  %steal  %guest  %gnice   %idle
14:06:47     all    0.82    0.00    1.37    0.00    0.00    0.82    0.00    0.00    0.00   96.99
14:06:47       0    0.00    0.00    1.54    0.00    0.00    4.62    0.00    0.00    0.00   93.85
14:06:47       1    0.99    0.00    1.98    0.00    0.00    0.00    0.00    0.00    0.00   97.03
14:06:47       2    1.00    0.00    1.00    0.00    0.00    0.00    0.00    0.00    0.00   98.00
14:06:47       3    1.00    0.00    1.00    0.00    0.00    0.00    0.00    0.00    0.00   98.00

14:06:47     CPU    %usr   %nice    %sys %iowait    %irq   %soft  %steal  %guest  %gnice   %idle
14:06:48     all    0.54    0.00    1.36    0.00    0.00    1.36    0.00    0.00    0.00   96.73
14:06:48       0    1.47    0.00    1.47    0.00    0.00    7.35    0.00    0.00    0.00   89.71
14:06:48       1    0.00    0.00    1.01    0.00    0.00    0.00    0.00    0.00    0.00   98.99
14:06:48       2    1.00    0.00    1.00    0.00    0.00    0.00    0.00    0.00    0.00   98.00
14:06:48       3    0.00    0.00    2.00    0.00    0.00    0.00    0.00    0.00    0.00   98.00

14:06:48     CPU    %usr   %nice    %sys %iowait    %irq   %soft  %steal  %guest  %gnice   %idle
14:06:49     all    0.82    0.00    1.36    0.00    0.00    0.82    0.00    0.00    0.00   97.00
14:06:49       0    1.52    0.00    1.52    0.00    0.00    4.55    0.00    0.00    0.00   92.42
14:06:49       1    0.99    0.00    0.99    0.00    0.00    0.00    0.00    0.00    0.00   98.02
14:06:49       2    0.00    0.00    2.00    0.00    0.00    0.00    0.00    0.00    0.00   98.00
14:06:49       3    1.00    0.00    1.00    0.00    0.00    0.00    0.00    0.00    0.00   98.00

14:06:49     CPU    %usr   %nice    %sys %iowait    %irq   %soft  %steal  %guest  %gnice   %idle
14:06:50     all    0.82    0.00    1.37    0.00    0.00    1.09    0.00    0.00    0.00   96.72
14:06:50       0    0.00    0.00    3.03    0.00    0.00    6.06    0.00    0.00    0.00   90.91
14:06:50       1    1.00    0.00    1.00    0.00    0.00    0.00    0.00    0.00    0.00   98.00
14:06:50       2    1.00    0.00    1.00    0.00    0.00    0.00    0.00    0.00    0.00   98.00
14:06:50       3    1.00    0.00    1.00    0.00    0.00    0.00    0.00    0.00    0.00   98.00

14:06:50     CPU    %usr   %nice    %sys %iowait    %irq   %soft  %steal  %guest  %gnice   %idle
14:06:51     all    0.82    0.00    1.37    0.00    0.00    0.82    0.00    0.00    0.00   96.99
14:06:51       0    1.54    0.00    0.00    0.00    0.00    4.62    0.00    0.00    0.00   93.85
14:06:51       1    1.00    0.00    2.00    0.00    0.00    0.00    0.00    0.00    0.00   97.00
14:06:51       2    0.00    0.00    1.01    0.00    0.00    0.00    0.00    0.00    0.00   98.99
14:06:51       3    0.99    0.00    1.98    0.00    0.00    0.00    0.00    0.00    0.00   97.03

14:06:51     CPU    %usr   %nice    %sys %iowait    %irq   %soft  %steal  %guest  %gnice   %idle
14:06:52     all    0.28    0.00    1.38    0.00    0.00    0.83    0.00    0.00    0.00   97.52
14:06:52       0    0.00    0.00    1.54    0.00    0.00    4.62    0.00    0.00    0.00   93.85
14:06:52       1    0.00    0.00    1.00    0.00    0.00    0.00    0.00    0.00    0.00   99.00
14:06:52       2    1.00    0.00    2.00    0.00    0.00    0.00    0.00    0.00    0.00   97.00
14:06:52       3    0.00    0.00    1.02    0.00    0.00    0.00    0.00    0.00    0.00   98.98

14:06:52     CPU    %usr   %nice    %sys %iowait    %irq   %soft  %steal  %guest  %gnice   %idle
14:06:53     all    0.82    0.00    1.36    0.00    0.00    1.36    0.00    0.00    0.00   96.47
14:06:53       0    1.49    0.00    1.49    0.00    0.00    7.46    0.00    0.00    0.00   89.55
14:06:53       1    1.00    0.00    1.00    0.00    0.00    0.00    0.00    0.00    0.00   98.00
14:06:53       2    1.00    0.00    1.00    0.00    0.00    0.00    0.00    0.00    0.00   98.00
14:06:53       3    0.00    0.00    1.98    0.00    0.00    0.00    0.00    0.00    0.00   98.02

Average:     CPU    %usr   %nice    %sys %iowait    %irq   %soft  %steal  %guest  %gnice   %idle
Average:     all    0.62    0.00    1.40    0.02    0.00    0.78    0.00    0.00    0.00   97.18
Average:       0    0.72    0.00    1.61    0.00    0.00    3.97    0.00    0.00    0.00   93.71
Average:       1    0.58    0.00    1.24    0.05    0.00    0.00    0.00    0.00    0.00   98.13
Average:       2    0.66    0.00    1.42    0.03    0.00    0.00    0.00    0.00    0.00   97.89
Average:       3    0.55    0.00    1.37    0.00    0.00    0.00    0.00    0.00    0.00   98.08
