# timestamp  face |bytes    packets errs drop fifo frame compressed multicast|bytes    packets errs drop fifo colls carrier compressed
1776796615.620961848     lo:   26948     356    0    0    0     0          0         0    26948     356    0    0    0     0       0          0
1776796615.620961848 enP1p1s0:    3514      29    0    0    0     0          0        23      586       7    0    3    0     0       0          0
1776796615.620961848   eth0:    3176      27    0    0    0     0          0        27     5916      55    0    0    0     0       0          0
1776796615.620961848  wlan0:  197851    1520    0    0    0     0          0        12   165425    1329    0    0    0     0       0          0
1776796615.620961848    br0:    6142      54    0    0    0     0          0        49     1236      14    0    2    0     0       0          0
1776796616.633766119     lo:   26948     356    0    0    0     0          0         0    26948     356    0    0    0     0       0          0
1776796616.633766119 enP1p1s0:    3514      29    0    0    0     0          0        23      586       7    0    3    0     0       0          0
1776796616.633766119   eth0:    3176      27    0    0    0     0          0        27     5916      55    0    0    0     0       0          0
1776796616.633766119  wlan0:  202655    1575    0    0    0     0          0        12   170975    1384    0    0    0     0       0          0
1776796616.633766119    br0:    6142      54    0    0    0     0          0        49     1236      14    0    2    0     0       0          0
1776796617.643289987     lo:   26948     356    0    0    0     0          0         0    26948     356    0    0    0     0       0          0
1776796617.643289987 enP1p1s0:    3514      29    0    0    0     0          0        23      586       7    0    3    0     0       0          0
1776796617.643289987   eth0:    3176      27    0    0    0     0          0        27     5916      55    0    0    0     0       0          0
1776796617.643289987  wlan0:  203411    1584    0    0    0     0          0        12   171791    1392    0    0    0     0       0          0
1776796617.643289987    br0:    6142      54    0    0    0     0          0        49     1236      14    0    2    0     0       0          0
1776796618.652845652     lo:   26948     356    0    0    0     0          0         0    26948     356    0    0    0     0       0          0
1776796618.652845652 enP1p1s0:    3576      30    0    0    0     0          0        24      586       7    0    3    0     0       0          0
1776796618.652845652   eth0:    3176      27    0    0    0     0          0        27     5982      56    0    0    0     0       0          0
1776796618.652845652  wlan0:  203411    1584    0    0    0     0          0        12   171791    1392    0    0    0     0       0          0
1776796618.652845652    br0:    6190      55    0    0    0     0          0        50     1236      14    0    2    0     0       0          0
1776796619.662536503     lo:   26948     356    0    0    0     0          0         0    26948     356    0    0    0     0       0          0
1776796619.662536503 enP1p1s0:    3576      30    0    0    0     0          0        24      586       7    0    3    0     0       0          0
1776796619.662536503   eth0:    3176      27    0    0    0     0          0        27     5982      56    0    0    0     0       0          0
1776796619.662536503  wlan0:  203411    1584    0    0    0     0          0        12   171791    1392    0    0    0     0       0          0
1776796619.662536503    br0:    6190      55    0    0    0     0          0        50     1236      14    0    2    0     0       0          0
1776796620.672810800     lo:   26948     356    0    0    0     0          0         0    26948     356    0    0    0     0       0          0
1776796620.672810800 enP1p1s0:    3770      32    0    0    0     0          0        26      586       7    0    3    0     0       0          0
1776796620.672810800   eth0:    3176      27    0    0    0     0          0        27     6184      58    0    0    0     0       0          0
1776796620.672810800  wlan0:  203411    1584    0    0    0     0          0        12   171791    1392    0    0    0     0       0          0
1776796620.672810800    br0:    6356      57    0    0    0     0          0        52     1236      14    0    2    0     0       0          0
1776796621.683165487     lo:   26948     356    0    0    0     0          0         0    26948     356    0    0    0     0       0          0
1776796621.683165487 enP1p1s0:    3770      32    0    0    0     0          0        26      586       7    0    3    0     0       0          0
1776796621.683165487   eth0:    3176      27    0    0    0     0          0        27     6184      58    0    0    0     0       0          0
1776796621.683165487  wlan0:  203411    1584    0    0    0     0          0        12   171791    1392    0    0    0     0       0          0
1776796621.683165487    br0:    6356      57    0    0    0     0          0        52     1236      14    0    2    0     0       0          0
1776796622.693272802     lo:   26948     356    0    0    0     0          0         0    26948     356    0    0    0     0       0          0
1776796622.693272802 enP1p1s0:    3770      32    0    0    0     0          0        26      586       7    0    3    0     0       0          0
1776796622.693272802   eth0:    3176      27    0    0    0     0          0        27     6184      58    0    0    0     0       0          0
1776796622.693272802  wlan0:  203411    1584    0    0    0     0          0        12   171791    1392    0    0    0     0       0          0
1776796622.693272802    br0:    6356      57    0    0    0     0          0        52     1236      14    0    2    0     0       0          0
1776796623.703989780     lo:   26948     356    0    0    0     0          0         0    26948     356    0    0    0     0       0          0
1776796623.703989780 enP1p1s0:    3770      32    0    0    0     0          0        26      586       7    0    3    0     0       0          0
1776796623.703989780   eth0:    3176      27    0    0    0     0          0        27     6184      58    0    0    0     0       0          0
1776796623.703989780  wlan0:  203627    1585    0    0    0     0          0        12   172021    1393    0    0    0     0       0          0
1776796623.703989780    br0:    6356      57    0    0    0     0          0        52     1236      14    0    2    0     0       0          0
1776796624.714926467     lo:   26948     356    0    0    0     0          0         0    26948     356    0    0    0     0       0          0
1776796624.714926467 enP1p1s0:    3770      32    0    0    0     0          0        26      586       7    0    3    0     0       0          0
1776796624.714926467   eth0:    3176      27    0    0    0     0          0        27     6184      58    0    0    0     0       0          0
1776796624.714926467  wlan0:  203843    1586    0    0    0     0          0        12   172251    1394    0    0    0     0       0          0
1776796624.714926467    br0:    6356      57    0    0    0     0          0        52     1236      14    0    2    0     0       0          0
1776796625.725870764     lo:   26948     356    0    0    0     0          0         0    26948     356    0    0    0     0       0          0
1776796625.725870764 enP1p1s0:    3770      32    0    0    0     0          0        26      586       7    0    3    0     0       0          0
1776796625.725870764   eth0:    3176      27    0    0    0     0          0        27     6184      58    0    0    0     0       0          0
1776796625.725870764  wlan0:  204059    1587    0    0    0     0          0        12   172481    1395    0    0    0     0       0          0
1776796625.725870764    br0:    6356      57    0    0    0     0          0        52     1236      14    0    2    0     0       0          0
1776796626.736629783     lo:   26948     356    0    0    0     0          0         0    26948     356    0    0    0     0       0          0
1776796626.736629783 enP1p1s0:    3770      32    0    0    0     0          0        26      586       7    0    3    0     0       0          0
1776796626.736629783   eth0:    3176      27    0    0    0     0          0        27     6184      58    0    0    0     0       0          0
1776796626.736629783  wlan0:  204059    1587    0    0    0     0          0        12   172481    1395    0    0    0     0       0          0
1776796626.736629783    br0:    6356      57    0    0    0     0          0        52     1236      14    0    2    0     0       0          0
1776796627.747693562     lo:   26948     356    0    0    0     0          0         0    26948     356    0    0    0     0       0          0
1776796627.747693562 enP1p1s0: 10340546  132555    0    0    0     0          0        26      646       8    0    3    0     0       0          0
1776796627.747693562   eth0:    3222      28    0    0    0     0          0        27 10874200  132595    0    0    0     0       0          0
1776796627.747693562  wlan0:  204059    1587    0    0    0     0          0        12   172481    1395    0    0    0     0       0          0
1776796627.747693562    br0:    6402      58    0    0    0     0          0        52     1236      14    0    2    0     0       0          0
1776796628.759061621     lo:   26948     356    0    0    0     0          0         0    26948     356    0    0    0     0       0          0
1776796628.759061621 enP1p1s0: 22177904  284316    0    0    0     0          0        26      646       8    0    3    0     0       0          0
1776796628.759061621   eth0:    3222      28    0    0    0     0          0        27 23318028  284349    0    0    0     0       0          0
1776796628.759061621  wlan0:  204303    1589    0    0    0     0          0        12   172753    1397    0    0    0     0       0          0
1776796628.759061621    br0:    6402      58    0    0    0     0          0        52     1236      14    0    2    0     0       0          0
1776796629.770337067     lo:   26948     356    0    0    0     0          0         0    26948     356    0    0    0     0       0          0
1776796629.770337067 enP1p1s0: 34010270  436013    0    0    0     0          0        26      646       8    0    3    0     0       0          0
1776796629.770337067   eth0:    3222      28    0    0    0     0          0        27 35757756  436053    0    0    0     0       0          0
1776796629.770337067  wlan0:  204303    1589    0    0    0     0          0        12   172753    1397    0    0    0     0       0          0
1776796629.770337067    br0:    6402      58    0    0    0     0          0        52     1236      14    0    2    0     0       0          0
1776796630.781534792     lo:   26948     356    0    0    0     0          0         0    26948     356    0    0    0     0       0          0
1776796630.781534792 enP1p1s0: 45839828  587674    0    0    0     0          0        26      646       8    0    3    0     0       0          0
1776796630.781534792   eth0:    3222      28    0    0    0     0          0        27 48194040  587715    0    0    0     0       0          0
1776796630.781534792  wlan0:  204303    1589    0    0    0     0          0        12   172753    1397    0    0    0     0       0          0
1776796630.781534792    br0:    6402      58    0    0    0     0          0        52     1236      14    0    2    0     0       0          0
1776796631.792352755     lo:   26948     356    0    0    0     0          0         0    26948     356    0    0    0     0       0          0
1776796631.792352755 enP1p1s0: 57668918  739329    0    0    0     0          0        26      716       9    0    3    0     0       0          0
1776796631.792352755   eth0:    3222      28    0    0    0     0          0        27 60629094  739362    0    0    0     0       0          0
1776796631.792352755  wlan0:  204303    1589    0    0    0     0          0        12   172753    1397    0    0    0     0       0          0
1776796631.792352755    br0:    6402      58    0    0    0     0          0        52     1236      14    0    2    0     0       0          0
1776796632.803326664     lo:   26948     356    0    0    0     0          0         0    26948     356    0    0    0     0       0          0
1776796632.803326664 enP1p1s0: 69499334  891001    0    0    0     0          0        26      716       9    0    3    0     0       0          0
1776796632.803326664   eth0:    3222      28    0    0    0     0          0        27 73065952  891031    0    0    0     0       0          0
1776796632.803326664  wlan0:  204303    1589    0    0    0     0          0        12   172753    1397    0    0    0     0       0          0
1776796632.803326664    br0:    6402      58    0    0    0     0          0        52     1236      14    0    2    0     0       0          0
1776796633.814060849     lo:   26948     356    0    0    0     0          0         0    26948     356    0    0    0     0       0          0
1776796633.814060849 enP1p1s0: 81326396 1042630    0    0    0     0          0        26      716       9    0    3    0     0       0          0
1776796633.814060849   eth0:    3222      28    0    0    0     0          0        27 85500432 1042671    0    0    0     0       0          0
1776796633.814060849  wlan0:  204303    1589    0    0    0     0          0        12   172753    1397    0    0    0     0       0          0
1776796633.814060849    br0:    6402      58    0    0    0     0          0        52     1236      14    0    2    0     0       0          0
1776796634.825093444     lo:   26948     356    0    0    0     0          0         0    26948     356    0    0    0     0       0          0
1776796634.825093444 enP1p1s0: 93158356 1194322    0    0    0     0          0        27      716       9    0    3    0     0       0          0
1776796634.825093444   eth0:    3222      28    0    0    0     0          0        27 97937930 1194348    0    0    0     0       0          0
1776796634.825093444  wlan0:  204303    1589    0    0    0     0          0        12   172753    1397    0    0    0     0       0          0
1776796634.825093444    br0:    6450      59    0    0    0     0          0        53     1236      14    0    2    0     0       0          0
1776796635.836415705     lo:   26948     356    0    0    0     0          0         0    26948     356    0    0    0     0       0          0
1776796635.836415705 enP1p1s0: 104993559 1346055    0    0    0     0          0        28      716       9    0    3    0     0       0          0
1776796635.836415705   eth0:    3222      28    0    0    0     0          0        27 110381049 1346093    0    0    0     0       0          0
1776796635.836415705  wlan0:  204303    1589    0    0    0     0          0        12   172753    1397    0    0    0     0       0          0
1776796635.836415705    br0:    6543      60    0    0    0     0          0        54     1236      14    0    2    0     0       0          0
1776796636.847770949     lo:   26948     356    0    0    0     0          0         0    26948     356    0    0    0     0       0          0
1776796636.847770949 enP1p1s0: 116828586 1497786    0    0    0     0          0        29      716       9    0    3    0     0       0          0
1776796636.847770949   eth0:    3222      28    0    0    0     0          0        27 122822672 1497820    0    0    0     0       0          0
1776796636.847770949  wlan0:  204303    1589    0    0    0     0          0        12   172753    1397    0    0    0     0       0          0
1776796636.847770949    br0:    6616      61    0    0    0     0          0        55     1236      14    0    2    0     0       0          0
1776796637.859053581     lo:   26948     356    0    0    0     0          0         0    26948     356    0    0    0     0       0          0
1776796637.859053581 enP1p1s0: 128659938 1649470    0    0    0     0          0        29      716       9    0    3    0     0       0          0
1776796637.859053581   eth0:    3222      28    0    0    0     0          0        27 135261334 1649511    0    0    0     0       0          0
1776796637.859053581  wlan0:  204339    1590    0    0    0     0          0        13   172753    1397    0    0    0     0       0          0
1776796637.859053581    br0:    6616      61    0    0    0     0          0        55     1236      14    0    2    0     0       0          0
1776796638.870193453     lo:   26948     356    0    0    0     0          0         0    26948     356    0    0    0     0       0          0
1776796638.870193453 enP1p1s0: 140493708 1801185    0    0    0     0          0        29      716       9    0    3    0     0       0          0
1776796638.870193453   eth0:    3222      28    0    0    0     0          0        27 147701062 1801215    0    0    0     0       0          0
1776796638.870193453  wlan0:  204339    1590    0    0    0     0          0        13   172753    1397    0    0    0     0       0          0
1776796638.870193453    br0:    6616      61    0    0    0     0          0        55     1236      14    0    2    0     0       0          0
1776796639.881295918     lo:   26948     356    0    0    0     0          0         0    26948     356    0    0    0     0       0          0
1776796639.881295918 enP1p1s0: 152323890 1952854    0    0    0     0          0        29      716       9    0    3    0     0       0          0
1776796639.881295918   eth0:    3222      28    0    0    0     0          0        27 160138986 1952897    0    0    0     0       0          0
1776796639.881295918  wlan0:  204339    1590    0    0    0     0          0        13   172753    1397    0    0    0     0       0          0
1776796639.881295918    br0:    6616      61    0    0    0     0          0        55     1236      14    0    2    0     0       0          0
1776796640.892340549     lo:   26948     356    0    0    0     0          0         0    26948     356    0    0    0     0       0          0
1776796640.892340549 enP1p1s0: 164155944 2104547    0    0    0     0          0        29      716       9    0    3    0     0       0          0
1776796640.892340549   eth0:    3222      28    0    0    0     0          0        27 172576418 2104573    0    0    0     0       0          0
1776796640.892340549  wlan0:  204339    1590    0    0    0     0          0        13   172753    1397    0    0    0     0       0          0
1776796640.892340549    br0:    6616      61    0    0    0     0          0        55     1236      14    0    2    0     0       0          0
1776796641.903511903     lo:   26948     356    0    0    0     0          0         0    26948     356    0    0    0     0       0          0
1776796641.903511903 enP1p1s0: 175987686 2256236    0    0    0     0          0        29      716       9    0    3    0     0       0          0
1776796641.903511903   eth0:    3222      28    0    0    0     0          0        27 185016064 2256276    0    0    0     0       0          0
1776796641.903511903  wlan0:  204339    1590    0    0    0     0          0        13   172753    1397    0    0    0     0       0          0
1776796641.903511903    br0:    6616      61    0    0    0     0          0        55     1236      14    0    2    0     0       0          0
1776796642.914688146     lo:   26948     356    0    0    0     0          0         0    26948     356    0    0    0     0       0          0
1776796642.914688146 enP1p1s0: 187822080 2407959    0    0    0     0          0        29      716       9    0    3    0     0       0          0
1776796642.914688146   eth0:    3222      28    0    0    0     0          0        27 197457268 2407998    0    0    0     0       0          0
1776796642.914688146  wlan0:  204339    1590    0    0    0     0          0        13   172753    1397    0    0    0     0       0          0
1776796642.914688146    br0:    6616      61    0    0    0     0          0        55     1236      14    0    2    0     0       0          0
1776796643.925986760     lo:   26948     356    0    0    0     0          0         0    26948     356    0    0    0     0       0          0
1776796643.925986760 enP1p1s0: 199655460 2559669    0    0    0     0          0        29      716       9    0    3    0     0       0          0
1776796643.925986760   eth0:    3222      28    0    0    0     0          0        27 209897570 2559709    0    0    0     0       0          0
1776796643.925986760  wlan0:  204339    1590    0    0    0     0          0        13   172753    1397    0    0    0     0       0          0
1776796643.925986760    br0:    6616      61    0    0    0     0          0        55     1236      14    0    2    0     0       0          0
1776796644.937335096     lo:   26948     356    0    0    0     0          0         0    26948     356    0    0    0     0       0          0
1776796644.937335096 enP1p1s0: 211489230 2711384    0    0    0     0          0        29      716       9    0    3    0     0       0          0
1776796644.937335096   eth0:    3222      28    0    0    0     0          0        27 222337954 2711421    0    0    0     0       0          0
1776796644.937335096  wlan0:  204339    1590    0    0    0     0          0        13   172753    1397    0    0    0     0       0          0
1776796644.937335096    br0:    6616      61    0    0    0     0          0        55     1236      14    0    2    0     0       0          0
1776796645.947659076     lo:   26948     356    0    0    0     0          0         0    26948     356    0    0    0     0       0          0
1776796645.947659076 enP1p1s0: 223308180 2862909    0    0    0     0          0        29      716       9    0    3    0     0       0          0
1776796645.947659076   eth0:    3222      28    0    0    0     0          0        27 234762594 2862941    0    0    0     0       0          0
1776796645.947659076  wlan0:  204339    1590    0    0    0     0          0        13   172753    1397    0    0    0     0       0          0
1776796645.947659076    br0:    6616      61    0    0    0     0          0        55     1236      14    0    2    0     0       0          0
1776796646.963565486     lo:   26948     356    0    0    0     0          0         0    26948     356    0    0    0     0       0          0
1776796646.963565486 enP1p1s0: 235216830 3015584    0    0    0     0          0        29      716       9    0    3    0     0       0          0
1776796646.963565486   eth0:    3222      28    0    0    0     0          0        27 247282600 3015624    0    0    0     0       0          0
1776796646.963565486  wlan0:  204339    1590    0    0    0     0          0        13   172753    1397    0    0    0     0       0          0
1776796646.963565486    br0:    6616      61    0    0    0     0          0        55     1236      14    0    2    0     0       0          0
1776796647.979547304     lo:   26948     356    0    0    0     0          0         0    26948     356    0    0    0     0       0          0
1776796647.979547304 enP1p1s0: 247083672 3167723    0    0    0     0          0        29      716       9    0    3    0     0       0          0
1776796647.979547304   eth0:    3222      28    0    0    0     0          0        27 259757424 3167756    0    0    0     0       0          0
1776796647.979547304  wlan0:  204339    1590    0    0    0     0          0        13   172753    1397    0    0    0     0       0          0
1776796647.979547304    br0:    6616      61    0    0    0     0          0        55     1236      14    0    2    0     0       0          0
1776796648.990695954     lo:   26948     356    0    0    0     0          0         0    26948     356    0    0    0     0       0          0
1776796648.990695954 enP1p1s0: 258915864 3319418    0    0    0     0          0        29      776      10    0    3    0     0       0          0
1776796648.990695954   eth0:    3268      29    0    0    0     0          0        27 272197052 3319459    0    0    0     0       0          0
1776796648.990695954  wlan0:  204339    1590    0    0    0     0          0        13   172753    1397    0    0    0     0       0          0
1776796648.990695954    br0:    6616      61    0    0    0     0          0        55     1236      14    0    2    0     0       0          0
1776796650.006830514     lo:   26948     356    0    0    0     0          0         0    26948     356    0    0    0     0       0          0
1776796650.006830514 enP1p1s0: 270823500 3472080    0    0    0     0          0        29      776      10    0    3    0     0       0          0
1776796650.006830514   eth0:    3268      29    0    0    0     0          0        27 284715254 3472120    0    0    0     0       0          0
1776796650.006830514  wlan0:  204339    1590    0    0    0     0          0        13   172753    1397    0    0    0     0       0          0
1776796650.006830514    br0:    6616      61    0    0    0     0          0        55     1236      14    0    2    0     0       0          0
1776796651.022358274     lo:   26948     356    0    0    0     0          0         0    26948     356    0    0    0     0       0          0
1776796651.022358274 enP1p1s0: 282689718 3624211    0    0    0     0          0        29      776      10    0    3    0     0       0          0
1776796651.022358274   eth0:    3268      29    0    0    0     0          0        27 297189422 3624244    0    0    0     0       0          0
1776796651.022358274  wlan0:  204339    1590    0    0    0     0          0        13   172753    1397    0    0    0     0       0          0
1776796651.022358274    br0:    6616      61    0    0    0     0          0        55     1236      14    0    2    0     0       0          0
1776796652.038356185     lo:   26948     356    0    0    0     0          0         0    26948     356    0    0    0     0       0          0
1776796652.038356185 enP1p1s0: 294669738 3777801    0    0    0     0          0        29      776      10    0    3    0     0       0          0
1776796652.038356185   eth0:    3268      29    0    0    0     0          0        27 309784704 3777845    0    0    0     0       0          0
1776796652.038356185  wlan0:  204339    1590    0    0    0     0          0        13   172753    1397    0    0    0     0       0          0
1776796652.038356185    br0:    6616      61    0    0    0     0          0        55     1236      14    0    2    0     0       0          0
1776796653.061066012     lo:   26948     356    0    0    0     0          0         0    26948     356    0    0    0     0       0          0
1776796653.061066012 enP1p1s0: 306565674 3930313    0    0    0     0          0        29      776      10    0    3    0     0       0          0
1776796653.061066012   eth0:    3268      29    0    0    0     0          0        27 322290442 3930354    0    0    0     0       0          0
1776796653.061066012  wlan0:  204339    1590    0    0    0     0          0        13   172753    1397    0    0    0     0       0          0
1776796653.061066012    br0:    6616      61    0    0    0     0          0        55     1236      14    0    2    0     0       0          0
1776796654.073650928     lo:   26948     356    0    0    0     0          0         0    26948     356    0    0    0     0       0          0
1776796654.073650928 enP1p1s0: 318444528 4082606    0    0    0     0          0        29      776      10    0    3    0     0       0          0
1776796654.073650928   eth0:    3268      29    0    0    0     0          0        27 334780190 4082668    0    0    0     0       0          0
1776796654.073650928  wlan0:  204339    1590    0    0    0     0          0        13   172753    1397    0    0    0     0       0          0
1776796654.073650928    br0:    6616      61    0    0    0     0          0        55     1236      14    0    2    0     0       0          0
1776796655.088262388     lo:   26948     356    0    0    0     0          0         0    26948     356    0    0    0     0       0          0
1776796655.088262388 enP1p1s0: 330323304 4234898    0    0    0     0          0        29      776      10    0    3    0     0       0          0
1776796655.088262388   eth0:    3268      29    0    0    0     0          0        27 347268216 4234961    0    0    0     0       0          0
1776796655.088262388  wlan0:  204339    1590    0    0    0     0          0        13   172753    1397    0    0    0     0       0          0
1776796655.088262388    br0:    6616      61    0    0    0     0          0        55     1236      14    0    2    0     0       0          0
1776796656.108201982     lo:   26948     356    0    0    0     0          0         0    26948     356    0    0    0     0       0          0
1776796656.108201982 enP1p1s0: 342223920 4387470    0    0    0     0          0        29      776      10    0    3    0     0       0          0
1776796656.108201982   eth0:    3268      29    0    0    0     0          0        27 359776742 4387504    0    0    0     0       0          0
1776796656.108201982  wlan0:  204339    1590    0    0    0     0          0        13   172753    1397    0    0    0     0       0          0
1776796656.108201982    br0:    6616      61    0    0    0     0          0        55     1236      14    0    2    0     0       0          0
1776796657.123825354     lo:   26948     356    0    0    0     0          0         0    26948     356    0    0    0     0       0          0
1776796657.123825354 enP1p1s0: 354087018 4539561    0    0    0     0          0        29      776      10    0    3    0     0       0          0
1776796657.123825354   eth0:    3268      29    0    0    0     0          0        27 372247958 4539592    0    0    0     0       0          0
1776796657.123825354  wlan0:  204339    1590    0    0    0     0          0        13   172753    1397    0    0    0     0       0          0
1776796657.123825354    br0:    6616      61    0    0    0     0          0        55     1236      14    0    2    0     0       0          0
1776796658.139362874     lo:   26948     356    0    0    0     0          0         0    26948     356    0    0    0     0       0          0
1776796658.139362874 enP1p1s0: 365993562 4692209    0    0    0     0          0        29      776      10    0    3    0     0       0          0
1776796658.139362874   eth0:    3268      29    0    0    0     0          0        27 384765422 4692244    0    0    0     0       0          0
1776796658.139362874  wlan0:  204339    1590    0    0    0     0          0        13   172753    1397    0    0    0     0       0          0
1776796658.139362874    br0:    6616      61    0    0    0     0          0        55     1236      14    0    2    0     0       0          0
1776796659.155460137     lo:   26948     356    0    0    0     0          0         0    26948     356    0    0    0     0       0          0
1776796659.155460137 enP1p1s0: 377913132 4845024    0    0    0     0          0        29      776      10    0    3    0     0       0          0
1776796659.155460137   eth0:    3268      29    0    0    0     0          0        27 397298548 4845087    0    0    0     0       0          0
1776796659.155460137  wlan0:  204339    1590    0    0    0     0          0        13   172753    1397    0    0    0     0       0          0
1776796659.155460137    br0:    6616      61    0    0    0     0          0        55     1236      14    0    2    0     0       0          0
1776796660.170429784     lo:   26948     356    0    0    0     0          0         0    26948     356    0    0    0     0       0          0
1776796660.170429784 enP1p1s0: 389788944 4997278    0    0    0     0          0        29      776      10    0    3    0     0       0          0
1776796660.170429784   eth0:    3268      29    0    0    0     0          0        27 409783376 4997341    0    0    0     0       0          0
1776796660.170429784  wlan0:  204339    1590    0    0    0     0          0        13   172753    1397    0    0    0     0       0          0
1776796660.170429784    br0:    6616      61    0    0    0     0          0        55     1236      14    0    2    0     0       0          0
1776796661.185143856     lo:   26948     356    0    0    0     0          0         0    26948     356    0    0    0     0       0          0
1776796661.185143856 enP1p1s0: 401665692 5149544    0    0    0     0          0        29      776      10    0    3    0     0       0          0
1776796661.185143856   eth0:    3268      29    0    0    0     0          0        27 422269106 5149606    0    0    0     0       0          0
1776796661.185143856  wlan0:  204339    1590    0    0    0     0          0        13   172753    1397    0    0    0     0       0          0
1776796661.185143856    br0:    6616      61    0    0    0     0          0        55     1236      14    0    2    0     0       0          0
1776796662.200241115     lo:   26948     356    0    0    0     0          0         0    26948     356    0    0    0     0       0          0
1776796662.200241115 enP1p1s0: 413544156 5301832    0    0    0     0          0        29      776      10    0    3    0     0       0          0
1776796662.200241115   eth0:    3268      29    0    0    0     0          0        27 434756148 5301887    0    0    0     0       0          0
1776796662.200241115  wlan0:  204339    1590    0    0    0     0          0        13   172753    1397    0    0    0     0       0          0
1776796662.200241115    br0:    6616      61    0    0    0     0          0        55     1236      14    0    2    0     0       0          0
1776796663.215272003     lo:   26948     356    0    0    0     0          0         0    26948     356    0    0    0     0       0          0
1776796663.215272003 enP1p1s0: 425426910 5454175    0    0    0     0          0        29      776      10    0    3    0     0       0          0
1776796663.215272003   eth0:    3268      29    0    0    0     0          0        27 447248192 5454229    0    0    0     0       0          0
1776796663.215272003  wlan0:  204339    1590    0    0    0     0          0        13   172753    1397    0    0    0     0       0          0
1776796663.215272003    br0:    6616      61    0    0    0     0          0        55     1236      14    0    2    0     0       0          0
1776796664.235330264     lo:   26948     356    0    0    0     0          0         0    26948     356    0    0    0     0       0          0
1776796664.235330264 enP1p1s0: 437326044 5606728    0    0    0     0          0        29      846      11    0    3    0     0       0          0
1776796664.235330264   eth0:    3268      29    0    0    0     0          0        27 459756472 5606769    0    0    0     0       0          0
1776796664.235330264  wlan0:  204339    1590    0    0    0     0          0        13   172753    1397    0    0    0     0       0          0
1776796664.235330264    br0:    6616      61    0    0    0     0          0        55     1236      14    0    2    0     0       0          0
1776796665.256084769     lo:   26948     356    0    0    0     0          0         0    26948     356    0    0    0     0       0          0
1776796665.256084769 enP1p1s0: 449267376 5759822    0    0    0     0          0        29      846      11    0    3    0     0       0          0
1776796665.256084769   eth0:    3268      29    0    0    0     0          0        27 472309606 5759856    0    0    0     0       0          0
1776796665.256084769  wlan0:  204339    1590    0    0    0     0          0        13   172753    1397    0    0    0     0       0          0
1776796665.256084769    br0:    6616      61    0    0    0     0          0        55     1236      14    0    2    0     0       0          0
1776796666.273265610     lo:   26948     356    0    0    0     0          0         0    26948     356    0    0    0     0       0          0
1776796666.273265610 enP1p1s0: 461172126 5912447    0    0    0     0          0        29      846      11    0    3    0     0       0          0
1776796666.273265610   eth0:    3268      29    0    0    0     0          0        27 484825102 5912484    0    0    0     0       0          0
1776796666.273265610  wlan0:  204339    1590    0    0    0     0          0        13   172753    1397    0    0    0     0       0          0
1776796666.273265610    br0:    6616      61    0    0    0     0          0        55     1236      14    0    2    0     0       0          0
1776796667.289365429     lo:   26948     356    0    0    0     0          0         0    26948     356    0    0    0     0       0          0
1776796667.289365429 enP1p1s0: 473095736 6065314    0    0    0     0          0        30      846      11    0    3    0     0       0          0
1776796667.289365429   eth0:    3268      29    0    0    0     0          0        27 497361656 6065369    0    0    0     0       0          0
1776796667.289365429  wlan0:  204339    1590    0    0    0     0          0        13   172753    1397    0    0    0     0       0          0
1776796667.289365429    br0:    6664      62    0    0    0     0          0        56     1236      14    0    2    0     0       0          0
1776796668.304439539     lo:   26948     356    0    0    0     0          0         0    26948     356    0    0    0     0       0          0
1776796668.304439539 enP1p1s0: 484972288 6217577    0    0    0     0          0        32      846      11    0    3    0     0       0          0
1776796668.304439539   eth0:    3268      29    0    0    0     0          0        27 509847752 6217638    0    0    0     0       0          0
1776796668.304439539  wlan0:  204339    1590    0    0    0     0          0        13   172753    1397    0    0    0     0       0          0
1776796668.304439539    br0:    6830      64    0    0    0     0          0        58     1236      14    0    2    0     0       0          0
1776796669.319265834     lo:   26948     356    0    0    0     0          0         0    26948     356    0    0    0     0       0          0
1776796669.319265834 enP1p1s0: 496796776 6369173    0    0    0     0          0        32      846      11    0    3    0     0       0          0
1776796669.319265834   eth0:    3268      29    0    0    0     0          0        27 522276246 6369205    0    0    0     0       0          0
1776796669.319265834  wlan0:  204339    1590    0    0    0     0          0        13   172753    1397    0    0    0     0       0          0
1776796669.319265834    br0:    6830      64    0    0    0     0          0        58     1236      14    0    2    0     0       0          0
1776796670.330337354     lo:   26948     356    0    0    0     0          0         0    26948     356    0    0    0     0       0          0
1776796670.330337354 enP1p1s0: 508678048 6521497    0    0    0     0          0        32      846      11    0    3    0     0       0          0
1776796670.330337354   eth0:    3268      29    0    0    0     0          0        27 534769356 6521560    0    0    0     0       0          0
1776796670.330337354  wlan0:  204339    1590    0    0    0     0          0        13   172753    1397    0    0    0     0       0          0
1776796670.330337354    br0:    6830      64    0    0    0     0          0        58     1236      14    0    2    0     0       0          0
1776796671.344924148     lo:   26948     356    0    0    0     0          0         0    26948     356    0    0    0     0       0          0
1776796671.344924148 enP1p1s0: 520553374 6673745    0    0    0     0          0        32      906      12    0    3    0     0       0          0
1776796671.344924148   eth0:    3314      30    0    0    0     0          0        27 547253510 6673806    0    0    0     0       0          0
1776796671.344924148  wlan0:  204339    1590    0    0    0     0          0        13   172753    1397    0    0    0     0       0          0
1776796671.344924148    br0:    6830      64    0    0    0     0          0        58     1236      14    0    2    0     0       0          0
1776796672.359836388     lo:   26948     356    0    0    0     0          0         0    26948     356    0    0    0     0       0          0
1776796672.359836388 enP1p1s0: 532427548 6825978    0    0    0     0          0        32      906      12    0    3    0     0       0          0
1776796672.359836388   eth0:    3314      30    0    0    0     0          0        27 559736862 6826042    0    0    0     0       0          0
1776796672.359836388  wlan0:  204339    1590    0    0    0     0          0        13   172753    1397    0    0    0     0       0          0
1776796672.359836388    br0:    6830      64    0    0    0     0          0        58     1236      14    0    2    0     0       0          0
1776796673.374603349     lo:   26948     356    0    0    0     0          0         0    26948     356    0    0    0     0       0          0
1776796673.374603349 enP1p1s0: 544251334 6977565    0    0    0     0          0        32      906      12    0    3    0     0       0          0
1776796673.374603349   eth0:    3314      30    0    0    0     0          0        27 572164864 6977603    0    0    0     0       0          0
1776796673.374603349  wlan0:  204339    1590    0    0    0     0          0        13   172753    1397    0    0    0     0       0          0
1776796673.374603349    br0:    6830      64    0    0    0     0          0        58     1236      14    0    2    0     0       0          0
1776796674.384527550     lo:   26948     356    0    0    0     0          0         0    26948     356    0    0    0     0       0          0
1776796674.384527550 enP1p1s0: 556069270 7129077    0    0    0     0          0        32      906      12    0    3    0     0       0          0
1776796674.384527550   eth0:    3314      30    0    0    0     0          0        27 584589012 7129117    0    0    0     0       0          0
1776796674.384527550  wlan0:  204339    1590    0    0    0     0          0        13   172753    1397    0    0    0     0       0          0
1776796674.384527550    br0:    6830      64    0    0    0     0          0        58     1236      14    0    2    0     0       0          0
1776796675.395569310     lo:   26948     356    0    0    0     0          0         0    26948     356    0    0    0     0       0          0
1776796675.395569310 enP1p1s0: 567898984 7280740    0    0    0     0          0        32      906      12    0    3    0     0       0          0
1776796675.395569310   eth0:    3314      30    0    0    0     0          0        27 597025460 7280781    0    0    0     0       0          0
1776796675.395569310  wlan0:  204339    1590    0    0    0     0          0        13   172753    1397    0    0    0     0       0          0
1776796675.395569310    br0:    6830      64    0    0    0     0          0        58     1236      14    0    2    0     0       0          0
1776796676.411500276     lo:   26948     356    0    0    0     0          0         0    26948     356    0    0    0     0       0          0
1776796676.411500276 enP1p1s0: 579806776 7433404    0    0    0     0          0        32      906      12    0    3    0     0       0          0
1776796676.411500276   eth0:    3314      30    0    0    0     0          0        27 609543580 7433441    0    0    0     0       0          0
1776796676.411500276  wlan0:  204339    1590    0    0    0     0          0        13   172753    1397    0    0    0     0       0          0
1776796676.411500276    br0:    6830      64    0    0    0     0          0        58     1236      14    0    2    0     0       0          0
1776796677.427475576     lo:   26948     356    0    0    0     0          0         0    26948     356    0    0    0     0       0          0
1776796677.427475576 enP1p1s0: 591677362 7585591    0    0    0     0          0        32      906      12    0    3    0     0       0          0
1776796677.427475576   eth0:    3314      30    0    0    0     0          0        27 622023242 7585632    0    0    0     0       0          0
1776796677.427475576  wlan0:  204339    1590    0    0    0     0          0        13   172753    1397    0    0    0     0       0          0
1776796677.427475576    br0:    6830      64    0    0    0     0          0        58     1236      14    0    2    0     0       0          0
1776796678.443195152     lo:   26948     356    0    0    0     0          0         0    26948     356    0    0    0     0       0          0
1776796678.443195152 enP1p1s0: 603582034 7738215    0    0    0     0          0        32      906      12    0    3    0     0       0          0
1776796678.443195152   eth0:    3314      30    0    0    0     0          0        27 634538656 7738259    0    0    0     0       0          0
1776796678.443195152  wlan0:  204339    1590    0    0    0     0          0        13   172753    1397    0    0    0     0       0          0
1776796678.443195152    br0:    6830      64    0    0    0     0          0        58     1236      14    0    2    0     0       0          0
1776796679.459145285     lo:   26948     356    0    0    0     0          0         0    26948     356    0    0    0     0       0          0
1776796679.459145285 enP1p1s0: 615505270 7891077    0    0    0     0          0        32      906      12    0    3    0     0       0          0
1776796679.459145285   eth0:    3314      30    0    0    0     0          0        27 647074816 7891139    0    0    0     0       0          0
1776796679.459145285  wlan0:  204339    1590    0    0    0     0          0        13   172753    1397    0    0    0     0       0          0
1776796679.459145285    br0:    6830      64    0    0    0     0          0        58     1236      14    0    2    0     0       0          0
