Linux 6.17.0-1011-raspi (raspberrypi) 	04/18/26 	_aarch64_	(4 CPU)

14:02:25     CPU    %usr   %nice    %sys %iowait    %irq   %soft  %steal  %guest  %gnice   %idle
14:02:26     all    0.25    0.00    1.51    0.00    0.00    0.00    0.00    0.00    0.00   98.24
14:02:26       0    1.00    0.00    2.00    0.00    0.00    0.00    0.00    0.00    0.00   97.00
14:02:26       1    0.00    0.00    1.01    0.00    0.00    0.00    0.00    0.00    0.00   98.99
14:02:26       2    0.00    0.00    1.02    0.00    0.00    0.00    0.00    0.00    0.00   98.98
14:02:26       3    0.00    0.00    2.00    0.00    0.00    0.00    0.00    0.00    0.00   98.00

14:02:26     CPU    %usr   %nice    %sys %iowait    %irq   %soft  %steal  %guest  %gnice   %idle
14:02:27     all    0.50    0.00    1.50    0.00    0.00    0.00    0.00    0.00    0.00   98.00
14:02:27       0    0.00    0.00    2.00    0.00    0.00    0.00    0.00    0.00    0.00   98.00
14:02:27       1    1.01    0.00    1.01    0.00    0.00    0.00    0.00    0.00    0.00   97.98
14:02:27       2    0.00    0.00    1.98    0.00    0.00    0.00    0.00    0.00    0.00   98.02
14:02:27       3    1.00    0.00    1.00    0.00    0.00    0.00    0.00    0.00    0.00   98.00

14:02:27     CPU    %usr   %nice    %sys %iowait    %irq   %soft  %steal  %guest  %gnice   %idle
14:02:28     all    1.00    0.00    1.25    0.00    0.00    0.00    0.00    0.00    0.00   97.76
14:02:28       0    1.00    0.00    1.00    0.00    0.00    0.00    0.00    0.00    0.00   98.00
14:02:28       1    0.99    0.00    1.98    0.00    0.00    0.00    0.00    0.00    0.00   97.03
14:02:28       2    1.00    0.00    1.00    0.00    0.00    0.00    0.00    0.00    0.00   98.00
14:02:28       3    1.00    0.00    1.00    0.00    0.00    0.00    0.00    0.00    0.00   98.00

14:02:28     CPU    %usr   %nice    %sys %iowait    %irq   %soft  %steal  %guest  %gnice   %idle
14:02:29     all    0.25    0.00    1.26    0.00    0.00    0.00    0.00    0.00    0.00   98.49
14:02:29       0    0.00    0.00    2.00    0.00    0.00    0.00    0.00    0.00    0.00   98.00
14:02:29       1    1.00    0.00    1.00    0.00    0.00    0.00    0.00    0.00    0.00   98.00
14:02:29       2    0.00    0.00    1.01    0.00    0.00    0.00    0.00    0.00    0.00   98.99
14:02:29       3    0.00    0.00    1.01    0.00    0.00    0.00    0.00    0.00    0.00   98.99

14:02:29     CPU    %usr   %nice    %sys %iowait    %irq   %soft  %steal  %guest  %gnice   %idle
14:02:30     all    0.99    0.00    1.49    0.00    0.00    0.00    0.00    0.00    0.00   97.52
14:02:30       0    0.99    0.00    0.99    0.00    0.00    0.00    0.00    0.00    0.00   98.02
14:02:30       1    1.00    0.00    2.00    0.00    0.00    0.00    0.00    0.00    0.00   97.00
14:02:30       2    0.98    0.00    1.96    0.00    0.00    0.00    0.00    0.00    0.00   97.06
14:02:30       3    0.99    0.00    0.99    0.00    0.00    0.00    0.00    0.00    0.00   98.02

14:02:30     CPU    %usr   %nice    %sys %iowait    %irq   %soft  %steal  %guest  %gnice   %idle
14:02:31     all    0.25    0.00    1.26    0.25    0.00    0.00    0.00    0.00    0.00   98.24
14:02:31       0    0.00    0.00    1.01    0.00    0.00    0.00    0.00    0.00    0.00   98.99
14:02:31       1    1.00    0.00    2.00    0.00    0.00    0.00    0.00    0.00    0.00   97.00
14:02:31       2    0.00    0.00    1.02    0.00    0.00    0.00    0.00    0.00    0.00   98.98
14:02:31       3    0.00    0.00    1.00    1.00    0.00    0.00    0.00    0.00    0.00   98.00

14:02:31     CPU    %usr   %nice    %sys %iowait    %irq   %soft  %steal  %guest  %gnice   %idle
14:02:32     all    0.57    0.00    1.70    0.00    0.00    1.42    0.00    0.00    0.00   96.32
14:02:32       0    1.85    0.00    1.85    0.00    0.00    9.26    0.00    0.00    0.00   87.04
14:02:32       1    0.00    0.00    2.02    0.00    0.00    0.00    0.00    0.00    0.00   97.98
14:02:32       2    0.00    0.00    2.00    0.00    0.00    0.00    0.00    0.00    0.00   98.00
14:02:32       3    1.00    0.00    1.00    0.00    0.00    0.00    0.00    0.00    0.00   98.00

14:02:32     CPU    %usr   %nice    %sys %iowait    %irq   %soft  %steal  %guest  %gnice   %idle
14:02:33     all    0.86    0.00    1.71    0.00    0.00    2.57    0.00    0.00    0.00   94.86
14:02:33       0    2.04    0.00    4.08    0.00    0.00   18.37    0.00    0.00    0.00   75.51
14:02:33       1    0.99    0.00    1.98    0.00    0.00    0.00    0.00    0.00    0.00   97.03
14:02:33       2    0.99    0.00    0.99    0.00    0.00    0.00    0.00    0.00    0.00   98.02
14:02:33       3    0.00    0.00    1.01    0.00    0.00    0.00    0.00    0.00    0.00   98.99

14:02:33     CPU    %usr   %nice    %sys %iowait    %irq   %soft  %steal  %guest  %gnice   %idle
14:02:34     all    0.58    0.00    1.16    0.00    0.00    2.89    0.00    0.00    0.00   95.38
14:02:34       0    0.00    0.00    0.00    0.00    0.00   21.28    0.00    0.00    0.00   78.72
14:02:34       1    1.01    0.00    1.01    0.00    0.00    0.00    0.00    0.00    0.00   97.98
14:02:34       2    0.00    0.00    1.01    0.00    0.00    0.00    0.00    0.00    0.00   98.99
14:02:34       3    0.99    0.00    1.98    0.00    0.00    0.00    0.00    0.00    0.00   97.03

14:02:34     CPU    %usr   %nice    %sys %iowait    %irq   %soft  %steal  %guest  %gnice   %idle
14:02:35     all    0.29    0.00    1.72    0.00    0.00    2.87    0.00    0.00    0.00   95.11
14:02:35       0    0.00    0.00    2.13    0.00    0.00   21.28    0.00    0.00    0.00   76.60
14:02:35       1    0.00    0.00    2.00    0.00    0.00    0.00    0.00    0.00    0.00   98.00
14:02:35       2    0.99    0.00    1.98    0.00    0.00    0.00    0.00    0.00    0.00   97.03
14:02:35       3    0.00    0.00    1.00    0.00    0.00    0.00    0.00    0.00    0.00   99.00

14:02:35     CPU    %usr   %nice    %sys %iowait    %irq   %soft  %steal  %guest  %gnice   %idle
14:02:36     all    0.57    0.00    1.43    0.29    0.00    3.71    0.00    0.00    0.00   94.00
14:02:36       0    1.96    0.00    1.96    0.00    0.00   25.49    0.00    0.00    0.00   70.59
14:02:36       1    1.01    0.00    1.01    0.00    0.00    0.00    0.00    0.00    0.00   97.98
14:02:36       2    0.00    0.00    1.98    0.99    0.00    0.00    0.00    0.00    0.00   97.03
14:02:36       3    0.00    0.00    1.01    0.00    0.00    0.00    0.00    0.00    0.00   98.99

14:02:36     CPU    %usr   %nice    %sys %iowait    %irq   %soft  %steal  %guest  %gnice   %idle
14:02:37     all    0.29    0.00    1.43    0.00    0.00    3.15    0.00    0.00    0.00   95.13
14:02:37       0    0.00    0.00    2.04    0.00    0.00   22.45    0.00    0.00    0.00   75.51
14:02:37       1    0.00    0.00    2.00    0.00    0.00    0.00    0.00    0.00    0.00   98.00
14:02:37       2    0.00    0.00    1.00    0.00    0.00    0.00    0.00    0.00    0.00   99.00
14:02:37       3    1.00    0.00    1.00    0.00    0.00    0.00    0.00    0.00    0.00   98.00

14:02:37     CPU    %usr   %nice    %sys %iowait    %irq   %soft  %steal  %guest  %gnice   %idle
14:02:38     all    0.85    0.00    1.98    0.00    0.00    3.40    0.00    0.00    0.00   93.77
14:02:38       0    1.92    0.00    3.85    0.00    0.00   23.08    0.00    0.00    0.00   71.15
14:02:38       1    0.99    0.00    1.98    0.00    0.00    0.00    0.00    0.00    0.00   97.03
14:02:38       2    1.00    0.00    1.00    0.00    0.00    0.00    0.00    0.00    0.00   98.00
14:02:38       3    0.00    0.00    2.00    0.00    0.00    0.00    0.00    0.00    0.00   98.00

14:02:38     CPU    %usr   %nice    %sys %iowait    %irq   %soft  %steal  %guest  %gnice   %idle
14:02:39     all    0.29    0.00    1.44    0.00    0.00    3.17    0.00    0.00    0.00   95.10
14:02:39       0    0.00    0.00    0.00    0.00    0.00   23.40    0.00    0.00    0.00   76.60
14:02:39       1    0.00    0.00    2.00    0.00    0.00    0.00    0.00    0.00    0.00   98.00
14:02:39       2    0.00    0.00    2.00    0.00    0.00    0.00    0.00    0.00    0.00   98.00
14:02:39       3    1.00    0.00    1.00    0.00    0.00    0.00    0.00    0.00    0.00   98.00

14:02:39     CPU    %usr   %nice    %sys %iowait    %irq   %soft  %steal  %guest  %gnice   %idle
14:02:40     all    1.15    0.00    1.44    0.00    0.00    2.59    0.00    0.00    0.00   94.83
14:02:40       0    2.04    0.00    4.08    0.00    0.00   18.37    0.00    0.00    0.00   75.51
14:02:40       1    1.01    0.00    1.01    0.00    0.00    0.00    0.00    0.00    0.00   97.98
14:02:40       2    1.00    0.00    1.00    0.00    0.00    0.00    0.00    0.00    0.00   98.00
14:02:40       3    1.00    0.00    1.00    0.00    0.00    0.00    0.00    0.00    0.00   98.00

14:02:40     CPU    %usr   %nice    %sys %iowait    %irq   %soft  %steal  %guest  %gnice   %idle
14:02:41     all    0.28    0.00    1.42    0.00    0.00    4.26    0.00    0.00    0.00   94.03
14:02:41       0    0.00    0.00    1.92    0.00    0.00   28.85    0.00    0.00    0.00   69.23
14:02:41       1    0.99    0.00    1.98    0.00    0.00    0.00    0.00    0.00    0.00   97.03
14:02:41       2    0.00    0.00    1.00    0.00    0.00    0.00    0.00    0.00    0.00   99.00
14:02:41       3    0.00    0.00    1.01    0.00    0.00    0.00    0.00    0.00    0.00   98.99

14:02:41     CPU    %usr   %nice    %sys %iowait    %irq   %soft  %steal  %guest  %gnice   %idle
14:02:42     all    0.86    0.00    0.86    0.00    0.00    3.16    0.00    0.00    0.00   95.11
14:02:42       0    0.00    0.00    0.00    0.00    0.00   22.92    0.00    0.00    0.00   77.08
14:02:42       1    1.00    0.00    1.00    0.00    0.00    0.00    0.00    0.00    0.00   98.00
14:02:42       2    1.00    0.00    1.00    0.00    0.00    0.00    0.00    0.00    0.00   98.00
14:02:42       3    1.00    0.00    1.00    0.00    0.00    0.00    0.00    0.00    0.00   98.00

14:02:42     CPU    %usr   %nice    %sys %iowait    %irq   %soft  %steal  %guest  %gnice   %idle
14:02:43     all    0.57    0.00    1.72    0.00    0.00    3.15    0.00    0.00    0.00   94.56
14:02:43       0    1.96    0.00    3.92    0.00    0.00   21.57    0.00    0.00    0.00   72.55
14:02:43       1    0.00    0.00    1.01    0.00    0.00    0.00    0.00    0.00    0.00   98.99
14:02:43       2    0.00    0.00    1.01    0.00    0.00    0.00    0.00    0.00    0.00   98.99
14:02:43       3    1.00    0.00    2.00    0.00    0.00    0.00    0.00    0.00    0.00   97.00

14:02:43     CPU    %usr   %nice    %sys %iowait    %irq   %soft  %steal  %guest  %gnice   %idle
14:02:44     all    0.58    0.00    1.16    0.00    0.00    2.60    0.00    0.00    0.00   95.66
14:02:44       0    0.00    0.00    2.13    0.00    0.00   19.15    0.00    0.00    0.00   78.72
14:02:44       1    1.01    0.00    1.01    0.00    0.00    0.00    0.00    0.00    0.00   97.98
14:02:44       2    1.00    0.00    1.00    0.00    0.00    0.00    0.00    0.00    0.00   98.00
14:02:44       3    0.00    0.00    1.00    0.00    0.00    0.00    0.00    0.00    0.00   99.00

14:02:44     CPU    %usr   %nice    %sys %iowait    %irq   %soft  %steal  %guest  %gnice   %idle
14:02:45     all    0.85    0.00    1.42    0.00    0.00    3.42    0.00    0.00    0.00   94.30
14:02:45       0    2.00    0.00    2.00    0.00    0.00   24.00    0.00    0.00    0.00   72.00
14:02:45       1    0.99    0.00    1.98    0.00    0.00    0.00    0.00    0.00    0.00   97.03
14:02:45       2    0.00    0.00    1.00    0.00    0.00    0.00    0.00    0.00    0.00   99.00
14:02:45       3    1.00    0.00    1.00    0.00    0.00    0.00    0.00    0.00    0.00   98.00

14:02:45     CPU    %usr   %nice    %sys %iowait    %irq   %soft  %steal  %guest  %gnice   %idle
14:02:46     all    0.57    0.00    1.44    0.29    0.00    3.16    0.00    0.00    0.00   94.54
14:02:46       0    0.00    0.00    2.04    0.00    0.00   22.45    0.00    0.00    0.00   75.51
14:02:46       1    0.00    0.00    1.01    0.00    0.00    0.00    0.00    0.00    0.00   98.99
14:02:46       2    1.01    0.00    1.01    0.00    0.00    0.00    0.00    0.00    0.00   97.98
14:02:46       3    0.99    0.00    1.98    0.99    0.00    0.00    0.00    0.00    0.00   96.04

14:02:46     CPU    %usr   %nice    %sys %iowait    %irq   %soft  %steal  %guest  %gnice   %idle
14:02:47     all    0.29    0.00    1.45    0.00    0.00    2.32    0.00    0.00    0.00   95.94
14:02:47       0    0.00    0.00    2.17    0.00    0.00   17.39    0.00    0.00    0.00   80.43
14:02:47       1    0.99    0.00    1.98    0.00    0.00    0.00    0.00    0.00    0.00   97.03
14:02:47       2    0.00    0.00    1.01    0.00    0.00    0.00    0.00    0.00    0.00   98.99
14:02:47       3    0.00    0.00    1.01    0.00    0.00    0.00    0.00    0.00    0.00   98.99

14:02:47     CPU    %usr   %nice    %sys %iowait    %irq   %soft  %steal  %guest  %gnice   %idle
14:02:48     all    0.29    0.00    1.16    0.00    0.00    3.18    0.00    0.00    0.00   95.38
14:02:48       0    0.00    0.00    0.00    0.00    0.00   23.40    0.00    0.00    0.00   76.60
14:02:48       1    0.00    0.00    2.02    0.00    0.00    0.00    0.00    0.00    0.00   97.98
14:02:48       2    0.00    0.00    1.00    0.00    0.00    0.00    0.00    0.00    0.00   99.00
14:02:48       3    1.00    0.00    1.00    0.00    0.00    0.00    0.00    0.00    0.00   98.00

14:02:48     CPU    %usr   %nice    %sys %iowait    %irq   %soft  %steal  %guest  %gnice   %idle
14:02:49     all    0.56    0.00    1.13    0.00    0.00    4.52    0.00    0.00    0.00   93.79
14:02:49       0    1.85    0.00    1.85    0.00    0.00   29.63    0.00    0.00    0.00   66.67
14:02:49       1    1.00    0.00    1.00    0.00    0.00    0.00    0.00    0.00    0.00   98.00
14:02:49       2    0.00    0.00    1.00    0.00    0.00    0.00    0.00    0.00    0.00   99.00
14:02:49       3    0.00    0.00    1.00    0.00    0.00    0.00    0.00    0.00    0.00   99.00

14:02:49     CPU    %usr   %nice    %sys %iowait    %irq   %soft  %steal  %guest  %gnice   %idle
14:02:50     all    0.58    0.00    0.86    0.00    0.00    2.02    0.00    0.00    0.00   96.54
14:02:50       0    2.13    0.00    2.13    0.00    0.00   14.89    0.00    0.00    0.00   80.85
14:02:50       1    0.00    0.00    1.00    0.00    0.00    0.00    0.00    0.00    0.00   99.00
14:02:50       2    0.00    0.00    0.00    0.00    0.00    0.00    0.00    0.00    0.00  100.00
14:02:50       3    0.99    0.00    0.99    0.00    0.00    0.00    0.00    0.00    0.00   98.02

14:02:50     CPU    %usr   %nice    %sys %iowait    %irq   %soft  %steal  %guest  %gnice   %idle
14:02:51     all    0.58    0.00    1.16    0.00    0.00    2.03    0.00    0.00    0.00   96.22
14:02:51       0    0.00    0.00    0.00    0.00    0.00   15.91    0.00    0.00    0.00   84.09
14:02:51       1    1.00    0.00    1.00    0.00    0.00    0.00    0.00    0.00    0.00   98.00
14:02:51       2    1.00    0.00    1.00    0.00    0.00    0.00    0.00    0.00    0.00   98.00
14:02:51       3    0.00    0.00    2.00    0.00    0.00    0.00    0.00    0.00    0.00   98.00

14:02:51     CPU    %usr   %nice    %sys %iowait    %irq   %soft  %steal  %guest  %gnice   %idle
14:02:52     all    0.58    0.00    1.46    0.00    0.00    1.46    0.00    0.00    0.00   96.50
14:02:52       0    2.27    0.00    4.55    0.00    0.00   11.36    0.00    0.00    0.00   81.82
14:02:52       1    0.00    0.00    1.00    0.00    0.00    0.00    0.00    0.00    0.00   99.00
14:02:52       2    0.00    0.00    1.00    0.00    0.00    0.00    0.00    0.00    0.00   99.00
14:02:52       3    1.01    0.00    1.01    0.00    0.00    0.00    0.00    0.00    0.00   97.98

14:02:52     CPU    %usr   %nice    %sys %iowait    %irq   %soft  %steal  %guest  %gnice   %idle
14:02:53     all    1.16    0.00    1.45    0.00    0.00    1.74    0.00    0.00    0.00   95.65
14:02:53       0    2.22    0.00    2.22    0.00    0.00   13.33    0.00    0.00    0.00   82.22
14:02:53       1    1.01    0.00    1.01    0.00    0.00    0.00    0.00    0.00    0.00   97.98
14:02:53       2    1.00    0.00    1.00    0.00    0.00    0.00    0.00    0.00    0.00   98.00
14:02:53       3    0.99    0.00    1.98    0.00    0.00    0.00    0.00    0.00    0.00   97.03

14:02:53     CPU    %usr   %nice    %sys %iowait    %irq   %soft  %steal  %guest  %gnice   %idle
14:02:54     all    0.29    0.00    1.45    0.00    0.00    2.60    0.00    0.00    0.00   95.66
14:02:54       0    0.00    0.00    2.13    0.00    0.00   19.15    0.00    0.00    0.00   78.72
14:02:54       1    0.00    0.00    1.00    0.00    0.00    0.00    0.00    0.00    0.00   99.00
14:02:54       2    0.00    0.00    2.00    0.00    0.00    0.00    0.00    0.00    0.00   98.00
14:02:54       3    1.01    0.00    1.01    0.00    0.00    0.00    0.00    0.00    0.00   97.98

14:02:54     CPU    %usr   %nice    %sys %iowait    %irq   %soft  %steal  %guest  %gnice   %idle
14:02:55     all    0.57    0.00    1.71    0.00    0.00    3.14    0.00    0.00    0.00   94.57
14:02:55       0    0.00    0.00    2.04    0.00    0.00   22.45    0.00    0.00    0.00   75.51
14:02:55       1    0.99    0.00    1.98    0.00    0.00    0.00    0.00    0.00    0.00   97.03
14:02:55       2    0.00    0.00    1.01    0.00    0.00    0.00    0.00    0.00    0.00   98.99
14:02:55       3    0.99    0.00    1.98    0.00    0.00    0.00    0.00    0.00    0.00   97.03

14:02:55     CPU    %usr   %nice    %sys %iowait    %irq   %soft  %steal  %guest  %gnice   %idle
14:02:56     all    1.16    0.00    1.16    0.00    0.00    2.32    0.00    0.00    0.00   95.36
14:02:56       0    2.17    0.00    2.17    0.00    0.00   17.39    0.00    0.00    0.00   78.26
14:02:56       1    1.00    0.00    1.00    0.00    0.00    0.00    0.00    0.00    0.00   98.00
14:02:56       2    1.00    0.00    1.00    0.00    0.00    0.00    0.00    0.00    0.00   98.00
14:02:56       3    1.01    0.00    1.01    0.00    0.00    0.00    0.00    0.00    0.00   97.98

14:02:56     CPU    %usr   %nice    %sys %iowait    %irq   %soft  %steal  %guest  %gnice   %idle
14:02:57     all    0.57    0.00    1.71    0.00    0.00    3.13    0.00    0.00    0.00   94.59
14:02:57       0    2.00    0.00    2.00    0.00    0.00   22.00    0.00    0.00    0.00   74.00
14:02:57       1    0.00    0.00    1.01    0.00    0.00    0.00    0.00    0.00    0.00   98.99
14:02:57       2    0.98    0.00    1.96    0.00    0.00    0.00    0.00    0.00    0.00   97.06
14:02:57       3    0.00    0.00    2.00    0.00    0.00    0.00    0.00    0.00    0.00   98.00

14:02:57     CPU    %usr   %nice    %sys %iowait    %irq   %soft  %steal  %guest  %gnice   %idle
14:02:58     all    0.57    0.00    1.44    0.00    0.00    3.16    0.00    0.00    0.00   94.83
14:02:58       0    0.00    0.00    2.04    0.00    0.00   22.45    0.00    0.00    0.00   75.51
14:02:58       1    0.99    0.00    1.98    0.00    0.00    0.00    0.00    0.00    0.00   97.03
14:02:58       2    0.00    0.00    1.02    0.00    0.00    0.00    0.00    0.00    0.00   98.98
14:02:58       3    1.00    0.00    1.00    0.00    0.00    0.00    0.00    0.00    0.00   98.00

14:02:58     CPU    %usr   %nice    %sys %iowait    %irq   %soft  %steal  %guest  %gnice   %idle
14:02:59     all    0.58    0.00    1.45    0.00    0.00    2.32    0.00    0.00    0.00   95.65
14:02:59       0    0.00    0.00    2.17    0.00    0.00   17.39    0.00    0.00    0.00   80.43
14:02:59       1    0.00    0.00    1.01    0.00    0.00    0.00    0.00    0.00    0.00   98.99
14:02:59       2    1.00    0.00    2.00    0.00    0.00    0.00    0.00    0.00    0.00   97.00
14:02:59       3    1.00    0.00    1.00    0.00    0.00    0.00    0.00    0.00    0.00   98.00

14:02:59     CPU    %usr   %nice    %sys %iowait    %irq   %soft  %steal  %guest  %gnice   %idle
14:03:00     all    0.87    0.00    1.45    0.00    0.00    2.03    0.00    0.00    0.00   95.65
14:03:00       0    2.22    0.00    2.22    0.00    0.00   15.56    0.00    0.00    0.00   80.00
14:03:00       1    1.00    0.00    1.00    0.00    0.00    0.00    0.00    0.00    0.00   98.00
14:03:00       2    0.99    0.00    1.98    0.00    0.00    0.00    0.00    0.00    0.00   97.03
14:03:00       3    0.00    0.00    1.01    0.00    0.00    0.00    0.00    0.00    0.00   98.99

14:03:00     CPU    %usr   %nice    %sys %iowait    %irq   %soft  %steal  %guest  %gnice   %idle
14:03:01     all    1.14    0.00    1.14    0.57    0.00    2.86    0.00    0.00    0.00   94.29
14:03:01       0    2.08    0.00    0.00    0.00    0.00   20.83    0.00    0.00    0.00   77.08
14:03:01       1    0.99    0.00    0.99    0.99    0.00    0.00    0.00    0.00    0.00   97.03
14:03:01       2    1.01    0.00    1.01    0.00    0.00    0.00    0.00    0.00    0.00   97.98
14:03:01       3    0.98    0.00    1.96    0.98    0.00    0.00    0.00    0.00    0.00   96.08

14:03:01     CPU    %usr   %nice    %sys %iowait    %irq   %soft  %steal  %guest  %gnice   %idle
14:03:02     all    0.26    0.00    1.55    0.00    0.00    0.00    0.00    0.00    0.00   98.20
14:03:02       0    0.00    0.00    1.14    0.00    0.00    0.00    0.00    0.00    0.00   98.86
14:03:02       1    0.00    0.00    1.01    0.00    0.00    0.00    0.00    0.00    0.00   98.99
14:03:02       2    0.99    0.00    1.98    0.00    0.00    0.00    0.00    0.00    0.00   97.03
14:03:02       3    0.00    0.00    2.00    0.00    0.00    0.00    0.00    0.00    0.00   98.00

14:03:02     CPU    %usr   %nice    %sys %iowait    %irq   %soft  %steal  %guest  %gnice   %idle
14:03:03     all    1.00    0.00    1.49    0.00    0.00    0.00    0.00    0.00    0.00   97.51
14:03:03       0    0.98    0.00    1.96    0.00    0.00    0.00    0.00    0.00    0.00   97.06
14:03:03       1    1.00    0.00    1.00    0.00    0.00    0.00    0.00    0.00    0.00   98.00
14:03:03       2    1.00    0.00    2.00    0.00    0.00    0.00    0.00    0.00    0.00   97.00
14:03:03       3    1.00    0.00    1.00    0.00    0.00    0.00    0.00    0.00    0.00   98.00

Average:     CPU    %usr   %nice    %sys %iowait    %irq   %soft  %steal  %guest  %gnice   %idle
Average:     all    0.62    0.00    1.41    0.04    0.00    2.16    0.00    0.00    0.00   95.78
Average:       0    0.85    0.00    1.83    0.00    0.00   13.13    0.00    0.00    0.00   84.19
Average:       1    0.63    0.00    1.40    0.03    0.00    0.00    0.00    0.00    0.00   97.94
Average:       2    0.47    0.00    1.29    0.03    0.00    0.00    0.00    0.00    0.00   98.21
Average:       3    0.61    0.00    1.29    0.08    0.00    0.00    0.00    0.00    0.00   98.03
