Linux 6.17.0-1011-raspi (raspberrypi) 	05/03/26 	_aarch64_	(4 CPU)

13:31:43     CPU    %usr   %nice    %sys %iowait    %irq   %soft  %steal  %guest  %gnice   %idle
13:31:44     all    3.25    0.00   23.75    0.00    0.00    0.00    0.00    0.00    0.00   73.00
13:31:44       0    1.00    0.00    2.00    0.00    0.00    0.00    0.00    0.00    0.00   97.00
13:31:44       1   11.00    0.00   89.00    0.00    0.00    0.00    0.00    0.00    0.00    0.00
13:31:44       2    0.00    0.00    2.00    0.00    0.00    0.00    0.00    0.00    0.00   98.00
13:31:44       3    1.00    0.00    2.00    0.00    0.00    0.00    0.00    0.00    0.00   97.00

13:31:44     CPU    %usr   %nice    %sys %iowait    %irq   %soft  %steal  %guest  %gnice   %idle
13:31:45     all    3.01    0.00   23.56    0.00    0.00    0.00    0.00    0.00    0.00   73.43
13:31:45       0    1.00    0.00    2.00    0.00    0.00    0.00    0.00    0.00    0.00   97.00
13:31:45       1   10.00    0.00   90.00    0.00    0.00    0.00    0.00    0.00    0.00    0.00
13:31:45       2    1.00    0.00    1.00    0.00    0.00    0.00    0.00    0.00    0.00   98.00
13:31:45       3    0.00    0.00    1.01    0.00    0.00    0.00    0.00    0.00    0.00   98.99

13:31:45     CPU    %usr   %nice    %sys %iowait    %irq   %soft  %steal  %guest  %gnice   %idle
13:31:46     all    3.24    0.00   23.69    0.00    0.00    0.00    0.00    0.00    0.00   73.07
13:31:46       0    0.99    0.00    1.98    0.00    0.00    0.00    0.00    0.00    0.00   97.03
13:31:46       1   10.00    0.00   90.00    0.00    0.00    0.00    0.00    0.00    0.00    0.00
13:31:46       2    1.00    0.00    1.00    0.00    0.00    0.00    0.00    0.00    0.00   98.00
13:31:46       3    1.00    0.00    2.00    0.00    0.00    0.00    0.00    0.00    0.00   97.00

13:31:46     CPU    %usr   %nice    %sys %iowait    %irq   %soft  %steal  %guest  %gnice   %idle
13:31:47     all    3.02    0.00   23.43    0.00    0.00    0.00    0.00    0.00    0.00   73.55
13:31:47       0    0.00    0.00    1.02    0.00    0.00    0.00    0.00    0.00    0.00   98.98
13:31:47       1   11.00    0.00   89.00    0.00    0.00    0.00    0.00    0.00    0.00    0.00
13:31:47       2    0.00    0.00    1.01    0.00    0.00    0.00    0.00    0.00    0.00   98.99
13:31:47       3    1.00    0.00    2.00    0.00    0.00    0.00    0.00    0.00    0.00   97.00

13:31:47     CPU    %usr   %nice    %sys %iowait    %irq   %soft  %steal  %guest  %gnice   %idle
13:31:48     all    3.72    0.00   23.33    0.00    0.00    0.00    0.00    0.00    0.00   72.95
13:31:48       0    0.99    0.00    1.98    0.00    0.00    0.00    0.00    0.00    0.00   97.03
13:31:48       1   12.00    0.00   88.00    0.00    0.00    0.00    0.00    0.00    0.00    0.00
13:31:48       2    0.99    0.00    1.98    0.00    0.00    0.00    0.00    0.00    0.00   97.03
13:31:48       3    0.99    0.00    1.98    0.00    0.00    0.00    0.00    0.00    0.00   97.03

13:31:48     CPU    %usr   %nice    %sys %iowait    %irq   %soft  %steal  %guest  %gnice   %idle
13:31:49     all    3.52    0.00   22.86    0.00    0.00    0.00    0.00    0.00    0.00   73.62
13:31:49       0    1.00    0.00    2.00    0.00    0.00    0.00    0.00    0.00    0.00   97.00
13:31:49       1   13.00    0.00   87.00    0.00    0.00    0.00    0.00    0.00    0.00    0.00
13:31:49       2    0.00    0.00    1.01    0.00    0.00    0.00    0.00    0.00    0.00   98.99
13:31:49       3    0.00    0.00    1.01    0.00    0.00    0.00    0.00    0.00    0.00   98.99

13:31:49     CPU    %usr   %nice    %sys %iowait    %irq   %soft  %steal  %guest  %gnice   %idle
13:31:50     all    3.49    0.00   23.69    0.00    0.00    0.00    0.00    0.00    0.00   72.82
13:31:50       0    1.00    0.00    2.00    0.00    0.00    0.00    0.00    0.00    0.00   97.00
13:31:50       1   11.00    0.00   89.00    0.00    0.00    0.00    0.00    0.00    0.00    0.00
13:31:50       2    0.99    0.00    1.98    0.00    0.00    0.00    0.00    0.00    0.00   97.03
13:31:50       3    1.00    0.00    2.00    0.00    0.00    0.00    0.00    0.00    0.00   97.00

13:31:50     CPU    %usr   %nice    %sys %iowait    %irq   %soft  %steal  %guest  %gnice   %idle
13:31:51     all    3.50    0.00   23.00    0.00    0.00    0.00    0.00    0.00    0.00   73.50
13:31:51       0    1.00    0.00    1.00    0.00    0.00    0.00    0.00    0.00    0.00   98.00
13:31:51       1   12.00    0.00   88.00    0.00    0.00    0.00    0.00    0.00    0.00    0.00
13:31:51       2    0.00    0.00    1.01    0.00    0.00    0.00    0.00    0.00    0.00   98.99
13:31:51       3    0.99    0.00    1.98    0.00    0.00    0.00    0.00    0.00    0.00   97.03

13:31:51     CPU    %usr   %nice    %sys %iowait    %irq   %soft  %steal  %guest  %gnice   %idle
13:31:52     all    3.75    0.00   23.00    0.00    0.00    0.00    0.00    0.00    0.00   73.25
13:31:52       0    1.00    0.00    2.00    0.00    0.00    0.00    0.00    0.00    0.00   97.00
13:31:52       1   13.00    0.00   87.00    0.00    0.00    0.00    0.00    0.00    0.00    0.00
13:31:52       2    0.99    0.00    1.98    0.00    0.00    0.00    0.00    0.00    0.00   97.03
13:31:52       3    0.00    0.00    1.01    0.00    0.00    0.00    0.00    0.00    0.00   98.99

13:31:52     CPU    %usr   %nice    %sys %iowait    %irq   %soft  %steal  %guest  %gnice   %idle
13:31:53     all    3.27    0.00   23.43    0.00    0.00    0.00    0.00    0.00    0.00   73.30
13:31:53       0    0.00    0.00    1.02    0.00    0.00    0.00    0.00    0.00    0.00   98.98
13:31:53       1   11.00    0.00   89.00    0.00    0.00    0.00    0.00    0.00    0.00    0.00
13:31:53       2    1.01    0.00    1.01    0.00    0.00    0.00    0.00    0.00    0.00   97.98
13:31:53       3    1.00    0.00    2.00    0.00    0.00    0.00    0.00    0.00    0.00   97.00

13:31:53     CPU    %usr   %nice    %sys %iowait    %irq   %soft  %steal  %guest  %gnice   %idle
13:31:54     all    3.49    0.00   23.19    0.00    0.00    0.00    0.00    0.00    0.00   73.32
13:31:54       0    0.99    0.00    1.98    0.00    0.00    0.00    0.00    0.00    0.00   97.03
13:31:54       1   12.00    0.00   88.00    0.00    0.00    0.00    0.00    0.00    0.00    0.00
13:31:54       2    0.00    0.00    2.00    0.00    0.00    0.00    0.00    0.00    0.00   98.00
13:31:54       3    1.00    0.00    1.00    0.00    0.00    0.00    0.00    0.00    0.00   98.00

13:31:54     CPU    %usr   %nice    %sys %iowait    %irq   %soft  %steal  %guest  %gnice   %idle
13:31:55     all    3.27    0.00   23.12    0.00    0.00    0.00    0.00    0.00    0.00   73.62
13:31:55       0    1.01    0.00    1.01    0.00    0.00    0.00    0.00    0.00    0.00   97.98
13:31:55       1   12.00    0.00   88.00    0.00    0.00    0.00    0.00    0.00    0.00    0.00
13:31:55       2    0.00    0.00    2.00    0.00    0.00    0.00    0.00    0.00    0.00   98.00
13:31:55       3    0.00    0.00    1.01    0.00    0.00    0.00    0.00    0.00    0.00   98.99

13:31:55     CPU    %usr   %nice    %sys %iowait    %irq   %soft  %steal  %guest  %gnice   %idle
13:31:56     all    3.75    0.00   23.25    0.00    0.00    0.00    0.00    0.00    0.00   73.00
13:31:56       0    1.00    0.00    2.00    0.00    0.00    0.00    0.00    0.00    0.00   97.00
13:31:56       1   12.00    0.00   88.00    0.00    0.00    0.00    0.00    0.00    0.00    0.00
13:31:56       2    1.00    0.00    1.00    0.00    0.00    0.00    0.00    0.00    0.00   98.00
13:31:56       3    1.00    0.00    2.00    0.00    0.00    0.00    0.00    0.00    0.00   97.00

13:31:56     CPU    %usr   %nice    %sys %iowait    %irq   %soft  %steal  %guest  %gnice   %idle
13:31:57     all    3.54    0.00   23.80    0.00    0.00    0.25    0.00    0.00    0.00   72.41
13:31:57       0    2.11    0.00    2.11    0.00    0.00    1.05    0.00    0.00    0.00   94.74
13:31:57       1   11.00    0.00   89.00    0.00    0.00    0.00    0.00    0.00    0.00    0.00
13:31:57       2    0.00    0.00    2.00    0.00    0.00    0.00    0.00    0.00    0.00   98.00
13:31:57       3    1.00    0.00    1.00    0.00    0.00    0.00    0.00    0.00    0.00   98.00

13:31:57     CPU    %usr   %nice    %sys %iowait    %irq   %soft  %steal  %guest  %gnice   %idle
13:31:58     all    2.84    0.00   24.74    0.00    0.00    0.52    0.00    0.00    0.00   71.91
13:31:58       0    0.00    0.00    2.25    0.00    0.00    2.25    0.00    0.00    0.00   95.51
13:31:58       1    9.09    0.00   90.91    0.00    0.00    0.00    0.00    0.00    0.00    0.00
13:31:58       2    1.00    0.00    2.00    0.00    0.00    0.00    0.00    0.00    0.00   97.00
13:31:58       3    1.00    0.00    2.00    0.00    0.00    0.00    0.00    0.00    0.00   97.00

13:31:58     CPU    %usr   %nice    %sys %iowait    %irq   %soft  %steal  %guest  %gnice   %idle
13:31:59     all    3.08    0.00   24.94    0.26    0.00    0.77    0.00    0.00    0.00   70.95
13:31:59       0    1.14    0.00    2.27    0.00    0.00    3.41    0.00    0.00    0.00   93.18
13:31:59       1    9.90    0.00   90.10    0.00    0.00    0.00    0.00    0.00    0.00    0.00
13:31:59       2    0.99    0.00    1.98    0.99    0.00    0.00    0.00    0.00    0.00   96.04
13:31:59       3    0.00    0.00    2.02    0.00    0.00    0.00    0.00    0.00    0.00   97.98

13:31:59     CPU    %usr   %nice    %sys %iowait    %irq   %soft  %steal  %guest  %gnice   %idle
13:32:00     all    2.84    0.00   25.00    0.00    0.00    1.03    0.00    0.00    0.00   71.13
13:32:00       0    0.00    0.00    2.33    0.00    0.00    3.49    0.00    0.00    0.00   94.19
13:32:00       1    9.00    0.00   90.00    0.00    0.00    1.00    0.00    0.00    0.00    0.00
13:32:00       2    1.00    0.00    2.00    0.00    0.00    0.00    0.00    0.00    0.00   97.00
13:32:00       3    0.98    0.00    2.94    0.00    0.00    0.00    0.00    0.00    0.00   96.08

13:32:00     CPU    %usr   %nice    %sys %iowait    %irq   %soft  %steal  %guest  %gnice   %idle
13:32:01     all    3.37    0.00   24.61    0.00    0.00    0.52    0.00    0.00    0.00   71.50
13:32:01       0    1.15    0.00    2.30    0.00    0.00    2.30    0.00    0.00    0.00   94.25
13:32:01       1   10.00    0.00   90.00    0.00    0.00    0.00    0.00    0.00    0.00    0.00
13:32:01       2    1.01    0.00    1.01    0.00    0.00    0.00    0.00    0.00    0.00   97.98
13:32:01       3    1.00    0.00    2.00    0.00    0.00    0.00    0.00    0.00    0.00   97.00

13:32:01     CPU    %usr   %nice    %sys %iowait    %irq   %soft  %steal  %guest  %gnice   %idle
13:32:02     all    2.84    0.00   25.00    0.00    0.00    1.03    0.00    0.00    0.00   71.13
13:32:02       0    1.12    0.00    2.25    0.00    0.00    4.49    0.00    0.00    0.00   92.13
13:32:02       1   10.00    0.00   90.00    0.00    0.00    0.00    0.00    0.00    0.00    0.00
13:32:02       2    0.00    0.00    3.00    0.00    0.00    0.00    0.00    0.00    0.00   97.00
13:32:02       3    0.00    0.00    2.02    0.00    0.00    0.00    0.00    0.00    0.00   97.98

13:32:02     CPU    %usr   %nice    %sys %iowait    %irq   %soft  %steal  %guest  %gnice   %idle
13:32:03     all    3.12    0.00   24.48    0.00    0.00    0.52    0.00    0.00    0.00   71.88
13:32:03       0    0.00    0.00    1.19    0.00    0.00    2.38    0.00    0.00    0.00   96.43
13:32:03       1   10.00    0.00   90.00    0.00    0.00    0.00    0.00    0.00    0.00    0.00
13:32:03       2    1.00    0.00    2.00    0.00    0.00    0.00    0.00    0.00    0.00   97.00
13:32:03       3    1.00    0.00    1.00    0.00    0.00    0.00    0.00    0.00    0.00   98.00

13:32:03     CPU    %usr   %nice    %sys %iowait    %irq   %soft  %steal  %guest  %gnice   %idle
13:32:04     all    3.33    0.00   24.62    0.00    0.00    1.28    0.00    0.00    0.00   70.77
13:32:04       0    1.12    0.00    2.25    0.00    0.00    4.49    0.00    0.00    0.00   92.13
13:32:04       1   10.00    0.00   89.00    0.00    0.00    1.00    0.00    0.00    0.00    0.00
13:32:04       2    0.99    0.00    2.97    0.00    0.00    0.00    0.00    0.00    0.00   96.04
13:32:04       3    1.00    0.00    2.00    0.00    0.00    0.00    0.00    0.00    0.00   97.00

13:32:04     CPU    %usr   %nice    %sys %iowait    %irq   %soft  %steal  %guest  %gnice   %idle
13:32:05     all    3.37    0.00   24.61    0.00    0.00    0.52    0.00    0.00    0.00   71.50
13:32:05       0    1.16    0.00    1.16    0.00    0.00    2.33    0.00    0.00    0.00   95.35
13:32:05       1   10.00    0.00   90.00    0.00    0.00    0.00    0.00    0.00    0.00    0.00
13:32:05       2    1.00    0.00    2.00    0.00    0.00    0.00    0.00    0.00    0.00   97.00
13:32:05       3    1.00    0.00    2.00    0.00    0.00    0.00    0.00    0.00    0.00   97.00

13:32:05     CPU    %usr   %nice    %sys %iowait    %irq   %soft  %steal  %guest  %gnice   %idle
13:32:06     all    2.84    0.00   25.06    0.00    0.00    0.78    0.00    0.00    0.00   71.32
13:32:06       0    1.14    0.00    2.27    0.00    0.00    3.41    0.00    0.00    0.00   93.18
13:32:06       1    9.00    0.00   91.00    0.00    0.00    0.00    0.00    0.00    0.00    0.00
13:32:06       2    0.00    0.00    2.02    0.00    0.00    0.00    0.00    0.00    0.00   97.98
13:32:06       3    1.00    0.00    2.00    0.00    0.00    0.00    0.00    0.00    0.00   97.00

13:32:06     CPU    %usr   %nice    %sys %iowait    %irq   %soft  %steal  %guest  %gnice   %idle
13:32:07     all    3.60    0.00   24.42    0.00    0.00    0.77    0.00    0.00    0.00   71.21
13:32:07       0    1.14    0.00    2.27    0.00    0.00    3.41    0.00    0.00    0.00   93.18
13:32:07       1   11.00    0.00   89.00    0.00    0.00    0.00    0.00    0.00    0.00    0.00
13:32:07       2    0.99    0.00    1.98    0.00    0.00    0.00    0.00    0.00    0.00   97.03
13:32:07       3    1.00    0.00    2.00    0.00    0.00    0.00    0.00    0.00    0.00   97.00

13:32:07     CPU    %usr   %nice    %sys %iowait    %irq   %soft  %steal  %guest  %gnice   %idle
13:32:08     all    3.13    0.00   24.54    0.00    0.00    0.52    0.00    0.00    0.00   71.80
13:32:08       0    1.16    0.00    1.16    0.00    0.00    2.33    0.00    0.00    0.00   95.35
13:32:08       1    9.09    0.00   90.91    0.00    0.00    0.00    0.00    0.00    0.00    0.00
13:32:08       2    1.01    0.00    2.02    0.00    0.00    0.00    0.00    0.00    0.00   96.97
13:32:08       3    1.01    0.00    1.01    0.00    0.00    0.00    0.00    0.00    0.00   97.98

13:32:08     CPU    %usr   %nice    %sys %iowait    %irq   %soft  %steal  %guest  %gnice   %idle
13:32:09     all    3.11    0.00   24.61    0.00    0.00    0.78    0.00    0.00    0.00   71.50
13:32:09       0    1.14    0.00    2.27    0.00    0.00    3.41    0.00    0.00    0.00   93.18
13:32:09       1   10.00    0.00   90.00    0.00    0.00    0.00    0.00    0.00    0.00    0.00
13:32:09       2    0.00    0.00    2.02    0.00    0.00    0.00    0.00    0.00    0.00   97.98
13:32:09       3    1.01    0.00    1.01    0.00    0.00    0.00    0.00    0.00    0.00   97.98

13:32:09     CPU    %usr   %nice    %sys %iowait    %irq   %soft  %steal  %guest  %gnice   %idle
13:32:10     all    3.34    0.00   24.68    0.00    0.00    1.03    0.00    0.00    0.00   70.95
13:32:10       0    1.14    0.00    2.27    0.00    0.00    3.41    0.00    0.00    0.00   93.18
13:32:10       1    9.90    0.00   89.11    0.00    0.00    0.99    0.00    0.00    0.00    0.00
13:32:10       2    1.00    0.00    2.00    0.00    0.00    0.00    0.00    0.00    0.00   97.00
13:32:10       3    1.00    0.00    2.00    0.00    0.00    0.00    0.00    0.00    0.00   97.00

13:32:10     CPU    %usr   %nice    %sys %iowait    %irq   %soft  %steal  %guest  %gnice   %idle
13:32:11     all    2.60    0.00   24.94    0.00    0.00    0.78    0.00    0.00    0.00   71.69
13:32:11       0    0.00    0.00    1.18    0.00    0.00    3.53    0.00    0.00    0.00   95.29
13:32:11       1    8.00    0.00   92.00    0.00    0.00    0.00    0.00    0.00    0.00    0.00
13:32:11       2    1.00    0.00    1.00    0.00    0.00    0.00    0.00    0.00    0.00   98.00
13:32:11       3    1.00    0.00    2.00    0.00    0.00    0.00    0.00    0.00    0.00   97.00

13:32:11     CPU    %usr   %nice    %sys %iowait    %irq   %soft  %steal  %guest  %gnice   %idle
13:32:12     all    2.81    0.00   25.00    0.00    0.00    0.51    0.00    0.00    0.00   71.68
13:32:12       0    1.10    0.00    2.20    0.00    0.00    2.20    0.00    0.00    0.00   94.51
13:32:12       1    9.00    0.00   91.00    0.00    0.00    0.00    0.00    0.00    0.00    0.00
13:32:12       2    1.00    0.00    2.00    0.00    0.00    0.00    0.00    0.00    0.00   97.00
13:32:12       3    0.00    0.00    2.97    0.00    0.00    0.00    0.00    0.00    0.00   97.03

13:32:12     CPU    %usr   %nice    %sys %iowait    %irq   %soft  %steal  %guest  %gnice   %idle
13:32:13     all    2.86    0.00   25.19    0.00    0.00    0.78    0.00    0.00    0.00   71.17
13:32:13       0    0.00    0.00    2.33    0.00    0.00    3.49    0.00    0.00    0.00   94.19
13:32:13       1    9.00    0.00   91.00    0.00    0.00    0.00    0.00    0.00    0.00    0.00
13:32:13       2    1.00    0.00    2.00    0.00    0.00    0.00    0.00    0.00    0.00   97.00
13:32:13       3    1.01    0.00    2.02    0.00    0.00    0.00    0.00    0.00    0.00   96.97

13:32:13     CPU    %usr   %nice    %sys %iowait    %irq   %soft  %steal  %guest  %gnice   %idle
13:32:14     all    2.84    0.00   24.55    0.26    0.00    1.03    0.00    0.00    0.00   71.32
13:32:14       0    1.15    0.00    1.15    0.00    0.00    3.45    0.00    0.00    0.00   94.25
13:32:14       1    9.00    0.00   90.00    0.00    0.00    1.00    0.00    0.00    0.00    0.00
13:32:14       2    0.00    0.00    2.02    0.00    0.00    0.00    0.00    0.00    0.00   97.98
13:32:14       3    0.99    0.00    1.98    0.99    0.00    0.00    0.00    0.00    0.00   96.04

13:32:14     CPU    %usr   %nice    %sys %iowait    %irq   %soft  %steal  %guest  %gnice   %idle
13:32:15     all    2.83    0.00   25.45    0.00    0.00    0.51    0.00    0.00    0.00   71.21
13:32:15       0    0.00    0.00    2.30    0.00    0.00    2.30    0.00    0.00    0.00   95.40
13:32:15       1    8.91    0.00   91.09    0.00    0.00    0.00    0.00    0.00    0.00    0.00
13:32:15       2    0.99    0.00    2.97    0.00    0.00    0.00    0.00    0.00    0.00   96.04
13:32:15       3    1.00    0.00    2.00    0.00    0.00    0.00    0.00    0.00    0.00   97.00

13:32:15     CPU    %usr   %nice    %sys %iowait    %irq   %soft  %steal  %guest  %gnice   %idle
13:32:16     all    3.12    0.00   23.90    0.00    0.00    0.78    0.00    0.00    0.00   72.21
13:32:16       0    1.15    0.00    0.00    0.00    0.00    3.45    0.00    0.00    0.00   95.40
13:32:16       1    9.09    0.00   90.91    0.00    0.00    0.00    0.00    0.00    0.00    0.00
13:32:16       2    1.01    0.00    1.01    0.00    0.00    0.00    0.00    0.00    0.00   97.98
13:32:16       3    1.00    0.00    1.00    0.00    0.00    0.00    0.00    0.00    0.00   98.00

13:32:16     CPU    %usr   %nice    %sys %iowait    %irq   %soft  %steal  %guest  %gnice   %idle
13:32:17     all    2.58    0.00   24.55    0.00    0.00    0.52    0.00    0.00    0.00   72.35
13:32:17       0    0.00    0.00    1.15    0.00    0.00    2.30    0.00    0.00    0.00   96.55
13:32:17       1    9.00    0.00   91.00    0.00    0.00    0.00    0.00    0.00    0.00    0.00
13:32:17       2    0.00    0.00    1.00    0.00    0.00    0.00    0.00    0.00    0.00   99.00
13:32:17       3    1.00    0.00    2.00    0.00    0.00    0.00    0.00    0.00    0.00   97.00

13:32:17     CPU    %usr   %nice    %sys %iowait    %irq   %soft  %steal  %guest  %gnice   %idle
13:32:18     all    2.58    0.00   25.32    0.00    0.00    0.78    0.00    0.00    0.00   71.32
13:32:18       0    1.15    0.00    2.30    0.00    0.00    3.45    0.00    0.00    0.00   93.10
13:32:18       1    8.00    0.00   92.00    0.00    0.00    0.00    0.00    0.00    0.00    0.00
13:32:18       2    1.00    0.00    2.00    0.00    0.00    0.00    0.00    0.00    0.00   97.00
13:32:18       3    0.00    0.00    2.00    0.00    0.00    0.00    0.00    0.00    0.00   98.00

13:32:18     CPU    %usr   %nice    %sys %iowait    %irq   %soft  %steal  %guest  %gnice   %idle
13:32:19     all    3.63    0.00   24.09    0.26    0.00    0.78    0.00    0.00    0.00   71.24
13:32:19       0    1.16    0.00    1.16    0.00    0.00    2.33    0.00    0.00    0.00   95.35
13:32:19       1   11.00    0.00   88.00    0.00    0.00    1.00    0.00    0.00    0.00    0.00
13:32:19       2    1.00    0.00    2.00    0.00    0.00    0.00    0.00    0.00    0.00   97.00
13:32:19       3    1.00    0.00    2.00    1.00    0.00    0.00    0.00    0.00    0.00   96.00

13:32:19     CPU    %usr   %nice    %sys %iowait    %irq   %soft  %steal  %guest  %gnice   %idle
13:32:20     all    2.84    0.00   25.06    0.00    0.00    1.03    0.00    0.00    0.00   71.06
13:32:20       0    0.00    0.00    2.27    0.00    0.00    4.55    0.00    0.00    0.00   93.18
13:32:20       1    9.00    0.00   91.00    0.00    0.00    0.00    0.00    0.00    0.00    0.00
13:32:20       2    1.00    0.00    2.00    0.00    0.00    0.00    0.00    0.00    0.00   97.00
13:32:20       3    1.01    0.00    2.02    0.00    0.00    0.00    0.00    0.00    0.00   96.97

13:32:20     CPU    %usr   %nice    %sys %iowait    %irq   %soft  %steal  %guest  %gnice   %idle
13:32:21     all    3.08    0.00   24.68    0.00    0.00    1.03    0.00    0.00    0.00   71.21
13:32:21       0    1.14    0.00    2.27    0.00    0.00    3.41    0.00    0.00    0.00   93.18
13:32:21       1    8.00    0.00   91.00    0.00    0.00    1.00    0.00    0.00    0.00    0.00
13:32:21       2    1.00    0.00    1.00    0.00    0.00    0.00    0.00    0.00    0.00   98.00
13:32:21       3    1.98    0.00    1.98    0.00    0.00    0.00    0.00    0.00    0.00   96.04

13:32:21     CPU    %usr   %nice    %sys %iowait    %irq   %soft  %steal  %guest  %gnice   %idle
13:32:22     all    3.11    0.00   24.87    0.00    0.00    0.52    0.00    0.00    0.00   71.50
13:32:22       0    1.15    0.00    2.30    0.00    0.00    2.30    0.00    0.00    0.00   94.25
13:32:22       1   10.00    0.00   90.00    0.00    0.00    0.00    0.00    0.00    0.00    0.00
13:32:22       2    1.00    0.00    2.00    0.00    0.00    0.00    0.00    0.00    0.00   97.00
13:32:22       3    0.00    0.00    2.02    0.00    0.00    0.00    0.00    0.00    0.00   97.98

13:32:22     CPU    %usr   %nice    %sys %iowait    %irq   %soft  %steal  %guest  %gnice   %idle
13:32:23     all    3.37    0.00   24.61    0.00    0.00    0.52    0.00    0.00    0.00   71.50
13:32:23       0    0.00    0.00    1.18    0.00    0.00    2.35    0.00    0.00    0.00   96.47
13:32:23       1   10.00    0.00   90.00    0.00    0.00    0.00    0.00    0.00    0.00    0.00
13:32:23       2    1.00    0.00    2.00    0.00    0.00    0.00    0.00    0.00    0.00   97.00
13:32:23       3    1.98    0.00    1.98    0.00    0.00    0.00    0.00    0.00    0.00   96.04

13:32:23     CPU    %usr   %nice    %sys %iowait    %irq   %soft  %steal  %guest  %gnice   %idle
13:32:24     all    3.10    0.00   24.55    0.26    0.00    0.78    0.00    0.00    0.00   71.32
13:32:24       0    1.15    0.00    1.15    0.00    0.00    3.45    0.00    0.00    0.00   94.25
13:32:24       1   10.00    0.00   90.00    0.00    0.00    0.00    0.00    0.00    0.00    0.00
13:32:24       2    0.99    0.00    1.98    0.99    0.00    0.00    0.00    0.00    0.00   96.04
13:32:24       3    0.00    0.00    2.02    0.00    0.00    0.00    0.00    0.00    0.00   97.98

13:32:24     CPU    %usr   %nice    %sys %iowait    %irq   %soft  %steal  %guest  %gnice   %idle
13:32:25     all    3.11    0.00   24.61    0.00    0.00    1.04    0.00    0.00    0.00   71.24
13:32:25       0    1.14    0.00    2.27    0.00    0.00    3.41    0.00    0.00    0.00   93.18
13:32:25       1    9.00    0.00   90.00    0.00    0.00    1.00    0.00    0.00    0.00    0.00
13:32:25       2    1.01    0.00    1.01    0.00    0.00    0.00    0.00    0.00    0.00   97.98
13:32:25       3    1.01    0.00    2.02    0.00    0.00    0.00    0.00    0.00    0.00   96.97

13:32:25     CPU    %usr   %nice    %sys %iowait    %irq   %soft  %steal  %guest  %gnice   %idle
13:32:26     all    3.09    0.00   24.74    0.00    0.00    0.77    0.00    0.00    0.00   71.39
13:32:26       0    0.00    0.00    2.30    0.00    0.00    3.45    0.00    0.00    0.00   94.25
13:32:26       1   10.00    0.00   90.00    0.00    0.00    0.00    0.00    0.00    0.00    0.00
13:32:26       2    0.99    0.00    1.98    0.00    0.00    0.00    0.00    0.00    0.00   97.03
13:32:26       3    1.00    0.00    2.00    0.00    0.00    0.00    0.00    0.00    0.00   97.00

13:32:26     CPU    %usr   %nice    %sys %iowait    %irq   %soft  %steal  %guest  %gnice   %idle
13:32:27     all    3.62    0.00   24.55    0.00    0.00    0.52    0.00    0.00    0.00   71.32
13:32:27       0    1.16    0.00    1.16    0.00    0.00    2.33    0.00    0.00    0.00   95.35
13:32:27       1   10.00    0.00   90.00    0.00    0.00    0.00    0.00    0.00    0.00    0.00
13:32:27       2    1.00    0.00    2.00    0.00    0.00    0.00    0.00    0.00    0.00   97.00
13:32:27       3    1.98    0.00    1.98    0.00    0.00    0.00    0.00    0.00    0.00   96.04

13:32:27     CPU    %usr   %nice    %sys %iowait    %irq   %soft  %steal  %guest  %gnice   %idle
13:32:28     all    3.36    0.00   24.55    0.00    0.00    0.78    0.00    0.00    0.00   71.32
13:32:28       0    1.14    0.00    2.27    0.00    0.00    3.41    0.00    0.00    0.00   93.18
13:32:28       1   11.00    0.00   89.00    0.00    0.00    0.00    0.00    0.00    0.00    0.00
13:32:28       2    1.00    0.00    2.00    0.00    0.00    0.00    0.00    0.00    0.00   97.00
13:32:28       3    0.00    0.00    2.02    0.00    0.00    0.00    0.00    0.00    0.00   97.98

13:32:28     CPU    %usr   %nice    %sys %iowait    %irq   %soft  %steal  %guest  %gnice   %idle
13:32:29     all    3.11    0.00   24.61    0.00    0.00    0.78    0.00    0.00    0.00   71.50
13:32:29       0    0.00    0.00    2.33    0.00    0.00    2.33    0.00    0.00    0.00   95.35
13:32:29       1    9.00    0.00   90.00    0.00    0.00    1.00    0.00    0.00    0.00    0.00
13:32:29       2    1.00    0.00    2.00    0.00    0.00    0.00    0.00    0.00    0.00   97.00
13:32:29       3    2.00    0.00    1.00    0.00    0.00    0.00    0.00    0.00    0.00   97.00

13:32:29     CPU    %usr   %nice    %sys %iowait    %irq   %soft  %steal  %guest  %gnice   %idle
13:32:30     all    3.10    0.00   25.06    0.00    0.00    0.52    0.00    0.00    0.00   71.32
13:32:30       0    1.16    0.00    2.33    0.00    0.00    2.33    0.00    0.00    0.00   94.19
13:32:30       1    9.00    0.00   91.00    0.00    0.00    0.00    0.00    0.00    0.00    0.00
13:32:30       2    0.99    0.00    1.98    0.00    0.00    0.00    0.00    0.00    0.00   97.03
13:32:30       3    1.00    0.00    2.00    0.00    0.00    0.00    0.00    0.00    0.00   97.00

13:32:30     CPU    %usr   %nice    %sys %iowait    %irq   %soft  %steal  %guest  %gnice   %idle
13:32:31     all    2.84    0.00   25.06    0.00    0.00    0.78    0.00    0.00    0.00   71.32
13:32:31       0    1.14    0.00    2.27    0.00    0.00    3.41    0.00    0.00    0.00   93.18
13:32:31       1    9.90    0.00   90.10    0.00    0.00    0.00    0.00    0.00    0.00    0.00
13:32:31       2    0.00    0.00    2.02    0.00    0.00    0.00    0.00    0.00    0.00   97.98
13:32:31       3    0.00    0.00    2.02    0.00    0.00    0.00    0.00    0.00    0.00   97.98

13:32:31     CPU    %usr   %nice    %sys %iowait    %irq   %soft  %steal  %guest  %gnice   %idle
13:32:32     all    3.38    0.00   24.42    0.00    0.00    0.52    0.00    0.00    0.00   71.69
13:32:32       0    1.15    0.00    2.30    0.00    0.00    2.30    0.00    0.00    0.00   94.25
13:32:32       1   10.10    0.00   89.90    0.00    0.00    0.00    0.00    0.00    0.00    0.00
13:32:32       2    1.02    0.00    1.02    0.00    0.00    0.00    0.00    0.00    0.00   97.96
13:32:32       3    0.99    0.00    1.98    0.00    0.00    0.00    0.00    0.00    0.00   97.03

13:32:32     CPU    %usr   %nice    %sys %iowait    %irq   %soft  %steal  %guest  %gnice   %idle
13:32:33     all    2.85    0.00   24.87    0.00    0.00    0.78    0.00    0.00    0.00   71.50
13:32:33       0    1.16    0.00    1.16    0.00    0.00    3.49    0.00    0.00    0.00   94.19
13:32:33       1    9.00    0.00   91.00    0.00    0.00    0.00    0.00    0.00    0.00    0.00
13:32:33       2    0.99    0.00    1.98    0.00    0.00    0.00    0.00    0.00    0.00   97.03
13:32:33       3    0.00    0.00    2.02    0.00    0.00    0.00    0.00    0.00    0.00   97.98

13:32:33     CPU    %usr   %nice    %sys %iowait    %irq   %soft  %steal  %guest  %gnice   %idle
13:32:34     all    3.08    0.00   25.19    0.00    0.00    0.77    0.00    0.00    0.00   70.95
13:32:34       0    1.14    0.00    2.27    0.00    0.00    3.41    0.00    0.00    0.00   93.18
13:32:34       1    9.00    0.00   91.00    0.00    0.00    0.00    0.00    0.00    0.00    0.00
13:32:34       2    0.99    0.00    2.97    0.00    0.00    0.00    0.00    0.00    0.00   96.04
13:32:34       3    1.00    0.00    2.00    0.00    0.00    0.00    0.00    0.00    0.00   97.00

13:32:34     CPU    %usr   %nice    %sys %iowait    %irq   %soft  %steal  %guest  %gnice   %idle
13:32:35     all    3.58    0.00   24.04    0.00    0.00    0.51    0.00    0.00    0.00   71.87
13:32:35       0    1.11    0.00    2.22    0.00    0.00    1.11    0.00    0.00    0.00   95.56
13:32:35       1   10.89    0.00   88.12    0.00    0.00    0.99    0.00    0.00    0.00    0.00
13:32:35       2    1.00    0.00    2.00    0.00    0.00    0.00    0.00    0.00    0.00   97.00
13:32:35       3    1.00    0.00    1.00    0.00    0.00    0.00    0.00    0.00    0.00   98.00

13:32:35     CPU    %usr   %nice    %sys %iowait    %irq   %soft  %steal  %guest  %gnice   %idle
13:32:36     all    3.38    0.00   24.16    0.00    0.00    0.78    0.00    0.00    0.00   71.69
13:32:36       0    1.14    0.00    2.27    0.00    0.00    3.41    0.00    0.00    0.00   93.18
13:32:36       1   10.10    0.00   89.90    0.00    0.00    0.00    0.00    0.00    0.00    0.00
13:32:36       2    1.01    0.00    1.01    0.00    0.00    0.00    0.00    0.00    0.00   97.98
13:32:36       3    1.01    0.00    1.01    0.00    0.00    0.00    0.00    0.00    0.00   97.98

13:32:36     CPU    %usr   %nice    %sys %iowait    %irq   %soft  %steal  %guest  %gnice   %idle
13:32:37     all    3.33    0.00   24.36    0.00    0.00    0.51    0.00    0.00    0.00   71.79
13:32:37       0    0.00    0.00    2.25    0.00    0.00    2.25    0.00    0.00    0.00   95.51
13:32:37       1   11.00    0.00   89.00    0.00    0.00    0.00    0.00    0.00    0.00    0.00
13:32:37       2    1.00    0.00    2.00    0.00    0.00    0.00    0.00    0.00    0.00   97.00
13:32:37       3    0.99    0.00    1.98    0.00    0.00    0.00    0.00    0.00    0.00   97.03

13:32:37     CPU    %usr   %nice    %sys %iowait    %irq   %soft  %steal  %guest  %gnice   %idle
13:32:38     all    3.32    0.00   24.04    0.00    0.00    0.51    0.00    0.00    0.00   72.12
13:32:38       0    1.09    0.00    2.17    0.00    0.00    2.17    0.00    0.00    0.00   94.57
13:32:38       1   10.00    0.00   90.00    0.00    0.00    0.00    0.00    0.00    0.00    0.00
13:32:38       2    1.00    0.00    1.00    0.00    0.00    0.00    0.00    0.00    0.00   98.00
13:32:38       3    1.01    0.00    1.01    0.00    0.00    0.00    0.00    0.00    0.00   97.98

13:32:38     CPU    %usr   %nice    %sys %iowait    %irq   %soft  %steal  %guest  %gnice   %idle
13:32:39     all    2.30    0.00   25.06    0.26    0.00    0.51    0.00    0.00    0.00   71.87
13:32:39       0    0.00    0.00    2.20    0.00    0.00    2.20    0.00    0.00    0.00   95.60
13:32:39       1    8.00    0.00   92.00    0.00    0.00    0.00    0.00    0.00    0.00    0.00
13:32:39       2    1.00    0.00    2.00    0.00    0.00    0.00    0.00    0.00    0.00   97.00
13:32:39       3    0.00    0.00    2.00    1.00    0.00    0.00    0.00    0.00    0.00   97.00

13:32:39     CPU    %usr   %nice    %sys %iowait    %irq   %soft  %steal  %guest  %gnice   %idle
13:32:40     all    3.57    0.00   24.23    0.00    0.00    0.51    0.00    0.00    0.00   71.68
13:32:40       0    1.10    0.00    2.20    0.00    0.00    2.20    0.00    0.00    0.00   94.51
13:32:40       1   11.00    0.00   89.00    0.00    0.00    0.00    0.00    0.00    0.00    0.00
13:32:40       2    1.00    0.00    2.00    0.00    0.00    0.00    0.00    0.00    0.00   97.00
13:32:40       3    0.99    0.00    1.98    0.00    0.00    0.00    0.00    0.00    0.00   97.03

13:32:40     CPU    %usr   %nice    %sys %iowait    %irq   %soft  %steal  %guest  %gnice   %idle
13:32:41     all    3.10    0.00   24.29    0.00    0.00    1.29    0.00    0.00    0.00   71.32
13:32:41       0    1.12    0.00    2.25    0.00    0.00    4.49    0.00    0.00    0.00   92.13
13:32:41       1   10.00    0.00   89.00    0.00    0.00    1.00    0.00    0.00    0.00    0.00
13:32:41       2    0.00    0.00    2.02    0.00    0.00    0.00    0.00    0.00    0.00   97.98
13:32:41       3    1.01    0.00    1.01    0.00    0.00    0.00    0.00    0.00    0.00   97.98

13:32:41     CPU    %usr   %nice    %sys %iowait    %irq   %soft  %steal  %guest  %gnice   %idle
13:32:42     all    3.09    0.00   24.48    0.00    0.00    0.77    0.00    0.00    0.00   71.65
13:32:42       0    1.14    0.00    1.14    0.00    0.00    3.41    0.00    0.00    0.00   94.32
13:32:42       1    9.00    0.00   91.00    0.00    0.00    0.00    0.00    0.00    0.00    0.00
13:32:42       2    1.00    0.00    1.00    0.00    0.00    0.00    0.00    0.00    0.00   98.00
13:32:42       3    1.00    0.00    2.00    0.00    0.00    0.00    0.00    0.00    0.00   97.00

13:32:42     CPU    %usr   %nice    %sys %iowait    %irq   %soft  %steal  %guest  %gnice   %idle
13:32:43     all    3.09    0.00   25.00    0.00    0.00    0.52    0.00    0.00    0.00   71.39
13:32:43       0    0.00    0.00    2.30    0.00    0.00    2.30    0.00    0.00    0.00   95.40
13:32:43       1    9.00    0.00   91.00    0.00    0.00    0.00    0.00    0.00    0.00    0.00
13:32:43       2    1.00    0.00    2.00    0.00    0.00    0.00    0.00    0.00    0.00   97.00
13:32:43       3    1.98    0.00    1.98    0.00    0.00    0.00    0.00    0.00    0.00   96.04

13:32:43     CPU    %usr   %nice    %sys %iowait    %irq   %soft  %steal  %guest  %gnice   %idle
13:32:44     all    2.81    0.00   24.81    0.00    0.00    0.51    0.00    0.00    0.00   71.87
13:32:44       0    1.10    0.00    1.10    0.00    0.00    2.20    0.00    0.00    0.00   95.60
13:32:44       1    8.00    0.00   92.00    0.00    0.00    0.00    0.00    0.00    0.00    0.00
13:32:44       2    0.99    0.00    1.98    0.00    0.00    0.00    0.00    0.00    0.00   97.03
13:32:44       3    1.01    0.00    2.02    0.00    0.00    0.00    0.00    0.00    0.00   96.97

13:32:44     CPU    %usr   %nice    %sys %iowait    %irq   %soft  %steal  %guest  %gnice   %idle
13:32:45     all    2.84    0.00   24.74    0.26    0.00    0.77    0.00    0.00    0.00   71.39
13:32:45       0    1.11    0.00    1.11    1.11    0.00    3.33    0.00    0.00    0.00   93.33
13:32:45       1    8.00    0.00   92.00    0.00    0.00    0.00    0.00    0.00    0.00    0.00
13:32:45       2    1.01    0.00    2.02    0.00    0.00    0.00    0.00    0.00    0.00   96.97
13:32:45       3    1.01    0.00    1.01    0.00    0.00    0.00    0.00    0.00    0.00   97.98

13:32:45     CPU    %usr   %nice    %sys %iowait    %irq   %soft  %steal  %guest  %gnice   %idle
13:32:46     all    2.84    0.00   24.81    0.00    0.00    1.03    0.00    0.00    0.00   71.32
13:32:46       0    0.00    0.00    2.30    0.00    0.00    3.45    0.00    0.00    0.00   94.25
13:32:46       1    9.00    0.00   90.00    0.00    0.00    1.00    0.00    0.00    0.00    0.00
13:32:46       2    1.00    0.00    2.00    0.00    0.00    0.00    0.00    0.00    0.00   97.00
13:32:46       3    1.00    0.00    2.00    0.00    0.00    0.00    0.00    0.00    0.00   97.00

13:32:46     CPU    %usr   %nice    %sys %iowait    %irq   %soft  %steal  %guest  %gnice   %idle
13:32:47     all    2.84    0.00   23.45    0.00    0.00    0.52    0.00    0.00    0.00   73.20
13:32:47       0    0.00    0.00    0.00    0.00    0.00    2.30    0.00    0.00    0.00   97.70
13:32:47       1   10.00    0.00   90.00    0.00    0.00    0.00    0.00    0.00    0.00    0.00
13:32:47       2    0.00    0.00    0.00    0.00    0.00    0.00    0.00    0.00    0.00  100.00
13:32:47       3    0.99    0.00    0.99    0.00    0.00    0.00    0.00    0.00    0.00   98.02

13:32:47     CPU    %usr   %nice    %sys %iowait    %irq   %soft  %steal  %guest  %gnice   %idle
13:32:48     all    3.35    0.00   25.00    0.00    0.00    0.77    0.00    0.00    0.00   70.88
13:32:48       0    1.14    0.00    2.27    0.00    0.00    3.41    0.00    0.00    0.00   93.18
13:32:48       1    9.90    0.00   90.10    0.00    0.00    0.00    0.00    0.00    0.00    0.00
13:32:48       2    1.00    0.00    2.00    0.00    0.00    0.00    0.00    0.00    0.00   97.00
13:32:48       3    1.01    0.00    2.02    0.00    0.00    0.00    0.00    0.00    0.00   96.97

13:32:48     CPU    %usr   %nice    %sys %iowait    %irq   %soft  %steal  %guest  %gnice   %idle
13:32:49     all    2.86    0.00   24.74    0.00    0.00    0.78    0.00    0.00    0.00   71.61
13:32:49       0    0.00    0.00    1.16    0.00    0.00    3.49    0.00    0.00    0.00   95.35
13:32:49       1    9.09    0.00   90.91    0.00    0.00    0.00    0.00    0.00    0.00    0.00
13:32:49       2    1.00    0.00    2.00    0.00    0.00    0.00    0.00    0.00    0.00   97.00
13:32:49       3    1.01    0.00    2.02    0.00    0.00    0.00    0.00    0.00    0.00   96.97

13:32:49     CPU    %usr   %nice    %sys %iowait    %irq   %soft  %steal  %guest  %gnice   %idle
13:32:50     all    3.10    0.00   24.55    0.00    0.00    1.03    0.00    0.00    0.00   71.32
13:32:50       0    1.15    0.00    2.30    0.00    0.00    3.45    0.00    0.00    0.00   93.10
13:32:50       1    9.90    0.00   89.11    0.00    0.00    0.99    0.00    0.00    0.00    0.00
13:32:50       2    0.00    0.00    1.01    0.00    0.00    0.00    0.00    0.00    0.00   98.99
13:32:50       3    1.00    0.00    2.00    0.00    0.00    0.00    0.00    0.00    0.00   97.00

13:32:50     CPU    %usr   %nice    %sys %iowait    %irq   %soft  %steal  %guest  %gnice   %idle
13:32:51     all    3.08    0.00   25.19    0.00    0.00    0.77    0.00    0.00    0.00   70.95
13:32:51       0    1.14    0.00    2.27    0.00    0.00    3.41    0.00    0.00    0.00   93.18
13:32:51       1    9.00    0.00   91.00    0.00    0.00    0.00    0.00    0.00    0.00    0.00
13:32:51       2    1.00    0.00    2.00    0.00    0.00    0.00    0.00    0.00    0.00   97.00
13:32:51       3    0.99    0.00    2.97    0.00    0.00    0.00    0.00    0.00    0.00   96.04

13:32:51     CPU    %usr   %nice    %sys %iowait    %irq   %soft  %steal  %guest  %gnice   %idle
13:32:52     all    2.85    0.00   24.87    0.00    0.00    0.78    0.00    0.00    0.00   71.50
13:32:52       0    0.00    0.00    2.30    0.00    0.00    3.45    0.00    0.00    0.00   94.25
13:32:52       1    9.09    0.00   90.91    0.00    0.00    0.00    0.00    0.00    0.00    0.00
13:32:52       2    1.00    0.00    2.00    0.00    0.00    0.00    0.00    0.00    0.00   97.00
13:32:52       3    1.00    0.00    2.00    0.00    0.00    0.00    0.00    0.00    0.00   97.00

13:32:52     CPU    %usr   %nice    %sys %iowait    %irq   %soft  %steal  %guest  %gnice   %idle
13:32:53     all    3.11    0.00   24.61    0.00    0.00    0.78    0.00    0.00    0.00   71.50
13:32:53       0    1.15    0.00    1.15    0.00    0.00    3.45    0.00    0.00    0.00   94.25
13:32:53       1   10.00    0.00   90.00    0.00    0.00    0.00    0.00    0.00    0.00    0.00
13:32:53       2    1.00    0.00    2.00    0.00    0.00    0.00    0.00    0.00    0.00   97.00
13:32:53       3    0.00    0.00    2.02    0.00    0.00    0.00    0.00    0.00    0.00   97.98

Average:     CPU    %usr   %nice    %sys %iowait    %irq   %soft  %steal  %guest  %gnice   %idle
Average:     all    3.14    0.00   24.41    0.02    0.00    0.59    0.00    0.00    0.00   71.83
Average:       0    0.81    0.00    1.84    0.02    0.00    2.37    0.00    0.00    0.00   94.97
Average:       1    9.90    0.00   89.93    0.00    0.00    0.17    0.00    0.00    0.00    0.00
Average:       2    0.77    0.00    1.77    0.03    0.00    0.00    0.00    0.00    0.00   97.43
Average:       3    0.86    0.00    1.80    0.04    0.00    0.00    0.00    0.00    0.00   97.30
