# timestamp  face |bytes    packets errs drop fifo frame compressed multicast|bytes    packets errs drop fifo colls carrier compressed
1777810432.339436448     lo:   26844     352    0    0    0     0          0         0    26844     352    0    0    0     0       0          0
1777810432.339436448 enP1p1s0: 1633316284 20939917    0    0    0     0          0        39 1633316870 20939925    0    4    0     0       0          0
1777810432.339436448   eth0:       0       0    0    0    0     0          0         0        0       0    0    0    0     0       0          0
1777810432.339436448  wlan0:  267185    1325    0    0    0     0          0         3   148708    1247    0    0    0     0       0          0
1777810433.351329636     lo:   26844     352    0    0    0     0          0         0    26844     352    0    0    0     0       0          0
1777810433.351329636 enP1p1s0: 1633316284 20939917    0    0    0     0          0        39 1633316870 20939925    0    4    0     0       0          0
1777810433.351329636   eth0:       0       0    0    0    0     0          0         0        0       0    0    0    0     0       0          0
1777810433.351329636  wlan0:  272089    1384    0    0    0     0          0         3   153952    1299    0    0    0     0       0          0
1777810434.360387502     lo:   26844     352    0    0    0     0          0         0    26844     352    0    0    0     0       0          0
1777810434.360387502 enP1p1s0: 1633316284 20939917    0    0    0     0          0        39 1633316870 20939925    0    4    0     0       0          0
1777810434.360387502   eth0:       0       0    0    0    0     0          0         0        0       0    0    0    0     0       0          0
1777810434.360387502  wlan0:  276557    1436    0    0    0     0          0         3   158950    1348    0    0    0     0       0          0
1777810435.369458867     lo:   26844     352    0    0    0     0          0         0    26844     352    0    0    0     0       0          0
1777810435.369458867 enP1p1s0: 1633316284 20939917    0    0    0     0          0        39 1633316870 20939925    0    4    0     0       0          0
1777810435.369458867   eth0:       0       0    0    0    0     0          0         0        0       0    0    0    0     0       0          0
1777810435.369458867  wlan0:  278193    1455    0    0    0     0          0         3   160786    1366    0    0    0     0       0          0
1777810436.378543659     lo:   26844     352    0    0    0     0          0         0    26844     352    0    0    0     0       0          0
1777810436.378543659 enP1p1s0: 1633316284 20939917    0    0    0     0          0        39 1633316870 20939925    0    4    0     0       0          0
1777810436.378543659   eth0:       0       0    0    0    0     0          0         0        0       0    0    0    0     0       0          0
1777810436.378543659  wlan0:  278245    1456    0    0    0     0          0         3   160936    1367    0    0    0     0       0          0
1777810437.387483673     lo:   26844     352    0    0    0     0          0         0    26844     352    0    0    0     0       0          0
1777810437.387483673 enP1p1s0: 1633316284 20939917    0    0    0     0          0        39 1633316870 20939925    0    4    0     0       0          0
1777810437.387483673   eth0:       0       0    0    0    0     0          0         0        0       0    0    0    0     0       0          0
1777810437.387483673  wlan0:  278245    1456    0    0    0     0          0         3   160936    1367    0    0    0     0       0          0
1777810438.396565779     lo:   26844     352    0    0    0     0          0         0    26844     352    0    0    0     0       0          0
1777810438.396565779 enP1p1s0: 1633316284 20939917    0    0    0     0          0        39 1633316870 20939925    0    4    0     0       0          0
1777810438.396565779   eth0:       0       0    0    0    0     0          0         0        0       0    0    0    0     0       0          0
1777810438.396565779  wlan0:  278245    1456    0    0    0     0          0         3   160936    1367    0    0    0     0       0          0
1777810439.405632479     lo:   26844     352    0    0    0     0          0         0    26844     352    0    0    0     0       0          0
1777810439.405632479 enP1p1s0: 1633316284 20939917    0    0    0     0          0        39 1633316870 20939925    0    4    0     0       0          0
1777810439.405632479   eth0:       0       0    0    0    0     0          0         0        0       0    0    0    0     0       0          0
1777810439.405632479  wlan0:  278245    1456    0    0    0     0          0         3   160936    1367    0    0    0     0       0          0
1777810440.414557529     lo:   26844     352    0    0    0     0          0         0    26844     352    0    0    0     0       0          0
1777810440.414557529 enP1p1s0: 1633316284 20939917    0    0    0     0          0        39 1633316870 20939925    0    4    0     0       0          0
1777810440.414557529   eth0:       0       0    0    0    0     0          0         0        0       0    0    0    0     0       0          0
1777810440.414557529  wlan0:  278245    1456    0    0    0     0          0         3   160936    1367    0    0    0     0       0          0
1777810441.423569765     lo:   26844     352    0    0    0     0          0         0    26844     352    0    0    0     0       0          0
1777810441.423569765 enP1p1s0: 1633316284 20939917    0    0    0     0          0        39 1633316870 20939925    0    4    0     0       0          0
1777810441.423569765   eth0:       0       0    0    0    0     0          0         0        0       0    0    0    0     0       0          0
1777810441.423569765  wlan0:  278297    1457    0    0    0     0          0         3   161086    1368    0    0    0     0       0          0
1777810442.432571557     lo:   26844     352    0    0    0     0          0         0    26844     352    0    0    0     0       0          0
1777810442.432571557 enP1p1s0: 1633316284 20939917    0    0    0     0          0        39 1633316870 20939925    0    4    0     0       0          0
1777810442.432571557   eth0:       0       0    0    0    0     0          0         0        0       0    0    0    0     0       0          0
1777810442.432571557  wlan0:  278297    1457    0    0    0     0          0         3   161086    1368    0    0    0     0       0          0
1777810443.441626867     lo:   26844     352    0    0    0     0          0         0    26844     352    0    0    0     0       0          0
1777810443.441626867 enP1p1s0: 1633316284 20939917    0    0    0     0          0        39 1633316870 20939925    0    4    0     0       0          0
1777810443.441626867   eth0:       0       0    0    0    0     0          0         0        0       0    0    0    0     0       0          0
1777810443.441626867  wlan0:  278297    1457    0    0    0     0          0         3   161086    1368    0    0    0     0       0          0
1777810444.450630899     lo:   26844     352    0    0    0     0          0         0    26844     352    0    0    0     0       0          0
1777810444.450630899 enP1p1s0: 1633316284 20939917    0    0    0     0          0        39 1633316870 20939925    0    4    0     0       0          0
1777810444.450630899   eth0:       0       0    0    0    0     0          0         0        0       0    0    0    0     0       0          0
1777810444.450630899  wlan0:  278297    1457    0    0    0     0          0         3   161086    1368    0    0    0     0       0          0
1777810445.459578135     lo:   26844     352    0    0    0     0          0         0    26844     352    0    0    0     0       0          0
1777810445.459578135 enP1p1s0: 1633316284 20939917    0    0    0     0          0        39 1633316870 20939925    0    4    0     0       0          0
1777810445.459578135   eth0:       0       0    0    0    0     0          0         0        0       0    0    0    0     0       0          0
1777810445.459578135  wlan0:  278297    1457    0    0    0     0          0         3   161086    1368    0    0    0     0       0          0
1777810446.469446670     lo:   26844     352    0    0    0     0          0         0    26844     352    0    0    0     0       0          0
1777810446.469446670 enP1p1s0: 1645710406 21098816    0    0    0     0          0        39 1645709276 21098802    0    4    0     0       0          0
1777810446.469446670   eth0:       0       0    0    0    0     0          0         0        0       0    0    0    0     0       0          0
1777810446.469446670  wlan0:  278349    1458    0    0    0     0          0         3   161236    1369    0    0    0     0       0          0
1777810447.481168709     lo:   26844     352    0    0    0     0          0         0    26844     352    0    0    0     0       0          0
1777810447.481168709 enP1p1s0: 1672831942 21446528    0    0    0     0          0        39 1672831670 21446525    0    4    0     0       0          0
1777810447.481168709   eth0:       0       0    0    0    0     0          0         0        0       0    0    0    0     0       0          0
1777810447.481168709  wlan0:  278349    1458    0    0    0     0          0         3   161236    1369    0    0    0     0       0          0
1777810448.492869415     lo:   26844     352    0    0    0     0          0         0    26844     352    0    0    0     0       0          0
1777810448.492869415 enP1p1s0: 1699952542 21794228    0    0    0     0          0        39 1699952270 21794225    0    4    0     0       0          0
1777810448.492869415   eth0:       0       0    0    0    0     0          0         0        0       0    0    0    0     0       0          0
1777810448.492869415  wlan0:  278349    1458    0    0    0     0          0         3   161236    1369    0    0    0     0       0          0
1777810449.504833566     lo:   26844     352    0    0    0     0          0         0    26844     352    0    0    0     0       0          0
1777810449.504833566 enP1p1s0: 1727013472 22141163    0    0    0     0          0        39 1727012966 22141157    0    4    0     0       0          0
1777810449.504833566   eth0:       0       0    0    0    0     0          0         0        0       0    0    0    0     0       0          0
1777810449.504833566  wlan0:  278349    1458    0    0    0     0          0         3   161236    1369    0    0    0     0       0          0
1777810450.515894456     lo:   26844     352    0    0    0     0          0         0    26844     352    0    0    0     0       0          0
1777810450.515894456 enP1p1s0: 1753217182 22477108    0    0    0     0          0        39 1753215896 22477092    0    4    0     0       0          0
1777810450.515894456   eth0:       0       0    0    0    0     0          0         0        0       0    0    0    0     0       0          0
1777810450.515894456  wlan0:  278349    1458    0    0    0     0          0         3   161236    1369    0    0    0     0       0          0
1777810451.526743030     lo:   26844     352    0    0    0     0          0         0    26844     352    0    0    0     0       0          0
1777810451.526743030 enP1p1s0: 1774473394 22749624    0    0    0     0          0        39 1774472576 22749614    0    4    0     0       0          0
1777810451.526743030   eth0:       0       0    0    0    0     0          0         0        0       0    0    0    0     0       0          0
1777810451.526743030  wlan0:  278401    1459    0    0    0     0          0         3   161386    1370    0    0    0     0       0          0
1777810452.537545715     lo:   26844     352    0    0    0     0          0         0    26844     352    0    0    0     0       0          0
1777810452.537545715 enP1p1s0: 1795702264 23021789    0    0    0     0          0        39 1795702148 23021788    0    4    0     0       0          0
1777810452.537545715   eth0:       0       0    0    0    0     0          0         0        0       0    0    0    0     0       0          0
1777810452.537545715  wlan0:  278401    1459    0    0    0     0          0         3   161386    1370    0    0    0     0       0          0
1777810453.548388178     lo:   26844     352    0    0    0     0          0         0    26844     352    0    0    0     0       0          0
1777810453.548388178 enP1p1s0: 1816915690 23293756    0    0    0     0          0        39 1816914404 23293740    0    4    0     0       0          0
1777810453.548388178   eth0:       0       0    0    0    0     0          0         0        0       0    0    0    0     0       0          0
1777810453.548388178  wlan0:  278437    1460    0    0    0     0          0         4   161386    1370    0    0    0     0       0          0
1777810454.559350845     lo:   26844     352    0    0    0     0          0         0    26844     352    0    0    0     0       0          0
1777810454.559350845 enP1p1s0: 1841959072 23614825    0    0    0     0          0        39 1841958566 23614819    0    4    0     0       0          0
1777810454.559350845   eth0:       0       0    0    0    0     0          0         0        0       0    0    0    0     0       0          0
1777810454.559350845  wlan0:  278437    1460    0    0    0     0          0         4   161386    1370    0    0    0     0       0          0
1777810455.570518439     lo:   26844     352    0    0    0     0          0         0    26844     352    0    0    0     0       0          0
1777810455.570518439 enP1p1s0: 1869782764 23971539    0    0    0     0          0        39 1869780698 23971513    0    4    0     0       0          0
1777810455.570518439   eth0:       0       0    0    0    0     0          0         0        0       0    0    0    0     0       0          0
1777810455.570518439  wlan0:  278437    1460    0    0    0     0          0         4   161386    1370    0    0    0     0       0          0
1777810456.581684051     lo:   26844     352    0    0    0     0          0         0    26844     352    0    0    0     0       0          0
1777810456.581684051 enP1p1s0: 1897574242 24327840    0    0    0     0          0        39 1897572800 24327822    0    4    0     0       0          0
1777810456.581684051   eth0:       0       0    0    0    0     0          0         0        0       0    0    0    0     0       0          0
1777810456.581684051  wlan0:  278489    1461    0    0    0     0          0         4   161536    1371    0    0    0     0       0          0
1777810457.592786866     lo:   26844     352    0    0    0     0          0         0    26844     352    0    0    0     0       0          0
1777810457.592786866 enP1p1s0: 1925395594 24684524    0    0    0     0          0        39 1925394932 24684516    0    4    0     0       0          0
1777810457.592786866   eth0:       0       0    0    0    0     0          0         0        0       0    0    0    0     0       0          0
1777810457.592786866  wlan0:  278489    1461    0    0    0     0          0         4   161536    1371    0    0    0     0       0          0
1777810458.603815182     lo:   26844     352    0    0    0     0          0         0    26844     352    0    0    0     0       0          0
1777810458.603815182 enP1p1s0: 1953192298 25040892    0    0    0     0          0        39 1953191636 25040884    0    4    0     0       0          0
1777810458.603815182   eth0:       0       0    0    0    0     0          0         0        0       0    0    0    0     0       0          0
1777810458.603815182  wlan0:  278489    1461    0    0    0     0          0         4   161536    1371    0    0    0     0       0          0
1777810459.614944516     lo:   26844     352    0    0    0     0          0         0    26844     352    0    0    0     0       0          0
1777810459.614944516 enP1p1s0: 1981072306 25398328    0    0    0     0          0        39 1981071956 25398324    0    4    0     0       0          0
1777810459.614944516   eth0:       0       0    0    0    0     0          0         0        0       0    0    0    0     0       0          0
1777810459.614944516  wlan0:  278489    1461    0    0    0     0          0         4   161536    1371    0    0    0     0       0          0
1777810460.626130295     lo:   26844     352    0    0    0     0          0         0    26844     352    0    0    0     0       0          0
1777810460.626130295 enP1p1s0: 2008904266 25755148    0    0    0     0          0        39 2008903292 25755136    0    4    0     0       0          0
1777810460.626130295   eth0:       0       0    0    0    0     0          0         0        0       0    0    0    0     0       0          0
1777810460.626130295  wlan0:  278489    1461    0    0    0     0          0         4   161686    1372    0    0    0     0       0          0
1777810461.637389055     lo:   26844     352    0    0    0     0          0         0    26844     352    0    0    0     0       0          0
1777810461.637389055 enP1p1s0: 2036608852 26110335    0    0    0     0          0        39 2036607878 26110323    0    4    0     0       0          0
1777810461.637389055   eth0:       0       0    0    0    0     0          0         0        0       0    0    0    0     0       0          0
1777810461.637389055  wlan0:  278541    1462    0    0    0     0          0         4   161686    1372    0    0    0     0       0          0
1777810462.650032208     lo:   26844     352    0    0    0     0          0         0    26844     352    0    0    0     0       0          0
1777810462.650032208 enP1p1s0: 2064365698 26466192    0    0    0     0          0        39 2064364646 26466179    0    4    0     0       0          0
1777810462.650032208   eth0:       0       0    0    0    0     0          0         0        0       0    0    0    0     0       0          0
1777810462.650032208  wlan0:  278541    1462    0    0    0     0          0         4   161686    1372    0    0    0     0       0          0
1777810463.662758232     lo:   26844     352    0    0    0     0          0         0    26844     352    0    0    0     0       0          0
1777810463.662758232 enP1p1s0: 2086352026 26748068    0    0    0     0          0        39 2086350116 26748044    0    4    0     0       0          0
1777810463.662758232   eth0:       0       0    0    0    0     0          0         0        0       0    0    0    0     0       0          0
1777810463.662758232  wlan0:  278541    1462    0    0    0     0          0         4   161686    1372    0    0    0     0       0          0
1777810464.674438049     lo:   26844     352    0    0    0     0          0         0    26844     352    0    0    0     0       0          0
1777810464.674438049 enP1p1s0: 2112819376 27087393    0    0    0     0          0        39 2112818870 27087387    0    4    0     0       0          0
1777810464.674438049   eth0:       0       0    0    0    0     0          0         0        0       0    0    0    0     0       0          0
1777810464.674438049  wlan0:  278541    1462    0    0    0     0          0         4   161916    1373    0    0    0     0       0          0
1777810465.686322582     lo:   26844     352    0    0    0     0          0         0    26844     352    0    0    0     0       0          0
1777810465.686322582 enP1p1s0: 2140591666 27443448    0    0    0     0          0        39 2140591550 27443447    0    4    0     0       0          0
1777810465.686322582   eth0:       0       0    0    0    0     0          0         0        0       0    0    0    0     0       0          0
1777810465.686322582  wlan0:  279241    1466    0    0    0     0          0         4   162526    1376    0    0    0     0       0          0
1777810466.699087795     lo:   26844     352    0    0    0     0          0         0    26844     352    0    0    0     0       0          0
1777810466.699087795 enP1p1s0: 2168408650 27800076    0    0    0     0          0        39 2168407988 27800068    0    4    0     0       0          0
1777810466.699087795   eth0:       0       0    0    0    0     0          0         0        0       0    0    0    0     0       0          0
1777810466.699087795  wlan0:  279673    1468    0    0    0     0          0         4   162986    1378    0    0    0     0       0          0
1777810467.711376119     lo:   26844     352    0    0    0     0          0         0    26844     352    0    0    0     0       0          0
1777810467.711376119 enP1p1s0: 2196256210 28157096    0    0    0     0          0        39 2196256172 28157096    0    4    0     0       0          0
1777810467.711376119   eth0:       0       0    0    0    0     0          0         0        0       0    0    0    0     0       0          0
1777810467.711376119  wlan0:  279673    1468    0    0    0     0          0         4   162986    1378    0    0    0     0       0          0
1777810468.723866016     lo:   26844     352    0    0    0     0          0         0    26844     352    0    0    0     0       0          0
1777810468.723866016 enP1p1s0: 2224098466 28514048    0    0    0     0          0        39 2224097180 28514032    0    4    0     0       0          0
1777810468.723866016   eth0:       0       0    0    0    0     0          0         0        0       0    0    0    0     0       0          0
1777810468.723866016  wlan0:  279673    1468    0    0    0     0          0         4   162986    1378    0    0    0     0       0          0
1777810469.736120599     lo:   26844     352    0    0    0     0          0         0    26844     352    0    0    0     0       0          0
1777810469.736120599 enP1p1s0: 2251882378 28870252    0    0    0     0          0        39 2251881716 28870244    0    4    0     0       0          0
1777810469.736120599   eth0:       0       0    0    0    0     0          0         0        0       0    0    0    0     0       0          0
1777810469.736120599  wlan0:  279673    1468    0    0    0     0          0         4   162986    1378    0    0    0     0       0          0
1777810470.747996663     lo:   26844     352    0    0    0     0          0         0    26844     352    0    0    0     0       0          0
1777810470.747996663 enP1p1s0: 2279590474 29225484    0    0    0     0          0        39 2279590124 29225480    0    4    0     0       0          0
1777810470.747996663   eth0:       0       0    0    0    0     0          0         0        0       0    0    0    0     0       0          0
1777810470.747996663  wlan0:  279753    1470    0    0    0     0          0         4   163178    1380    0    0    0     0       0          0
1777810471.760438543     lo:   26844     352    0    0    0     0          0         0    26844     352    0    0    0     0       0          0
1777810471.760438543 enP1p1s0: 2307013168 29577057    0    0    0     0          0        39 2307013286 29577059    0    4    0     0       0          0
1777810471.760438543   eth0:       0       0    0    0    0     0          0         0        0       0    0    0    0     0       0          0
1777810471.760438543  wlan0:  279753    1470    0    0    0     0          0         4   163178    1380    0    0    0     0       0          0
1777810472.772074107     lo:   26844     352    0    0    0     0          0         0    26844     352    0    0    0     0       0          0
1777810472.772074107 enP1p1s0: 2328183538 29848472    0    0    0     0          0        39 2328183032 29848466    0    4    0     0       0          0
1777810472.772074107   eth0:       0       0    0    0    0     0          0         0        0       0    0    0    0     0       0          0
1777810472.772074107  wlan0:  279753    1470    0    0    0     0          0         4   163178    1380    0    0    0     0       0          0
1777810473.784688116     lo:   26844     352    0    0    0     0          0         0    26844     352    0    0    0     0       0          0
1777810473.784688116 enP1p1s0: 2354213074 30182184    0    0    0     0          0        39 2354211242 30182161    0    4    0     0       0          0
1777810473.784688116   eth0:       0       0    0    0    0     0          0         0        0       0    0    0    0     0       0          0
1777810473.784688116  wlan0:  279753    1470    0    0    0     0          0         4   163178    1380    0    0    0     0       0          0
1777810474.796861680     lo:   26844     352    0    0    0     0          0         0    26844     352    0    0    0     0       0          0
1777810474.796861680 enP1p1s0: 2381367058 30530312    0    0    0     0          0        39 2381366630 30530307    0    4    0     0       0          0
1777810474.796861680   eth0:       0       0    0    0    0     0          0         0        0       0    0    0    0     0       0          0
1777810474.796861680  wlan0:  279753    1470    0    0    0     0          0         4   163178    1380    0    0    0     0       0          0
1777810475.809864596     lo:   26844     352    0    0    0     0          0         0    26844     352    0    0    0     0       0          0
1777810475.809864596 enP1p1s0: 2408584066 30879248    0    0    0     0          0        39 2408583092 30879236    0    4    0     0       0          0
1777810475.809864596   eth0:       0       0    0    0    0     0          0         0        0       0    0    0    0     0       0          0
1777810475.809864596  wlan0:  279805    1471    0    0    0     0          0         4   163328    1381    0    0    0     0       0          0
1777810476.823953494     lo:   26844     352    0    0    0     0          0         0    26844     352    0    0    0     0       0          0
1777810476.823953494 enP1p1s0: 2435772058 31227812    0    0    0     0          0        39 2435771006 31227799    0    4    0     0       0          0
1777810476.823953494   eth0:       0       0    0    0    0     0          0         0        0       0    0    0    0     0       0          0
1777810476.823953494  wlan0:  279805    1471    0    0    0     0          0         4   163328    1381    0    0    0     0       0          0
1777810477.838897687     lo:   26844     352    0    0    0     0          0         0    26844     352    0    0    0     0       0          0
1777810477.838897687 enP1p1s0: 2463003730 31576936    0    0    0     0          0        39 2463002834 31576925    0    4    0     0       0          0
1777810477.838897687   eth0:       0       0    0    0    0     0          0         0        0       0    0    0    0     0       0          0
1777810477.838897687  wlan0:  279805    1471    0    0    0     0          0         4   163328    1381    0    0    0     0       0          0
1777810478.850827641     lo:   26844     352    0    0    0     0          0         0    26844     352    0    0    0     0       0          0
1777810478.850827641 enP1p1s0: 2490678094 31931736    0    0    0     0          0        39 2490676964 31931722    0    4    0     0       0          0
1777810478.850827641   eth0:       0       0    0    0    0     0          0         0        0       0    0    0    0     0       0          0
1777810478.850827641  wlan0:  279805    1471    0    0    0     0          0         4   163328    1381    0    0    0     0       0          0
1777810479.862836261     lo:   26844     352    0    0    0     0          0         0    26844     352    0    0    0     0       0          0
1777810479.862836261 enP1p1s0: 2518465204 32287981    0    0    0     0          0        39 2518464152 32287968    0    4    0     0       0          0
1777810479.862836261   eth0:       0       0    0    0    0     0          0         0        0       0    0    0    0     0       0          0
1777810479.862836261  wlan0:  279805    1471    0    0    0     0          0         4   163328    1381    0    0    0     0       0          0
1777810480.874819362     lo:   26844     352    0    0    0     0          0         0    26844     352    0    0    0     0       0          0
1777810480.874819362 enP1p1s0: 2546171974 32643196    0    0    0     0          0        39 2546171390 32643189    0    4    0     0       0          0
1777810480.874819362   eth0:       0       0    0    0    0     0          0         0        0       0    0    0    0     0       0          0
1777810480.874819362  wlan0:  279857    1472    0    0    0     0          0         4   163478    1382    0    0    0     0       0          0
1777810481.886796371     lo:   26844     352    0    0    0     0          0         0    26844     352    0    0    0     0       0          0
1777810481.886796371 enP1p1s0: 2573851054 32998056    0    0    0     0          0        39 2573848598 32998025    0    4    0     0       0          0
1777810481.886796371   eth0:       0       0    0    0    0     0          0         0        0       0    0    0    0     0       0          0
1777810481.886796371  wlan0:  279857    1472    0    0    0     0          0         4   163478    1382    0    0    0     0       0          0
1777810482.898803231     lo:   26844     352    0    0    0     0          0         0    26844     352    0    0    0     0       0          0
1777810482.898803231 enP1p1s0: 2601568588 33353409    0    0    0     0          0        39 2601568160 33353404    0    4    0     0       0          0
1777810482.898803231   eth0:       0       0    0    0    0     0          0         0        0       0    0    0    0     0       0          0
1777810482.898803231  wlan0:  279857    1472    0    0    0     0          0         4   163478    1382    0    0    0     0       0          0
1777810483.911383240     lo:   26844     352    0    0    0     0          0         0    26844     352    0    0    0     0       0          0
1777810483.911383240 enP1p1s0: 2629328788 33709309    0    0    0     0          0        39 2629328048 33709300    0    4    0     0       0          0
1777810483.911383240   eth0:       0       0    0    0    0     0          0         0        0       0    0    0    0     0       0          0
1777810483.911383240  wlan0:  279857    1472    0    0    0     0          0         4   163478    1382    0    0    0     0       0          0
1777810484.923102879     lo:   26844     352    0    0    0     0          0         0    26844     352    0    0    0     0       0          0
1777810484.923102879 enP1p1s0: 2657063326 34064880    0    0    0     0          0        39 2657062196 34064866    0    4    0     0       0          0
1777810484.923102879   eth0:       0       0    0    0    0     0          0         0        0       0    0    0    0     0       0          0
1777810484.923102879  wlan0:  279857    1472    0    0    0     0          0         4   163478    1382    0    0    0     0       0          0
1777810485.934985813     lo:   26844     352    0    0    0     0          0         0    26844     352    0    0    0     0       0          0
1777810485.934985813 enP1p1s0: 2684762686 34420000    0    0    0     0          0        39 2684762102 34419993    0    4    0     0       0          0
1777810485.934985813   eth0:       0       0    0    0    0     0          0         0        0       0    0    0    0     0       0          0
1777810485.934985813  wlan0:  279909    1473    0    0    0     0          0         4   163628    1383    0    0    0     0       0          0
1777810486.946884619     lo:   26844     352    0    0    0     0          0         0    26844     352    0    0    0     0       0          0
1777810486.946884619 enP1p1s0: 2712425542 34774652    0    0    0     0          0        39 2712424880 34774644    0    4    0     0       0          0
1777810486.946884619   eth0:       0       0    0    0    0     0          0         0        0       0    0    0    0     0       0          0
1777810486.946884619  wlan0:  279909    1473    0    0    0     0          0         4   163628    1383    0    0    0     0       0          0
1777810487.959571794     lo:   26844     352    0    0    0     0          0         0    26844     352    0    0    0     0       0          0
1777810487.959571794 enP1p1s0: 2740125838 35129784    0    0    0     0          0        39 2740125332 35129778    0    4    0     0       0          0
1777810487.959571794   eth0:       0       0    0    0    0     0          0         0        0       0    0    0    0     0       0          0
1777810487.959571794  wlan0:  279909    1473    0    0    0     0          0         4   163628    1383    0    0    0     0       0          0
1777810488.971757432     lo:   26844     352    0    0    0     0          0         0    26844     352    0    0    0     0       0          0
1777810488.971757432 enP1p1s0: 2767784638 35484384    0    0    0     0          0        39 2767783118 35484365    0    4    0     0       0          0
1777810488.971757432   eth0:       0       0    0    0    0     0          0         0        0       0    0    0    0     0       0          0
1777810488.971757432  wlan0:  279909    1473    0    0    0     0          0         4   163628    1383    0    0    0     0       0          0
1777810489.984365589     lo:   26844     352    0    0    0     0          0         0    26844     352    0    0    0     0       0          0
1777810489.984365589 enP1p1s0: 2795410990 35838568    0    0    0     0          0        39 2795409782 35838553    0    4    0     0       0          0
1777810489.984365589   eth0:       0       0    0    0    0     0          0         0        0       0    0    0    0     0       0          0
1777810489.984365589  wlan0:  279909    1473    0    0    0     0          0         4   163628    1383    0    0    0     0       0          0
1777810490.996592505     lo:   26844     352    0    0    0     0          0         0    26844     352    0    0    0     0       0          0
1777810490.996592505 enP1p1s0: 2816995774 36115296    0    0    0     0          0        39 2816995424 36115292    0    4    0     0       0          0
1777810490.996592505   eth0:       0       0    0    0    0     0          0         0        0       0    0    0    0     0       0          0
1777810490.996592505  wlan0:  279961    1474    0    0    0     0          0         4   163778    1384    0    0    0     0       0          0
1777810492.008491811     lo:   26844     352    0    0    0     0          0         0    26844     352    0    0    0     0       0          0
1777810492.008491811 enP1p1s0: 2838146644 36386461    0    0    0     0          0        39 2838145592 36386448    0    4    0     0       0          0
1777810492.008491811   eth0:       0       0    0    0    0     0          0         0        0       0    0    0    0     0       0          0
1777810492.008491811  wlan0:  279961    1474    0    0    0     0          0         4   163778    1384    0    0    0     0       0          0
1777810493.020238708     lo:   26844     352    0    0    0     0          0         0    26844     352    0    0    0     0       0          0
1777810493.020238708 enP1p1s0: 2859323566 36657960    0    0    0     0          0        39 2859322982 36657953    0    4    0     0       0          0
1777810493.020238708   eth0:       0       0    0    0    0     0          0         0        0       0    0    0    0     0       0          0
1777810493.020238708  wlan0:  279961    1474    0    0    0     0          0         4   163778    1384    0    0    0     0       0          0
1777810494.032172199     lo:   26844     352    0    0    0     0          0         0    26844     352    0    0    0     0       0          0
1777810494.032172199 enP1p1s0: 2880474670 36929128    0    0    0     0          0        39 2880474710 36929129    0    4    0     0       0          0
1777810494.032172199   eth0:       0       0    0    0    0     0          0         0        0       0    0    0    0     0       0          0
1777810494.032172199  wlan0:  279961    1474    0    0    0     0          0         4   163778    1384    0    0    0     0       0          0
1777810495.044316041     lo:   26844     352    0    0    0     0          0         0    26844     352    0    0    0     0       0          0
1777810495.044316041 enP1p1s0: 2901556666 37199410    0    0    0     0          0        39 2901557096 37199416    0    4    0     0       0          0
1777810495.044316041   eth0:       0       0    0    0    0     0          0         0        0       0    0    0    0     0       0          0
1777810495.044316041  wlan0:  279961    1474    0    0    0     0          0         4   163778    1384    0    0    0     0       0          0
1777810496.056641642     lo:   26844     352    0    0    0     0          0         0    26844     352    0    0    0     0       0          0
1777810496.056641642 enP1p1s0: 2922601534 37469216    0    0    0     0          0        39 2922601184 37469212    0    4    0     0       0          0
1777810496.056641642   eth0:       0       0    0    0    0     0          0         0        0       0    0    0    0     0       0          0
1777810496.056641642  wlan0:  280013    1475    0    0    0     0          0         4   163928    1385    0    0    0     0       0          0
1777810497.069153521     lo:   26844     352    0    0    0     0          0         0    26844     352    0    0    0     0       0          0
1777810497.069153521 enP1p1s0: 2945689924 37765221    0    0    0     0          0        39 2945689106 37765211    0    4    0     0       0          0
1777810497.069153521   eth0:       0       0    0    0    0     0          0         0        0       0    0    0    0     0       0          0
1777810497.069153521  wlan0:  280013    1475    0    0    0     0          0         4   163928    1385    0    0    0     0       0          0
1777810498.082081141     lo:   26844     352    0    0    0     0          0         0    26844     352    0    0    0     0       0          0
1777810498.082081141 enP1p1s0: 2973383590 38120268    0    0    0     0          0        39 2973383474 38120267    0    4    0     0       0          0
1777810498.082081141   eth0:       0       0    0    0    0     0          0         0        0       0    0    0    0     0       0          0
1777810498.082081141  wlan0:  280013    1475    0    0    0     0          0         4   163928    1385    0    0    0     0       0          0
1777810499.095195650     lo:   26844     352    0    0    0     0          0         0    26844     352    0    0    0     0       0          0
1777810499.095195650 enP1p1s0: 3001086070 38475428    0    0    0     0          0        39 3001084784 38475412    0    4    0     0       0          0
1777810499.095195650   eth0:       0       0    0    0    0     0          0         0        0       0    0    0    0     0       0          0
1777810499.095195650  wlan0:  280013    1475    0    0    0     0          0         4   163928    1385    0    0    0     0       0          0
1777810500.108221473     lo:   26844     352    0    0    0     0          0         0    26844     352    0    0    0     0       0          0
1777810500.108221473 enP1p1s0: 3028468126 38826480    0    0    0     0          0        39 3028467854 38826477    0    4    0     0       0          0
1777810500.108221473   eth0:       0       0    0    0    0     0          0         0        0       0    0    0    0     0       0          0
1777810500.108221473  wlan0:  280013    1475    0    0    0     0          0         4   163928    1385    0    0    0     0       0          0
1777810501.120433630     lo:   26844     352    0    0    0     0          0         0    26844     352    0    0    0     0       0          0
1777810501.120433630 enP1p1s0: 3055548790 39173668    0    0    0     0          0        39 3055547816 39173656    0    4    0     0       0          0
1777810501.120433630   eth0:       0       0    0    0    0     0          0         0        0       0    0    0    0     0       0          0
1777810501.120433630  wlan0:  280065    1476    0    0    0     0          0         4   164078    1386    0    0    0     0       0          0
