Linux 6.17.0-1011-raspi (raspberrypi) 	05/03/26 	_aarch64_	(4 CPU)

15:16:59     CPU    %usr   %nice    %sys %iowait    %irq   %soft  %steal  %guest  %gnice   %idle
15:17:00     all    2.53    0.00   23.99    0.00    0.00    0.00    0.00    0.00    0.00   73.48
15:17:00       0    0.00    0.00    2.02    0.00    0.00    0.00    0.00    0.00    0.00   97.98
15:17:00       1   10.10    0.00   89.90    0.00    0.00    0.00    0.00    0.00    0.00    0.00
15:17:00       2    0.00    0.00    3.00    0.00    0.00    0.00    0.00    0.00    0.00   97.00
15:17:00       3    0.00    0.00    1.02    0.00    0.00    0.00    0.00    0.00    0.00   98.98

15:17:00     CPU    %usr   %nice    %sys %iowait    %irq   %soft  %steal  %guest  %gnice   %idle
15:17:01     all    3.48    0.00   23.88    0.00    0.00    0.00    0.00    0.00    0.00   72.64
15:17:01       0    1.00    0.00    2.00    0.00    0.00    0.00    0.00    0.00    0.00   97.00
15:17:01       1   10.89    0.00   89.11    0.00    0.00    0.00    0.00    0.00    0.00    0.00
15:17:01       2    1.00    0.00    2.00    0.00    0.00    0.00    0.00    0.00    0.00   97.00
15:17:01       3    0.99    0.00    1.98    0.00    0.00    0.00    0.00    0.00    0.00   97.03

15:17:01     CPU    %usr   %nice    %sys %iowait    %irq   %soft  %steal  %guest  %gnice   %idle
15:17:02     all    3.27    0.00   23.43    0.00    0.00    0.00    0.00    0.00    0.00   73.30
15:17:02       0    1.01    0.00    1.01    0.00    0.00    0.00    0.00    0.00    0.00   97.98
15:17:02       1   11.11    0.00   88.89    0.00    0.00    0.00    0.00    0.00    0.00    0.00
15:17:02       2    1.00    0.00    2.00    0.00    0.00    0.00    0.00    0.00    0.00   97.00
15:17:02       3    0.00    0.00    2.02    0.00    0.00    0.00    0.00    0.00    0.00   97.98

15:17:02     CPU    %usr   %nice    %sys %iowait    %irq   %soft  %steal  %guest  %gnice   %idle
15:17:03     all    3.49    0.00   23.44    0.00    0.00    0.00    0.00    0.00    0.00   73.07
15:17:03       0    0.99    0.00    1.98    0.00    0.00    0.00    0.00    0.00    0.00   97.03
15:17:03       1   11.00    0.00   89.00    0.00    0.00    0.00    0.00    0.00    0.00    0.00
15:17:03       2    0.99    0.00    1.98    0.00    0.00    0.00    0.00    0.00    0.00   97.03
15:17:03       3    1.01    0.00    1.01    0.00    0.00    0.00    0.00    0.00    0.00   97.98

15:17:03     CPU    %usr   %nice    %sys %iowait    %irq   %soft  %steal  %guest  %gnice   %idle
15:17:04     all    3.49    0.00   23.19    0.00    0.00    0.00    0.00    0.00    0.00   73.32
15:17:04       0    1.00    0.00    1.00    0.00    0.00    0.00    0.00    0.00    0.00   98.00
15:17:04       1   11.88    0.00   88.12    0.00    0.00    0.00    0.00    0.00    0.00    0.00
15:17:04       2    0.00    0.00    1.01    0.00    0.00    0.00    0.00    0.00    0.00   98.99
15:17:04       3    0.99    0.00    1.98    0.00    0.00    0.00    0.00    0.00    0.00   97.03

15:17:04     CPU    %usr   %nice    %sys %iowait    %irq   %soft  %steal  %guest  %gnice   %idle
15:17:05     all    3.26    0.00   23.56    0.25    0.00    0.00    0.00    0.00    0.00   72.93
15:17:05       0    1.00    0.00    2.00    0.00    0.00    0.00    0.00    0.00    0.00   97.00
15:17:05       1   11.00    0.00   89.00    0.00    0.00    0.00    0.00    0.00    0.00    0.00
15:17:05       2    0.00    0.00    2.02    0.00    0.00    0.00    0.00    0.00    0.00   97.98
15:17:05       3    1.00    0.00    1.00    1.00    0.00    0.00    0.00    0.00    0.00   97.00

15:17:05     CPU    %usr   %nice    %sys %iowait    %irq   %soft  %steal  %guest  %gnice   %idle
15:17:06     all    2.99    0.00   23.94    0.00    0.00    0.00    0.00    0.00    0.00   73.07
15:17:06       0    0.00    0.00    2.00    0.00    0.00    0.00    0.00    0.00    0.00   98.00
15:17:06       1   10.00    0.00   90.00    0.00    0.00    0.00    0.00    0.00    0.00    0.00
15:17:06       2    1.00    0.00    2.00    0.00    0.00    0.00    0.00    0.00    0.00   97.00
15:17:06       3    0.99    0.00    1.98    0.00    0.00    0.00    0.00    0.00    0.00   97.03

15:17:06     CPU    %usr   %nice    %sys %iowait    %irq   %soft  %steal  %guest  %gnice   %idle
15:17:07     all    3.49    0.00   23.19    0.00    0.00    0.00    0.00    0.00    0.00   73.32
15:17:07       0    1.00    0.00    1.00    0.00    0.00    0.00    0.00    0.00    0.00   98.00
15:17:07       1   10.10    0.00   89.90    0.00    0.00    0.00    0.00    0.00    0.00    0.00
15:17:07       2    1.96    0.00    1.96    0.00    0.00    0.00    0.00    0.00    0.00   96.08
15:17:07       3    1.00    0.00    1.00    0.00    0.00    0.00    0.00    0.00    0.00   98.00

15:17:07     CPU    %usr   %nice    %sys %iowait    %irq   %soft  %steal  %guest  %gnice   %idle
15:17:08     all    3.75    0.00   23.25    0.00    0.00    0.00    0.00    0.00    0.00   73.00
15:17:08       0    1.00    0.00    1.00    0.00    0.00    0.00    0.00    0.00    0.00   98.00
15:17:08       1   11.88    0.00   88.12    0.00    0.00    0.00    0.00    0.00    0.00    0.00
15:17:08       2    1.01    0.00    1.01    0.00    0.00    0.00    0.00    0.00    0.00   97.98
15:17:08       3    1.00    0.00    2.00    0.00    0.00    0.00    0.00    0.00    0.00   97.00

15:17:08     CPU    %usr   %nice    %sys %iowait    %irq   %soft  %steal  %guest  %gnice   %idle
15:17:09     all    4.01    0.00   22.81    0.00    0.00    0.00    0.00    0.00    0.00   73.18
15:17:09       0    1.00    0.00    2.00    0.00    0.00    0.00    0.00    0.00    0.00   97.00
15:17:09       1   14.00    0.00   86.00    0.00    0.00    0.00    0.00    0.00    0.00    0.00
15:17:09       2    0.00    0.00    2.02    0.00    0.00    0.00    0.00    0.00    0.00   97.98
15:17:09       3    1.00    0.00    1.00    0.00    0.00    0.00    0.00    0.00    0.00   98.00

15:17:09     CPU    %usr   %nice    %sys %iowait    %irq   %soft  %steal  %guest  %gnice   %idle
15:17:10     all    3.26    0.00   23.31    0.00    0.00    0.00    0.00    0.00    0.00   73.43
15:17:10       0    0.00    0.00    1.01    0.00    0.00    0.00    0.00    0.00    0.00   98.99
15:17:10       1   11.00    0.00   89.00    0.00    0.00    0.00    0.00    0.00    0.00    0.00
15:17:10       2    1.00    0.00    1.00    0.00    0.00    0.00    0.00    0.00    0.00   98.00
15:17:10       3    1.00    0.00    2.00    0.00    0.00    0.00    0.00    0.00    0.00   97.00

15:17:10     CPU    %usr   %nice    %sys %iowait    %irq   %soft  %steal  %guest  %gnice   %idle
15:17:11     all    3.50    0.00   23.25    0.00    0.00    0.00    0.00    0.00    0.00   73.25
15:17:11       0    1.00    0.00    2.00    0.00    0.00    0.00    0.00    0.00    0.00   97.00
15:17:11       1   11.11    0.00   88.89    0.00    0.00    0.00    0.00    0.00    0.00    0.00
15:17:11       2    0.99    0.00    1.98    0.00    0.00    0.00    0.00    0.00    0.00   97.03
15:17:11       3    1.00    0.00    1.00    0.00    0.00    0.00    0.00    0.00    0.00   98.00

15:17:11     CPU    %usr   %nice    %sys %iowait    %irq   %soft  %steal  %guest  %gnice   %idle
15:17:12     all    3.24    0.00   23.69    0.00    0.00    0.00    0.00    0.00    0.00   73.07
15:17:12       0    0.99    0.00    1.98    0.00    0.00    0.00    0.00    0.00    0.00   97.03
15:17:12       1   11.88    0.00   88.12    0.00    0.00    0.00    0.00    0.00    0.00    0.00
15:17:12       2    0.00    0.00    2.02    0.00    0.00    0.00    0.00    0.00    0.00   97.98
15:17:12       3    0.00    0.00    2.00    0.00    0.00    0.00    0.00    0.00    0.00   98.00

15:17:12     CPU    %usr   %nice    %sys %iowait    %irq   %soft  %steal  %guest  %gnice   %idle
15:17:13     all    3.05    0.00   24.11    0.00    0.00    0.00    0.00    0.00    0.00   72.84
15:17:13       0    1.06    0.00    1.06    0.00    0.00    0.00    0.00    0.00    0.00   97.87
15:17:13       1    9.00    0.00   91.00    0.00    0.00    0.00    0.00    0.00    0.00    0.00
15:17:13       2    0.99    0.00    1.98    0.00    0.00    0.00    0.00    0.00    0.00   97.03
15:17:13       3    1.01    0.00    1.01    0.00    0.00    0.00    0.00    0.00    0.00   97.98

15:17:13     CPU    %usr   %nice    %sys %iowait    %irq   %soft  %steal  %guest  %gnice   %idle
15:17:14     all    2.83    0.00   24.68    0.00    0.00    0.77    0.00    0.00    0.00   71.72
15:17:14       0    1.10    0.00    2.20    0.00    0.00    2.20    0.00    0.00    0.00   94.51
15:17:14       1    9.00    0.00   90.00    0.00    0.00    1.00    0.00    0.00    0.00    0.00
15:17:14       2    0.00    0.00    2.04    0.00    0.00    0.00    0.00    0.00    0.00   97.96
15:17:14       3    1.00    0.00    2.00    0.00    0.00    0.00    0.00    0.00    0.00   97.00

15:17:14     CPU    %usr   %nice    %sys %iowait    %irq   %soft  %steal  %guest  %gnice   %idle
15:17:15     all    3.31    0.00   24.94    0.00    0.00    0.51    0.00    0.00    0.00   71.25
15:17:15       0    1.09    0.00    2.17    0.00    0.00    2.17    0.00    0.00    0.00   94.57
15:17:15       1    9.00    0.00   91.00    0.00    0.00    0.00    0.00    0.00    0.00    0.00
15:17:15       2    2.00    0.00    2.00    0.00    0.00    0.00    0.00    0.00    0.00   96.00
15:17:15       3    0.99    0.00    2.97    0.00    0.00    0.00    0.00    0.00    0.00   96.04

15:17:15     CPU    %usr   %nice    %sys %iowait    %irq   %soft  %steal  %guest  %gnice   %idle
15:17:16     all    3.32    0.00   24.81    0.00    0.00    0.26    0.00    0.00    0.00   71.61
15:17:16       0    1.11    0.00    2.22    0.00    0.00    1.11    0.00    0.00    0.00   95.56
15:17:16       1    9.00    0.00   91.00    0.00    0.00    0.00    0.00    0.00    0.00    0.00
15:17:16       2    1.00    0.00    2.00    0.00    0.00    0.00    0.00    0.00    0.00   97.00
15:17:16       3    1.98    0.00    1.98    0.00    0.00    0.00    0.00    0.00    0.00   96.04

15:17:16     CPU    %usr   %nice    %sys %iowait    %irq   %soft  %steal  %guest  %gnice   %idle
15:17:17     all    2.80    0.00   24.94    0.00    0.00    1.02    0.00    0.00    0.00   71.25
15:17:17       0    1.08    0.00    2.15    0.00    0.00    3.23    0.00    0.00    0.00   93.55
15:17:17       1    7.00    0.00   92.00    0.00    0.00    1.00    0.00    0.00    0.00    0.00
15:17:17       2    1.98    0.00    2.97    0.00    0.00    0.00    0.00    0.00    0.00   95.05
15:17:17       3    1.01    0.00    1.01    0.00    0.00    0.00    0.00    0.00    0.00   97.98

15:17:17     CPU    %usr   %nice    %sys %iowait    %irq   %soft  %steal  %guest  %gnice   %idle
15:17:18     all    2.82    0.00   25.13    0.00    0.00    0.51    0.00    0.00    0.00   71.54
15:17:18       0    1.09    0.00    2.17    0.00    0.00    2.17    0.00    0.00    0.00   94.57
15:17:18       1    8.00    0.00   92.00    0.00    0.00    0.00    0.00    0.00    0.00    0.00
15:17:18       2    1.01    0.00    2.02    0.00    0.00    0.00    0.00    0.00    0.00   96.97
15:17:18       3    1.01    0.00    2.02    0.00    0.00    0.00    0.00    0.00    0.00   96.97

15:17:18     CPU    %usr   %nice    %sys %iowait    %irq   %soft  %steal  %guest  %gnice   %idle
15:17:19     all    3.07    0.00   24.81    0.00    0.00    0.51    0.00    0.00    0.00   71.61
15:17:19       0    0.00    0.00    2.20    0.00    0.00    2.20    0.00    0.00    0.00   95.60
15:17:19       1   10.00    0.00   90.00    0.00    0.00    0.00    0.00    0.00    0.00    0.00
15:17:19       2    1.01    0.00    2.02    0.00    0.00    0.00    0.00    0.00    0.00   96.97
15:17:19       3    0.99    0.00    2.97    0.00    0.00    0.00    0.00    0.00    0.00   96.04

15:17:19     CPU    %usr   %nice    %sys %iowait    %irq   %soft  %steal  %guest  %gnice   %idle
15:17:20     all    3.07    0.00   24.81    0.26    0.00    0.77    0.00    0.00    0.00   71.10
15:17:20       0    1.11    0.00    2.22    0.00    0.00    2.22    0.00    0.00    0.00   94.44
15:17:20       1    9.00    0.00   90.00    0.00    0.00    1.00    0.00    0.00    0.00    0.00
15:17:20       2    0.99    0.00    2.97    0.99    0.00    0.00    0.00    0.00    0.00   95.05
15:17:20       3    1.00    0.00    2.00    0.00    0.00    0.00    0.00    0.00    0.00   97.00

15:17:20     CPU    %usr   %nice    %sys %iowait    %irq   %soft  %steal  %guest  %gnice   %idle
15:17:21     all    3.08    0.00   24.68    0.00    0.00    0.26    0.00    0.00    0.00   71.98
15:17:21       0    1.10    0.00    2.20    0.00    0.00    1.10    0.00    0.00    0.00   95.60
15:17:21       1    9.09    0.00   90.91    0.00    0.00    0.00    0.00    0.00    0.00    0.00
15:17:21       2    1.01    0.00    2.02    0.00    0.00    0.00    0.00    0.00    0.00   96.97
15:17:21       3    1.00    0.00    2.00    0.00    0.00    0.00    0.00    0.00    0.00   97.00

15:17:21     CPU    %usr   %nice    %sys %iowait    %irq   %soft  %steal  %guest  %gnice   %idle
15:17:22     all    3.56    0.00   24.68    0.00    0.00    0.51    0.00    0.00    0.00   71.25
15:17:22       0    1.08    0.00    3.23    0.00    0.00    2.15    0.00    0.00    0.00   93.55
15:17:22       1   11.00    0.00   89.00    0.00    0.00    0.00    0.00    0.00    0.00    0.00
15:17:22       2    1.00    0.00    3.00    0.00    0.00    0.00    0.00    0.00    0.00   96.00
15:17:22       3    1.00    0.00    2.00    0.00    0.00    0.00    0.00    0.00    0.00   97.00

15:17:22     CPU    %usr   %nice    %sys %iowait    %irq   %soft  %steal  %guest  %gnice   %idle
15:17:23     all    3.08    0.00   24.62    0.00    0.00    0.51    0.00    0.00    0.00   71.79
15:17:23       0    0.00    0.00    2.22    0.00    0.00    1.11    0.00    0.00    0.00   96.67
15:17:23       1    8.91    0.00   90.10    0.00    0.00    0.99    0.00    0.00    0.00    0.00
15:17:23       2    1.98    0.00    1.98    0.00    0.00    0.00    0.00    0.00    0.00   96.04
15:17:23       3    1.02    0.00    1.02    0.00    0.00    0.00    0.00    0.00    0.00   97.96

15:17:23     CPU    %usr   %nice    %sys %iowait    %irq   %soft  %steal  %guest  %gnice   %idle
15:17:24     all    2.81    0.00   25.00    0.00    0.00    1.02    0.00    0.00    0.00   71.17
15:17:24       0    1.09    0.00    2.17    0.00    0.00    3.26    0.00    0.00    0.00   93.48
15:17:24       1    8.00    0.00   91.00    0.00    0.00    1.00    0.00    0.00    0.00    0.00
15:17:24       2    1.01    0.00    2.02    0.00    0.00    0.00    0.00    0.00    0.00   96.97
15:17:24       3    0.99    0.00    2.97    0.00    0.00    0.00    0.00    0.00    0.00   96.04

15:17:24     CPU    %usr   %nice    %sys %iowait    %irq   %soft  %steal  %guest  %gnice   %idle
15:17:25     all    2.81    0.00   25.00    0.00    0.00    0.77    0.00    0.00    0.00   71.43
15:17:25       0    1.09    0.00    1.09    0.00    0.00    3.26    0.00    0.00    0.00   94.57
15:17:25       1    8.00    0.00   92.00    0.00    0.00    0.00    0.00    0.00    0.00    0.00
15:17:25       2    1.00    0.00    3.00    0.00    0.00    0.00    0.00    0.00    0.00   96.00
15:17:25       3    1.00    0.00    2.00    0.00    0.00    0.00    0.00    0.00    0.00   97.00

15:17:25     CPU    %usr   %nice    %sys %iowait    %irq   %soft  %steal  %guest  %gnice   %idle
15:17:26     all    2.83    0.00   25.19    0.00    0.00    0.51    0.00    0.00    0.00   71.47
15:17:26       0    1.10    0.00    2.20    0.00    0.00    2.20    0.00    0.00    0.00   94.51
15:17:26       1    8.00    0.00   92.00    0.00    0.00    0.00    0.00    0.00    0.00    0.00
15:17:26       2    1.01    0.00    2.02    0.00    0.00    0.00    0.00    0.00    0.00   96.97
15:17:26       3    1.01    0.00    2.02    0.00    0.00    0.00    0.00    0.00    0.00   96.97

15:17:26     CPU    %usr   %nice    %sys %iowait    %irq   %soft  %steal  %guest  %gnice   %idle
15:17:27     all    2.56    0.00   25.32    0.00    0.00    0.26    0.00    0.00    0.00   71.87
15:17:27       0    0.00    0.00    3.30    0.00    0.00    1.10    0.00    0.00    0.00   95.60
15:17:27       1    7.07    0.00   92.93    0.00    0.00    0.00    0.00    0.00    0.00    0.00
15:17:27       2    2.00    0.00    2.00    0.00    0.00    0.00    0.00    0.00    0.00   96.00
15:17:27       3    0.99    0.00    1.98    0.00    0.00    0.00    0.00    0.00    0.00   97.03

15:17:27     CPU    %usr   %nice    %sys %iowait    %irq   %soft  %steal  %guest  %gnice   %idle
15:17:28     all    2.30    0.00   25.83    0.00    0.00    0.51    0.00    0.00    0.00   71.36
15:17:28       0    2.15    0.00    3.23    0.00    0.00    2.15    0.00    0.00    0.00   92.47
15:17:28       1    7.00    0.00   93.00    0.00    0.00    0.00    0.00    0.00    0.00    0.00
15:17:28       2    0.00    0.00    3.00    0.00    0.00    0.00    0.00    0.00    0.00   97.00
15:17:28       3    0.00    0.00    2.04    0.00    0.00    0.00    0.00    0.00    0.00   97.96

15:17:28     CPU    %usr   %nice    %sys %iowait    %irq   %soft  %steal  %guest  %gnice   %idle
15:17:29     all    3.55    0.00   24.87    0.00    0.00    0.51    0.00    0.00    0.00   71.07
15:17:29       0    1.10    0.00    3.30    0.00    0.00    1.10    0.00    0.00    0.00   94.51
15:17:29       1    9.80    0.00   89.22    0.00    0.00    0.98    0.00    0.00    0.00    0.00
15:17:29       2    2.00    0.00    2.00    0.00    0.00    0.00    0.00    0.00    0.00   96.00
15:17:29       3    0.99    0.00    1.98    0.00    0.00    0.00    0.00    0.00    0.00   97.03

15:17:29     CPU    %usr   %nice    %sys %iowait    %irq   %soft  %steal  %guest  %gnice   %idle
15:17:30     all    1.79    0.00   24.10    0.00    0.00    0.51    0.00    0.00    0.00   73.59
15:17:30       0    0.00    0.00    0.00    0.00    0.00    2.20    0.00    0.00    0.00   97.80
15:17:30       1    7.07    0.00   92.93    0.00    0.00    0.00    0.00    0.00    0.00    0.00
15:17:30       2    0.00    0.00    1.00    0.00    0.00    0.00    0.00    0.00    0.00   99.00
15:17:30       3    0.00    0.00    1.00    0.00    0.00    0.00    0.00    0.00    0.00   99.00

15:17:30     CPU    %usr   %nice    %sys %iowait    %irq   %soft  %steal  %guest  %gnice   %idle
15:17:31     all    3.59    0.00   24.62    0.00    0.00    0.26    0.00    0.00    0.00   71.54
15:17:31       0    2.17    0.00    3.26    0.00    0.00    1.09    0.00    0.00    0.00   93.48
15:17:31       1    9.09    0.00   90.91    0.00    0.00    0.00    0.00    0.00    0.00    0.00
15:17:31       2    2.00    0.00    2.00    0.00    0.00    0.00    0.00    0.00    0.00   96.00
15:17:31       3    1.01    0.00    1.01    0.00    0.00    0.00    0.00    0.00    0.00   97.98

15:17:31     CPU    %usr   %nice    %sys %iowait    %irq   %soft  %steal  %guest  %gnice   %idle
15:17:32     all    2.56    0.00   25.38    0.00    0.00    0.51    0.00    0.00    0.00   71.54
15:17:32       0    0.00    0.00    2.25    0.00    0.00    1.12    0.00    0.00    0.00   96.63
15:17:32       1    7.92    0.00   91.09    0.00    0.00    0.99    0.00    0.00    0.00    0.00
15:17:32       2    1.01    0.00    2.02    0.00    0.00    0.00    0.00    0.00    0.00   96.97
15:17:32       3    0.99    0.00    2.97    0.00    0.00    0.00    0.00    0.00    0.00   96.04

15:17:32     CPU    %usr   %nice    %sys %iowait    %irq   %soft  %steal  %guest  %gnice   %idle
15:17:33     all    3.32    0.00   24.81    0.00    0.00    0.51    0.00    0.00    0.00   71.36
15:17:33       0    2.13    0.00    3.19    0.00    0.00    2.13    0.00    0.00    0.00   92.55
15:17:33       1    9.00    0.00   91.00    0.00    0.00    0.00    0.00    0.00    0.00    0.00
15:17:33       2    1.01    0.00    2.02    0.00    0.00    0.00    0.00    0.00    0.00   96.97
15:17:33       3    1.02    0.00    1.02    0.00    0.00    0.00    0.00    0.00    0.00   97.96

15:17:33     CPU    %usr   %nice    %sys %iowait    %irq   %soft  %steal  %guest  %gnice   %idle
15:17:34     all    2.55    0.00   25.51    0.00    0.00    0.51    0.00    0.00    0.00   71.43
15:17:34       0    1.10    0.00    2.20    0.00    0.00    2.20    0.00    0.00    0.00   94.51
15:17:34       1    8.00    0.00   92.00    0.00    0.00    0.00    0.00    0.00    0.00    0.00
15:17:34       2    0.99    0.00    2.97    0.00    0.00    0.00    0.00    0.00    0.00   96.04
15:17:34       3    0.00    0.00    3.00    0.00    0.00    0.00    0.00    0.00    0.00   97.00

15:17:34     CPU    %usr   %nice    %sys %iowait    %irq   %soft  %steal  %guest  %gnice   %idle
15:17:35     all    3.05    0.00   25.19    0.00    0.00    0.51    0.00    0.00    0.00   71.25
15:17:35       0    2.17    0.00    3.26    0.00    0.00    1.09    0.00    0.00    0.00   93.48
15:17:35       1    8.00    0.00   91.00    0.00    0.00    1.00    0.00    0.00    0.00    0.00
15:17:35       2    1.00    0.00    3.00    0.00    0.00    0.00    0.00    0.00    0.00   96.00
15:17:35       3    0.99    0.00    1.98    0.00    0.00    0.00    0.00    0.00    0.00   97.03

15:17:35     CPU    %usr   %nice    %sys %iowait    %irq   %soft  %steal  %guest  %gnice   %idle
15:17:36     all    3.08    0.00   24.87    0.00    0.00    0.51    0.00    0.00    0.00   71.54
15:17:36       0    1.10    0.00    2.20    0.00    0.00    2.20    0.00    0.00    0.00   94.51
15:17:36       1    9.00    0.00   91.00    0.00    0.00    0.00    0.00    0.00    0.00    0.00
15:17:36       2    2.00    0.00    2.00    0.00    0.00    0.00    0.00    0.00    0.00   96.00
15:17:36       3    0.00    0.00    2.02    0.00    0.00    0.00    0.00    0.00    0.00   97.98

15:17:36     CPU    %usr   %nice    %sys %iowait    %irq   %soft  %steal  %guest  %gnice   %idle
15:17:37     all    2.82    0.00   24.87    0.00    0.00    0.51    0.00    0.00    0.00   71.79
15:17:37       0    0.00    0.00    3.30    0.00    0.00    2.20    0.00    0.00    0.00   94.51
15:17:37       1    9.00    0.00   91.00    0.00    0.00    0.00    0.00    0.00    0.00    0.00
15:17:37       2    0.00    0.00    2.02    0.00    0.00    0.00    0.00    0.00    0.00   97.98
15:17:37       3    2.00    0.00    1.00    0.00    0.00    0.00    0.00    0.00    0.00   97.00

15:17:37     CPU    %usr   %nice    %sys %iowait    %irq   %soft  %steal  %guest  %gnice   %idle
15:17:38     all    2.82    0.00   25.13    0.00    0.00    0.51    0.00    0.00    0.00   71.54
15:17:38       0    1.11    0.00    2.22    0.00    0.00    1.11    0.00    0.00    0.00   95.56
15:17:38       1    9.00    0.00   90.00    0.00    0.00    1.00    0.00    0.00    0.00    0.00
15:17:38       2    1.00    0.00    3.00    0.00    0.00    0.00    0.00    0.00    0.00   96.00
15:17:38       3    0.00    0.00    3.00    0.00    0.00    0.00    0.00    0.00    0.00   97.00

15:17:38     CPU    %usr   %nice    %sys %iowait    %irq   %soft  %steal  %guest  %gnice   %idle
15:17:39     all    3.06    0.00   25.26    0.00    0.00    0.51    0.00    0.00    0.00   71.17
15:17:39       0    1.09    0.00    3.26    0.00    0.00    2.17    0.00    0.00    0.00   93.48
15:17:39       1    9.00    0.00   91.00    0.00    0.00    0.00    0.00    0.00    0.00    0.00
15:17:39       2    1.00    0.00    3.00    0.00    0.00    0.00    0.00    0.00    0.00   96.00
15:17:39       3    1.00    0.00    2.00    0.00    0.00    0.00    0.00    0.00    0.00   97.00

15:17:39     CPU    %usr   %nice    %sys %iowait    %irq   %soft  %steal  %guest  %gnice   %idle
15:17:40     all    2.81    0.00   25.06    0.26    0.00    0.51    0.00    0.00    0.00   71.36
15:17:40       0    1.10    0.00    2.20    0.00    0.00    2.20    0.00    0.00    0.00   94.51
15:17:40       1    8.00    0.00   92.00    0.00    0.00    0.00    0.00    0.00    0.00    0.00
15:17:40       2    1.00    0.00    2.00    1.00    0.00    0.00    0.00    0.00    0.00   96.00
15:17:40       3    1.00    0.00    2.00    0.00    0.00    0.00    0.00    0.00    0.00   97.00

15:17:40     CPU    %usr   %nice    %sys %iowait    %irq   %soft  %steal  %guest  %gnice   %idle
15:17:41     all    2.81    0.00   25.26    0.00    0.00    0.51    0.00    0.00    0.00   71.43
15:17:41       0    1.09    0.00    2.17    0.00    0.00    2.17    0.00    0.00    0.00   94.57
15:17:41       1    8.00    0.00   92.00    0.00    0.00    0.00    0.00    0.00    0.00    0.00
15:17:41       2    1.00    0.00    3.00    0.00    0.00    0.00    0.00    0.00    0.00   96.00
15:17:41       3    1.00    0.00    2.00    0.00    0.00    0.00    0.00    0.00    0.00   97.00

15:17:41     CPU    %usr   %nice    %sys %iowait    %irq   %soft  %steal  %guest  %gnice   %idle
15:17:42     all    2.83    0.00   24.94    0.00    0.00    0.51    0.00    0.00    0.00   71.72
15:17:42       0    1.12    0.00    2.25    0.00    0.00    1.12    0.00    0.00    0.00   95.51
15:17:42       1    9.00    0.00   90.00    0.00    0.00    1.00    0.00    0.00    0.00    0.00
15:17:42       2    1.00    0.00    2.00    0.00    0.00    0.00    0.00    0.00    0.00   97.00
15:17:42       3    0.00    0.00    3.00    0.00    0.00    0.00    0.00    0.00    0.00   97.00

15:17:42     CPU    %usr   %nice    %sys %iowait    %irq   %soft  %steal  %guest  %gnice   %idle
15:17:43     all    2.81    0.00   25.06    0.00    0.00    0.51    0.00    0.00    0.00   71.61
15:17:43       0    1.09    0.00    2.17    0.00    0.00    2.17    0.00    0.00    0.00   94.57
15:17:43       1    7.07    0.00   92.93    0.00    0.00    0.00    0.00    0.00    0.00    0.00
15:17:43       2    1.00    0.00    2.00    0.00    0.00    0.00    0.00    0.00    0.00   97.00
15:17:43       3    2.00    0.00    2.00    0.00    0.00    0.00    0.00    0.00    0.00   96.00

15:17:43     CPU    %usr   %nice    %sys %iowait    %irq   %soft  %steal  %guest  %gnice   %idle
15:17:44     all    3.32    0.00   25.06    0.00    0.00    0.51    0.00    0.00    0.00   71.10
15:17:44       0    1.10    0.00    2.20    0.00    0.00    1.10    0.00    0.00    0.00   95.60
15:17:44       1    8.91    0.00   90.10    0.00    0.00    0.99    0.00    0.00    0.00    0.00
15:17:44       2    2.00    0.00    3.00    0.00    0.00    0.00    0.00    0.00    0.00   95.00
15:17:44       3    1.01    0.00    2.02    0.00    0.00    0.00    0.00    0.00    0.00   96.97

15:17:44     CPU    %usr   %nice    %sys %iowait    %irq   %soft  %steal  %guest  %gnice   %idle
15:17:45     all    2.78    0.00   25.06    0.51    0.00    0.76    0.00    0.00    0.00   70.89
15:17:45       0    1.08    0.00    2.15    1.08    0.00    3.23    0.00    0.00    0.00   92.47
15:17:45       1    8.00    0.00   92.00    0.00    0.00    0.00    0.00    0.00    0.00    0.00
15:17:45       2    1.00    0.00    2.00    0.00    0.00    0.00    0.00    0.00    0.00   97.00
15:17:45       3    0.98    0.00    2.94    0.98    0.00    0.00    0.00    0.00    0.00   95.10

15:17:45     CPU    %usr   %nice    %sys %iowait    %irq   %soft  %steal  %guest  %gnice   %idle
15:17:46     all    2.83    0.00   25.19    0.00    0.00    0.51    0.00    0.00    0.00   71.47
15:17:46       0    0.00    0.00    2.22    0.00    0.00    2.22    0.00    0.00    0.00   95.56
15:17:46       1    9.00    0.00   91.00    0.00    0.00    0.00    0.00    0.00    0.00    0.00
15:17:46       2    1.00    0.00    3.00    0.00    0.00    0.00    0.00    0.00    0.00   96.00
15:17:46       3    1.01    0.00    2.02    0.00    0.00    0.00    0.00    0.00    0.00   96.97

15:17:46     CPU    %usr   %nice    %sys %iowait    %irq   %soft  %steal  %guest  %gnice   %idle
15:17:47     all    3.31    0.00   24.68    0.00    0.00    0.51    0.00    0.00    0.00   71.50
15:17:47       0    1.08    0.00    2.15    0.00    0.00    2.15    0.00    0.00    0.00   94.62
15:17:47       1    9.00    0.00   91.00    0.00    0.00    0.00    0.00    0.00    0.00    0.00
15:17:47       2    1.00    0.00    2.00    0.00    0.00    0.00    0.00    0.00    0.00   97.00
15:17:47       3    2.00    0.00    2.00    0.00    0.00    0.00    0.00    0.00    0.00   96.00

15:17:47     CPU    %usr   %nice    %sys %iowait    %irq   %soft  %steal  %guest  %gnice   %idle
15:17:48     all    2.56    0.00   25.06    0.00    0.00    0.77    0.00    0.00    0.00   71.61
15:17:48       0    0.00    0.00    2.20    0.00    0.00    2.20    0.00    0.00    0.00   95.60
15:17:48       1    8.91    0.00   90.10    0.00    0.00    0.99    0.00    0.00    0.00    0.00
15:17:48       2    0.00    0.00    3.03    0.00    0.00    0.00    0.00    0.00    0.00   96.97
15:17:48       3    1.00    0.00    2.00    0.00    0.00    0.00    0.00    0.00    0.00   97.00

15:17:48     CPU    %usr   %nice    %sys %iowait    %irq   %soft  %steal  %guest  %gnice   %idle
15:17:49     all    3.60    0.00   24.42    0.00    0.00    0.51    0.00    0.00    0.00   71.47
15:17:49       0    2.20    0.00    2.20    0.00    0.00    2.20    0.00    0.00    0.00   93.41
15:17:49       1    9.09    0.00   90.91    0.00    0.00    0.00    0.00    0.00    0.00    0.00
15:17:49       2    1.01    0.00    1.01    0.00    0.00    0.00    0.00    0.00    0.00   97.98
15:17:49       3    2.00    0.00    2.00    0.00    0.00    0.00    0.00    0.00    0.00   96.00

15:17:49     CPU    %usr   %nice    %sys %iowait    %irq   %soft  %steal  %guest  %gnice   %idle
15:17:50     all    3.06    0.00   25.00    0.00    0.00    0.51    0.00    0.00    0.00   71.43
15:17:50       0    1.10    0.00    2.20    0.00    0.00    2.20    0.00    0.00    0.00   94.51
15:17:50       1    9.00    0.00   91.00    0.00    0.00    0.00    0.00    0.00    0.00    0.00
15:17:50       2    0.99    0.00    2.97    0.00    0.00    0.00    0.00    0.00    0.00   96.04
15:17:50       3    1.00    0.00    2.00    0.00    0.00    0.00    0.00    0.00    0.00   97.00

15:17:50     CPU    %usr   %nice    %sys %iowait    %irq   %soft  %steal  %guest  %gnice   %idle
15:17:51     all    3.08    0.00   24.87    0.00    0.00    0.51    0.00    0.00    0.00   71.54
15:17:51       0    1.10    0.00    3.30    0.00    0.00    1.10    0.00    0.00    0.00   94.51
15:17:51       1    9.00    0.00   90.00    0.00    0.00    1.00    0.00    0.00    0.00    0.00
15:17:51       2    1.00    0.00    2.00    0.00    0.00    0.00    0.00    0.00    0.00   97.00
15:17:51       3    1.01    0.00    2.02    0.00    0.00    0.00    0.00    0.00    0.00   96.97

15:17:51     CPU    %usr   %nice    %sys %iowait    %irq   %soft  %steal  %guest  %gnice   %idle
15:17:52     all    3.07    0.00   25.06    0.00    0.00    0.77    0.00    0.00    0.00   71.10
15:17:52       0    1.09    0.00    2.17    0.00    0.00    3.26    0.00    0.00    0.00   93.48
15:17:52       1    9.00    0.00   91.00    0.00    0.00    0.00    0.00    0.00    0.00    0.00
15:17:52       2    1.01    0.00    2.02    0.00    0.00    0.00    0.00    0.00    0.00   96.97
15:17:52       3    1.00    0.00    3.00    0.00    0.00    0.00    0.00    0.00    0.00   96.00

15:17:52     CPU    %usr   %nice    %sys %iowait    %irq   %soft  %steal  %guest  %gnice   %idle
15:17:53     all    2.81    0.00   25.32    0.00    0.00    0.26    0.00    0.00    0.00   71.61
15:17:53       0    0.00    0.00    2.22    0.00    0.00    1.11    0.00    0.00    0.00   96.67
15:17:53       1    8.00    0.00   92.00    0.00    0.00    0.00    0.00    0.00    0.00    0.00
15:17:53       2    1.00    0.00    2.00    0.00    0.00    0.00    0.00    0.00    0.00   97.00
15:17:53       3    1.98    0.00    2.97    0.00    0.00    0.00    0.00    0.00    0.00   95.05

15:17:53     CPU    %usr   %nice    %sys %iowait    %irq   %soft  %steal  %guest  %gnice   %idle
15:17:54     all    2.83    0.00   24.94    0.00    0.00    0.51    0.00    0.00    0.00   71.72
15:17:54       0    1.10    0.00    2.20    0.00    0.00    2.20    0.00    0.00    0.00   94.51
15:17:54       1    8.08    0.00   91.92    0.00    0.00    0.00    0.00    0.00    0.00    0.00
15:17:54       2    1.00    0.00    2.00    0.00    0.00    0.00    0.00    0.00    0.00   97.00
15:17:54       3    1.01    0.00    2.02    0.00    0.00    0.00    0.00    0.00    0.00   96.97

15:17:54     CPU    %usr   %nice    %sys %iowait    %irq   %soft  %steal  %guest  %gnice   %idle
15:17:55     all    3.05    0.00   25.19    0.00    0.00    0.51    0.00    0.00    0.00   71.25
15:17:55       0    1.09    0.00    2.17    0.00    0.00    2.17    0.00    0.00    0.00   94.57
15:17:55       1    9.00    0.00   91.00    0.00    0.00    0.00    0.00    0.00    0.00    0.00
15:17:55       2    1.00    0.00    3.00    0.00    0.00    0.00    0.00    0.00    0.00   96.00
15:17:55       3    0.99    0.00    2.97    0.00    0.00    0.00    0.00    0.00    0.00   96.04

15:17:55     CPU    %usr   %nice    %sys %iowait    %irq   %soft  %steal  %guest  %gnice   %idle
15:17:56     all    2.56    0.00   23.59    0.00    0.00    0.51    0.00    0.00    0.00   73.33
15:17:56       0    0.00    0.00    1.10    0.00    0.00    1.10    0.00    0.00    0.00   97.80
15:17:56       1    8.91    0.00   90.10    0.00    0.00    0.99    0.00    0.00    0.00    0.00
15:17:56       2    1.00    0.00    0.00    0.00    0.00    0.00    0.00    0.00    0.00   99.00
15:17:56       3    0.00    0.00    0.00    0.00    0.00    0.00    0.00    0.00    0.00  100.00

15:17:56     CPU    %usr   %nice    %sys %iowait    %irq   %soft  %steal  %guest  %gnice   %idle
15:17:57     all    2.80    0.00   25.19    0.00    0.00    0.76    0.00    0.00    0.00   71.25
15:17:57       0    1.09    0.00    2.17    0.00    0.00    3.26    0.00    0.00    0.00   93.48
15:17:57       1    8.00    0.00   92.00    0.00    0.00    0.00    0.00    0.00    0.00    0.00
15:17:57       2    0.00    0.00    2.00    0.00    0.00    0.00    0.00    0.00    0.00   98.00
15:17:57       3    1.98    0.00    2.97    0.00    0.00    0.00    0.00    0.00    0.00   95.05

15:17:57     CPU    %usr   %nice    %sys %iowait    %irq   %soft  %steal  %guest  %gnice   %idle
15:17:58     all    3.06    0.00   25.00    0.00    0.00    0.51    0.00    0.00    0.00   71.43
15:17:58       0    1.10    0.00    2.20    0.00    0.00    1.10    0.00    0.00    0.00   95.60
15:17:58       1    8.91    0.00   90.10    0.00    0.00    0.99    0.00    0.00    0.00    0.00
15:17:58       2    2.00    0.00    2.00    0.00    0.00    0.00    0.00    0.00    0.00   96.00
15:17:58       3    0.00    0.00    3.00    0.00    0.00    0.00    0.00    0.00    0.00   97.00

15:17:58     CPU    %usr   %nice    %sys %iowait    %irq   %soft  %steal  %guest  %gnice   %idle
15:17:59     all    3.08    0.00   24.68    0.00    0.00    0.51    0.00    0.00    0.00   71.72
15:17:59       0    1.10    0.00    2.20    0.00    0.00    2.20    0.00    0.00    0.00   94.51
15:17:59       1    9.09    0.00   90.91    0.00    0.00    0.00    0.00    0.00    0.00    0.00
15:17:59       2    1.00    0.00    2.00    0.00    0.00    0.00    0.00    0.00    0.00   97.00
15:17:59       3    1.01    0.00    2.02    0.00    0.00    0.00    0.00    0.00    0.00   96.97

15:17:59     CPU    %usr   %nice    %sys %iowait    %irq   %soft  %steal  %guest  %gnice   %idle
15:18:00     all    2.82    0.00   25.38    0.00    0.00    0.26    0.00    0.00    0.00   71.54
15:18:00       0    1.10    0.00    3.30    0.00    0.00    1.10    0.00    0.00    0.00   94.51
15:18:00       1    9.00    0.00   91.00    0.00    0.00    0.00    0.00    0.00    0.00    0.00
15:18:00       2    0.00    0.00    3.00    0.00    0.00    0.00    0.00    0.00    0.00   97.00
15:18:00       3    1.01    0.00    2.02    0.00    0.00    0.00    0.00    0.00    0.00   96.97

15:18:00     CPU    %usr   %nice    %sys %iowait    %irq   %soft  %steal  %guest  %gnice   %idle
15:18:01     all    3.07    0.00   25.06    0.00    0.00    0.51    0.00    0.00    0.00   71.36
15:18:01       0    1.11    0.00    1.11    0.00    0.00    2.22    0.00    0.00    0.00   95.56
15:18:01       1    8.08    0.00   91.92    0.00    0.00    0.00    0.00    0.00    0.00    0.00
15:18:01       2    0.99    0.00    2.97    0.00    0.00    0.00    0.00    0.00    0.00   96.04
15:18:01       3    1.98    0.00    2.97    0.00    0.00    0.00    0.00    0.00    0.00   95.05

15:18:01     CPU    %usr   %nice    %sys %iowait    %irq   %soft  %steal  %guest  %gnice   %idle
15:18:02     all    3.55    0.00   24.87    0.00    0.00    0.51    0.00    0.00    0.00   71.07
15:18:02       0    1.10    0.00    3.30    0.00    0.00    1.10    0.00    0.00    0.00   94.51
15:18:02       1    9.80    0.00   89.22    0.00    0.00    0.98    0.00    0.00    0.00    0.00
15:18:02       2    1.00    0.00    2.00    0.00    0.00    0.00    0.00    0.00    0.00   97.00
15:18:02       3    1.98    0.00    1.98    0.00    0.00    0.00    0.00    0.00    0.00   96.04

15:18:02     CPU    %usr   %nice    %sys %iowait    %irq   %soft  %steal  %guest  %gnice   %idle
15:18:03     all    3.08    0.00   24.68    0.00    0.00    0.51    0.00    0.00    0.00   71.72
15:18:03       0    1.09    0.00    2.17    0.00    0.00    2.17    0.00    0.00    0.00   94.57
15:18:03       1    9.09    0.00   90.91    0.00    0.00    0.00    0.00    0.00    0.00    0.00
15:18:03       2    1.01    0.00    2.02    0.00    0.00    0.00    0.00    0.00    0.00   96.97
15:18:03       3    1.01    0.00    2.02    0.00    0.00    0.00    0.00    0.00    0.00   96.97

15:18:03     CPU    %usr   %nice    %sys %iowait    %irq   %soft  %steal  %guest  %gnice   %idle
15:18:04     all    2.83    0.00   24.94    0.00    0.00    0.51    0.00    0.00    0.00   71.72
15:18:04       0    0.00    0.00    2.22    0.00    0.00    2.22    0.00    0.00    0.00   95.56
15:18:04       1    9.00    0.00   91.00    0.00    0.00    0.00    0.00    0.00    0.00    0.00
15:18:04       2    1.00    0.00    2.00    0.00    0.00    0.00    0.00    0.00    0.00   97.00
15:18:04       3    1.01    0.00    2.02    0.00    0.00    0.00    0.00    0.00    0.00   96.97

15:18:04     CPU    %usr   %nice    %sys %iowait    %irq   %soft  %steal  %guest  %gnice   %idle
15:18:05     all    2.56    0.00   25.06    0.00    0.00    0.77    0.00    0.00    0.00   71.61
15:18:05       0    1.09    0.00    2.17    0.00    0.00    2.17    0.00    0.00    0.00   94.57
15:18:05       1    8.00    0.00   91.00    0.00    0.00    1.00    0.00    0.00    0.00    0.00
15:18:05       2    1.01    0.00    2.02    0.00    0.00    0.00    0.00    0.00    0.00   96.97
15:18:05       3    0.00    0.00    3.00    0.00    0.00    0.00    0.00    0.00    0.00   97.00

15:18:05     CPU    %usr   %nice    %sys %iowait    %irq   %soft  %steal  %guest  %gnice   %idle
15:18:06     all    3.05    0.00   25.19    0.00    0.00    0.51    0.00    0.00    0.00   71.25
15:18:06       0    1.09    0.00    2.17    0.00    0.00    2.17    0.00    0.00    0.00   94.57
15:18:06       1    9.00    0.00   91.00    0.00    0.00    0.00    0.00    0.00    0.00    0.00
15:18:06       2    0.00    0.00    3.00    0.00    0.00    0.00    0.00    0.00    0.00   97.00
15:18:06       3    1.98    0.00    2.97    0.00    0.00    0.00    0.00    0.00    0.00   95.05

15:18:06     CPU    %usr   %nice    %sys %iowait    %irq   %soft  %steal  %guest  %gnice   %idle
15:18:07     all    3.33    0.00   24.87    0.00    0.00    0.26    0.00    0.00    0.00   71.54
15:18:07       0    1.10    0.00    2.20    0.00    0.00    1.10    0.00    0.00    0.00   95.60
15:18:07       1    9.00    0.00   91.00    0.00    0.00    0.00    0.00    0.00    0.00    0.00
15:18:07       2    2.00    0.00    2.00    0.00    0.00    0.00    0.00    0.00    0.00   96.00
15:18:07       3    1.01    0.00    2.02    0.00    0.00    0.00    0.00    0.00    0.00   96.97

15:18:07     CPU    %usr   %nice    %sys %iowait    %irq   %soft  %steal  %guest  %gnice   %idle
15:18:08     all    3.07    0.00   24.30    0.00    0.00    0.77    0.00    0.00    0.00   71.87
15:18:08       0    1.09    0.00    2.17    0.00    0.00    2.17    0.00    0.00    0.00   94.57
15:18:08       1    9.00    0.00   90.00    0.00    0.00    1.00    0.00    0.00    0.00    0.00
15:18:08       2    1.01    0.00    1.01    0.00    0.00    0.00    0.00    0.00    0.00   97.98
15:18:08       3    1.00    0.00    2.00    0.00    0.00    0.00    0.00    0.00    0.00   97.00

15:18:08     CPU    %usr   %nice    %sys %iowait    %irq   %soft  %steal  %guest  %gnice   %idle
15:18:09     all    1.79    0.00   23.59    0.00    0.00    0.26    0.00    0.00    0.00   74.36
15:18:09       0    0.00    0.00    0.00    0.00    0.00    1.10    0.00    0.00    0.00   98.90
15:18:09       1    7.07    0.00   92.93    0.00    0.00    0.00    0.00    0.00    0.00    0.00
15:18:09       2    0.00    0.00    0.00    0.00    0.00    0.00    0.00    0.00    0.00  100.00
15:18:09       3    0.00    0.00    0.00    0.00    0.00    0.00    0.00    0.00    0.00  100.00

Average:     CPU    %usr   %nice    %sys %iowait    %irq   %soft  %steal  %guest  %gnice   %idle
Average:     all    3.02    0.00   24.63    0.02    0.00    0.43    0.00    0.00    0.00   71.90
Average:       0    0.92    0.00    2.14    0.02    0.00    1.52    0.00    0.00    0.00   95.40
Average:       1    9.10    0.00   90.64    0.00    0.00    0.26    0.00    0.00    0.00    0.00
Average:       2    0.96    0.00    2.13    0.03    0.00    0.00    0.00    0.00    0.00   96.88
Average:       3    0.96    0.00    1.99    0.03    0.00    0.00    0.00    0.00    0.00   97.03
