# timestamp  face |bytes    packets errs drop fifo frame compressed multicast|bytes    packets errs drop fifo colls carrier compressed
1777810619.602917813     lo:   26844     352    0    0    0     0          0         0    26844     352    0    0    0     0       0          0
1777810619.602917813 enP1p1s0: 10618284454 55824356    0    0    0     0          0        39 10618285040 55824364    0    4    0     0       0          0
1777810619.602917813   eth0:       0       0    0    0    0     0          0         0        0       0    0    0    0     0       0          0
1777810619.602917813  wlan0:  305905    1777    0    0    0     0          0         5   197738    1662    0    0    0     0       0          0
1777810620.614398157     lo:   26844     352    0    0    0     0          0         0    26844     352    0    0    0     0       0          0
1777810620.614398157 enP1p1s0: 10618284454 55824356    0    0    0     0          0        39 10618285040 55824364    0    4    0     0       0          0
1777810620.614398157   eth0:       0       0    0    0    0     0          0         0        0       0    0    0    0     0       0          0
1777810620.614398157  wlan0:  310129    1825    0    0    0     0          0         5   202634    1710    0    0    0     0       0          0
1777810621.623682501     lo:   26844     352    0    0    0     0          0         0    26844     352    0    0    0     0       0          0
1777810621.623682501 enP1p1s0: 10618284454 55824356    0    0    0     0          0        39 10618285040 55824364    0    4    0     0       0          0
1777810621.623682501   eth0:       0       0    0    0    0     0          0         0        0       0    0    0    0     0       0          0
1777810621.623682501  wlan0:  314581    1876    0    0    0     0          0         5   207884    1761    0    0    0     0       0          0
1777810622.632914104     lo:   26844     352    0    0    0     0          0         0    26844     352    0    0    0     0       0          0
1777810622.632914104 enP1p1s0: 10618284454 55824356    0    0    0     0          0        39 10618285040 55824364    0    4    0     0       0          0
1777810622.632914104   eth0:       0       0    0    0    0     0          0         0        0       0    0    0    0     0       0          0
1777810622.632914104  wlan0:  314809    1879    0    0    0     0          0         5   208088    1763    0    0    0     0       0          0
1777810623.642059669     lo:   26844     352    0    0    0     0          0         0    26844     352    0    0    0     0       0          0
1777810623.642059669 enP1p1s0: 10618284454 55824356    0    0    0     0          0        39 10618285040 55824364    0    4    0     0       0          0
1777810623.642059669   eth0:       0       0    0    0    0     0          0         0        0       0    0    0    0     0       0          0
1777810623.642059669  wlan0:  314809    1879    0    0    0     0          0         5   208088    1763    0    0    0     0       0          0
1777810624.651158161     lo:   26844     352    0    0    0     0          0         0    26844     352    0    0    0     0       0          0
1777810624.651158161 enP1p1s0: 10618284454 55824356    0    0    0     0          0        39 10618285040 55824364    0    4    0     0       0          0
1777810624.651158161   eth0:       0       0    0    0    0     0          0         0        0       0    0    0    0     0       0          0
1777810624.651158161  wlan0:  314809    1879    0    0    0     0          0         5   208088    1763    0    0    0     0       0          0
1777810625.660361856     lo:   26844     352    0    0    0     0          0         0    26844     352    0    0    0     0       0          0
1777810625.660361856 enP1p1s0: 10618284637 55824357    0    0    0     0          0        40 10618285223 55824365    0    4    0     0       0          0
1777810625.660361856   eth0:       0       0    0    0    0     0          0         0        0       0    0    0    0     0       0          0
1777810625.660361856  wlan0:  314809    1879    0    0    0     0          0         5   208088    1763    0    0    0     0       0          0
1777810626.669521699     lo:   26844     352    0    0    0     0          0         0    26844     352    0    0    0     0       0          0
1777810626.669521699 enP1p1s0: 10618284637 55824357    0    0    0     0          0        40 10618285223 55824365    0    4    0     0       0          0
1777810626.669521699   eth0:       0       0    0    0    0     0          0         0        0       0    0    0    0     0       0          0
1777810626.669521699  wlan0:  314861    1880    0    0    0     0          0         5   208238    1764    0    0    0     0       0          0
1777810627.678522228     lo:   26844     352    0    0    0     0          0         0    26844     352    0    0    0     0       0          0
1777810627.678522228 enP1p1s0: 10618284637 55824357    0    0    0     0          0        40 10618285223 55824365    0    4    0     0       0          0
1777810627.678522228   eth0:       0       0    0    0    0     0          0         0        0       0    0    0    0     0       0          0
1777810627.678522228  wlan0:  314861    1880    0    0    0     0          0         5   208238    1764    0    0    0     0       0          0
1777810628.687545682     lo:   26844     352    0    0    0     0          0         0    26844     352    0    0    0     0       0          0
1777810628.687545682 enP1p1s0: 10618284637 55824357    0    0    0     0          0        40 10618285223 55824365    0    4    0     0       0          0
1777810628.687545682   eth0:       0       0    0    0    0     0          0         0        0       0    0    0    0     0       0          0
1777810628.687545682  wlan0:  314861    1880    0    0    0     0          0         5   208238    1764    0    0    0     0       0          0
1777810629.696666600     lo:   26844     352    0    0    0     0          0         0    26844     352    0    0    0     0       0          0
1777810629.696666600 enP1p1s0: 10618284637 55824357    0    0    0     0          0        40 10618285223 55824365    0    4    0     0       0          0
1777810629.696666600   eth0:       0       0    0    0    0     0          0         0        0       0    0    0    0     0       0          0
1777810629.696666600  wlan0:  314861    1880    0    0    0     0          0         5   208238    1764    0    0    0     0       0          0
1777810630.705783110     lo:   26844     352    0    0    0     0          0         0    26844     352    0    0    0     0       0          0
1777810630.705783110 enP1p1s0: 10618284637 55824357    0    0    0     0          0        40 10618285223 55824365    0    4    0     0       0          0
1777810630.705783110   eth0:       0       0    0    0    0     0          0         0        0       0    0    0    0     0       0          0
1777810630.705783110  wlan0:  314861    1880    0    0    0     0          0         5   208238    1764    0    0    0     0       0          0
1777810631.714884157     lo:   26844     352    0    0    0     0          0         0    26844     352    0    0    0     0       0          0
1777810631.714884157 enP1p1s0: 10618284637 55824357    0    0    0     0          0        40 10618285223 55824365    0    4    0     0       0          0
1777810631.714884157   eth0:       0       0    0    0    0     0          0         0        0       0    0    0    0     0       0          0
1777810631.714884157  wlan0:  314913    1881    0    0    0     0          0         5   208388    1765    0    0    0     0       0          0
1777810632.724044834     lo:   26844     352    0    0    0     0          0         0    26844     352    0    0    0     0       0          0
1777810632.724044834 enP1p1s0: 10618284637 55824357    0    0    0     0          0        40 10618285223 55824365    0    4    0     0       0          0
1777810632.724044834   eth0:       0       0    0    0    0     0          0         0        0       0    0    0    0     0       0          0
1777810632.724044834  wlan0:  314969    1882    0    0    0     0          0         5   208458    1766    0    0    0     0       0          0
1777810633.734143492     lo:   26844     352    0    0    0     0          0         0    26844     352    0    0    0     0       0          0
1777810633.734143492 enP1p1s0: 10697567423 55921756    0    0    0     0          0        40 10697554985 55921748    0    4    0     0       0          0
1777810633.734143492   eth0:       0       0    0    0    0     0          0         0        0       0    0    0    0     0       0          0
1777810633.734143492  wlan0:  314969    1882    0    0    0     0          0         5   208458    1766    0    0    0     0       0          0
1777810634.746439300     lo:   26844     352    0    0    0     0          0         0    26844     352    0    0    0     0       0          0
1777810634.746439300 enP1p1s0: 10820481423 56072756    0    0    0     0          0        40 10820452705 56072728    0    4    0     0       0          0
1777810634.746439300   eth0:       0       0    0    0    0     0          0         0        0       0    0    0    0     0       0          0
1777810634.746439300  wlan0:  314969    1882    0    0    0     0          0         5   208458    1766    0    0    0     0       0          0
1777810635.758870237     lo:   26844     352    0    0    0     0          0         0    26844     352    0    0    0     0       0          0
1777810635.758870237 enP1p1s0: 10943386469 56223745    0    0    0     0          0        40 10943376473 56223740    0    4    0     0       0          0
1777810635.758870237   eth0:       0       0    0    0    0     0          0         0        0       0    0    0    0     0       0          0
1777810635.758870237  wlan0:  314969    1882    0    0    0     0          0         5   208458    1766    0    0    0     0       0          0
1777810636.771207988     lo:   26844     352    0    0    0     0          0         0    26844     352    0    0    0     0       0          0
1777810636.771207988 enP1p1s0: 11066294771 56374738    0    0    0     0          0        40 11066257913 56374700    0    4    0     0       0          0
1777810636.771207988   eth0:       0       0    0    0    0     0          0         0        0       0    0    0    0     0       0          0
1777810636.771207988  wlan0:  315021    1883    0    0    0     0          0         5   208608    1767    0    0    0     0       0          0
1777810637.783480184     lo:   26844     352    0    0    0     0          0         0    26844     352    0    0    0     0       0          0
1777810637.783480184 enP1p1s0: 11189181909 56525705    0    0    0     0          0        40 11189152377 56525676    0    4    0     0       0          0
1777810637.783480184   eth0:       0       0    0    0    0     0          0         0        0       0    0    0    0     0       0          0
1777810637.783480184  wlan0:  315021    1883    0    0    0     0          0         5   208608    1767    0    0    0     0       0          0
1777810638.795757214     lo:   26844     352    0    0    0     0          0         0    26844     352    0    0    0     0       0          0
1777810638.795757214 enP1p1s0: 11312104169 56676717    0    0    0     0          0        40 11312074637 56676688    0    4    0     0       0          0
1777810638.795757214   eth0:       0       0    0    0    0     0          0         0        0       0    0    0    0     0       0          0
1777810638.795757214  wlan0:  315021    1883    0    0    0     0          0         5   208608    1767    0    0    0     0       0          0
1777810639.808628670     lo:   26844     352    0    0    0     0          0         0    26844     352    0    0    0     0       0          0
1777810639.808628670 enP1p1s0: 11435055613 56827763    0    0    0     0          0        40 11435021197 56827728    0    4    0     0       0          0
1777810639.808628670   eth0:       0       0    0    0    0     0          0         0        0       0    0    0    0     0       0          0
1777810639.808628670  wlan0:  315021    1883    0    0    0     0          0         5   208608    1767    0    0    0     0       0          0
1777810640.821170755     lo:   26844     352    0    0    0     0          0         0    26844     352    0    0    0     0       0          0
1777810640.821170755 enP1p1s0: 11558031477 56978839    0    0    0     0          0        40 11558000317 56978808    0    4    0     0       0          0
1777810640.821170755   eth0:       0       0    0    0    0     0          0         0        0       0    0    0    0     0       0          0
1777810640.821170755  wlan0:  315021    1883    0    0    0     0          0         5   208608    1767    0    0    0     0       0          0
1777810641.833685525     lo:   26844     352    0    0    0     0          0         0    26844     352    0    0    0     0       0          0
1777810641.833685525 enP1p1s0: 11680923499 57129812    0    0    0     0          0        40 11680894781 57129784    0    4    0     0       0          0
1777810641.833685525   eth0:       0       0    0    0    0     0          0         0        0       0    0    0    0     0       0          0
1777810641.833685525  wlan0:  315073    1884    0    0    0     0          0         5   208758    1768    0    0    0     0       0          0
1777810642.846059184     lo:   26844     352    0    0    0     0          0         0    26844     352    0    0    0     0       0          0
1777810642.846059184 enP1p1s0: 11803261187 57280104    0    0    0     0          0        40 11803225957 57280068    0    4    0     0       0          0
1777810642.846059184   eth0:       0       0    0    0    0     0          0         0        0       0    0    0    0     0       0          0
1777810642.846059184  wlan0:  315073    1884    0    0    0     0          0         5   208758    1768    0    0    0     0       0          0
1777810643.857983454     lo:   26844     352    0    0    0     0          0         0    26844     352    0    0    0     0       0          0
1777810643.857983454 enP1p1s0: 11926126347 57431044    0    0    0     0          0        40 11926097629 57431016    0    4    0     0       0          0
1777810643.857983454   eth0:       0       0    0    0    0     0          0         0        0       0    0    0    0     0       0          0
1777810643.857983454  wlan0:  315073    1884    0    0    0     0          0         5   208758    1768    0    0    0     0       0          0
1777810644.870493169     lo:   26844     352    0    0    0     0          0         0    26844     352    0    0    0     0       0          0
1777810644.870493169 enP1p1s0: 12049118491 57582140    0    0    0     0          0        40 12049073493 57582092    0    4    0     0       0          0
1777810644.870493169   eth0:       0       0    0    0    0     0          0         0        0       0    0    0    0     0       0          0
1777810644.870493169  wlan0:  315073    1884    0    0    0     0          0         5   208758    1768    0    0    0     0       0          0
1777810645.882872384     lo:   26844     352    0    0    0     0          0         0    26844     352    0    0    0     0       0          0
1777810645.882872384 enP1p1s0: 12172032491 57733140    0    0    0     0          0        40 12171994005 57733100    0    4    0     0       0          0
1777810645.882872384   eth0:       0       0    0    0    0     0          0         0        0       0    0    0    0     0       0          0
1777810645.882872384  wlan0:  315073    1884    0    0    0     0          0         5   208908    1769    0    0    0     0       0          0
1777810646.895678469     lo:   26844     352    0    0    0     0          0         0    26844     352    0    0    0     0       0          0
1777810646.895678469 enP1p1s0: 12294976609 57884177    0    0    0     0          0        40 12294927541 57884124    0    4    0     0       0          0
1777810646.895678469   eth0:       0       0    0    0    0     0          0         0        0       0    0    0    0     0       0          0
1777810646.895678469  wlan0:  315431    1889    0    0    0     0          0         5   208908    1769    0    0    0     0       0          0
1777810647.908768462     lo:   26844     352    0    0    0     0          0         0    26844     352    0    0    0     0       0          0
1777810647.908768462 enP1p1s0: 12417958985 58035261    0    0    0     0          0        40 12417922941 58035224    0    4    0     0       0          0
1777810647.908768462   eth0:       0       0    0    0    0     0          0         0        0       0    0    0    0     0       0          0
1777810647.908768462  wlan0:  315509    1890    0    0    0     0          0         5   208908    1769    0    0    0     0       0          0
1777810648.921889102     lo:   26844     352    0    0    0     0          0         0    26844     352    0    0    0     0       0          0
1777810648.921889102 enP1p1s0: 12540967409 58186377    0    0    0     0          0        40 12540937877 58186348    0    4    0     0       0          0
1777810648.921889102   eth0:       0       0    0    0    0     0          0         0        0       0    0    0    0     0       0          0
1777810648.921889102  wlan0:  315587    1891    0    0    0     0          0         5   208908    1769    0    0    0     0       0          0
1777810649.934845521     lo:   26844     352    0    0    0     0          0         0    26844     352    0    0    0     0       0          0
1777810649.934845521 enP1p1s0: 12663918039 58337422    0    0    0     0          0        40 12663897461 58337404    0    4    0     0       0          0
1777810649.934845521   eth0:       0       0    0    0    0     0          0         0        0       0    0    0    0     0       0          0
1777810649.934845521  wlan0:  315587    1891    0    0    0     0          0         5   208908    1769    0    0    0     0       0          0
1777810650.947338699     lo:   26844     352    0    0    0     0          0         0    26844     352    0    0    0     0       0          0
1777810650.947338699 enP1p1s0: 12786874367 58488474    0    0    0     0          0        40 12786846533 58488448    0    4    0     0       0          0
1777810650.947338699   eth0:       0       0    0    0    0     0          0         0        0       0    0    0    0     0       0          0
1777810650.947338699  wlan0:  315587    1891    0    0    0     0          0         5   209058    1770    0    0    0     0       0          0
1777810651.959477617     lo:   26844     352    0    0    0     0          0         0    26844     352    0    0    0     0       0          0
1777810651.959477617 enP1p1s0: 12909718363 58639388    0    0    0     0          0        40 12909688901 58639360    0    4    0     0       0          0
1777810651.959477617   eth0:       0       0    0    0    0     0          0         0        0       0    0    0    0     0       0          0
1777810651.959477617  wlan0:  315639    1892    0    0    0     0          0         5   209058    1770    0    0    0     0       0          0
1777810652.972372758     lo:   26844     352    0    0    0     0          0         0    26844     352    0    0    0     0       0          0
1777810652.972372758 enP1p1s0: 13032720275 58790496    0    0    0     0          0        40 13032690813 58790468    0    4    0     0       0          0
1777810652.972372758   eth0:       0       0    0    0    0     0          0         0        0       0    0    0    0     0       0          0
1777810652.972372758  wlan0:  315639    1892    0    0    0     0          0         5   209058    1770    0    0    0     0       0          0
1777810653.984533102     lo:   26844     352    0    0    0     0          0         0    26844     352    0    0    0     0       0          0
1777810653.984533102 enP1p1s0: 13155633461 58941495    0    0    0     0          0        40 13155601557 58941464    0    4    0     0       0          0
1777810653.984533102   eth0:       0       0    0    0    0     0          0         0        0       0    0    0    0     0       0          0
1777810653.984533102  wlan0:  315639    1892    0    0    0     0          0         5   209058    1770    0    0    0     0       0          0
1777810654.996914983     lo:   26844     352    0    0    0     0          0         0    26844     352    0    0    0     0       0          0
1777810654.996914983 enP1p1s0: 13278559671 59092510    0    0    0     0          0        40 13278528581 59092480    0    4    0     0       0          0
1777810654.996914983   eth0:       0       0    0    0    0     0          0         0        0       0    0    0    0     0       0          0
1777810654.996914983  wlan0:  315639    1892    0    0    0     0          0         5   209058    1770    0    0    0     0       0          0
1777810656.009296606     lo:   26844     352    0    0    0     0          0         0    26844     352    0    0    0     0       0          0
1777810656.009296606 enP1p1s0: 13401484253 59243523    0    0    0     0          0        40 13401449093 59243488    0    4    0     0       0          0
1777810656.009296606   eth0:       0       0    0    0    0     0          0         0        0       0    0    0    0     0       0          0
1777810656.009296606  wlan0:  315691    1893    0    0    0     0          0         5   209208    1771    0    0    0     0       0          0
1777810657.021759709     lo:   26844     352    0    0    0     0          0         0    26844     352    0    0    0     0       0          0
1777810657.021759709 enP1p1s0: 13524399067 59394524    0    0    0     0          0        40 13524359837 59394484    0    4    0     0       0          0
1777810657.021759709   eth0:       0       0    0    0    0     0          0         0        0       0    0    0    0     0       0          0
1777810657.021759709  wlan0:  315691    1893    0    0    0     0          0         5   209208    1771    0    0    0     0       0          0
1777810658.034134276     lo:   26844     352    0    0    0     0          0         0    26844     352    0    0    0     0       0          0
1777810658.034134276 enP1p1s0: 13647290275 59545496    0    0    0     0          0        40 13647260813 59545468    0    4    0     0       0          0
1777810658.034134276   eth0:       0       0    0    0    0     0          0         0        0       0    0    0    0     0       0          0
1777810658.034134276  wlan0:  315691    1893    0    0    0     0          0         5   209208    1771    0    0    0     0       0          0
1777810659.046491490     lo:   26844     352    0    0    0     0          0         0    26844     352    0    0    0     0       0          0
1777810659.046491490 enP1p1s0: 13770158691 59696440    0    0    0     0          0        40 13770121089 59696402    0    4    0     0       0          0
1777810659.046491490   eth0:       0       0    0    0    0     0          0         0        0       0    0    0    0     0       0          0
1777810659.046491490  wlan0:  315907    1894    0    0    0     0          0         5   209668    1773    0    0    0     0       0          0
1777810660.059025742     lo:   26844     352    0    0    0     0          0         0    26844     352    0    0    0     0       0          0
1777810660.059025742 enP1p1s0: 13893130485 59847511    0    0    0     0          0        40 13893105093 59847488    0    4    0     0       0          0
1777810660.059025742   eth0:       0       0    0    0    0     0          0         0        0       0    0    0    0     0       0          0
1777810660.059025742  wlan0:  316339    1896    0    0    0     0          0         5   209898    1774    0    0    0     0       0          0
1777810661.071507486     lo:   26844     352    0    0    0     0          0         0    26844     352    0    0    0     0       0          0
1777810661.071507486 enP1p1s0: 14016045299 59998512    0    0    0     0          0        40 14016032117 59998504    0    4    0     0       0          0
1777810661.071507486   eth0:       0       0    0    0    0     0          0         0        0       0    0    0    0     0       0          0
1777810661.071507486  wlan0:  316823    1899    0    0    0     0          0         5   210508    1777    0    0    0     0       0          0
1777810662.084518936     lo:   26844     352    0    0    0     0          0         0    26844     352    0    0    0     0       0          0
1777810662.084518936 enP1p1s0: 14139011395 60149576    0    0    0     0          0        40 14138975421 60149540    0    4    0     0       0          0
1777810662.084518936   eth0:       0       0    0    0    0     0          0         0        0       0    0    0    0     0       0          0
1777810662.084518936  wlan0:  316823    1899    0    0    0     0          0         5   210508    1777    0    0    0     0       0          0
1777810663.100266489     lo:   26844     352    0    0    0     0          0         0    26844     352    0    0    0     0       0          0
1777810663.100266489 enP1p1s0: 14262769513 60301613    0    0    0     0          0        40 14262752261 60301600    0    4    0     0       0          0
1777810663.100266489   eth0:       0       0    0    0    0     0          0         0        0       0    0    0    0     0       0          0
1777810663.100266489  wlan0:  316823    1899    0    0    0     0          0         5   210508    1777    0    0    0     0       0          0
1777810664.118205161     lo:   26844     352    0    0    0     0          0         0    26844     352    0    0    0     0       0          0
1777810664.118205161 enP1p1s0: 14385923643 60452908    0    0    0     0          0        40 14385897437 60452884    0    4    0     0       0          0
1777810664.118205161   eth0:       0       0    0    0    0     0          0         0        0       0    0    0    0     0       0          0
1777810664.118205161  wlan0:  316851    1900    0    0    0     0          0         5   210550    1778    0    0    0     0       0          0
1777810665.131629224     lo:   26844     352    0    0    0     0          0         0    26844     352    0    0    0     0       0          0
1777810665.131629224 enP1p1s0: 14508933815 60604028    0    0    0     0          0        40 14508907609 60604004    0    4    0     0       0          0
1777810665.131629224   eth0:       0       0    0    0    0     0          0         0        0       0    0    0    0     0       0          0
1777810665.131629224  wlan0:  316851    1900    0    0    0     0          0         5   210550    1778    0    0    0     0       0          0
1777810666.145352769     lo:   26844     352    0    0    0     0          0         0    26844     352    0    0    0     0       0          0
1777810666.145352769 enP1p1s0: 14631960961 60755167    0    0    0     0          0        40 14631938825 60755148    0    4    0     0       0          0
1777810666.145352769   eth0:       0       0    0    0    0     0          0         0        0       0    0    0    0     0       0          0
1777810666.145352769  wlan0:  316903    1901    0    0    0     0          0         5   210700    1779    0    0    0     0       0          0
1777810667.157262048     lo:   26844     352    0    0    0     0          0         0    26844     352    0    0    0     0       0          0
1777810667.157262048 enP1p1s0: 14754818795 60906098    0    0    0     0          0        40 14754774681 60906052    0    4    0     0       0          0
1777810667.157262048   eth0:       0       0    0    0    0     0          0         0        0       0    0    0    0     0       0          0
1777810667.157262048  wlan0:  316903    1901    0    0    0     0          0         5   210700    1779    0    0    0     0       0          0
1777810668.169088772     lo:   26844     352    0    0    0     0          0         0    26844     352    0    0    0     0       0          0
1777810668.169088772 enP1p1s0: 14877643255 61056988    0    0    0     0          0        40 14877617049 61056964    0    4    0     0       0          0
1777810668.169088772   eth0:       0       0    0    0    0     0          0         0        0       0    0    0    0     0       0          0
1777810668.169088772  wlan0:  316903    1901    0    0    0     0          0         5   210700    1779    0    0    0     0       0          0
1777810669.180994847     lo:   26844     352    0    0    0     0          0         0    26844     352    0    0    0     0       0          0
1777810669.180994847 enP1p1s0: 15000479925 61207893    0    0    0     0          0        40 15000469185 61207888    0    4    0     0       0          0
1777810669.180994847   eth0:       0       0    0    0    0     0          0         0        0       0    0    0    0     0       0          0
1777810669.180994847  wlan0:  316903    1901    0    0    0     0          0         5   210700    1779    0    0    0     0       0          0
1777810670.192933182     lo:   26844     352    0    0    0     0          0         0    26844     352    0    0    0     0       0          0
1777810670.192933182 enP1p1s0: 15123350783 61358840    0    0    0     0          0        40 15123318065 61358808    0    4    0     0       0          0
1777810670.192933182   eth0:       0       0    0    0    0     0          0         0        0       0    0    0    0     0       0          0
1777810670.192933182  wlan0:  316903    1901    0    0    0     0          0         5   210700    1779    0    0    0     0       0          0
1777810671.205053129     lo:   26844     352    0    0    0     0          0         0    26844     352    0    0    0     0       0          0
1777810671.205053129 enP1p1s0: 15246241991 61509812    0    0    0     0          0        40 15246202761 61509772    0    4    0     0       0          0
1777810671.205053129   eth0:       0       0    0    0    0     0          0         0        0       0    0    0    0     0       0          0
1777810671.205053129  wlan0:  316955    1902    0    0    0     0          0         5   210850    1780    0    0    0     0       0          0
1777810672.217025112     lo:   26844     352    0    0    0     0          0         0    26844     352    0    0    0     0       0          0
1777810672.217025112 enP1p1s0: 15369113663 61660760    0    0    0     0          0        40 15369061409 61660704    0    4    0     0       0          0
1777810672.217025112   eth0:       0       0    0    0    0     0          0         0        0       0    0    0    0     0       0          0
1777810672.217025112  wlan0:  316955    1902    0    0    0     0          0         5   210850    1780    0    0    0     0       0          0
1777810673.229081707     lo:   26844     352    0    0    0     0          0         0    26844     352    0    0    0     0       0          0
1777810673.229081707 enP1p1s0: 15491939751 61811652    0    0    0     0          0        40 15491929825 61811648    0    4    0     0       0          0
1777810673.229081707   eth0:       0       0    0    0    0     0          0         0        0       0    0    0    0     0       0          0
1777810673.229081707  wlan0:  316955    1902    0    0    0     0          0         5   210850    1780    0    0    0     0       0          0
1777810674.241218894     lo:   26844     352    0    0    0     0          0         0    26844     352    0    0    0     0       0          0
1777810674.241218894 enP1p1s0: 15614834215 61962628    0    0    0     0          0        40 15614804753 61962600    0    4    0     0       0          0
1777810674.241218894   eth0:       0       0    0    0    0     0          0         0        0       0    0    0    0     0       0          0
1777810674.241218894  wlan0:  316955    1902    0    0    0     0          0         5   210850    1780    0    0    0     0       0          0
1777810675.253202248     lo:   26844     352    0    0    0     0          0         0    26844     352    0    0    0     0       0          0
1777810675.253202248 enP1p1s0: 15737720539 62113594    0    0    0     0          0        40 15737682937 62113556    0    4    0     0       0          0
1777810675.253202248   eth0:       0       0    0    0    0     0          0         0        0       0    0    0    0     0       0          0
1777810675.253202248  wlan0:  316955    1902    0    0    0     0          0         5   210850    1780    0    0    0     0       0          0
1777810676.265326676     lo:   26844     352    0    0    0     0          0         0    26844     352    0    0    0     0       0          0
1777810676.265326676 enP1p1s0: 15860564535 62264508    0    0    0     0          0        40 15860535073 62264480    0    4    0     0       0          0
1777810676.265326676   eth0:       0       0    0    0    0     0          0         0        0       0    0    0    0     0       0          0
1777810676.265326676  wlan0:  317007    1903    0    0    0     0          0         5   211000    1781    0    0    0     0       0          0
1777810677.277234826     lo:   26844     352    0    0    0     0          0         0    26844     352    0    0    0     0       0          0
1777810677.277234826 enP1p1s0: 15983432951 62415452    0    0    0     0          0        40 15983396977 62415416    0    4    0     0       0          0
1777810677.277234826   eth0:       0       0    0    0    0     0          0         0        0       0    0    0    0     0       0          0
1777810677.277234826  wlan0:  317007    1903    0    0    0     0          0         5   211000    1781    0    0    0     0       0          0
1777810678.289174457     lo:   26844     352    0    0    0     0          0         0    26844     352    0    0    0     0       0          0
1777810678.289174457 enP1p1s0: 16106268807 62566356    0    0    0     0          0        40 16106245857 62566336    0    4    0     0       0          0
1777810678.289174457   eth0:       0       0    0    0    0     0          0         0        0       0    0    0    0     0       0          0
1777810678.289174457  wlan0:  317007    1903    0    0    0     0          0         5   211000    1781    0    0    0     0       0          0
1777810679.301473015     lo:   26844     352    0    0    0     0          0         0    26844     352    0    0    0     0       0          0
1777810679.301473015 enP1p1s0: 16229190133 62717365    0    0    0     0          0        40 16229156601 62717332    0    4    0     0       0          0
1777810679.301473015   eth0:       0       0    0    0    0     0          0         0        0       0    0    0    0     0       0          0
1777810679.301473015  wlan0:  317007    1903    0    0    0     0          0         5   211000    1781    0    0    0     0       0          0
1777810680.313967556     lo:   26844     352    0    0    0     0          0         0    26844     352    0    0    0     0       0          0
1777810680.313967556 enP1p1s0: 16352182277 62868461    0    0    0     0          0        40 16352148745 62868428    0    4    0     0       0          0
1777810680.313967556   eth0:       0       0    0    0    0     0          0         0        0       0    0    0    0     0       0          0
1777810680.313967556  wlan0:  317007    1903    0    0    0     0          0         5   211000    1781    0    0    0     0       0          0
1777810681.326900228     lo:   26844     352    0    0    0     0          0         0    26844     352    0    0    0     0       0          0
1777810681.326900228 enP1p1s0: 16475085695 63019448    0    0    0     0          0        40 16475072513 63019440    0    4    0     0       0          0
1777810681.326900228   eth0:       0       0    0    0    0     0          0         0        0       0    0    0    0     0       0          0
1777810681.326900228  wlan0:  317059    1904    0    0    0     0          0         5   211150    1782    0    0    0     0       0          0
1777810682.339481528     lo:   26844     352    0    0    0     0          0         0    26844     352    0    0    0     0       0          0
1777810682.339481528 enP1p1s0: 16598068071 63170532    0    0    0     0          0        40 16598041865 63170508    0    4    0     0       0          0
1777810682.339481528   eth0:       0       0    0    0    0     0          0         0        0       0    0    0    0     0       0          0
1777810682.339481528  wlan0:  317059    1904    0    0    0     0          0         5   211150    1782    0    0    0     0       0          0
1777810683.352387997     lo:   26844     352    0    0    0     0          0         0    26844     352    0    0    0     0       0          0
1777810683.352387997 enP1p1s0: 16720974745 63321523    0    0    0     0          0        40 16720946097 63321496    0    4    0     0       0          0
1777810683.352387997   eth0:       0       0    0    0    0     0          0         0        0       0    0    0    0     0       0          0
1777810683.352387997  wlan0:  317059    1904    0    0    0     0          0         5   211150    1782    0    0    0     0       0          0
1777810684.365198298     lo:   26844     352    0    0    0     0          0         0    26844     352    0    0    0     0       0          0
1777810684.365198298 enP1p1s0: 16843967703 63472620    0    0    0     0          0        40 16843931729 63472584    0    4    0     0       0          0
1777810684.365198298   eth0:       0       0    0    0    0     0          0         0        0       0    0    0    0     0       0          0
1777810684.365198298  wlan0:  317059    1904    0    0    0     0          0         5   211150    1782    0    0    0     0       0          0
1777810685.380295070     lo:   26844     352    0    0    0     0          0         0    26844     352    0    0    0     0       0          0
1777810685.380295070 enP1p1s0: 16967164975 63623968    0    0    0     0          0        40 16967132257 63623936    0    4    0     0       0          0
1777810685.380295070   eth0:       0       0    0    0    0     0          0         0        0       0    0    0    0     0       0          0
1777810685.380295070  wlan0:  317059    1904    0    0    0     0          0         5   211150    1782    0    0    0     0       0          0
1777810686.392213127     lo:   26844     352    0    0    0     0          0         0    26844     352    0    0    0     0       0          0
1777810686.392213127 enP1p1s0: 17090030135 63774908    0    0    0     0          0        40 17089997417 63774876    0    4    0     0       0          0
1777810686.392213127   eth0:       0       0    0    0    0     0          0         0        0       0    0    0    0     0       0          0
1777810686.392213127  wlan0:  317111    1905    0    0    0     0          0         5   211300    1783    0    0    0     0       0          0
1777810687.404125944     lo:   26844     352    0    0    0     0          0         0    26844     352    0    0    0     0       0          0
1777810687.404125944 enP1p1s0: 17212900993 63925855    0    0    0     0          0        40 17212859321 63925812    0    4    0     0       0          0
1777810687.404125944   eth0:       0       0    0    0    0     0          0         0        0       0    0    0    0     0       0          0
1777810687.404125944  wlan0:  317111    1905    0    0    0     0          0         5   211300    1783    0    0    0     0       0          0
1777810688.416074834     lo:   26844     352    0    0    0     0          0         0    26844     352    0    0    0     0       0          0
1777810688.416074834 enP1p1s0: 17335701847 64076716    0    0    0     0          0        40 17335682153 64076700    0    4    0     0       0          0
1777810688.416074834   eth0:       0       0    0    0    0     0          0         0        0       0    0    0    0     0       0          0
1777810688.416074834  wlan0:  317111    1905    0    0    0     0          0         5   211300    1783    0    0    0     0       0          0
