Linux 6.17.0-1011-raspi (raspberrypi) 	05/03/26 	_aarch64_	(4 CPU)

13:26:01     CPU    %usr   %nice    %sys %iowait    %irq   %soft  %steal  %guest  %gnice   %idle
13:26:02     all    0.50    0.00    1.26    0.00    0.00    0.00    0.00    0.00    0.00   98.24
13:26:02       0    1.00    0.00    2.00    0.00    0.00    0.00    0.00    0.00    0.00   97.00
13:26:02       1    0.00    0.00    1.01    0.00    0.00    0.00    0.00    0.00    0.00   98.99
13:26:02       2    0.00    0.00    1.01    0.00    0.00    0.00    0.00    0.00    0.00   98.99
13:26:02       3    1.00    0.00    1.00    0.00    0.00    0.00    0.00    0.00    0.00   98.00

13:26:02     CPU    %usr   %nice    %sys %iowait    %irq   %soft  %steal  %guest  %gnice   %idle
13:26:03     all    0.75    0.00    1.25    0.00    0.00    0.00    0.00    0.00    0.00   98.00
13:26:03       0    0.00    0.00    1.01    0.00    0.00    0.00    0.00    0.00    0.00   98.99
13:26:03       1    1.00    0.00    1.00    0.00    0.00    0.00    0.00    0.00    0.00   98.00
13:26:03       2    0.99    0.00    1.98    0.00    0.00    0.00    0.00    0.00    0.00   97.03
13:26:03       3    1.00    0.00    1.00    0.00    0.00    0.00    0.00    0.00    0.00   98.00

13:26:03     CPU    %usr   %nice    %sys %iowait    %irq   %soft  %steal  %guest  %gnice   %idle
13:26:04     all    0.50    0.00    1.00    0.00    0.00    0.00    0.00    0.00    0.00   98.50
13:26:04       0    1.00    0.00    1.00    0.00    0.00    0.00    0.00    0.00    0.00   98.00
13:26:04       1    0.99    0.00    1.98    0.00    0.00    0.00    0.00    0.00    0.00   97.03
13:26:04       2    0.00    0.00    0.00    0.00    0.00    0.00    0.00    0.00    0.00  100.00
13:26:04       3    0.00    0.00    1.01    0.00    0.00    0.00    0.00    0.00    0.00   98.99

13:26:04     CPU    %usr   %nice    %sys %iowait    %irq   %soft  %steal  %guest  %gnice   %idle
13:26:05     all    0.75    0.00    1.25    0.00    0.00    0.00    0.00    0.00    0.00   98.00
13:26:05       0    0.00    0.00    2.00    0.00    0.00    0.00    0.00    0.00    0.00   98.00
13:26:05       1    1.01    0.00    0.00    0.00    0.00    0.00    0.00    0.00    0.00   98.99
13:26:05       2    1.00    0.00    1.00    0.00    0.00    0.00    0.00    0.00    0.00   98.00
13:26:05       3    0.99    0.00    1.98    0.00    0.00    0.00    0.00    0.00    0.00   97.03

13:26:05     CPU    %usr   %nice    %sys %iowait    %irq   %soft  %steal  %guest  %gnice   %idle
13:26:06     all    0.50    0.00    1.25    0.00    0.00    0.00    0.00    0.00    0.00   98.25
13:26:06       0    1.00    0.00    1.00    0.00    0.00    0.00    0.00    0.00    0.00   98.00
13:26:06       1    0.00    0.00    2.00    0.00    0.00    0.00    0.00    0.00    0.00   98.00
13:26:06       2    1.00    0.00    1.00    0.00    0.00    0.00    0.00    0.00    0.00   98.00
13:26:06       3    0.00    0.00    1.00    0.00    0.00    0.00    0.00    0.00    0.00   99.00

13:26:06     CPU    %usr   %nice    %sys %iowait    %irq   %soft  %steal  %guest  %gnice   %idle
13:26:07     all    0.50    0.00    1.25    0.00    0.00    0.00    0.00    0.00    0.00   98.25
13:26:07       0    0.00    0.00    2.00    0.00    0.00    0.00    0.00    0.00    0.00   98.00
13:26:07       1    1.01    0.00    1.01    0.00    0.00    0.00    0.00    0.00    0.00   97.98
13:26:07       2    0.00    0.00    1.00    0.00    0.00    0.00    0.00    0.00    0.00   99.00
13:26:07       3    1.00    0.00    1.00    0.00    0.00    0.00    0.00    0.00    0.00   98.00

13:26:07     CPU    %usr   %nice    %sys %iowait    %irq   %soft  %steal  %guest  %gnice   %idle
13:26:08     all    0.50    0.00    1.01    0.00    0.00    0.00    0.00    0.00    0.00   98.49
13:26:08       0    1.00    0.00    0.00    0.00    0.00    0.00    0.00    0.00    0.00   99.00
13:26:08       1    0.00    0.00    2.00    0.00    0.00    0.00    0.00    0.00    0.00   98.00
13:26:08       2    1.01    0.00    1.01    0.00    0.00    0.00    0.00    0.00    0.00   97.98
13:26:08       3    0.00    0.00    1.01    0.00    0.00    0.00    0.00    0.00    0.00   98.99

13:26:08     CPU    %usr   %nice    %sys %iowait    %irq   %soft  %steal  %guest  %gnice   %idle
13:26:09     all    0.50    0.00    1.00    0.25    0.00    0.00    0.00    0.00    0.00   98.25
13:26:09       0    1.00    0.00    1.00    0.00    0.00    0.00    0.00    0.00    0.00   98.00
13:26:09       1    0.00    0.00    1.00    1.00    0.00    0.00    0.00    0.00    0.00   98.00
13:26:09       2    0.00    0.00    1.00    0.00    0.00    0.00    0.00    0.00    0.00   99.00
13:26:09       3    1.00    0.00    1.00    0.00    0.00    0.00    0.00    0.00    0.00   98.00

13:26:09     CPU    %usr   %nice    %sys %iowait    %irq   %soft  %steal  %guest  %gnice   %idle
13:26:10     all    0.50    0.00    1.50    0.00    0.00    0.00    0.00    0.00    0.00   98.00
13:26:10       0    0.00    0.00    2.00    0.00    0.00    0.00    0.00    0.00    0.00   98.00
13:26:10       1    0.99    0.00    1.98    0.00    0.00    0.00    0.00    0.00    0.00   97.03
13:26:10       2    1.00    0.00    1.00    0.00    0.00    0.00    0.00    0.00    0.00   98.00
13:26:10       3    0.00    0.00    1.01    0.00    0.00    0.00    0.00    0.00    0.00   98.99

13:26:10     CPU    %usr   %nice    %sys %iowait    %irq   %soft  %steal  %guest  %gnice   %idle
13:26:11     all    0.50    0.00    1.00    0.00    0.00    0.00    0.00    0.00    0.00   98.50
13:26:11       0    0.99    0.00    0.99    0.00    0.00    0.00    0.00    0.00    0.00   98.02
13:26:11       1    0.00    0.00    1.01    0.00    0.00    0.00    0.00    0.00    0.00   98.99
13:26:11       2    0.00    0.00    1.01    0.00    0.00    0.00    0.00    0.00    0.00   98.99
13:26:11       3    1.00    0.00    1.00    0.00    0.00    0.00    0.00    0.00    0.00   98.00

13:26:11     CPU    %usr   %nice    %sys %iowait    %irq   %soft  %steal  %guest  %gnice   %idle
13:26:12     all    0.25    0.00    1.50    0.00    0.00    0.00    0.00    0.00    0.00   98.25
13:26:12       0    0.00    0.00    1.02    0.00    0.00    0.00    0.00    0.00    0.00   98.98
13:26:12       1    0.00    0.00    2.00    0.00    0.00    0.00    0.00    0.00    0.00   98.00
13:26:12       2    0.98    0.00    1.96    0.00    0.00    0.00    0.00    0.00    0.00   97.06
13:26:12       3    0.00    0.00    1.00    0.00    0.00    0.00    0.00    0.00    0.00   99.00

13:26:12     CPU    %usr   %nice    %sys %iowait    %irq   %soft  %steal  %guest  %gnice   %idle
13:26:13     all    0.75    0.00    1.25    0.00    0.00    0.00    0.00    0.00    0.00   98.00
13:26:13       0    0.98    0.00    1.96    0.00    0.00    0.00    0.00    0.00    0.00   97.06
13:26:13       1    1.00    0.00    1.00    0.00    0.00    0.00    0.00    0.00    0.00   98.00
13:26:13       2    0.00    0.00    1.01    0.00    0.00    0.00    0.00    0.00    0.00   98.99
13:26:13       3    1.00    0.00    1.00    0.00    0.00    0.00    0.00    0.00    0.00   98.00

13:26:13     CPU    %usr   %nice    %sys %iowait    %irq   %soft  %steal  %guest  %gnice   %idle
13:26:14     all    0.50    0.00    1.50    0.00    0.00    0.00    0.00    0.00    0.00   98.00
13:26:14       0    0.00    0.00    1.01    0.00    0.00    0.00    0.00    0.00    0.00   98.99
13:26:14       1    0.99    0.00    0.99    0.00    0.00    0.00    0.00    0.00    0.00   98.02
13:26:14       2    0.00    0.00    2.00    0.00    0.00    0.00    0.00    0.00    0.00   98.00
13:26:14       3    0.99    0.00    1.98    0.00    0.00    0.00    0.00    0.00    0.00   97.03

13:26:14     CPU    %usr   %nice    %sys %iowait    %irq   %soft  %steal  %guest  %gnice   %idle
13:26:15     all    0.54    0.00    1.08    0.00    0.00    0.27    0.00    0.00    0.00   98.12
13:26:15       0    1.35    0.00    1.35    0.00    0.00    1.35    0.00    0.00    0.00   95.95
13:26:15       1    0.00    0.00    1.01    0.00    0.00    0.00    0.00    0.00    0.00   98.99
13:26:15       2    1.00    0.00    1.00    0.00    0.00    0.00    0.00    0.00    0.00   98.00
13:26:15       3    0.00    0.00    1.01    0.00    0.00    0.00    0.00    0.00    0.00   98.99

13:26:15     CPU    %usr   %nice    %sys %iowait    %irq   %soft  %steal  %guest  %gnice   %idle
13:26:16     all    0.55    0.00    1.38    0.00    0.00    2.21    0.00    0.00    0.00   95.86
13:26:16       0    0.00    0.00    1.61    0.00    0.00   12.90    0.00    0.00    0.00   85.48
13:26:16       1    0.99    0.00    0.99    0.00    0.00    0.00    0.00    0.00    0.00   98.02
13:26:16       2    0.00    0.00    2.00    0.00    0.00    0.00    0.00    0.00    0.00   98.00
13:26:16       3    1.01    0.00    1.01    0.00    0.00    0.00    0.00    0.00    0.00   97.98

13:26:16     CPU    %usr   %nice    %sys %iowait    %irq   %soft  %steal  %guest  %gnice   %idle
13:26:17     all    0.55    0.00    1.38    0.28    0.00    2.21    0.00    0.00    0.00   95.58
13:26:17       0    0.00    0.00    1.61    0.00    0.00   12.90    0.00    0.00    0.00   85.48
13:26:17       1    0.00    0.00    1.01    1.01    0.00    0.00    0.00    0.00    0.00   97.98
13:26:17       2    1.00    0.00    1.00    0.00    0.00    0.00    0.00    0.00    0.00   98.00
13:26:17       3    0.99    0.00    1.98    0.00    0.00    0.00    0.00    0.00    0.00   97.03

13:26:17     CPU    %usr   %nice    %sys %iowait    %irq   %soft  %steal  %guest  %gnice   %idle
13:26:18     all    1.10    0.00    1.10    0.00    0.00    1.93    0.00    0.00    0.00   95.87
13:26:18       0    1.61    0.00    0.00    0.00    0.00   11.29    0.00    0.00    0.00   87.10
13:26:18       1    0.99    0.00    1.98    0.00    0.00    0.00    0.00    0.00    0.00   97.03
13:26:18       2    1.00    0.00    1.00    0.00    0.00    0.00    0.00    0.00    0.00   98.00
13:26:18       3    1.00    0.00    1.00    0.00    0.00    0.00    0.00    0.00    0.00   98.00

13:26:18     CPU    %usr   %nice    %sys %iowait    %irq   %soft  %steal  %guest  %gnice   %idle
13:26:19     all    0.00    0.00    1.11    0.00    0.00    2.23    0.00    0.00    0.00   96.66
13:26:19       0    0.00    0.00    1.64    0.00    0.00   13.11    0.00    0.00    0.00   85.25
13:26:19       1    0.00    0.00    1.01    0.00    0.00    0.00    0.00    0.00    0.00   98.99
13:26:19       2    0.00    0.00    1.00    0.00    0.00    0.00    0.00    0.00    0.00   99.00
13:26:19       3    0.00    0.00    1.01    0.00    0.00    0.00    0.00    0.00    0.00   98.99

13:26:19     CPU    %usr   %nice    %sys %iowait    %irq   %soft  %steal  %guest  %gnice   %idle
13:26:20     all    0.83    0.00    1.39    0.00    0.00    1.66    0.00    0.00    0.00   96.12
13:26:20       0    1.64    0.00    1.64    0.00    0.00    9.84    0.00    0.00    0.00   86.89
13:26:20       1    0.00    0.00    1.00    0.00    0.00    0.00    0.00    0.00    0.00   99.00
13:26:20       2    1.00    0.00    1.00    0.00    0.00    0.00    0.00    0.00    0.00   98.00
13:26:20       3    1.00    0.00    2.00    0.00    0.00    0.00    0.00    0.00    0.00   97.00

13:26:20     CPU    %usr   %nice    %sys %iowait    %irq   %soft  %steal  %guest  %gnice   %idle
13:26:21     all    0.83    0.00    1.11    0.00    0.00    1.94    0.00    0.00    0.00   96.12
13:26:21       0    0.00    0.00    1.64    0.00    0.00   11.48    0.00    0.00    0.00   86.89
13:26:21       1    1.00    0.00    1.00    0.00    0.00    0.00    0.00    0.00    0.00   98.00
13:26:21       2    1.00    0.00    1.00    0.00    0.00    0.00    0.00    0.00    0.00   98.00
13:26:21       3    1.00    0.00    1.00    0.00    0.00    0.00    0.00    0.00    0.00   98.00

13:26:21     CPU    %usr   %nice    %sys %iowait    %irq   %soft  %steal  %guest  %gnice   %idle
13:26:22     all    0.55    0.00    1.38    0.28    0.00    2.20    0.00    0.00    0.00   95.59
13:26:22       0    1.56    0.00    1.56    0.00    0.00   12.50    0.00    0.00    0.00   84.38
13:26:22       1    0.00    0.00    1.01    0.00    0.00    0.00    0.00    0.00    0.00   98.99
13:26:22       2    0.00    0.00    2.00    0.00    0.00    0.00    0.00    0.00    0.00   98.00
13:26:22       3    1.00    0.00    1.00    1.00    0.00    0.00    0.00    0.00    0.00   97.00

13:26:22     CPU    %usr   %nice    %sys %iowait    %irq   %soft  %steal  %guest  %gnice   %idle
13:26:23     all    0.82    0.00    1.64    0.00    0.00    2.47    0.00    0.00    0.00   95.07
13:26:23       0    0.00    0.00    3.17    0.00    0.00   14.29    0.00    0.00    0.00   82.54
13:26:23       1    0.99    0.00    0.99    0.00    0.00    0.00    0.00    0.00    0.00   98.02
13:26:23       2    1.00    0.00    1.00    0.00    0.00    0.00    0.00    0.00    0.00   98.00
13:26:23       3    0.99    0.00    1.98    0.00    0.00    0.00    0.00    0.00    0.00   97.03

13:26:23     CPU    %usr   %nice    %sys %iowait    %irq   %soft  %steal  %guest  %gnice   %idle
13:26:24     all    0.55    0.00    1.38    0.00    0.00    1.93    0.00    0.00    0.00   96.13
13:26:24       0    1.61    0.00    1.61    0.00    0.00   11.29    0.00    0.00    0.00   85.48
13:26:24       1    0.00    0.00    1.01    0.00    0.00    0.00    0.00    0.00    0.00   98.99
13:26:24       2    1.00    0.00    1.00    0.00    0.00    0.00    0.00    0.00    0.00   98.00
13:26:24       3    0.00    0.00    1.98    0.00    0.00    0.00    0.00    0.00    0.00   98.02

13:26:24     CPU    %usr   %nice    %sys %iowait    %irq   %soft  %steal  %guest  %gnice   %idle
13:26:25     all    0.55    0.00    1.39    0.00    0.00    2.22    0.00    0.00    0.00   95.84
13:26:25       0    0.00    0.00    1.61    0.00    0.00   12.90    0.00    0.00    0.00   85.48
13:26:25       1    0.99    0.00    1.98    0.00    0.00    0.00    0.00    0.00    0.00   97.03
13:26:25       2    0.00    0.00    1.01    0.00    0.00    0.00    0.00    0.00    0.00   98.99
13:26:25       3    1.01    0.00    1.01    0.00    0.00    0.00    0.00    0.00    0.00   97.98

13:26:25     CPU    %usr   %nice    %sys %iowait    %irq   %soft  %steal  %guest  %gnice   %idle
13:26:26     all    0.28    0.00    1.66    0.00    0.00    1.93    0.00    0.00    0.00   96.13
13:26:26       0    1.61    0.00    1.61    0.00    0.00   11.29    0.00    0.00    0.00   85.48
13:26:26       1    0.00    0.00    1.01    0.00    0.00    0.00    0.00    0.00    0.00   98.99
13:26:26       2    0.00    0.00    2.00    0.00    0.00    0.00    0.00    0.00    0.00   98.00
13:26:26       3    0.00    0.00    1.98    0.00    0.00    0.00    0.00    0.00    0.00   98.02

13:26:26     CPU    %usr   %nice    %sys %iowait    %irq   %soft  %steal  %guest  %gnice   %idle
13:26:27     all    0.83    0.00    1.38    0.00    0.00    2.20    0.00    0.00    0.00   95.59
13:26:27       0    0.00    0.00    1.61    0.00    0.00   12.90    0.00    0.00    0.00   85.48
13:26:27       1    0.99    0.00    1.98    0.00    0.00    0.00    0.00    0.00    0.00   97.03
13:26:27       2    1.00    0.00    1.00    0.00    0.00    0.00    0.00    0.00    0.00   98.00
13:26:27       3    1.00    0.00    1.00    0.00    0.00    0.00    0.00    0.00    0.00   98.00

13:26:27     CPU    %usr   %nice    %sys %iowait    %irq   %soft  %steal  %guest  %gnice   %idle
13:26:28     all    0.56    0.00    0.83    0.00    0.00    2.22    0.00    0.00    0.00   96.39
13:26:28       0    1.61    0.00    0.00    0.00    0.00   12.90    0.00    0.00    0.00   85.48
13:26:28       1    0.00    0.00    1.01    0.00    0.00    0.00    0.00    0.00    0.00   98.99
13:26:28       2    1.00    0.00    1.00    0.00    0.00    0.00    0.00    0.00    0.00   98.00
13:26:28       3    0.00    0.00    1.01    0.00    0.00    0.00    0.00    0.00    0.00   98.99

13:26:28     CPU    %usr   %nice    %sys %iowait    %irq   %soft  %steal  %guest  %gnice   %idle
13:26:29     all    1.10    0.00    1.38    0.00    0.00    2.20    0.00    0.00    0.00   95.32
13:26:29       0    0.00    0.00    3.17    0.00    0.00   12.70    0.00    0.00    0.00   84.13
13:26:29       1    1.00    0.00    1.00    0.00    0.00    0.00    0.00    0.00    0.00   98.00
13:26:29       2    1.00    0.00    1.00    0.00    0.00    0.00    0.00    0.00    0.00   98.00
13:26:29       3    2.00    0.00    1.00    0.00    0.00    0.00    0.00    0.00    0.00   97.00

13:26:29     CPU    %usr   %nice    %sys %iowait    %irq   %soft  %steal  %guest  %gnice   %idle
13:26:30     all    0.00    0.00    1.66    0.00    0.00    2.22    0.00    0.00    0.00   96.12
13:26:30       0    0.00    0.00    1.61    0.00    0.00   12.90    0.00    0.00    0.00   85.48
13:26:30       1    0.00    0.00    1.01    0.00    0.00    0.00    0.00    0.00    0.00   98.99
13:26:30       2    0.00    0.00    2.00    0.00    0.00    0.00    0.00    0.00    0.00   98.00
13:26:30       3    0.00    0.00    2.00    0.00    0.00    0.00    0.00    0.00    0.00   98.00

13:26:30     CPU    %usr   %nice    %sys %iowait    %irq   %soft  %steal  %guest  %gnice   %idle
13:26:31     all    1.10    0.00    1.65    0.00    0.00    1.65    0.00    0.00    0.00   95.60
13:26:31       0    1.64    0.00    1.64    0.00    0.00    9.84    0.00    0.00    0.00   86.89
13:26:31       1    0.98    0.00    1.96    0.00    0.00    0.00    0.00    0.00    0.00   97.06
13:26:31       2    0.99    0.00    1.98    0.00    0.00    0.00    0.00    0.00    0.00   97.03
13:26:31       3    1.00    0.00    1.00    0.00    0.00    0.00    0.00    0.00    0.00   98.00

13:26:31     CPU    %usr   %nice    %sys %iowait    %irq   %soft  %steal  %guest  %gnice   %idle
13:26:32     all    0.00    0.00    0.56    0.00    0.00    1.40    0.00    0.00    0.00   98.04
13:26:32       0    0.00    0.00    0.00    0.00    0.00    8.47    0.00    0.00    0.00   91.53
13:26:32       1    0.00    0.00    0.00    0.00    0.00    0.00    0.00    0.00    0.00  100.00
13:26:32       2    0.00    0.00    1.01    0.00    0.00    0.00    0.00    0.00    0.00   98.99
13:26:32       3    0.00    0.00    1.00    0.00    0.00    0.00    0.00    0.00    0.00   99.00

13:26:32     CPU    %usr   %nice    %sys %iowait    %irq   %soft  %steal  %guest  %gnice   %idle
13:26:33     all    0.28    0.00    1.38    0.00    0.00    2.20    0.00    0.00    0.00   96.14
13:26:33       0    0.00    0.00    1.61    0.00    0.00   12.90    0.00    0.00    0.00   85.48
13:26:33       1    0.00    0.00    2.00    0.00    0.00    0.00    0.00    0.00    0.00   98.00
13:26:33       2    0.00    0.00    1.00    0.00    0.00    0.00    0.00    0.00    0.00   99.00
13:26:33       3    0.99    0.00    0.99    0.00    0.00    0.00    0.00    0.00    0.00   98.02

13:26:33     CPU    %usr   %nice    %sys %iowait    %irq   %soft  %steal  %guest  %gnice   %idle
13:26:34     all    0.56    0.00    1.11    0.00    0.00    1.94    0.00    0.00    0.00   96.39
13:26:34       0    0.00    0.00    1.64    0.00    0.00   11.48    0.00    0.00    0.00   86.89
13:26:34       1    0.00    0.00    1.01    0.00    0.00    0.00    0.00    0.00    0.00   98.99
13:26:34       2    1.00    0.00    1.00    0.00    0.00    0.00    0.00    0.00    0.00   98.00
13:26:34       3    1.00    0.00    1.00    0.00    0.00    0.00    0.00    0.00    0.00   98.00

13:26:34     CPU    %usr   %nice    %sys %iowait    %irq   %soft  %steal  %guest  %gnice   %idle
13:26:35     all    0.83    0.00    1.38    0.00    0.00    2.20    0.00    0.00    0.00   95.59
13:26:35       0    1.59    0.00    1.59    0.00    0.00   12.70    0.00    0.00    0.00   84.13
13:26:35       1    0.99    0.00    1.98    0.00    0.00    0.00    0.00    0.00    0.00   97.03
13:26:35       2    0.00    0.00    1.01    0.00    0.00    0.00    0.00    0.00    0.00   98.99
13:26:35       3    1.00    0.00    1.00    0.00    0.00    0.00    0.00    0.00    0.00   98.00

13:26:35     CPU    %usr   %nice    %sys %iowait    %irq   %soft  %steal  %guest  %gnice   %idle
13:26:36     all    0.28    0.00    1.39    0.00    0.00    1.67    0.00    0.00    0.00   96.67
13:26:36       0    0.00    0.00    1.67    0.00    0.00   10.00    0.00    0.00    0.00   88.33
13:26:36       1    0.00    0.00    1.00    0.00    0.00    0.00    0.00    0.00    0.00   99.00
13:26:36       2    1.00    0.00    1.00    0.00    0.00    0.00    0.00    0.00    0.00   98.00
13:26:36       3    0.00    0.00    2.00    0.00    0.00    0.00    0.00    0.00    0.00   98.00

13:26:36     CPU    %usr   %nice    %sys %iowait    %irq   %soft  %steal  %guest  %gnice   %idle
13:26:37     all    0.83    0.00    1.10    0.28    0.00    2.21    0.00    0.00    0.00   95.58
13:26:37       0    1.59    0.00    1.59    0.00    0.00   12.70    0.00    0.00    0.00   84.13
13:26:37       1    1.00    0.00    1.00    1.00    0.00    0.00    0.00    0.00    0.00   97.00
13:26:37       2    1.00    0.00    1.00    0.00    0.00    0.00    0.00    0.00    0.00   98.00
13:26:37       3    0.00    0.00    1.01    0.00    0.00    0.00    0.00    0.00    0.00   98.99

13:26:37     CPU    %usr   %nice    %sys %iowait    %irq   %soft  %steal  %guest  %gnice   %idle
13:26:38     all    0.83    0.00    1.38    0.00    0.00    1.93    0.00    0.00    0.00   95.86
13:26:38       0    0.00    0.00    1.64    0.00    0.00   11.48    0.00    0.00    0.00   86.89
13:26:38       1    1.00    0.00    1.00    0.00    0.00    0.00    0.00    0.00    0.00   98.00
13:26:38       2    0.99    0.00    1.98    0.00    0.00    0.00    0.00    0.00    0.00   97.03
13:26:38       3    1.00    0.00    1.00    0.00    0.00    0.00    0.00    0.00    0.00   98.00

13:26:38     CPU    %usr   %nice    %sys %iowait    %irq   %soft  %steal  %guest  %gnice   %idle
13:26:39     all    0.55    0.00    1.10    0.00    0.00    2.75    0.00    0.00    0.00   95.60
13:26:39       0    1.54    0.00    1.54    0.00    0.00   15.38    0.00    0.00    0.00   81.54
13:26:39       1    1.00    0.00    1.00    0.00    0.00    0.00    0.00    0.00    0.00   98.00
13:26:39       2    0.00    0.00    1.01    0.00    0.00    0.00    0.00    0.00    0.00   98.99
13:26:39       3    0.00    0.00    1.00    0.00    0.00    0.00    0.00    0.00    0.00   99.00

13:26:39     CPU    %usr   %nice    %sys %iowait    %irq   %soft  %steal  %guest  %gnice   %idle
13:26:40     all    0.55    0.00    1.66    0.00    0.00    1.94    0.00    0.00    0.00   95.84
13:26:40       0    0.00    0.00    1.64    0.00    0.00   11.48    0.00    0.00    0.00   86.89
13:26:40       1    0.00    0.00    1.00    0.00    0.00    0.00    0.00    0.00    0.00   99.00
13:26:40       2    1.00    0.00    2.00    0.00    0.00    0.00    0.00    0.00    0.00   97.00
13:26:40       3    1.00    0.00    2.00    0.00    0.00    0.00    0.00    0.00    0.00   97.00

13:26:40     CPU    %usr   %nice    %sys %iowait    %irq   %soft  %steal  %guest  %gnice   %idle
13:26:41     all    1.10    0.00    1.10    0.00    0.00    2.20    0.00    0.00    0.00   95.59
13:26:41       0    1.59    0.00    1.59    0.00    0.00   12.70    0.00    0.00    0.00   84.13
13:26:41       1    2.00    0.00    1.00    0.00    0.00    0.00    0.00    0.00    0.00   97.00
13:26:41       2    1.00    0.00    1.00    0.00    0.00    0.00    0.00    0.00    0.00   98.00
13:26:41       3    0.00    0.00    1.00    0.00    0.00    0.00    0.00    0.00    0.00   99.00

13:26:41     CPU    %usr   %nice    %sys %iowait    %irq   %soft  %steal  %guest  %gnice   %idle
13:26:42     all    0.28    0.00    1.94    0.00    0.00    1.66    0.00    0.00    0.00   96.12
13:26:42       0    0.00    0.00    1.67    0.00    0.00   10.00    0.00    0.00    0.00   88.33
13:26:42       1    0.00    0.00    2.00    0.00    0.00    0.00    0.00    0.00    0.00   98.00
13:26:42       2    0.00    0.00    1.98    0.00    0.00    0.00    0.00    0.00    0.00   98.02
13:26:42       3    1.00    0.00    2.00    0.00    0.00    0.00    0.00    0.00    0.00   97.00

13:26:42     CPU    %usr   %nice    %sys %iowait    %irq   %soft  %steal  %guest  %gnice   %idle
13:26:43     all    0.55    0.00    1.39    0.00    0.00    1.94    0.00    0.00    0.00   96.12
13:26:43       0    0.00    0.00    1.64    0.00    0.00   11.48    0.00    0.00    0.00   86.89
13:26:43       1    1.00    0.00    1.00    0.00    0.00    0.00    0.00    0.00    0.00   98.00
13:26:43       2    1.00    0.00    1.00    0.00    0.00    0.00    0.00    0.00    0.00   98.00
13:26:43       3    0.00    0.00    2.00    0.00    0.00    0.00    0.00    0.00    0.00   98.00

13:26:43     CPU    %usr   %nice    %sys %iowait    %irq   %soft  %steal  %guest  %gnice   %idle
13:26:44     all    1.10    0.00    0.83    0.00    0.00    2.21    0.00    0.00    0.00   95.86
13:26:44       0    1.61    0.00    0.00    0.00    0.00   12.90    0.00    0.00    0.00   85.48
13:26:44       1    1.00    0.00    1.00    0.00    0.00    0.00    0.00    0.00    0.00   98.00
13:26:44       2    1.00    0.00    1.00    0.00    0.00    0.00    0.00    0.00    0.00   98.00
13:26:44       3    1.00    0.00    1.00    0.00    0.00    0.00    0.00    0.00    0.00   98.00

13:26:44     CPU    %usr   %nice    %sys %iowait    %irq   %soft  %steal  %guest  %gnice   %idle
13:26:45     all    0.28    0.00    1.38    0.00    0.00    2.75    0.00    0.00    0.00   95.59
13:26:45       0    0.00    0.00    1.56    0.00    0.00   15.62    0.00    0.00    0.00   82.81
13:26:45       1    1.00    0.00    2.00    0.00    0.00    0.00    0.00    0.00    0.00   97.00
13:26:45       2    0.00    0.00    1.01    0.00    0.00    0.00    0.00    0.00    0.00   98.99
13:26:45       3    0.00    0.00    1.00    0.00    0.00    0.00    0.00    0.00    0.00   99.00

13:26:45     CPU    %usr   %nice    %sys %iowait    %irq   %soft  %steal  %guest  %gnice   %idle
13:26:46     all    0.83    0.00    1.39    0.00    0.00    1.66    0.00    0.00    0.00   96.12
13:26:46       0    1.61    0.00    3.23    0.00    0.00    9.68    0.00    0.00    0.00   85.48
13:26:46       1    0.00    0.00    1.01    0.00    0.00    0.00    0.00    0.00    0.00   98.99
13:26:46       2    1.00    0.00    1.00    0.00    0.00    0.00    0.00    0.00    0.00   98.00
13:26:46       3    1.00    0.00    1.00    0.00    0.00    0.00    0.00    0.00    0.00   98.00

13:26:46     CPU    %usr   %nice    %sys %iowait    %irq   %soft  %steal  %guest  %gnice   %idle
13:26:47     all    0.28    0.00    1.93    0.28    0.00    1.93    0.00    0.00    0.00   95.58
13:26:47       0    0.00    0.00    1.64    0.00    0.00   11.48    0.00    0.00    0.00   86.89
13:26:47       1    1.00    0.00    2.00    0.00    0.00    0.00    0.00    0.00    0.00   97.00
13:26:47       2    0.00    0.00    1.98    0.99    0.00    0.00    0.00    0.00    0.00   97.03
13:26:47       3    0.00    0.00    2.00    0.00    0.00    0.00    0.00    0.00    0.00   98.00

13:26:47     CPU    %usr   %nice    %sys %iowait    %irq   %soft  %steal  %guest  %gnice   %idle
13:26:48     all    0.55    0.00    1.38    0.00    0.00    1.93    0.00    0.00    0.00   96.13
13:26:48       0    1.61    0.00    1.61    0.00    0.00   11.29    0.00    0.00    0.00   85.48
13:26:48       1    0.00    0.00    2.00    0.00    0.00    0.00    0.00    0.00    0.00   98.00
13:26:48       2    0.99    0.00    0.99    0.00    0.00    0.00    0.00    0.00    0.00   98.02
13:26:48       3    0.00    0.00    1.01    0.00    0.00    0.00    0.00    0.00    0.00   98.99

13:26:48     CPU    %usr   %nice    %sys %iowait    %irq   %soft  %steal  %guest  %gnice   %idle
13:26:49     all    0.56    0.00    0.84    0.00    0.00    1.95    0.00    0.00    0.00   96.66
13:26:49       0    0.00    0.00    0.00    0.00    0.00   11.67    0.00    0.00    0.00   88.33
13:26:49       1    1.00    0.00    1.00    0.00    0.00    0.00    0.00    0.00    0.00   98.00
13:26:49       2    0.00    0.00    1.01    0.00    0.00    0.00    0.00    0.00    0.00   98.99
13:26:49       3    1.00    0.00    1.00    0.00    0.00    0.00    0.00    0.00    0.00   98.00

13:26:49     CPU    %usr   %nice    %sys %iowait    %irq   %soft  %steal  %guest  %gnice   %idle
13:26:50     all    0.83    0.00    1.66    0.00    0.00    1.39    0.00    0.00    0.00   96.12
13:26:50       0    1.64    0.00    3.28    0.00    0.00    8.20    0.00    0.00    0.00   86.89
13:26:50       1    1.00    0.00    2.00    0.00    0.00    0.00    0.00    0.00    0.00   97.00
13:26:50       2    1.00    0.00    1.00    0.00    0.00    0.00    0.00    0.00    0.00   98.00
13:26:50       3    0.00    0.00    1.00    0.00    0.00    0.00    0.00    0.00    0.00   99.00

13:26:50     CPU    %usr   %nice    %sys %iowait    %irq   %soft  %steal  %guest  %gnice   %idle
13:26:51     all    0.55    0.00    1.65    0.00    0.00    2.20    0.00    0.00    0.00   95.60
13:26:51       0    0.00    0.00    1.61    0.00    0.00   12.90    0.00    0.00    0.00   85.48
13:26:51       1    0.00    0.00    2.00    0.00    0.00    0.00    0.00    0.00    0.00   98.00
13:26:51       2    0.99    0.00    0.99    0.00    0.00    0.00    0.00    0.00    0.00   98.02
13:26:51       3    0.99    0.00    1.98    0.00    0.00    0.00    0.00    0.00    0.00   97.03

13:26:51     CPU    %usr   %nice    %sys %iowait    %irq   %soft  %steal  %guest  %gnice   %idle
13:26:52     all    0.28    0.00    1.12    0.00    0.00    1.96    0.00    0.00    0.00   96.65
13:26:52       0    1.64    0.00    1.64    0.00    0.00   11.48    0.00    0.00    0.00   85.25
13:26:52       1    0.00    0.00    1.01    0.00    0.00    0.00    0.00    0.00    0.00   98.99
13:26:52       2    0.00    0.00    1.01    0.00    0.00    0.00    0.00    0.00    0.00   98.99
13:26:52       3    0.00    0.00    1.01    0.00    0.00    0.00    0.00    0.00    0.00   98.99

13:26:52     CPU    %usr   %nice    %sys %iowait    %irq   %soft  %steal  %guest  %gnice   %idle
13:26:53     all    0.83    0.00    1.65    0.00    0.00    2.20    0.00    0.00    0.00   95.32
13:26:53       0    1.59    0.00    1.59    0.00    0.00   12.70    0.00    0.00    0.00   84.13
13:26:53       1    1.00    0.00    2.00    0.00    0.00    0.00    0.00    0.00    0.00   97.00
13:26:53       2    1.00    0.00    2.00    0.00    0.00    0.00    0.00    0.00    0.00   97.00
13:26:53       3    0.00    0.00    1.00    0.00    0.00    0.00    0.00    0.00    0.00   99.00

13:26:53     CPU    %usr   %nice    %sys %iowait    %irq   %soft  %steal  %guest  %gnice   %idle
13:26:54     all    0.55    0.00    1.37    0.00    0.00    2.47    0.00    0.00    0.00   95.60
13:26:54       0    0.00    0.00    1.59    0.00    0.00   14.29    0.00    0.00    0.00   84.13
13:26:54       1    0.00    0.00    2.00    0.00    0.00    0.00    0.00    0.00    0.00   98.00
13:26:54       2    0.99    0.00    0.99    0.00    0.00    0.00    0.00    0.00    0.00   98.02
13:26:54       3    1.00    0.00    1.00    0.00    0.00    0.00    0.00    0.00    0.00   98.00

13:26:54     CPU    %usr   %nice    %sys %iowait    %irq   %soft  %steal  %guest  %gnice   %idle
13:26:55     all    0.83    0.00    1.11    0.00    0.00    1.94    0.00    0.00    0.00   96.12
13:26:55       0    1.61    0.00    1.61    0.00    0.00   11.29    0.00    0.00    0.00   85.48
13:26:55       1    1.00    0.00    1.00    0.00    0.00    0.00    0.00    0.00    0.00   98.00
13:26:55       2    0.00    0.00    1.01    0.00    0.00    0.00    0.00    0.00    0.00   98.99
13:26:55       3    1.00    0.00    1.00    0.00    0.00    0.00    0.00    0.00    0.00   98.00

13:26:55     CPU    %usr   %nice    %sys %iowait    %irq   %soft  %steal  %guest  %gnice   %idle
13:26:56     all    0.28    0.00    1.38    0.00    0.00    2.49    0.00    0.00    0.00   95.86
13:26:56       0    0.00    0.00    3.17    0.00    0.00   14.29    0.00    0.00    0.00   82.54
13:26:56       1    1.00    0.00    1.00    0.00    0.00    0.00    0.00    0.00    0.00   98.00
13:26:56       2    0.00    0.00    1.00    0.00    0.00    0.00    0.00    0.00    0.00   99.00
13:26:56       3    0.00    0.00    1.01    0.00    0.00    0.00    0.00    0.00    0.00   98.99

13:26:56     CPU    %usr   %nice    %sys %iowait    %irq   %soft  %steal  %guest  %gnice   %idle
13:26:57     all    0.82    0.00    1.65    0.27    0.00    1.92    0.00    0.00    0.00   95.33
13:26:57       0    1.61    0.00    1.61    0.00    0.00   11.29    0.00    0.00    0.00   85.48
13:26:57       1    0.00    0.00    1.98    0.99    0.00    0.00    0.00    0.00    0.00   97.03
13:26:57       2    0.99    0.00    1.98    0.00    0.00    0.00    0.00    0.00    0.00   97.03
13:26:57       3    1.00    0.00    1.00    0.00    0.00    0.00    0.00    0.00    0.00   98.00

13:26:57     CPU    %usr   %nice    %sys %iowait    %irq   %soft  %steal  %guest  %gnice   %idle
13:26:58     all    0.28    0.00    0.28    0.00    0.00    1.40    0.00    0.00    0.00   98.04
13:26:58       0    0.00    0.00    0.00    0.00    0.00    8.47    0.00    0.00    0.00   91.53
13:26:58       1    0.00    0.00    0.00    0.00    0.00    0.00    0.00    0.00    0.00  100.00
13:26:58       2    0.00    0.00    0.00    0.00    0.00    0.00    0.00    0.00    0.00  100.00
13:26:58       3    0.99    0.00    0.99    0.00    0.00    0.00    0.00    0.00    0.00   98.02

13:26:58     CPU    %usr   %nice    %sys %iowait    %irq   %soft  %steal  %guest  %gnice   %idle
13:26:59     all    0.55    0.00    1.38    0.00    0.00    1.93    0.00    0.00    0.00   96.14
13:26:59       0    1.59    0.00    1.59    0.00    0.00   11.11    0.00    0.00    0.00   85.71
13:26:59       1    1.00    0.00    1.00    0.00    0.00    0.00    0.00    0.00    0.00   98.00
13:26:59       2    0.00    0.00    1.98    0.00    0.00    0.00    0.00    0.00    0.00   98.02
13:26:59       3    0.00    0.00    1.01    0.00    0.00    0.00    0.00    0.00    0.00   98.99

13:26:59     CPU    %usr   %nice    %sys %iowait    %irq   %soft  %steal  %guest  %gnice   %idle
13:27:00     all    0.27    0.00    1.37    0.00    0.00    3.02    0.00    0.00    0.00   95.33
13:27:00       0    0.00    0.00    1.56    0.00    0.00   17.19    0.00    0.00    0.00   81.25
13:27:00       1    0.00    0.00    2.00    0.00    0.00    0.00    0.00    0.00    0.00   98.00
13:27:00       2    1.00    0.00    1.00    0.00    0.00    0.00    0.00    0.00    0.00   98.00
13:27:00       3    0.00    0.00    1.00    0.00    0.00    0.00    0.00    0.00    0.00   99.00

13:27:00     CPU    %usr   %nice    %sys %iowait    %irq   %soft  %steal  %guest  %gnice   %idle
13:27:01     all    0.55    0.00    1.11    0.00    0.00    1.94    0.00    0.00    0.00   96.40
13:27:01       0    1.61    0.00    1.61    0.00    0.00   11.29    0.00    0.00    0.00   85.48
13:27:01       1    0.00    0.00    1.01    0.00    0.00    0.00    0.00    0.00    0.00   98.99
13:27:01       2    0.00    0.00    1.01    0.00    0.00    0.00    0.00    0.00    0.00   98.99
13:27:01       3    0.99    0.00    0.99    0.00    0.00    0.00    0.00    0.00    0.00   98.02

13:27:01     CPU    %usr   %nice    %sys %iowait    %irq   %soft  %steal  %guest  %gnice   %idle
13:27:02     all    0.83    0.00    1.67    0.00    0.00    1.94    0.00    0.00    0.00   95.56
13:27:02       0    0.00    0.00    3.28    0.00    0.00   11.48    0.00    0.00    0.00   85.25
13:27:02       1    1.00    0.00    1.00    0.00    0.00    0.00    0.00    0.00    0.00   98.00
13:27:02       2    1.00    0.00    2.00    0.00    0.00    0.00    0.00    0.00    0.00   97.00
13:27:02       3    1.01    0.00    1.01    0.00    0.00    0.00    0.00    0.00    0.00   97.98

13:27:02     CPU    %usr   %nice    %sys %iowait    %irq   %soft  %steal  %guest  %gnice   %idle
13:27:03     all    0.00    0.00    1.38    0.00    0.00    2.21    0.00    0.00    0.00   96.41
13:27:03       0    0.00    0.00    1.61    0.00    0.00   12.90    0.00    0.00    0.00   85.48
13:27:03       1    0.00    0.00    1.01    0.00    0.00    0.00    0.00    0.00    0.00   98.99
13:27:03       2    0.00    0.00    1.98    0.00    0.00    0.00    0.00    0.00    0.00   98.02
13:27:03       3    0.00    0.00    1.00    0.00    0.00    0.00    0.00    0.00    0.00   99.00

13:27:03     CPU    %usr   %nice    %sys %iowait    %irq   %soft  %steal  %guest  %gnice   %idle
13:27:04     all    1.09    0.00    1.37    0.00    0.00    2.73    0.00    0.00    0.00   94.81
13:27:04       0    1.54    0.00    1.54    0.00    0.00   15.38    0.00    0.00    0.00   81.54
13:27:04       1    0.99    0.00    1.98    0.00    0.00    0.00    0.00    0.00    0.00   97.03
13:27:04       2    1.00    0.00    1.00    0.00    0.00    0.00    0.00    0.00    0.00   98.00
13:27:04       3    1.00    0.00    1.00    0.00    0.00    0.00    0.00    0.00    0.00   98.00

13:27:04     CPU    %usr   %nice    %sys %iowait    %irq   %soft  %steal  %guest  %gnice   %idle
13:27:05     all    0.28    0.00    1.67    0.00    0.00    1.39    0.00    0.00    0.00   96.66
13:27:05       0    1.64    0.00    3.28    0.00    0.00    8.20    0.00    0.00    0.00   86.89
13:27:05       1    0.00    0.00    2.00    0.00    0.00    0.00    0.00    0.00    0.00   98.00
13:27:05       2    0.00    0.00    1.01    0.00    0.00    0.00    0.00    0.00    0.00   98.99
13:27:05       3    0.00    0.00    1.01    0.00    0.00    0.00    0.00    0.00    0.00   98.99

13:27:05     CPU    %usr   %nice    %sys %iowait    %irq   %soft  %steal  %guest  %gnice   %idle
13:27:06     all    0.83    0.00    1.10    0.00    0.00    2.75    0.00    0.00    0.00   95.32
13:27:06       0    0.00    0.00    1.59    0.00    0.00   15.87    0.00    0.00    0.00   82.54
13:27:06       1    1.00    0.00    1.00    0.00    0.00    0.00    0.00    0.00    0.00   98.00
13:27:06       2    1.00    0.00    1.00    0.00    0.00    0.00    0.00    0.00    0.00   98.00
13:27:06       3    1.00    0.00    1.00    0.00    0.00    0.00    0.00    0.00    0.00   98.00

13:27:06     CPU    %usr   %nice    %sys %iowait    %irq   %soft  %steal  %guest  %gnice   %idle
13:27:07     all    0.27    0.00    1.65    0.55    0.00    2.20    0.00    0.00    0.00   95.33
13:27:07       0    0.00    0.00    1.61    0.00    0.00   12.90    0.00    0.00    0.00   85.48
13:27:07       1    0.00    0.00    1.01    0.00    0.00    0.00    0.00    0.00    0.00   98.99
13:27:07       2    0.98    0.00    1.96    0.98    0.00    0.00    0.00    0.00    0.00   96.08
13:27:07       3    0.00    0.00    1.98    0.99    0.00    0.00    0.00    0.00    0.00   97.03

13:27:07     CPU    %usr   %nice    %sys %iowait    %irq   %soft  %steal  %guest  %gnice   %idle
13:27:08     all    0.83    0.00    1.39    0.00    0.00    1.66    0.00    0.00    0.00   96.12
13:27:08       0    1.64    0.00    3.28    0.00    0.00    9.84    0.00    0.00    0.00   85.25
13:27:08       1    0.00    0.00    1.00    0.00    0.00    0.00    0.00    0.00    0.00   99.00
13:27:08       2    1.01    0.00    1.01    0.00    0.00    0.00    0.00    0.00    0.00   97.98
13:27:08       3    0.99    0.00    0.99    0.00    0.00    0.00    0.00    0.00    0.00   98.02

13:27:08     CPU    %usr   %nice    %sys %iowait    %irq   %soft  %steal  %guest  %gnice   %idle
13:27:09     all    0.28    0.00    1.39    0.00    0.00    1.95    0.00    0.00    0.00   96.38
13:27:09       0    0.00    0.00    1.67    0.00    0.00   11.67    0.00    0.00    0.00   86.67
13:27:09       1    0.99    0.00    1.98    0.00    0.00    0.00    0.00    0.00    0.00   97.03
13:27:09       2    0.00    0.00    1.01    0.00    0.00    0.00    0.00    0.00    0.00   98.99
13:27:09       3    0.00    0.00    1.01    0.00    0.00    0.00    0.00    0.00    0.00   98.99

13:27:09     CPU    %usr   %nice    %sys %iowait    %irq   %soft  %steal  %guest  %gnice   %idle
13:27:10     all    0.83    0.00    1.38    0.00    0.00    1.65    0.00    0.00    0.00   96.14
13:27:10       0    1.64    0.00    1.64    0.00    0.00    9.84    0.00    0.00    0.00   86.89
13:27:10       1    0.00    0.00    1.01    0.00    0.00    0.00    0.00    0.00    0.00   98.99
13:27:10       2    0.99    0.00    0.99    0.00    0.00    0.00    0.00    0.00    0.00   98.02
13:27:10       3    0.98    0.00    1.96    0.00    0.00    0.00    0.00    0.00    0.00   97.06

13:27:10     CPU    %usr   %nice    %sys %iowait    %irq   %soft  %steal  %guest  %gnice   %idle
13:27:11     all    0.00    0.00    0.00    0.00    0.00    2.48    0.00    0.00    0.00   97.52
13:27:11       0    0.00    0.00    0.00    0.00    0.00   14.06    0.00    0.00    0.00   85.94
13:27:11       1    0.00    0.00    0.00    0.00    0.00    0.00    0.00    0.00    0.00  100.00
13:27:11       2    0.00    0.00    0.00    0.00    0.00    0.00    0.00    0.00    0.00  100.00
13:27:11       3    0.00    0.00    0.00    0.00    0.00    0.00    0.00    0.00    0.00  100.00

Average:     CPU    %usr   %nice    %sys %iowait    %irq   %soft  %steal  %guest  %gnice   %idle
Average:     all    0.57    0.00    1.30    0.03    0.00    1.63    0.00    0.00    0.00   96.48
Average:       0    0.68    0.00    1.55    0.00    0.00    8.68    0.00    0.00    0.00   89.09
Average:       1    0.50    0.00    1.29    0.06    0.00    0.00    0.00    0.00    0.00   98.16
Average:       2    0.56    0.00    1.21    0.03    0.00    0.00    0.00    0.00    0.00   98.20
Average:       3    0.57    0.00    1.21    0.03    0.00    0.00    0.00    0.00    0.00   98.19
