# timestamp  face |bytes    packets errs drop fifo frame compressed multicast|bytes    packets errs drop fifo colls carrier compressed
1777803961.740758353     lo:   26548     352    0    0    0     0          0         0    26548     352    0    0    0     0       0          0
1777803961.740758353 enP1p1s0: 1624479490 20826629    0    0    0     0          0        70 1624481406 20826652    0    0    0     0       0          0
1777803961.740758353   eth0:       0       0    0    0    0     0          0         0        0       0    0    0    0     0       0          0
1777803961.740758353  wlan0:   96884     905    0    0    0     0          0         3   105827     847    0    0    0     0       0          0
1777803961.740758353    br0:    4594      48    0    0    0     0          0        45      984      12    0    0    0     0       0          0
1777803962.752324824     lo:   26548     352    0    0    0     0          0         0    26548     352    0    0    0     0       0          0
1777803962.752324824 enP1p1s0: 1624479490 20826629    0    0    0     0          0        70 1624481476 20826653    0    0    0     0       0          0
1777803962.752324824   eth0:       0       0    0    0    0     0          0         0        0       0    0    0    0     0       0          0
1777803962.752324824  wlan0:  101212     955    0    0    0     0          0         3   110723     895    0    0    0     0       0          0
1777803962.752324824    br0:    4594      48    0    0    0     0          0        45     1054      13    0    0    0     0       0          0
1777803963.761246500     lo:   26548     352    0    0    0     0          0         0    26548     352    0    0    0     0       0          0
1777803963.761246500 enP1p1s0: 1624479490 20826629    0    0    0     0          0        70 1624481476 20826653    0    0    0     0       0          0
1777803963.761246500   eth0:       0       0    0    0    0     0          0         0        0       0    0    0    0     0       0          0
1777803963.761246500  wlan0:  105576    1005    0    0    0     0          0         3   115631     943    0    0    0     0       0          0
1777803963.761246500    br0:    4594      48    0    0    0     0          0        45     1054      13    0    0    0     0       0          0
1777803964.770162954     lo:   26548     352    0    0    0     0          0         0    26548     352    0    0    0     0       0          0
1777803964.770162954 enP1p1s0: 1624479490 20826629    0    0    0     0          0        70 1624481476 20826653    0    0    0     0       0          0
1777803964.770162954   eth0:       0       0    0    0    0     0          0         0        0       0    0    0    0     0       0          0
1777803964.770162954  wlan0:  109904    1055    0    0    0     0          0         3   120569     992    0    0    0     0       0          0
1777803964.770162954    br0:    4594      48    0    0    0     0          0        45     1054      13    0    0    0     0       0          0
1777803965.779015389     lo:   26548     352    0    0    0     0          0         0    26548     352    0    0    0     0       0          0
1777803965.779015389 enP1p1s0: 1624479490 20826629    0    0    0     0          0        70 1624481476 20826653    0    0    0     0       0          0
1777803965.779015389   eth0:       0       0    0    0    0     0          0         0        0       0    0    0    0     0       0          0
1777803965.779015389  wlan0:  109904    1055    0    0    0     0          0         3   120569     992    0    0    0     0       0          0
1777803965.779015389    br0:    4594      48    0    0    0     0          0        45     1054      13    0    0    0     0       0          0
1777803966.787766323     lo:   26548     352    0    0    0     0          0         0    26548     352    0    0    0     0       0          0
1777803966.787766323 enP1p1s0: 1624479490 20826629    0    0    0     0          0        70 1624481476 20826653    0    0    0     0       0          0
1777803966.787766323   eth0:       0       0    0    0    0     0          0         0        0       0    0    0    0     0       0          0
1777803966.787766323  wlan0:  109904    1055    0    0    0     0          0         3   120569     992    0    0    0     0       0          0
1777803966.787766323    br0:    4594      48    0    0    0     0          0        45     1054      13    0    0    0     0       0          0
1777803967.796675388     lo:   26548     352    0    0    0     0          0         0    26548     352    0    0    0     0       0          0
1777803967.796675388 enP1p1s0: 1624479490 20826629    0    0    0     0          0        70 1624481476 20826653    0    0    0     0       0          0
1777803967.796675388   eth0:       0       0    0    0    0     0          0         0        0       0    0    0    0     0       0          0
1777803967.796675388  wlan0:  109904    1055    0    0    0     0          0         3   120569     992    0    0    0     0       0          0
1777803967.796675388    br0:    4594      48    0    0    0     0          0        45     1054      13    0    0    0     0       0          0
1777803968.805454378     lo:   26548     352    0    0    0     0          0         0    26548     352    0    0    0     0       0          0
1777803968.805454378 enP1p1s0: 1624479490 20826629    0    0    0     0          0        70 1624481476 20826653    0    0    0     0       0          0
1777803968.805454378   eth0:       0       0    0    0    0     0          0         0        0       0    0    0    0     0       0          0
1777803968.805454378  wlan0:  109904    1055    0    0    0     0          0         3   120569     992    0    0    0     0       0          0
1777803968.805454378    br0:    4594      48    0    0    0     0          0        45     1054      13    0    0    0     0       0          0
1777803969.814290812     lo:   26548     352    0    0    0     0          0         0    26548     352    0    0    0     0       0          0
1777803969.814290812 enP1p1s0: 1624479490 20826629    0    0    0     0          0        70 1624481476 20826653    0    0    0     0       0          0
1777803969.814290812   eth0:       0       0    0    0    0     0          0         0        0       0    0    0    0     0       0          0
1777803969.814290812  wlan0:  109904    1055    0    0    0     0          0         3   120569     992    0    0    0     0       0          0
1777803969.814290812    br0:    4594      48    0    0    0     0          0        45     1054      13    0    0    0     0       0          0
1777803970.823228933     lo:   26548     352    0    0    0     0          0         0    26548     352    0    0    0     0       0          0
1777803970.823228933 enP1p1s0: 1624479490 20826629    0    0    0     0          0        70 1624481476 20826653    0    0    0     0       0          0
1777803970.823228933   eth0:       0       0    0    0    0     0          0         0        0       0    0    0    0     0       0          0
1777803970.823228933  wlan0:  109904    1055    0    0    0     0          0         3   120569     992    0    0    0     0       0          0
1777803970.823228933    br0:    4594      48    0    0    0     0          0        45     1054      13    0    0    0     0       0          0
1777803971.832124776     lo:   26548     352    0    0    0     0          0         0    26548     352    0    0    0     0       0          0
1777803971.832124776 enP1p1s0: 1624479490 20826629    0    0    0     0          0        70 1624481476 20826653    0    0    0     0       0          0
1777803971.832124776   eth0:       0       0    0    0    0     0          0         0        0       0    0    0    0     0       0          0
1777803971.832124776  wlan0:  109904    1055    0    0    0     0          0         3   120569     992    0    0    0     0       0          0
1777803971.832124776    br0:    4594      48    0    0    0     0          0        45     1054      13    0    0    0     0       0          0
1777803972.840959562     lo:   26548     352    0    0    0     0          0         0    26548     352    0    0    0     0       0          0
1777803972.840959562 enP1p1s0: 1624479490 20826629    0    0    0     0          0        70 1624481476 20826653    0    0    0     0       0          0
1777803972.840959562   eth0:       0       0    0    0    0     0          0         0        0       0    0    0    0     0       0          0
1777803972.840959562  wlan0:  109904    1055    0    0    0     0          0         3   120569     992    0    0    0     0       0          0
1777803972.840959562    br0:    4594      48    0    0    0     0          0        45     1054      13    0    0    0     0       0          0
1777803973.849729496     lo:   26548     352    0    0    0     0          0         0    26548     352    0    0    0     0       0          0
1777803973.849729496 enP1p1s0: 1624479490 20826629    0    0    0     0          0        70 1624481476 20826653    0    0    0     0       0          0
1777803973.849729496   eth0:       0       0    0    0    0     0          0         0        0       0    0    0    0     0       0          0
1777803973.849729496  wlan0:  109904    1055    0    0    0     0          0         3   120569     992    0    0    0     0       0          0
1777803973.849729496    br0:    4594      48    0    0    0     0          0        45     1054      13    0    0    0     0       0          0
1777803974.858592265     lo:   26548     352    0    0    0     0          0         0    26548     352    0    0    0     0       0          0
1777803974.858592265 enP1p1s0: 1624479490 20826629    0    0    0     0          0        70 1624481546 20826654    0    0    0     0       0          0
1777803974.858592265   eth0:       0       0    0    0    0     0          0         0        0       0    0    0    0     0       0          0
1777803974.858592265  wlan0:  109904    1055    0    0    0     0          0         3   120569     992    0    0    0     0       0          0
1777803974.858592265    br0:    4594      48    0    0    0     0          0        45     1054      13    0    0    0     0       0          0
1777803975.867801516     lo:   26548     352    0    0    0     0          0         0    26548     352    0    0    0     0       0          0
1777803975.867801516 enP1p1s0: 1713115750 20995139    0    0    0     0          0        70 1713104656 20995139    0    0    0     0       0          0
1777803975.867801516   eth0:       0       0    0    0    0     0          0         0        0       0    0    0    0     0       0          0
1777803975.867801516  wlan0:  109904    1055    0    0    0     0          0         3   120569     992    0    0    0     0       0          0
1777803975.867801516    br0:    4594      48    0    0    0     0          0        45     1054      13    0    0    0     0       0          0
1777803976.877812144     lo:   26548     352    0    0    0     0          0         0    26548     352    0    0    0     0       0          0
1777803976.877812144 enP1p1s0: 1833395188 21223808    0    0    0     0          0        71 1833386198 21223812    0    0    0     0       0          0
1777803976.877812144   eth0:       0       0    0    0    0     0          0         0        0       0    0    0    0     0       0          0
1777803976.877812144  wlan0:  109904    1055    0    0    0     0          0         3   120569     992    0    0    0     0       0          0
1777803976.877812144    br0:    4650      49    0    0    0     0          0        46     1054      13    0    0    0     0       0          0
1777803977.887893698     lo:   26548     352    0    0    0     0          0         0    26548     352    0    0    0     0       0          0
1777803977.887893698 enP1p1s0: 1953634054 21452399    0    0    0     0          0        71 1953623486 21452400    0    0    0     0       0          0
1777803977.887893698   eth0:       0       0    0    0    0     0          0         0        0       0    0    0    0     0       0          0
1777803977.887893698  wlan0:  109904    1055    0    0    0     0          0         3   120569     992    0    0    0     0       0          0
1777803977.887893698    br0:    4650      49    0    0    0     0          0        46     1054      13    0    0    0     0       0          0
1777803978.897915455     lo:   26548     352    0    0    0     0          0         0    26548     352    0    0    0     0       0          0
1777803978.897915455 enP1p1s0: 2073413722 21680117    0    0    0     0          0        71 2073408414 21680128    0    0    0     0       0          0
1777803978.897915455   eth0:       0       0    0    0    0     0          0         0        0       0    0    0    0     0       0          0
1777803978.897915455  wlan0:  109904    1055    0    0    0     0          0         3   120569     992    0    0    0     0       0          0
1777803978.897915455    br0:    4650      49    0    0    0     0          0        46     1054      13    0    0    0     0       0          0
1777803979.907868267     lo:   26548     352    0    0    0     0          0         0    26548     352    0    0    0     0       0          0
1777803979.907868267 enP1p1s0: 2193656270 21908715    0    0    0     0          0        71 2193649910 21908724    0    0    0     0       0          0
1777803979.907868267   eth0:       0       0    0    0    0     0          0         0        0       0    0    0    0     0       0          0
1777803979.907868267  wlan0:  109904    1055    0    0    0     0          0         3   120569     992    0    0    0     0       0          0
1777803979.907868267    br0:    4650      49    0    0    0     0          0        46     1054      13    0    0    0     0       0          0
1777803980.917769153     lo:   26548     352    0    0    0     0          0         0    26548     352    0    0    0     0       0          0
1777803980.917769153 enP1p1s0: 2313909458 22137335    0    0    0     0          0        71 2313899942 22137338    0    0    0     0       0          0
1777803980.917769153   eth0:       0       0    0    0    0     0          0         0        0       0    0    0    0     0       0          0
1777803980.917769153  wlan0:  109904    1055    0    0    0     0          0         3   120569     992    0    0    0     0       0          0
1777803980.917769153    br0:    4650      49    0    0    0     0          0        46     1054      13    0    0    0     0       0          0
1777803981.927796947     lo:   26548     352    0    0    0     0          0         0    26548     352    0    0    0     0       0          0
1777803981.927796947 enP1p1s0: 2434180410 22365987    0    0    0     0          0        71 2434170894 22365990    0    0    0     0       0          0
1777803981.927796947   eth0:       0       0    0    0    0     0          0         0        0       0    0    0    0     0       0          0
1777803981.927796947  wlan0:  109904    1055    0    0    0     0          0         3   120569     992    0    0    0     0       0          0
1777803981.927796947    br0:    4650      49    0    0    0     0          0        46     1054      13    0    0    0     0       0          0
1777803982.937804945     lo:   26548     352    0    0    0     0          0         0    26548     352    0    0    0     0       0          0
1777803982.937804945 enP1p1s0: 2553944298 22593675    0    0    0     0          0        71 2553938990 22593686    0    0    0     0       0          0
1777803982.937804945   eth0:       0       0    0    0    0     0          0         0        0       0    0    0    0     0       0          0
1777803982.937804945  wlan0:  109904    1055    0    0    0     0          0         3   120569     992    0    0    0     0       0          0
1777803982.937804945    br0:    4650      49    0    0    0     0          0        46     1054      13    0    0    0     0       0          0
1777803983.947962777     lo:   26548     352    0    0    0     0          0         0    26548     352    0    0    0     0       0          0
1777803983.947962777 enP1p1s0: 2674151604 22822206    0    0    0     0          0        71 2674153134 22822230    0    0    0     0       0          0
1777803983.947962777   eth0:       0       0    0    0    0     0          0         0        0       0    0    0    0     0       0          0
1777803983.947962777  wlan0:  109904    1055    0    0    0     0          0         3   120569     992    0    0    0     0       0          0
1777803983.947962777    br0:    4650      49    0    0    0     0          0        46     1054      13    0    0    0     0       0          0
1777803984.957985127     lo:   26548     352    0    0    0     0          0         0    26548     352    0    0    0     0       0          0
1777803984.957985127 enP1p1s0: 2794350494 23050721    0    0    0     0          0        71 2794346238 23050734    0    0    0     0       0          0
1777803984.957985127   eth0:       0       0    0    0    0     0          0         0        0       0    0    0    0     0       0          0
1777803984.957985127  wlan0:  109904    1055    0    0    0     0          0         3   120569     992    0    0    0     0       0          0
1777803984.957985127    br0:    4650      49    0    0    0     0          0        46     1054      13    0    0    0     0       0          0
1777803985.967906180     lo:   26548     352    0    0    0     0          0         0    26548     352    0    0    0     0       0          0
1777803985.967906180 enP1p1s0: 2914466802 23279079    0    0    0     0          0        71 2914457286 23279082    0    0    0     0       0          0
1777803985.967906180   eth0:       0       0    0    0    0     0          0         0        0       0    0    0    0     0       0          0
1777803985.967906180  wlan0:  109904    1055    0    0    0     0          0         3   120569     992    0    0    0     0       0          0
1777803985.967906180    br0:    4650      49    0    0    0     0          0        46     1054      13    0    0    0     0       0          0
1777803986.977772288     lo:   26548     352    0    0    0     0          0         0    26548     352    0    0    0     0       0          0
1777803986.977772288 enP1p1s0: 3034694096 23507648    0    0    0     0          0        71 3034694574 23507670    0    0    0     0       0          0
1777803986.977772288   eth0:       0       0    0    0    0     0          0         0        0       0    0    0    0     0       0          0
1777803986.977772288  wlan0:  109904    1055    0    0    0     0          0         3   120569     992    0    0    0     0       0          0
1777803986.977772288    br0:    4650      49    0    0    0     0          0        46     1054      13    0    0    0     0       0          0
1777803987.987872305     lo:   26548     352    0    0    0     0          0         0    26548     352    0    0    0     0       0          0
1777803987.987872305 enP1p1s0: 3154879836 23736138    0    0    0     0          0        71 3154879262 23736158    0    0    0     0       0          0
1777803987.987872305   eth0:       0       0    0    0    0     0          0         0        0       0    0    0    0     0       0          0
1777803987.987872305  wlan0:  109904    1055    0    0    0     0          0         3   120569     992    0    0    0     0       0          0
1777803987.987872305    br0:    4650      49    0    0    0     0          0        46     1054      13    0    0    0     0       0          0
1777803988.997882080     lo:   26548     352    0    0    0     0          0         0    26548     352    0    0    0     0       0          0
1777803988.997882080 enP1p1s0: 3274984046 23964473    0    0    0     0          0        71 3274977686 23964482    0    0    0     0       0          0
1777803988.997882080   eth0:       0       0    0    0    0     0          0         0        0       0    0    0    0     0       0          0
1777803988.997882080  wlan0:  109904    1055    0    0    0     0          0         3   120569     992    0    0    0     0       0          0
1777803988.997882080    br0:    4650      49    0    0    0     0          0        46     1054      13    0    0    0     0       0          0
1777803990.007887856     lo:   26548     352    0    0    0     0          0         0    26548     352    0    0    0     0       0          0
1777803990.007887856 enP1p1s0: 3395167156 24192958    0    0    0     0          0        71 3395156062 24192958    0    0    0     0       0          0
1777803990.007887856   eth0:       0       0    0    0    0     0          0         0        0       0    0    0    0     0       0          0
1777803990.007887856  wlan0:  109904    1055    0    0    0     0          0         3   120569     992    0    0    0     0       0          0
1777803990.007887856    br0:    4650      49    0    0    0     0          0        46     1054      13    0    0    0     0       0          0
1777803991.017985669     lo:   26548     352    0    0    0     0          0         0    26548     352    0    0    0     0       0          0
1777803991.017985669 enP1p1s0: 3515231916 24421218    0    0    0     0          0        71 3515227660 24421231    0    0    0     0       0          0
1777803991.017985669   eth0:       0       0    0    0    0     0          0         0        0       0    0    0    0     0       0          0
1777803991.017985669  wlan0:  109904    1055    0    0    0     0          0         3   120569     992    0    0    0     0       0          0
1777803991.017985669    br0:    4650      49    0    0    0     0          0        46     1054      13    0    0    0     0       0          0
1777803992.028042278     lo:   26548     352    0    0    0     0          0         0    26548     352    0    0    0     0       0          0
1777803992.028042278 enP1p1s0: 3635461840 24649792    0    0    0     0          0        71 3635451798 24649794    0    0    0     0       0          0
1777803992.028042278   eth0:       0       0    0    0    0     0          0         0        0       0    0    0    0     0       0          0
1777803992.028042278  wlan0:  109904    1055    0    0    0     0          0         3   120569     992    0    0    0     0       0          0
1777803992.028042278    br0:    4650      49    0    0    0     0          0        46     1054      13    0    0    0     0       0          0
1777803993.038071610     lo:   26548     352    0    0    0     0          0         0    26548     352    0    0    0     0       0          0
1777803993.038071610 enP1p1s0: 3755648106 24878283    0    0    0     0          0        71 3755642798 24878294    0    0    0     0       0          0
1777803993.038071610   eth0:       0       0    0    0    0     0          0         0        0       0    0    0    0     0       0          0
1777803993.038071610  wlan0:  109904    1055    0    0    0     0          0         3   120569     992    0    0    0     0       0          0
1777803993.038071610    br0:    4650      49    0    0    0     0          0        46     1054      13    0    0    0     0       0          0
1777803994.048141293     lo:   26548     352    0    0    0     0          0         0    26548     352    0    0    0     0       0          0
1777803994.048141293 enP1p1s0: 3875827534 25106761    0    0    0     0          0        71 3875821174 25106770    0    0    0     0       0          0
1777803994.048141293   eth0:       0       0    0    0    0     0          0         0        0       0    0    0    0     0       0          0
1777803994.048141293  wlan0:  109904    1055    0    0    0     0          0         3   120569     992    0    0    0     0       0          0
1777803994.048141293    br0:    4650      49    0    0    0     0          0        46     1054      13    0    0    0     0       0          0
1777803995.058268921     lo:   26548     352    0    0    0     0          0         0    26548     352    0    0    0     0       0          0
1777803995.058268921 enP1p1s0: 3996074816 25335368    0    0    0     0          0        71 3996064774 25335370    0    0    0     0       0          0
1777803995.058268921   eth0:       0       0    0    0    0     0          0         0        0       0    0    0    0     0       0          0
1777803995.058268921  wlan0:  109904    1055    0    0    0     0          0         3   120569     992    0    0    0     0       0          0
1777803995.058268921    br0:    4650      49    0    0    0     0          0        46     1054      13    0    0    0     0       0          0
1777803996.068343957     lo:   26548     352    0    0    0     0          0         0    26548     352    0    0    0     0       0          0
1777803996.068343957 enP1p1s0: 4116303162 25563939    0    0    0     0          0        71 4116297854 25563950    0    0    0     0       0          0
1777803996.068343957   eth0:       0       0    0    0    0     0          0         0        0       0    0    0    0     0       0          0
1777803996.068343957  wlan0:  109904    1055    0    0    0     0          0         3   120569     992    0    0    0     0       0          0
1777803996.068343957    br0:    4650      49    0    0    0     0          0        46     1054      13    0    0    0     0       0          0
1777803997.078324510     lo:   26548     352    0    0    0     0          0         0    26548     352    0    0    0     0       0          0
1777803997.078324510 enP1p1s0: 4236375812 25792214    0    0    0     0          0        71 4236364718 25792214    0    0    0     0       0          0
1777803997.078324510   eth0:       0       0    0    0    0     0          0         0        0       0    0    0    0     0       0          0
1777803997.078324510  wlan0:  109904    1055    0    0    0     0          0         3   120569     992    0    0    0     0       0          0
1777803997.078324510    br0:    4650      49    0    0    0     0          0        46     1054      13    0    0    0     0       0          0
1777803998.088376934     lo:   26548     352    0    0    0     0          0         0    26548     352    0    0    0     0       0          0
1777803998.088376934 enP1p1s0: 4356568916 26020718    0    0    0     0          0        71 4356570446 26020742    0    0    0     0       0          0
1777803998.088376934   eth0:       0       0    0    0    0     0          0         0        0       0    0    0    0     0       0          0
1777803998.088376934  wlan0:  109904    1055    0    0    0     0          0         3   120569     992    0    0    0     0       0          0
1777803998.088376934    br0:    4650      49    0    0    0     0          0        46     1054      13    0    0    0     0       0          0
1777803999.098407561     lo:   26548     352    0    0    0     0          0         0    26548     352    0    0    0     0       0          0
1777803999.098407561 enP1p1s0: 4476808308 26249310    0    0    0     0          0        71 4476803526 26249322    0    0    0     0       0          0
1777803999.098407561   eth0:       0       0    0    0    0     0          0         0        0       0    0    0    0     0       0          0
1777803999.098407561  wlan0:  109904    1055    0    0    0     0          0         3   120569     992    0    0    0     0       0          0
1777803999.098407561    br0:    4650      49    0    0    0     0          0        46     1054      13    0    0    0     0       0          0
1777804000.108339947     lo:   26548     352    0    0    0     0          0         0    26548     352    0    0    0     0       0          0
1777804000.108339947 enP1p1s0: 4597030342 26477869    0    0    0     0          0        71 4597026086 26477882    0    0    0     0       0          0
1777804000.108339947   eth0:       0       0    0    0    0     0          0         0        0       0    0    0    0     0       0          0
1777804000.108339947  wlan0:  109904    1055    0    0    0     0          0         3   120569     992    0    0    0     0       0          0
1777804000.108339947    br0:    4650      49    0    0    0     0          0        46     1054      13    0    0    0     0       0          0
1777804001.118330927     lo:   26548     352    0    0    0     0          0         0    26548     352    0    0    0     0       0          0
1777804001.118330927 enP1p1s0: 4717286566 26706493    0    0    0     0          0        71 4717280206 26706502    0    0    0     0       0          0
1777804001.118330927   eth0:       0       0    0    0    0     0          0         0        0       0    0    0    0     0       0          0
1777804001.118330927  wlan0:  109904    1055    0    0    0     0          0         3   120569     992    0    0    0     0       0          0
1777804001.118330927    br0:    4650      49    0    0    0     0          0        46     1054      13    0    0    0     0       0          0
1777804002.128348258     lo:   26548     352    0    0    0     0          0         0    26548     352    0    0    0     0       0          0
1777804002.128348258 enP1p1s0: 4837537004 26935106    0    0    0     0          0        71 4837532222 26935118    0    0    0     0       0          0
1777804002.128348258   eth0:       0       0    0    0    0     0          0         0        0       0    0    0    0     0       0          0
1777804002.128348258  wlan0:  109904    1055    0    0    0     0          0         3   120569     992    0    0    0     0       0          0
1777804002.128348258    br0:    4650      49    0    0    0     0          0        46     1054      13    0    0    0     0       0          0
1777804003.138745091     lo:   26548     352    0    0    0     0          0         0    26548     352    0    0    0     0       0          0
1777804003.138745091 enP1p1s0: 4957725374 27163601    0    0    0     0          0        71 4957721118 27163614    0    0    0     0       0          0
1777804003.138745091   eth0:       0       0    0    0    0     0          0         0        0       0    0    0    0     0       0          0
1777804003.138745091  wlan0:  109904    1055    0    0    0     0          0         3   120569     992    0    0    0     0       0          0
1777804003.138745091    br0:    4650      49    0    0    0     0          0        46     1054      13    0    0    0     0       0          0
1777804004.149455446     lo:   26548     352    0    0    0     0          0         0    26548     352    0    0    0     0       0          0
1777804004.149455446 enP1p1s0: 5078159386 27392563    0    0    0     0          0        71 5078160390 27392586    0    0    0     0       0          0
1777804004.149455446   eth0:       0       0    0    0    0     0          0         0        0       0    0    0    0     0       0          0
1777804004.149455446  wlan0:  109904    1055    0    0    0     0          0         3   120569     992    0    0    0     0       0          0
1777804004.149455446    br0:    4650      49    0    0    0     0          0        46     1054      13    0    0    0     0       0          0
1777804005.161954571     lo:   26548     352    0    0    0     0          0         0    26548     352    0    0    0     0       0          0
1777804005.161954571 enP1p1s0: 5198196794 27620771    0    0    0     0          0        71 5198191486 27620782    0    0    0     0       0          0
1777804005.161954571   eth0:       0       0    0    0    0     0          0         0        0       0    0    0    0     0       0          0
1777804005.161954571  wlan0:  110120    1056    0    0    0     0          0         3   120799     993    0    0    0     0       0          0
1777804005.161954571    br0:    4650      49    0    0    0     0          0        46     1054      13    0    0    0     0       0          0
1777804006.171873012     lo:   26548     352    0    0    0     0          0         0    26548     352    0    0    0     0       0          0
1777804006.171873012 enP1p1s0: 5318672886 27849813    0    0    0     0          0        71 5318672838 27849834    0    0    0     0       0          0
1777804006.171873012   eth0:       0       0    0    0    0     0          0         0        0       0    0    0    0     0       0          0
1777804006.171873012  wlan0:  110552    1058    0    0    0     0          0         3   121259     995    0    0    0     0       0          0
1777804006.171873012    br0:    4650      49    0    0    0     0          0        46     1054      13    0    0    0     0       0          0
1777804007.184498842     lo:   26548     352    0    0    0     0          0         0    26548     352    0    0    0     0       0          0
1777804007.184498842 enP1p1s0: 5438810234 28078211    0    0    0     0          0        71 5438800718 28078214    0    0    0     0       0          0
1777804007.184498842   eth0:       0       0    0    0    0     0          0         0        0       0    0    0    0     0       0          0
1777804007.184498842  wlan0:  110552    1058    0    0    0     0          0         3   121259     995    0    0    0     0       0          0
1777804007.184498842    br0:    4650      49    0    0    0     0          0        46     1054      13    0    0    0     0       0          0
1777804008.194531710     lo:   26548     352    0    0    0     0          0         0    26548     352    0    0    0     0       0          0
1777804008.194531710 enP1p1s0: 5559216368 28307120    0    0    0     0          0        71 5559206326 28307122    0    0    0     0       0          0
1777804008.194531710   eth0:       0       0    0    0    0     0          0         0        0       0    0    0    0     0       0          0
1777804008.194531710  wlan0:  110552    1058    0    0    0     0          0         3   121259     995    0    0    0     0       0          0
1777804008.194531710    br0:    4650      49    0    0    0     0          0        46     1054      13    0    0    0     0       0          0
1777804009.206909745     lo:   26548     352    0    0    0     0          0         0    26548     352    0    0    0     0       0          0
1777804009.206909745 enP1p1s0: 5679253776 28535328    0    0    0     0          0        71 5679254254 28535350    0    0    0     0       0          0
1777804009.206909745   eth0:       0       0    0    0    0     0          0         0        0       0    0    0    0     0       0          0
1777804009.206909745  wlan0:  110768    1059    0    0    0     0          0         3   121489     996    0    0    0     0       0          0
1777804009.206909745    br0:    4650      49    0    0    0     0          0        46     1054      13    0    0    0     0       0          0
1777804010.216814753     lo:   26548     352    0    0    0     0          0         0    26548     352    0    0    0     0       0          0
1777804010.216814753 enP1p1s0: 5799385338 28763715    0    0    0     0          0        71 5799380030 28763726    0    0    0     0       0          0
1777804010.216814753   eth0:       0       0    0    0    0     0          0         0        0       0    0    0    0     0       0          0
1777804010.216814753  wlan0:  110796    1060    0    0    0     0          0         3   121531     997    0    0    0     0       0          0
1777804010.216814753    br0:    4650      49    0    0    0     0          0        46     1054      13    0    0    0     0       0          0
1777804011.226144887     lo:   26548     352    0    0    0     0          0         0    26548     352    0    0    0     0       0          0
1777804011.226144887 enP1p1s0: 5919483762 28992039    0    0    0     0          0        71 5919474246 28992042    0    0    0     0       0          0
1777804011.226144887   eth0:       0       0    0    0    0     0          0         0        0       0    0    0    0     0       0          0
1777804011.226144887  wlan0:  110796    1060    0    0    0     0          0         3   121531     997    0    0    0     0       0          0
1777804011.226144887    br0:    4650      49    0    0    0     0          0        46     1054      13    0    0    0     0       0          0
1777804012.236067229     lo:   26548     352    0    0    0     0          0         0    26548     352    0    0    0     0       0          0
1777804012.236067229 enP1p1s0: 6040040332 29221234    0    0    0     0          0        71 6040029238 29221234    0    0    0     0       0          0
1777804012.236067229   eth0:       0       0    0    0    0     0          0         0        0       0    0    0    0     0       0          0
1777804012.236067229  wlan0:  111012    1061    0    0    0     0          0         3   121761     998    0    0    0     0       0          0
1777804012.236067229    br0:    4650      49    0    0    0     0          0        46     1054      13    0    0    0     0       0          0
1777804013.248774382     lo:   26548     352    0    0    0     0          0         0    26548     352    0    0    0     0       0          0
1777804013.248774382 enP1p1s0: 6160226598 29449725    0    0    0     0          0        71 6160218134 29449730    0    0    0     0       0          0
1777804013.248774382   eth0:       0       0    0    0    0     0          0         0        0       0    0    0    0     0       0          0
1777804013.248774382  wlan0:  111012    1061    0    0    0     0          0         3   121761     998    0    0    0     0       0          0
1777804013.248774382    br0:    4650      49    0    0    0     0          0        46     1054      13    0    0    0     0       0          0
1777804014.260845384     lo:   26548     352    0    0    0     0          0         0    26548     352    0    0    0     0       0          0
1777804014.260845384 enP1p1s0: 6280723730 29678807    0    0    0     0          0        71 6280718422 29678818    0    0    0     0       0          0
1777804014.260845384   eth0:       0       0    0    0    0     0          0         0        0       0    0    0    0     0       0          0
1777804014.260845384  wlan0:  111012    1061    0    0    0     0          0         3   121761     998    0    0    0     0       0          0
1777804014.260845384    br0:    4650      49    0    0    0     0          0        46     1054      13    0    0    0     0       0          0
1777804015.272899978     lo:   26548     352    0    0    0     0          0         0    26548     352    0    0    0     0       0          0
1777804015.272899978 enP1p1s0: 6401543300 29908502    0    0    0     0          0        71 6401538518 29908514    0    0    0     0       0          0
1777804015.272899978   eth0:       0       0    0    0    0     0          0         0        0       0    0    0    0     0       0          0
1777804015.272899978  wlan0:  111012    1061    0    0    0     0          0         3   121761     998    0    0    0     0       0          0
1777804015.272899978    br0:    4650      49    0    0    0     0          0        46     1054      13    0    0    0     0       0          0
1777804016.285389334     lo:   26548     352    0    0    0     0          0         0    26548     352    0    0    0     0       0          0
1777804016.285389334 enP1p1s0: 6522119332 30137734    0    0    0     0          0        71 6522114550 30137746    0    0    0     0       0          0
1777804016.285389334   eth0:       0       0    0    0    0     0          0         0        0       0    0    0    0     0       0          0
1777804016.285389334  wlan0:  111012    1061    0    0    0     0          0         3   121761     998    0    0    0     0       0          0
1777804016.285389334    br0:    4650      49    0    0    0     0          0        46     1054      13    0    0    0     0       0          0
1777804017.298086413     lo:   26548     352    0    0    0     0          0         0    26548     352    0    0    0     0       0          0
1777804017.298086413 enP1p1s0: 6642367666 30366343    0    0    0     0          0        71 6642362358 30366354    0    0    0     0       0          0
1777804017.298086413   eth0:       0       0    0    0    0     0          0         0        0       0    0    0    0     0       0          0
1777804017.298086413  wlan0:  111012    1061    0    0    0     0          0         3   121761     998    0    0    0     0       0          0
1777804017.298086413    br0:    4650      49    0    0    0     0          0        46     1054      13    0    0    0     0       0          0
1777804018.308076347     lo:   26548     352    0    0    0     0          0         0    26548     352    0    0    0     0       0          0
1777804018.308076347 enP1p1s0: 6762907930 30595507    0    0    0     0          0        71 6762898414 30595510    0    0    0     0       0          0
1777804018.308076347   eth0:       0       0    0    0    0     0          0         0        0       0    0    0    0     0       0          0
1777804018.308076347  wlan0:  111012    1061    0    0    0     0          0         3   121761     998    0    0    0     0       0          0
1777804018.308076347    br0:    4650      49    0    0    0     0          0        46     1054      13    0    0    0     0       0          0
1777804019.320629907     lo:   26548     352    0    0    0     0          0         0    26548     352    0    0    0     0       0          0
1777804019.320629907 enP1p1s0: 6883114710 30824037    0    0    0     0          0        71 6883109402 30824048    0    0    0     0       0          0
1777804019.320629907   eth0:       0       0    0    0    0     0          0         0        0       0    0    0    0     0       0          0
1777804019.320629907  wlan0:  111012    1061    0    0    0     0          0         3   121761     998    0    0    0     0       0          0
1777804019.320629907    br0:    4650      49    0    0    0     0          0        46     1054      13    0    0    0     0       0          0
1777804020.333183227     lo:   26548     352    0    0    0     0          0         0    26548     352    0    0    0     0       0          0
1777804020.333183227 enP1p1s0: 7003924812 31053714    0    0    0     0          0        71 7003924238 31053734    0    0    0     0       0          0
1777804020.333183227   eth0:       0       0    0    0    0     0          0         0        0       0    0    0    0     0       0          0
1777804020.333183227  wlan0:  111012    1061    0    0    0     0          0         3   121761     998    0    0    0     0       0          0
1777804020.333183227    br0:    4650      49    0    0    0     0          0        46     1054      13    0    0    0     0       0          0
1777804021.345783602     lo:   26548     352    0    0    0     0          0         0    26548     352    0    0    0     0       0          0
1777804021.345783602 enP1p1s0: 7124156314 31282291    0    0    0     0          0        71 7124151006 31282302    0    0    0     0       0          0
1777804021.345783602   eth0:       0       0    0    0    0     0          0         0        0       0    0    0    0     0       0          0
1777804021.345783602  wlan0:  111012    1061    0    0    0     0          0         3   121761     998    0    0    0     0       0          0
1777804021.345783602    br0:    4650      49    0    0    0     0          0        46     1054      13    0    0    0     0       0          0
1777804022.357868159     lo:   26548     352    0    0    0     0          0         0    26548     352    0    0    0     0       0          0
1777804022.357868159 enP1p1s0: 7244600846 31511273    0    0    0     0          0        71 7244594486 31511282    0    0    0     0       0          0
1777804022.357868159   eth0:       0       0    0    0    0     0          0         0        0       0    0    0    0     0       0          0
1777804022.357868159  wlan0:  111012    1061    0    0    0     0          0         3   121761     998    0    0    0     0       0          0
1777804022.357868159    br0:    4650      49    0    0    0     0          0        46     1054      13    0    0    0     0       0          0
1777804023.369927605     lo:   26548     352    0    0    0     0          0         0    26548     352    0    0    0     0       0          0
1777804023.369927605 enP1p1s0: 7365082198 31740325    0    0    0     0          0        71 7365075838 31740334    0    0    0     0       0          0
1777804023.369927605   eth0:       0       0    0    0    0     0          0         0        0       0    0    0    0     0       0          0
1777804023.369927605  wlan0:  111012    1061    0    0    0     0          0         3   121761     998    0    0    0     0       0          0
1777804023.369927605    br0:    4650      49    0    0    0     0          0        46     1054      13    0    0    0     0       0          0
1777804024.379748909     lo:   26548     352    0    0    0     0          0         0    26548     352    0    0    0     0       0          0
1777804024.379748909 enP1p1s0: 7485576174 31969401    0    0    0     0          0        71 7485576126 31969422    0    0    0     0       0          0
1777804024.379748909   eth0:       0       0    0    0    0     0          0         0        0       0    0    0    0     0       0          0
1777804024.379748909  wlan0:  111012    1061    0    0    0     0          0         3   121761     998    0    0    0     0       0          0
1777804024.379748909    br0:    4650      49    0    0    0     0          0        46     1054      13    0    0    0     0       0          0
1777804025.392449247     lo:   26548     352    0    0    0     0          0         0    26548     352    0    0    0     0       0          0
1777804025.392449247 enP1p1s0: 7606051214 32198441    0    0    0     0          0        71 7606044854 32198450    0    0    0     0       0          0
1777804025.392449247   eth0:       0       0    0    0    0     0          0         0        0       0    0    0    0     0       0          0
1777804025.392449247  wlan0:  111012    1061    0    0    0     0          0         3   121761     998    0    0    0     0       0          0
1777804025.392449247    br0:    4650      49    0    0    0     0          0        46     1054      13    0    0    0     0       0          0
1777804026.405020882     lo:   26548     352    0    0    0     0          0         0    26548     352    0    0    0     0       0          0
1777804026.405020882 enP1p1s0: 7726238006 32426933    0    0    0     0          0        71 7726240062 32426958    0    0    0     0       0          0
1777804026.405020882   eth0:       0       0    0    0    0     0          0         0        0       0    0    0    0     0       0          0
1777804026.405020882  wlan0:  111012    1061    0    0    0     0          0         3   121761     998    0    0    0     0       0          0
1777804026.405020882    br0:    4650      49    0    0    0     0          0        46     1054      13    0    0    0     0       0          0
1777804027.419677398     lo:   26548     352    0    0    0     0          0         0    26548     352    0    0    0     0       0          0
1777804027.419677398 enP1p1s0: 7847443780 32657364    0    0    0     0          0        71 7847445310 32657388    0    0    0     0       0          0
1777804027.419677398   eth0:       0       0    0    0    0     0          0         0        0       0    0    0    0     0       0          0
1777804027.419677398  wlan0:  111012    1061    0    0    0     0          0         3   121761     998    0    0    0     0       0          0
1777804027.419677398    br0:    4650      49    0    0    0     0          0        46     1054      13    0    0    0     0       0          0
1777804028.433428946     lo:   26548     352    0    0    0     0          0         0    26548     352    0    0    0     0       0          0
1777804028.433428946 enP1p1s0: 7967594804 32885788    0    0    0     0          0        71 7967585814 32885792    0    0    0     0       0          0
1777804028.433428946   eth0:       0       0    0    0    0     0          0         0        0       0    0    0    0     0       0          0
1777804028.433428946  wlan0:  111012    1061    0    0    0     0          0         3   121761     998    0    0    0     0       0          0
1777804028.433428946    br0:    4650      49    0    0    0     0          0        46     1054      13    0    0    0     0       0          0
1777804029.445905839     lo:   26548     352    0    0    0     0          0         0    26548     352    0    0    0     0       0          0
1777804029.445905839 enP1p1s0: 8088175570 33115029    0    0    0     0          0        71 8088170262 33115040    0    0    0     0       0          0
1777804029.445905839   eth0:       0       0    0    0    0     0          0         0        0       0    0    0    0     0       0          0
1777804029.445905839  wlan0:  111012    1061    0    0    0     0          0         3   121761     998    0    0    0     0       0          0
1777804029.445905839    br0:    4650      49    0    0    0     0          0        46     1054      13    0    0    0     0       0          0
1777804030.459411330     lo:   26548     352    0    0    0     0          0         0    26548     352    0    0    0     0       0          0
1777804030.459411330 enP1p1s0: 8208897830 33344539    0    0    0     0          0        71 8208899886 33344564    0    0    0     0       0          0
1777804030.459411330   eth0:       0       0    0    0    0     0          0         0        0       0    0    0    0     0       0          0
1777804030.459411330  wlan0:  111012    1061    0    0    0     0          0         3   121761     998    0    0    0     0       0          0
1777804030.459411330    br0:    4650      49    0    0    0     0          0        46     1054      13    0    0    0     0       0          0
