Linux 6.17.0-1011-raspi (raspberrypi) 	05/03/26 	_aarch64_	(4 CPU)

13:27:32     CPU    %usr   %nice    %sys %iowait    %irq   %soft  %steal  %guest  %gnice   %idle
13:27:33     all    1.00    0.00    1.49    0.00    0.00    0.00    0.00    0.00    0.00   97.51
13:27:33       0    1.00    0.00    1.00    0.00    0.00    0.00    0.00    0.00    0.00   98.00
13:27:33       1    0.99    0.00    1.98    0.00    0.00    0.00    0.00    0.00    0.00   97.03
13:27:33       2    1.00    0.00    1.00    0.00    0.00    0.00    0.00    0.00    0.00   98.00
13:27:33       3    0.99    0.00    1.98    0.00    0.00    0.00    0.00    0.00    0.00   97.03

13:27:33     CPU    %usr   %nice    %sys %iowait    %irq   %soft  %steal  %guest  %gnice   %idle
13:27:34     all    0.25    0.00    1.26    0.00    0.00    0.00    0.00    0.00    0.00   98.49
13:27:34       0    0.00    0.00    2.02    0.00    0.00    0.00    0.00    0.00    0.00   97.98
13:27:34       1    0.00    0.00    1.01    0.00    0.00    0.00    0.00    0.00    0.00   98.99
13:27:34       2    1.00    0.00    1.00    0.00    0.00    0.00    0.00    0.00    0.00   98.00
13:27:34       3    0.00    0.00    1.01    0.00    0.00    0.00    0.00    0.00    0.00   98.99

13:27:34     CPU    %usr   %nice    %sys %iowait    %irq   %soft  %steal  %guest  %gnice   %idle
13:27:35     all    0.75    0.00    1.00    0.00    0.00    0.00    0.00    0.00    0.00   98.25
13:27:35       0    1.00    0.00    0.00    0.00    0.00    0.00    0.00    0.00    0.00   99.00
13:27:35       1    1.00    0.00    1.00    0.00    0.00    0.00    0.00    0.00    0.00   98.00
13:27:35       2    0.99    0.00    1.98    0.00    0.00    0.00    0.00    0.00    0.00   97.03
13:27:35       3    0.00    0.00    1.01    0.00    0.00    0.00    0.00    0.00    0.00   98.99

13:27:35     CPU    %usr   %nice    %sys %iowait    %irq   %soft  %steal  %guest  %gnice   %idle
13:27:36     all    0.25    0.00    1.25    0.00    0.00    0.00    0.00    0.00    0.00   98.50
13:27:36       0    0.00    0.00    2.00    0.00    0.00    0.00    0.00    0.00    0.00   98.00
13:27:36       1    0.00    0.00    0.00    0.00    0.00    0.00    0.00    0.00    0.00  100.00
13:27:36       2    0.00    0.00    1.02    0.00    0.00    0.00    0.00    0.00    0.00   98.98
13:27:36       3    0.98    0.00    1.96    0.00    0.00    0.00    0.00    0.00    0.00   97.06

13:27:36     CPU    %usr   %nice    %sys %iowait    %irq   %soft  %steal  %guest  %gnice   %idle
13:27:37     all    0.75    0.00    0.75    0.00    0.00    0.00    0.00    0.00    0.00   98.49
13:27:37       0    1.01    0.00    0.00    0.00    0.00    0.00    0.00    0.00    0.00   98.99
13:27:37       1    1.00    0.00    1.00    0.00    0.00    0.00    0.00    0.00    0.00   98.00
13:27:37       2    0.99    0.00    1.98    0.00    0.00    0.00    0.00    0.00    0.00   97.03
13:27:37       3    0.00    0.00    0.00    0.00    0.00    0.00    0.00    0.00    0.00  100.00

13:27:37     CPU    %usr   %nice    %sys %iowait    %irq   %soft  %steal  %guest  %gnice   %idle
13:27:38     all    0.25    0.00    1.75    0.00    0.00    0.00    0.00    0.00    0.00   98.00
13:27:38       0    0.00    0.00    1.00    0.00    0.00    0.00    0.00    0.00    0.00   99.00
13:27:38       1    0.00    0.00    2.00    0.00    0.00    0.00    0.00    0.00    0.00   98.00
13:27:38       2    0.00    0.00    2.00    0.00    0.00    0.00    0.00    0.00    0.00   98.00
13:27:38       3    0.99    0.00    1.98    0.00    0.00    0.00    0.00    0.00    0.00   97.03

13:27:38     CPU    %usr   %nice    %sys %iowait    %irq   %soft  %steal  %guest  %gnice   %idle
13:27:39     all    0.75    0.00    1.24    0.00    0.00    0.00    0.00    0.00    0.00   98.01
13:27:39       0    1.00    0.00    1.00    0.00    0.00    0.00    0.00    0.00    0.00   98.00
13:27:39       1    0.99    0.00    0.99    0.00    0.00    0.00    0.00    0.00    0.00   98.02
13:27:39       2    0.99    0.00    1.98    0.00    0.00    0.00    0.00    0.00    0.00   97.03
13:27:39       3    0.00    0.00    1.00    0.00    0.00    0.00    0.00    0.00    0.00   99.00

13:27:39     CPU    %usr   %nice    %sys %iowait    %irq   %soft  %steal  %guest  %gnice   %idle
13:27:40     all    0.25    0.00    1.01    0.00    0.00    0.00    0.00    0.00    0.00   98.74
13:27:40       0    1.00    0.00    1.00    0.00    0.00    0.00    0.00    0.00    0.00   98.00
13:27:40       1    0.00    0.00    1.00    0.00    0.00    0.00    0.00    0.00    0.00   99.00
13:27:40       2    0.00    0.00    1.01    0.00    0.00    0.00    0.00    0.00    0.00   98.99
13:27:40       3    0.00    0.00    1.01    0.00    0.00    0.00    0.00    0.00    0.00   98.99

13:27:40     CPU    %usr   %nice    %sys %iowait    %irq   %soft  %steal  %guest  %gnice   %idle
13:27:41     all    0.75    0.00    1.25    0.00    0.00    0.00    0.00    0.00    0.00   98.00
13:27:41       0    0.00    0.00    1.00    0.00    0.00    0.00    0.00    0.00    0.00   99.00
13:27:41       1    1.00    0.00    1.00    0.00    0.00    0.00    0.00    0.00    0.00   98.00
13:27:41       2    1.00    0.00    1.00    0.00    0.00    0.00    0.00    0.00    0.00   98.00
13:27:41       3    0.99    0.00    1.98    0.00    0.00    0.00    0.00    0.00    0.00   97.03

13:27:41     CPU    %usr   %nice    %sys %iowait    %irq   %soft  %steal  %guest  %gnice   %idle
13:27:42     all    0.50    0.00    1.25    0.00    0.00    0.00    0.00    0.00    0.00   98.25
13:27:42       0    1.00    0.00    2.00    0.00    0.00    0.00    0.00    0.00    0.00   97.00
13:27:42       1    0.00    0.00    1.01    0.00    0.00    0.00    0.00    0.00    0.00   98.99
13:27:42       2    0.99    0.00    1.98    0.00    0.00    0.00    0.00    0.00    0.00   97.03
13:27:42       3    0.00    0.00    0.00    0.00    0.00    0.00    0.00    0.00    0.00  100.00

13:27:42     CPU    %usr   %nice    %sys %iowait    %irq   %soft  %steal  %guest  %gnice   %idle
13:27:43     all    0.50    0.00    1.49    0.25    0.00    0.00    0.00    0.00    0.00   97.77
13:27:43       0    0.00    0.00    0.00    0.00    0.00    0.00    0.00    0.00    0.00  100.00
13:27:43       1    0.98    0.00    1.96    0.00    0.00    0.00    0.00    0.00    0.00   97.06
13:27:43       2    0.00    0.00    2.00    0.00    0.00    0.00    0.00    0.00    0.00   98.00
13:27:43       3    0.98    0.00    1.96    0.98    0.00    0.00    0.00    0.00    0.00   96.08

13:27:43     CPU    %usr   %nice    %sys %iowait    %irq   %soft  %steal  %guest  %gnice   %idle
13:27:44     all    0.51    0.00    0.76    0.00    0.00    0.00    0.00    0.00    0.00   98.74
13:27:44       0    1.00    0.00    1.00    0.00    0.00    0.00    0.00    0.00    0.00   98.00
13:27:44       1    0.00    0.00    1.01    0.00    0.00    0.00    0.00    0.00    0.00   98.99
13:27:44       2    1.01    0.00    1.01    0.00    0.00    0.00    0.00    0.00    0.00   97.98
13:27:44       3    0.00    0.00    0.00    0.00    0.00    0.00    0.00    0.00    0.00  100.00

13:27:44     CPU    %usr   %nice    %sys %iowait    %irq   %soft  %steal  %guest  %gnice   %idle
13:27:45     all    0.25    0.00    1.25    0.00    0.00    0.00    0.00    0.00    0.00   98.50
13:27:45       0    0.00    0.00    1.00    0.00    0.00    0.00    0.00    0.00    0.00   99.00
13:27:45       1    0.00    0.00    1.01    0.00    0.00    0.00    0.00    0.00    0.00   98.99
13:27:45       2    0.00    0.00    1.01    0.00    0.00    0.00    0.00    0.00    0.00   98.99
13:27:45       3    0.98    0.00    1.96    0.00    0.00    0.00    0.00    0.00    0.00   97.06

13:27:45     CPU    %usr   %nice    %sys %iowait    %irq   %soft  %steal  %guest  %gnice   %idle
13:27:46     all    0.78    0.00    1.82    0.00    0.00    0.00    0.00    0.00    0.00   97.40
13:27:46       0    1.19    0.00    2.38    0.00    0.00    0.00    0.00    0.00    0.00   96.43
13:27:46       1    0.99    0.00    1.98    0.00    0.00    0.00    0.00    0.00    0.00   97.03
13:27:46       2    0.99    0.00    1.98    0.00    0.00    0.00    0.00    0.00    0.00   97.03
13:27:46       3    0.00    0.00    1.01    0.00    0.00    0.00    0.00    0.00    0.00   98.99

13:27:46     CPU    %usr   %nice    %sys %iowait    %irq   %soft  %steal  %guest  %gnice   %idle
13:27:47     all    0.53    0.00    1.34    0.00    0.00    1.60    0.00    0.00    0.00   96.52
13:27:47       0    0.00    0.00    1.37    0.00    0.00    8.22    0.00    0.00    0.00   90.41
13:27:47       1    0.99    0.00    0.99    0.00    0.00    0.00    0.00    0.00    0.00   98.02
13:27:47       2    0.00    0.00    2.00    0.00    0.00    0.00    0.00    0.00    0.00   98.00
13:27:47       3    1.00    0.00    1.00    0.00    0.00    0.00    0.00    0.00    0.00   98.00

13:27:47     CPU    %usr   %nice    %sys %iowait    %irq   %soft  %steal  %guest  %gnice   %idle
13:27:48     all    0.54    0.00    1.07    0.00    0.00    1.34    0.00    0.00    0.00   97.05
13:27:48       0    0.00    0.00    1.35    0.00    0.00    6.76    0.00    0.00    0.00   91.89
13:27:48       1    0.00    0.00    1.01    0.00    0.00    0.00    0.00    0.00    0.00   98.99
13:27:48       2    1.00    0.00    1.00    0.00    0.00    0.00    0.00    0.00    0.00   98.00
13:27:48       3    1.00    0.00    1.00    0.00    0.00    0.00    0.00    0.00    0.00   98.00

13:27:48     CPU    %usr   %nice    %sys %iowait    %irq   %soft  %steal  %guest  %gnice   %idle
13:27:49     all    0.27    0.00    1.63    0.00    0.00    0.54    0.00    0.00    0.00   97.56
13:27:49       0    0.00    0.00    1.43    0.00    0.00    2.86    0.00    0.00    0.00   95.71
13:27:49       1    0.00    0.00    2.00    0.00    0.00    0.00    0.00    0.00    0.00   98.00
13:27:49       2    1.00    0.00    2.00    0.00    0.00    0.00    0.00    0.00    0.00   97.00
13:27:49       3    0.00    0.00    1.01    0.00    0.00    0.00    0.00    0.00    0.00   98.99

13:27:49     CPU    %usr   %nice    %sys %iowait    %irq   %soft  %steal  %guest  %gnice   %idle
13:27:50     all    0.80    0.00    1.34    0.00    0.00    1.60    0.00    0.00    0.00   96.26
13:27:50       0    1.35    0.00    1.35    0.00    0.00    8.11    0.00    0.00    0.00   89.19
13:27:50       1    1.00    0.00    1.00    0.00    0.00    0.00    0.00    0.00    0.00   98.00
13:27:50       2    0.00    0.00    1.01    0.00    0.00    0.00    0.00    0.00    0.00   98.99
13:27:50       3    0.99    0.00    1.98    0.00    0.00    0.00    0.00    0.00    0.00   97.03

13:27:50     CPU    %usr   %nice    %sys %iowait    %irq   %soft  %steal  %guest  %gnice   %idle
13:27:51     all    0.54    0.00    1.35    0.00    0.00    1.08    0.00    0.00    0.00   97.04
13:27:51       0    0.00    0.00    1.41    0.00    0.00    5.63    0.00    0.00    0.00   92.96
13:27:51       1    1.00    0.00    1.00    0.00    0.00    0.00    0.00    0.00    0.00   98.00
13:27:51       2    0.99    0.00    1.98    0.00    0.00    0.00    0.00    0.00    0.00   97.03
13:27:51       3    0.00    0.00    1.01    0.00    0.00    0.00    0.00    0.00    0.00   98.99

13:27:51     CPU    %usr   %nice    %sys %iowait    %irq   %soft  %steal  %guest  %gnice   %idle
13:27:52     all    1.07    0.00    1.07    0.00    0.00    1.34    0.00    0.00    0.00   96.51
13:27:52       0    1.37    0.00    1.37    0.00    0.00    6.85    0.00    0.00    0.00   90.41
13:27:52       1    1.00    0.00    1.00    0.00    0.00    0.00    0.00    0.00    0.00   98.00
13:27:52       2    1.01    0.00    0.00    0.00    0.00    0.00    0.00    0.00    0.00   98.99
13:27:52       3    0.99    0.00    1.98    0.00    0.00    0.00    0.00    0.00    0.00   97.03

13:27:52     CPU    %usr   %nice    %sys %iowait    %irq   %soft  %steal  %guest  %gnice   %idle
13:27:53     all    0.00    0.00    1.35    0.27    0.00    1.08    0.00    0.00    0.00   97.30
13:27:53       0    0.00    0.00    1.35    0.00    0.00    5.41    0.00    0.00    0.00   93.24
13:27:53       1    0.00    0.00    1.01    0.00    0.00    0.00    0.00    0.00    0.00   98.99
13:27:53       2    0.00    0.00    2.00    0.00    0.00    0.00    0.00    0.00    0.00   98.00
13:27:53       3    0.00    0.00    1.02    1.02    0.00    0.00    0.00    0.00    0.00   97.96

13:27:53     CPU    %usr   %nice    %sys %iowait    %irq   %soft  %steal  %guest  %gnice   %idle
13:27:54     all    1.07    0.00    0.80    0.00    0.00    0.80    0.00    0.00    0.00   97.33
13:27:54       0    1.35    0.00    1.35    0.00    0.00    4.05    0.00    0.00    0.00   93.24
13:27:54       1    1.00    0.00    1.00    0.00    0.00    0.00    0.00    0.00    0.00   98.00
13:27:54       2    1.00    0.00    1.00    0.00    0.00    0.00    0.00    0.00    0.00   98.00
13:27:54       3    1.00    0.00    0.00    0.00    0.00    0.00    0.00    0.00    0.00   99.00

13:27:54     CPU    %usr   %nice    %sys %iowait    %irq   %soft  %steal  %guest  %gnice   %idle
13:27:55     all    0.54    0.00    1.34    0.00    0.00    1.34    0.00    0.00    0.00   96.78
13:27:55       0    0.00    0.00    1.39    0.00    0.00    6.94    0.00    0.00    0.00   91.67
13:27:55       1    0.00    0.00    1.98    0.00    0.00    0.00    0.00    0.00    0.00   98.02
13:27:55       2    1.00    0.00    1.00    0.00    0.00    0.00    0.00    0.00    0.00   98.00
13:27:55       3    1.00    0.00    1.00    0.00    0.00    0.00    0.00    0.00    0.00   98.00

13:27:55     CPU    %usr   %nice    %sys %iowait    %irq   %soft  %steal  %guest  %gnice   %idle
13:27:56     all    0.54    0.00    1.35    0.00    0.00    1.35    0.00    0.00    0.00   96.77
13:27:56       0    0.00    0.00    1.39    0.00    0.00    6.94    0.00    0.00    0.00   91.67
13:27:56       1    1.01    0.00    1.01    0.00    0.00    0.00    0.00    0.00    0.00   97.98
13:27:56       2    1.00    0.00    2.00    0.00    0.00    0.00    0.00    0.00    0.00   97.00
13:27:56       3    0.00    0.00    1.00    0.00    0.00    0.00    0.00    0.00    0.00   99.00

13:27:56     CPU    %usr   %nice    %sys %iowait    %irq   %soft  %steal  %guest  %gnice   %idle
13:27:57     all    0.00    0.00    1.62    0.00    0.00    1.08    0.00    0.00    0.00   97.30
13:27:57       0    0.00    0.00    1.41    0.00    0.00    5.63    0.00    0.00    0.00   92.96
13:27:57       1    0.00    0.00    1.98    0.00    0.00    0.00    0.00    0.00    0.00   98.02
13:27:57       2    0.00    0.00    1.01    0.00    0.00    0.00    0.00    0.00    0.00   98.99
13:27:57       3    0.00    0.00    2.00    0.00    0.00    0.00    0.00    0.00    0.00   98.00

13:27:57     CPU    %usr   %nice    %sys %iowait    %irq   %soft  %steal  %guest  %gnice   %idle
13:27:58     all    0.80    0.00    1.06    0.53    0.00    1.06    0.00    0.00    0.00   96.54
13:27:58       0    1.33    0.00    1.33    0.00    0.00    5.33    0.00    0.00    0.00   92.00
13:27:58       1    0.00    0.00    1.00    1.00    0.00    0.00    0.00    0.00    0.00   98.00
13:27:58       2    1.00    0.00    1.00    0.00    0.00    0.00    0.00    0.00    0.00   98.00
13:27:58       3    0.99    0.00    0.99    0.99    0.00    0.00    0.00    0.00    0.00   97.03

13:27:58     CPU    %usr   %nice    %sys %iowait    %irq   %soft  %steal  %guest  %gnice   %idle
13:27:59     all    0.80    0.00    1.07    0.00    0.00    1.34    0.00    0.00    0.00   96.78
13:27:59       0    0.00    0.00    1.35    0.00    0.00    6.76    0.00    0.00    0.00   91.89
13:27:59       1    1.00    0.00    1.00    0.00    0.00    0.00    0.00    0.00    0.00   98.00
13:27:59       2    1.01    0.00    1.01    0.00    0.00    0.00    0.00    0.00    0.00   97.98
13:27:59       3    1.00    0.00    1.00    0.00    0.00    0.00    0.00    0.00    0.00   98.00

13:27:59     CPU    %usr   %nice    %sys %iowait    %irq   %soft  %steal  %guest  %gnice   %idle
13:28:00     all    0.27    0.00    1.35    0.00    0.00    1.08    0.00    0.00    0.00   97.30
13:28:00       0    1.41    0.00    0.00    0.00    0.00    5.63    0.00    0.00    0.00   92.96
13:28:00       1    0.00    0.00    1.01    0.00    0.00    0.00    0.00    0.00    0.00   98.99
13:28:00       2    0.00    0.00    1.98    0.00    0.00    0.00    0.00    0.00    0.00   98.02
13:28:00       3    0.00    0.00    2.00    0.00    0.00    0.00    0.00    0.00    0.00   98.00

13:28:00     CPU    %usr   %nice    %sys %iowait    %irq   %soft  %steal  %guest  %gnice   %idle
13:28:01     all    0.80    0.00    1.60    0.00    0.00    1.07    0.00    0.00    0.00   96.52
13:28:01       0    0.00    0.00    2.74    0.00    0.00    5.48    0.00    0.00    0.00   91.78
13:28:01       1    0.99    0.00    1.98    0.00    0.00    0.00    0.00    0.00    0.00   97.03
13:28:01       2    1.00    0.00    1.00    0.00    0.00    0.00    0.00    0.00    0.00   98.00
13:28:01       3    1.00    0.00    1.00    0.00    0.00    0.00    0.00    0.00    0.00   98.00

13:28:01     CPU    %usr   %nice    %sys %iowait    %irq   %soft  %steal  %guest  %gnice   %idle
13:28:02     all    0.00    0.00    1.62    0.00    0.00    1.35    0.00    0.00    0.00   97.04
13:28:02       0    0.00    0.00    1.39    0.00    0.00    6.94    0.00    0.00    0.00   91.67
13:28:02       1    0.00    0.00    1.01    0.00    0.00    0.00    0.00    0.00    0.00   98.99
13:28:02       2    0.00    0.00    2.00    0.00    0.00    0.00    0.00    0.00    0.00   98.00
13:28:02       3    0.00    0.00    2.00    0.00    0.00    0.00    0.00    0.00    0.00   98.00

13:28:02     CPU    %usr   %nice    %sys %iowait    %irq   %soft  %steal  %guest  %gnice   %idle
13:28:03     all    0.81    0.00    1.34    0.00    0.00    1.08    0.00    0.00    0.00   96.77
13:28:03       0    1.37    0.00    2.74    0.00    0.00    5.48    0.00    0.00    0.00   90.41
13:28:03       1    1.00    0.00    1.00    0.00    0.00    0.00    0.00    0.00    0.00   98.00
13:28:03       2    1.01    0.00    1.01    0.00    0.00    0.00    0.00    0.00    0.00   97.98
13:28:03       3    0.00    0.00    1.00    0.00    0.00    0.00    0.00    0.00    0.00   99.00

13:28:03     CPU    %usr   %nice    %sys %iowait    %irq   %soft  %steal  %guest  %gnice   %idle
13:28:04     all    0.80    0.00    0.80    0.00    0.00    1.34    0.00    0.00    0.00   97.06
13:28:04       0    1.33    0.00    0.00    0.00    0.00    6.67    0.00    0.00    0.00   92.00
13:28:04       1    0.00    0.00    1.01    0.00    0.00    0.00    0.00    0.00    0.00   98.99
13:28:04       2    1.00    0.00    1.00    0.00    0.00    0.00    0.00    0.00    0.00   98.00
13:28:04       3    1.00    0.00    1.00    0.00    0.00    0.00    0.00    0.00    0.00   98.00

13:28:04     CPU    %usr   %nice    %sys %iowait    %irq   %soft  %steal  %guest  %gnice   %idle
13:28:05     all    0.80    0.00    1.33    0.00    0.00    1.06    0.00    0.00    0.00   96.81
13:28:05       0    0.00    0.00    1.35    0.00    0.00    5.41    0.00    0.00    0.00   93.24
13:28:05       1    0.99    0.00    0.99    0.00    0.00    0.00    0.00    0.00    0.00   98.02
13:28:05       2    0.99    0.00    1.98    0.00    0.00    0.00    0.00    0.00    0.00   97.03
13:28:05       3    1.00    0.00    1.00    0.00    0.00    0.00    0.00    0.00    0.00   98.00

13:28:05     CPU    %usr   %nice    %sys %iowait    %irq   %soft  %steal  %guest  %gnice   %idle
13:28:06     all    0.27    0.00    0.81    0.00    0.00    1.08    0.00    0.00    0.00   97.84
13:28:06       0    1.39    0.00    1.39    0.00    0.00    5.56    0.00    0.00    0.00   91.67
13:28:06       1    0.00    0.00    1.00    0.00    0.00    0.00    0.00    0.00    0.00   99.00
13:28:06       2    0.00    0.00    0.00    0.00    0.00    0.00    0.00    0.00    0.00  100.00
13:28:06       3    0.00    0.00    1.01    0.00    0.00    0.00    0.00    0.00    0.00   98.99

13:28:06     CPU    %usr   %nice    %sys %iowait    %irq   %soft  %steal  %guest  %gnice   %idle
13:28:07     all    0.27    0.00    0.81    0.00    0.00    1.08    0.00    0.00    0.00   97.84
13:28:07       0    0.00    0.00    0.00    0.00    0.00    5.71    0.00    0.00    0.00   94.29
13:28:07       1    0.00    0.00    1.00    0.00    0.00    0.00    0.00    0.00    0.00   99.00
13:28:07       2    0.99    0.00    0.99    0.00    0.00    0.00    0.00    0.00    0.00   98.02
13:28:07       3    0.00    0.00    1.00    0.00    0.00    0.00    0.00    0.00    0.00   99.00

13:28:07     CPU    %usr   %nice    %sys %iowait    %irq   %soft  %steal  %guest  %gnice   %idle
13:28:08     all    0.54    0.00    1.61    0.00    0.00    1.07    0.00    0.00    0.00   96.78
13:28:08       0    0.00    0.00    2.74    0.00    0.00    5.48    0.00    0.00    0.00   91.78
13:28:08       1    1.00    0.00    1.00    0.00    0.00    0.00    0.00    0.00    0.00   98.00
13:28:08       2    0.00    0.00    2.00    0.00    0.00    0.00    0.00    0.00    0.00   98.00
13:28:08       3    1.00    0.00    1.00    0.00    0.00    0.00    0.00    0.00    0.00   98.00

13:28:08     CPU    %usr   %nice    %sys %iowait    %irq   %soft  %steal  %guest  %gnice   %idle
13:28:09     all    0.53    0.00    1.07    0.00    0.00    1.07    0.00    0.00    0.00   97.33
13:28:09       0    0.00    0.00    1.35    0.00    0.00    5.41    0.00    0.00    0.00   93.24
13:28:09       1    0.00    0.00    1.00    0.00    0.00    0.00    0.00    0.00    0.00   99.00
13:28:09       2    1.00    0.00    1.00    0.00    0.00    0.00    0.00    0.00    0.00   98.00
13:28:09       3    1.00    0.00    1.00    0.00    0.00    0.00    0.00    0.00    0.00   98.00

13:28:09     CPU    %usr   %nice    %sys %iowait    %irq   %soft  %steal  %guest  %gnice   %idle
13:28:10     all    0.53    0.00    1.34    0.00    0.00    1.60    0.00    0.00    0.00   96.52
13:28:10       0    1.32    0.00    1.32    0.00    0.00    7.89    0.00    0.00    0.00   89.47
13:28:10       1    0.00    0.00    2.02    0.00    0.00    0.00    0.00    0.00    0.00   97.98
13:28:10       2    1.00    0.00    1.00    0.00    0.00    0.00    0.00    0.00    0.00   98.00
13:28:10       3    0.00    0.00    1.01    0.00    0.00    0.00    0.00    0.00    0.00   98.99

13:28:10     CPU    %usr   %nice    %sys %iowait    %irq   %soft  %steal  %guest  %gnice   %idle
13:28:11     all    0.53    0.00    1.33    0.00    0.00    1.33    0.00    0.00    0.00   96.81
13:28:11       0    0.00    0.00    1.35    0.00    0.00    6.76    0.00    0.00    0.00   91.89
13:28:11       1    0.99    0.00    0.99    0.00    0.00    0.00    0.00    0.00    0.00   98.02
13:28:11       2    0.00    0.00    1.00    0.00    0.00    0.00    0.00    0.00    0.00   99.00
13:28:11       3    0.99    0.00    1.98    0.00    0.00    0.00    0.00    0.00    0.00   97.03

13:28:11     CPU    %usr   %nice    %sys %iowait    %irq   %soft  %steal  %guest  %gnice   %idle
13:28:12     all    0.27    0.00    1.35    0.00    0.00    1.62    0.00    0.00    0.00   96.77
13:28:12       0    0.00    0.00    2.70    0.00    0.00    8.11    0.00    0.00    0.00   89.19
13:28:12       1    0.00    0.00    1.02    0.00    0.00    0.00    0.00    0.00    0.00   98.98
13:28:12       2    1.00    0.00    1.00    0.00    0.00    0.00    0.00    0.00    0.00   98.00
13:28:12       3    0.00    0.00    1.01    0.00    0.00    0.00    0.00    0.00    0.00   98.99

13:28:12     CPU    %usr   %nice    %sys %iowait    %irq   %soft  %steal  %guest  %gnice   %idle
13:28:13     all    0.81    0.00    1.08    0.00    0.00    1.08    0.00    0.00    0.00   97.04
13:28:13       0    1.41    0.00    1.41    0.00    0.00    5.63    0.00    0.00    0.00   91.55
13:28:13       1    0.99    0.00    0.99    0.00    0.00    0.00    0.00    0.00    0.00   98.02
13:28:13       2    0.00    0.00    1.01    0.00    0.00    0.00    0.00    0.00    0.00   98.99
13:28:13       3    0.99    0.00    0.99    0.00    0.00    0.00    0.00    0.00    0.00   98.02

13:28:13     CPU    %usr   %nice    %sys %iowait    %irq   %soft  %steal  %guest  %gnice   %idle
13:28:14     all    0.27    0.00    1.61    0.00    0.00    1.34    0.00    0.00    0.00   96.77
13:28:14       0    0.00    0.00    2.74    0.00    0.00    6.85    0.00    0.00    0.00   90.41
13:28:14       1    0.00    0.00    1.01    0.00    0.00    0.00    0.00    0.00    0.00   98.99
13:28:14       2    1.00    0.00    1.00    0.00    0.00    0.00    0.00    0.00    0.00   98.00
13:28:14       3    0.00    0.00    2.00    0.00    0.00    0.00    0.00    0.00    0.00   98.00

13:28:14     CPU    %usr   %nice    %sys %iowait    %irq   %soft  %steal  %guest  %gnice   %idle
13:28:15     all    0.27    0.00    1.60    0.00    0.00    1.07    0.00    0.00    0.00   97.06
13:28:15       0    0.00    0.00    1.35    0.00    0.00    5.41    0.00    0.00    0.00   93.24
13:28:15       1    0.00    0.00    2.00    0.00    0.00    0.00    0.00    0.00    0.00   98.00
13:28:15       2    0.00    0.00    2.00    0.00    0.00    0.00    0.00    0.00    0.00   98.00
13:28:15       3    1.00    0.00    1.00    0.00    0.00    0.00    0.00    0.00    0.00   98.00

13:28:15     CPU    %usr   %nice    %sys %iowait    %irq   %soft  %steal  %guest  %gnice   %idle
13:28:16     all    0.80    0.00    1.07    0.00    0.00    0.80    0.00    0.00    0.00   97.33
13:28:16       0    1.37    0.00    1.37    0.00    0.00    4.11    0.00    0.00    0.00   93.15
13:28:16       1    1.00    0.00    0.00    0.00    0.00    0.00    0.00    0.00    0.00   99.00
13:28:16       2    0.99    0.00    0.99    0.00    0.00    0.00    0.00    0.00    0.00   98.02
13:28:16       3    0.00    0.00    2.00    0.00    0.00    0.00    0.00    0.00    0.00   98.00

13:28:16     CPU    %usr   %nice    %sys %iowait    %irq   %soft  %steal  %guest  %gnice   %idle
13:28:17     all    0.54    0.00    1.36    0.00    0.00    0.81    0.00    0.00    0.00   97.29
13:28:17       0    1.43    0.00    1.43    0.00    0.00    4.29    0.00    0.00    0.00   92.86
13:28:17       1    0.00    0.00    2.00    0.00    0.00    0.00    0.00    0.00    0.00   98.00
13:28:17       2    0.00    0.00    1.01    0.00    0.00    0.00    0.00    0.00    0.00   98.99
13:28:17       3    1.00    0.00    1.00    0.00    0.00    0.00    0.00    0.00    0.00   98.00

13:28:17     CPU    %usr   %nice    %sys %iowait    %irq   %soft  %steal  %guest  %gnice   %idle
13:28:18     all    0.54    0.00    1.89    0.00    0.00    0.54    0.00    0.00    0.00   97.03
13:28:18       0    0.00    0.00    2.86    0.00    0.00    2.86    0.00    0.00    0.00   94.29
13:28:18       1    0.99    0.00    1.98    0.00    0.00    0.00    0.00    0.00    0.00   97.03
13:28:18       2    1.00    0.00    2.00    0.00    0.00    0.00    0.00    0.00    0.00   97.00
13:28:18       3    0.00    0.00    1.01    0.00    0.00    0.00    0.00    0.00    0.00   98.99

13:28:18     CPU    %usr   %nice    %sys %iowait    %irq   %soft  %steal  %guest  %gnice   %idle
13:28:19     all    0.27    0.00    1.34    0.27    0.00    1.08    0.00    0.00    0.00   97.04
13:28:19       0    0.00    0.00    1.39    0.00    0.00    5.56    0.00    0.00    0.00   93.06
13:28:19       1    0.00    0.00    1.01    0.00    0.00    0.00    0.00    0.00    0.00   98.99
13:28:19       2    0.00    0.00    1.01    0.00    0.00    0.00    0.00    0.00    0.00   98.99
13:28:19       3    0.98    0.00    1.96    0.98    0.00    0.00    0.00    0.00    0.00   96.08

13:28:19     CPU    %usr   %nice    %sys %iowait    %irq   %soft  %steal  %guest  %gnice   %idle
13:28:20     all    0.81    0.00    1.08    0.00    0.00    0.81    0.00    0.00    0.00   97.30
13:28:20       0    1.41    0.00    1.41    0.00    0.00    4.23    0.00    0.00    0.00   92.96
13:28:20       1    1.00    0.00    1.00    0.00    0.00    0.00    0.00    0.00    0.00   98.00
13:28:20       2    1.00    0.00    1.00    0.00    0.00    0.00    0.00    0.00    0.00   98.00
13:28:20       3    0.00    0.00    1.01    0.00    0.00    0.00    0.00    0.00    0.00   98.99

13:28:20     CPU    %usr   %nice    %sys %iowait    %irq   %soft  %steal  %guest  %gnice   %idle
13:28:21     all    0.81    0.00    1.08    0.00    0.00    0.81    0.00    0.00    0.00   97.30
13:28:21       0    1.43    0.00    1.43    0.00    0.00    4.29    0.00    0.00    0.00   92.86
13:28:21       1    0.00    0.00    1.01    0.00    0.00    0.00    0.00    0.00    0.00   98.99
13:28:21       2    0.99    0.00    0.99    0.00    0.00    0.00    0.00    0.00    0.00   98.02
13:28:21       3    1.00    0.00    1.00    0.00    0.00    0.00    0.00    0.00    0.00   98.00

13:28:21     CPU    %usr   %nice    %sys %iowait    %irq   %soft  %steal  %guest  %gnice   %idle
13:28:22     all    0.54    0.00    1.89    0.00    0.00    1.08    0.00    0.00    0.00   96.50
13:28:22       0    0.00    0.00    1.43    0.00    0.00    5.71    0.00    0.00    0.00   92.86
13:28:22       1    0.99    0.00    1.98    0.00    0.00    0.00    0.00    0.00    0.00   97.03
13:28:22       2    0.00    0.00    2.02    0.00    0.00    0.00    0.00    0.00    0.00   97.98
13:28:22       3    0.99    0.00    1.98    0.00    0.00    0.00    0.00    0.00    0.00   97.03

13:28:22     CPU    %usr   %nice    %sys %iowait    %irq   %soft  %steal  %guest  %gnice   %idle
13:28:23     all    0.54    0.00    1.34    0.00    0.00    0.80    0.00    0.00    0.00   97.32
13:28:23       0    1.37    0.00    2.74    0.00    0.00    4.11    0.00    0.00    0.00   91.78
13:28:23       1    0.00    0.00    1.01    0.00    0.00    0.00    0.00    0.00    0.00   98.99
13:28:23       2    0.99    0.00    0.99    0.00    0.00    0.00    0.00    0.00    0.00   98.02
13:28:23       3    0.00    0.00    1.00    0.00    0.00    0.00    0.00    0.00    0.00   99.00

13:28:23     CPU    %usr   %nice    %sys %iowait    %irq   %soft  %steal  %guest  %gnice   %idle
13:28:24     all    0.81    0.00    1.08    0.00    0.00    1.34    0.00    0.00    0.00   96.77
13:28:24       0    1.39    0.00    1.39    0.00    0.00    6.94    0.00    0.00    0.00   90.28
13:28:24       1    0.99    0.00    0.99    0.00    0.00    0.00    0.00    0.00    0.00   98.02
13:28:24       2    1.00    0.00    1.00    0.00    0.00    0.00    0.00    0.00    0.00   98.00
13:28:24       3    0.00    0.00    1.01    0.00    0.00    0.00    0.00    0.00    0.00   98.99

13:28:24     CPU    %usr   %nice    %sys %iowait    %irq   %soft  %steal  %guest  %gnice   %idle
13:28:25     all    0.53    0.00    1.33    0.00    0.00    1.60    0.00    0.00    0.00   96.53
13:28:25       0    0.00    0.00    2.67    0.00    0.00    8.00    0.00    0.00    0.00   89.33
13:28:25       1    1.00    0.00    1.00    0.00    0.00    0.00    0.00    0.00    0.00   98.00
13:28:25       2    0.00    0.00    1.01    0.00    0.00    0.00    0.00    0.00    0.00   98.99
13:28:25       3    0.99    0.00    0.99    0.00    0.00    0.00    0.00    0.00    0.00   98.02

13:28:25     CPU    %usr   %nice    %sys %iowait    %irq   %soft  %steal  %guest  %gnice   %idle
13:28:26     all    0.27    0.00    1.08    0.00    0.00    1.36    0.00    0.00    0.00   97.29
13:28:26       0    0.00    0.00    1.41    0.00    0.00    7.04    0.00    0.00    0.00   91.55
13:28:26       1    0.00    0.00    1.02    0.00    0.00    0.00    0.00    0.00    0.00   98.98
13:28:26       2    0.99    0.00    0.99    0.00    0.00    0.00    0.00    0.00    0.00   98.02
13:28:26       3    0.00    0.00    1.01    0.00    0.00    0.00    0.00    0.00    0.00   98.99

13:28:26     CPU    %usr   %nice    %sys %iowait    %irq   %soft  %steal  %guest  %gnice   %idle
13:28:27     all    0.54    0.00    1.36    0.00    0.00    0.81    0.00    0.00    0.00   97.29
13:28:27       0    1.43    0.00    1.43    0.00    0.00    4.29    0.00    0.00    0.00   92.86
13:28:27       1    0.99    0.00    1.98    0.00    0.00    0.00    0.00    0.00    0.00   97.03
13:28:27       2    0.00    0.00    0.00    0.00    0.00    0.00    0.00    0.00    0.00  100.00
13:28:27       3    0.00    0.00    2.00    0.00    0.00    0.00    0.00    0.00    0.00   98.00

13:28:27     CPU    %usr   %nice    %sys %iowait    %irq   %soft  %steal  %guest  %gnice   %idle
13:28:28     all    0.54    0.00    1.34    0.00    0.00    0.80    0.00    0.00    0.00   97.32
13:28:28       0    0.00    0.00    1.39    0.00    0.00    4.17    0.00    0.00    0.00   94.44
13:28:28       1    1.00    0.00    1.00    0.00    0.00    0.00    0.00    0.00    0.00   98.00
13:28:28       2    0.00    0.00    1.98    0.00    0.00    0.00    0.00    0.00    0.00   98.02
13:28:28       3    1.00    0.00    1.00    0.00    0.00    0.00    0.00    0.00    0.00   98.00

13:28:28     CPU    %usr   %nice    %sys %iowait    %irq   %soft  %steal  %guest  %gnice   %idle
13:28:29     all    0.80    0.00    1.60    0.00    0.00    0.53    0.00    0.00    0.00   97.06
13:28:29       0    1.37    0.00    2.74    0.00    0.00    2.74    0.00    0.00    0.00   93.15
13:28:29       1    0.00    0.00    1.00    0.00    0.00    0.00    0.00    0.00    0.00   99.00
13:28:29       2    1.00    0.00    1.00    0.00    0.00    0.00    0.00    0.00    0.00   98.00
13:28:29       3    0.99    0.00    1.98    0.00    0.00    0.00    0.00    0.00    0.00   97.03

13:28:29     CPU    %usr   %nice    %sys %iowait    %irq   %soft  %steal  %guest  %gnice   %idle
13:28:30     all    1.08    0.00    1.08    0.00    0.00    0.54    0.00    0.00    0.00   97.30
13:28:30       0    1.43    0.00    1.43    0.00    0.00    2.86    0.00    0.00    0.00   94.29
13:28:30       1    1.00    0.00    1.00    0.00    0.00    0.00    0.00    0.00    0.00   98.00
13:28:30       2    1.00    0.00    1.00    0.00    0.00    0.00    0.00    0.00    0.00   98.00
13:28:30       3    1.00    0.00    1.00    0.00    0.00    0.00    0.00    0.00    0.00   98.00

13:28:30     CPU    %usr   %nice    %sys %iowait    %irq   %soft  %steal  %guest  %gnice   %idle
13:28:31     all    0.00    0.00    1.08    0.00    0.00    1.08    0.00    0.00    0.00   97.83
13:28:31       0    0.00    0.00    1.43    0.00    0.00    5.71    0.00    0.00    0.00   92.86
13:28:31       1    0.00    0.00    1.00    0.00    0.00    0.00    0.00    0.00    0.00   99.00
13:28:31       2    0.00    0.00    1.01    0.00    0.00    0.00    0.00    0.00    0.00   98.99
13:28:31       3    0.00    0.00    1.00    0.00    0.00    0.00    0.00    0.00    0.00   99.00

13:28:31     CPU    %usr   %nice    %sys %iowait    %irq   %soft  %steal  %guest  %gnice   %idle
13:28:32     all    0.80    0.00    1.60    0.00    0.00    0.80    0.00    0.00    0.00   96.79
13:28:32       0    1.35    0.00    2.70    0.00    0.00    4.05    0.00    0.00    0.00   91.89
13:28:32       1    1.00    0.00    1.00    0.00    0.00    0.00    0.00    0.00    0.00   98.00
13:28:32       2    0.99    0.00    1.98    0.00    0.00    0.00    0.00    0.00    0.00   97.03
13:28:32       3    0.00    0.00    1.01    0.00    0.00    0.00    0.00    0.00    0.00   98.99

13:28:32     CPU    %usr   %nice    %sys %iowait    %irq   %soft  %steal  %guest  %gnice   %idle
13:28:33     all    0.81    0.00    0.81    0.00    0.00    1.08    0.00    0.00    0.00   97.31
13:28:33       0    1.39    0.00    0.00    0.00    0.00    5.56    0.00    0.00    0.00   93.06
13:28:33       1    0.00    0.00    1.01    0.00    0.00    0.00    0.00    0.00    0.00   98.99
13:28:33       2    1.00    0.00    1.00    0.00    0.00    0.00    0.00    0.00    0.00   98.00
13:28:33       3    0.99    0.00    0.99    0.00    0.00    0.00    0.00    0.00    0.00   98.02

13:28:33     CPU    %usr   %nice    %sys %iowait    %irq   %soft  %steal  %guest  %gnice   %idle
13:28:34     all    0.80    0.00    1.33    0.00    0.00    1.06    0.00    0.00    0.00   96.81
13:28:34       0    1.32    0.00    1.32    0.00    0.00    5.26    0.00    0.00    0.00   92.11
13:28:34       1    0.99    0.00    1.98    0.00    0.00    0.00    0.00    0.00    0.00   97.03
13:28:34       2    0.00    0.00    1.01    0.00    0.00    0.00    0.00    0.00    0.00   98.99
13:28:34       3    1.00    0.00    1.00    0.00    0.00    0.00    0.00    0.00    0.00   98.00

13:28:34     CPU    %usr   %nice    %sys %iowait    %irq   %soft  %steal  %guest  %gnice   %idle
13:28:35     all    0.54    0.00    1.08    0.00    0.00    1.08    0.00    0.00    0.00   97.31
13:28:35       0    0.00    0.00    1.37    0.00    0.00    5.48    0.00    0.00    0.00   93.15
13:28:35       1    1.00    0.00    1.00    0.00    0.00    0.00    0.00    0.00    0.00   98.00
13:28:35       2    1.00    0.00    1.00    0.00    0.00    0.00    0.00    0.00    0.00   98.00
13:28:35       3    0.00    0.00    1.01    0.00    0.00    0.00    0.00    0.00    0.00   98.99

13:28:35     CPU    %usr   %nice    %sys %iowait    %irq   %soft  %steal  %guest  %gnice   %idle
13:28:36     all    0.54    0.00    1.35    0.00    0.00    0.81    0.00    0.00    0.00   97.30
13:28:36       0    1.43    0.00    1.43    0.00    0.00    4.29    0.00    0.00    0.00   92.86
13:28:36       1    0.00    0.00    1.01    0.00    0.00    0.00    0.00    0.00    0.00   98.99
13:28:36       2    0.99    0.00    1.98    0.00    0.00    0.00    0.00    0.00    0.00   97.03
13:28:36       3    0.00    0.00    1.00    0.00    0.00    0.00    0.00    0.00    0.00   99.00

13:28:36     CPU    %usr   %nice    %sys %iowait    %irq   %soft  %steal  %guest  %gnice   %idle
13:28:37     all    0.27    0.00    0.54    0.00    0.00    0.81    0.00    0.00    0.00   98.37
13:28:37       0    0.00    0.00    1.41    0.00    0.00    4.23    0.00    0.00    0.00   94.37
13:28:37       1    0.00    0.00    1.00    0.00    0.00    0.00    0.00    0.00    0.00   99.00
13:28:37       2    0.00    0.00    0.00    0.00    0.00    0.00    0.00    0.00    0.00  100.00
13:28:37       3    1.01    0.00    0.00    0.00    0.00    0.00    0.00    0.00    0.00   98.99

13:28:37     CPU    %usr   %nice    %sys %iowait    %irq   %soft  %steal  %guest  %gnice   %idle
13:28:38     all    0.54    0.00    1.34    0.00    0.00    0.54    0.00    0.00    0.00   97.58
13:28:38       0    1.43    0.00    1.43    0.00    0.00    2.86    0.00    0.00    0.00   94.29
13:28:38       1    0.99    0.00    0.99    0.00    0.00    0.00    0.00    0.00    0.00   98.02
13:28:38       2    0.00    0.00    1.98    0.00    0.00    0.00    0.00    0.00    0.00   98.02
13:28:38       3    0.00    0.00    1.00    0.00    0.00    0.00    0.00    0.00    0.00   99.00

13:28:38     CPU    %usr   %nice    %sys %iowait    %irq   %soft  %steal  %guest  %gnice   %idle
13:28:39     all    0.54    0.00    1.08    0.27    0.00    0.81    0.00    0.00    0.00   97.30
13:28:39       0    0.00    0.00    1.43    0.00    0.00    4.29    0.00    0.00    0.00   94.29
13:28:39       1    0.00    0.00    1.01    0.00    0.00    0.00    0.00    0.00    0.00   98.99
13:28:39       2    1.01    0.00    1.01    0.00    0.00    0.00    0.00    0.00    0.00   97.98
13:28:39       3    0.98    0.00    0.98    0.98    0.00    0.00    0.00    0.00    0.00   97.06

13:28:39     CPU    %usr   %nice    %sys %iowait    %irq   %soft  %steal  %guest  %gnice   %idle
13:28:40     all    0.80    0.00    1.07    0.00    0.00    1.07    0.00    0.00    0.00   97.05
13:28:40       0    1.35    0.00    1.35    0.00    0.00    5.41    0.00    0.00    0.00   91.89
13:28:40       1    1.00    0.00    1.00    0.00    0.00    0.00    0.00    0.00    0.00   98.00
13:28:40       2    1.00    0.00    1.00    0.00    0.00    0.00    0.00    0.00    0.00   98.00
13:28:40       3    0.00    0.00    1.01    0.00    0.00    0.00    0.00    0.00    0.00   98.99

13:28:40     CPU    %usr   %nice    %sys %iowait    %irq   %soft  %steal  %guest  %gnice   %idle
13:28:41     all    0.54    0.00    1.34    0.00    0.00    1.34    0.00    0.00    0.00   96.78
13:28:41       0    0.00    0.00    1.39    0.00    0.00    6.94    0.00    0.00    0.00   91.67
13:28:41       1    0.99    0.00    1.98    0.00    0.00    0.00    0.00    0.00    0.00   97.03
13:28:41       2    0.00    0.00    1.00    0.00    0.00    0.00    0.00    0.00    0.00   99.00
13:28:41       3    1.00    0.00    1.00    0.00    0.00    0.00    0.00    0.00    0.00   98.00

13:28:41     CPU    %usr   %nice    %sys %iowait    %irq   %soft  %steal  %guest  %gnice   %idle
13:28:42     all    0.53    0.00    1.06    0.00    0.00    2.39    0.00    0.00    0.00   96.01
13:28:42       0    0.00    0.00    1.32    0.00    0.00   11.84    0.00    0.00    0.00   86.84
13:28:42       1    0.00    0.00    1.01    0.00    0.00    0.00    0.00    0.00    0.00   98.99
13:28:42       2    1.00    0.00    1.00    0.00    0.00    0.00    0.00    0.00    0.00   98.00
13:28:42       3    0.99    0.00    0.99    0.00    0.00    0.00    0.00    0.00    0.00   98.02

Average:     CPU    %usr   %nice    %sys %iowait    %irq   %soft  %steal  %guest  %gnice   %idle
Average:     all    0.56    0.00    1.26    0.02    0.00    0.87    0.00    0.00    0.00   97.29
Average:       0    0.61    0.00    1.42    0.00    0.00    4.21    0.00    0.00    0.00   93.76
Average:       1    0.50    0.00    1.20    0.01    0.00    0.00    0.00    0.00    0.00   98.28
Average:       2    0.61    0.00    1.27    0.00    0.00    0.00    0.00    0.00    0.00   98.11
Average:       3    0.51    0.00    1.19    0.07    0.00    0.00    0.00    0.00    0.00   98.23
