# timestamp  face |bytes    packets errs drop fifo frame compressed multicast|bytes    packets errs drop fifo colls carrier compressed
1777804052.855866013     lo:   26548     352    0    0    0     0          0         0    26548     352    0    0    0     0       0          0
1777804052.855866013 enP1p1s0: 9089673258 35019017    0    0    0     0          0        71 9089675314 35019042    0    0    0     0       0          0
1777804052.855866013   eth0:       0       0    0    0    0     0          0         0        0       0    0    0    0     0       0          0
1777804052.855866013  wlan0:  119960    1170    0    0    0     0          0         3   133605    1100    0    0    0     0       0          0
1777804052.855866013    br0:    4650      49    0    0    0     0          0        46     1054      13    0    0    0     0       0          0
1777804053.868320498     lo:   26548     352    0    0    0     0          0         0    26548     352    0    0    0     0       0          0
1777804053.868320498 enP1p1s0: 9089673258 35019017    0    0    0     0          0        71 9089675314 35019042    0    0    0     0       0          0
1777804053.868320498   eth0:       0       0    0    0    0     0          0         0        0       0    0    0    0     0       0          0
1777804053.868320498  wlan0:  124536    1222    0    0    0     0          0         3   138909    1152    0    0    0     0       0          0
1777804053.868320498    br0:    4650      49    0    0    0     0          0        46     1054      13    0    0    0     0       0          0
1777804054.877223648     lo:   26548     352    0    0    0     0          0         0    26548     352    0    0    0     0       0          0
1777804054.877223648 enP1p1s0: 9089673258 35019017    0    0    0     0          0        71 9089675314 35019042    0    0    0     0       0          0
1777804054.877223648   eth0:       0       0    0    0    0     0          0         0        0       0    0    0    0     0       0          0
1777804054.877223648  wlan0:  128196    1264    0    0    0     0          0         3   143091    1193    0    0    0     0       0          0
1777804054.877223648    br0:    4650      49    0    0    0     0          0        46     1054      13    0    0    0     0       0          0
1777804055.886059336     lo:   26548     352    0    0    0     0          0         0    26548     352    0    0    0     0       0          0
1777804055.886059336 enP1p1s0: 9089673258 35019017    0    0    0     0          0        71 9089675314 35019042    0    0    0     0       0          0
1777804055.886059336   eth0:       0       0    0    0    0     0          0         0        0       0    0    0    0     0       0          0
1777804055.886059336  wlan0:  128196    1264    0    0    0     0          0         3   143091    1193    0    0    0     0       0          0
1777804055.886059336    br0:    4650      49    0    0    0     0          0        46     1054      13    0    0    0     0       0          0
1777804056.894912949     lo:   26548     352    0    0    0     0          0         0    26548     352    0    0    0     0       0          0
1777804056.894912949 enP1p1s0: 9089673258 35019017    0    0    0     0          0        71 9089675314 35019042    0    0    0     0       0          0
1777804056.894912949   eth0:       0       0    0    0    0     0          0         0        0       0    0    0    0     0       0          0
1777804056.894912949  wlan0:  128196    1264    0    0    0     0          0         3   143091    1193    0    0    0     0       0          0
1777804056.894912949    br0:    4650      49    0    0    0     0          0        46     1054      13    0    0    0     0       0          0
1777804057.903751210     lo:   26548     352    0    0    0     0          0         0    26548     352    0    0    0     0       0          0
1777804057.903751210 enP1p1s0: 9089673258 35019017    0    0    0     0          0        71 9089675314 35019042    0    0    0     0       0          0
1777804057.903751210   eth0:       0       0    0    0    0     0          0         0        0       0    0    0    0     0       0          0
1777804057.903751210  wlan0:  128196    1264    0    0    0     0          0         3   143091    1193    0    0    0     0       0          0
1777804057.903751210    br0:    4650      49    0    0    0     0          0        46     1054      13    0    0    0     0       0          0
1777804058.912636527     lo:   26548     352    0    0    0     0          0         0    26548     352    0    0    0     0       0          0
1777804058.912636527 enP1p1s0: 9089673258 35019017    0    0    0     0          0        71 9089675314 35019042    0    0    0     0       0          0
1777804058.912636527   eth0:       0       0    0    0    0     0          0         0        0       0    0    0    0     0       0          0
1777804058.912636527  wlan0:  128196    1264    0    0    0     0          0         3   143091    1193    0    0    0     0       0          0
1777804058.912636527    br0:    4650      49    0    0    0     0          0        46     1054      13    0    0    0     0       0          0
1777804059.921473177     lo:   26548     352    0    0    0     0          0         0    26548     352    0    0    0     0       0          0
1777804059.921473177 enP1p1s0: 9089673258 35019017    0    0    0     0          0        71 9089675314 35019042    0    0    0     0       0          0
1777804059.921473177   eth0:       0       0    0    0    0     0          0         0        0       0    0    0    0     0       0          0
1777804059.921473177  wlan0:  128196    1264    0    0    0     0          0         3   143091    1193    0    0    0     0       0          0
1777804059.921473177    br0:    4650      49    0    0    0     0          0        46     1054      13    0    0    0     0       0          0
1777804060.930354568     lo:   26548     352    0    0    0     0          0         0    26548     352    0    0    0     0       0          0
1777804060.930354568 enP1p1s0: 9089673258 35019017    0    0    0     0          0        71 9089675314 35019042    0    0    0     0       0          0
1777804060.930354568   eth0:       0       0    0    0    0     0          0         0        0       0    0    0    0     0       0          0
1777804060.930354568  wlan0:  128196    1264    0    0    0     0          0         3   143091    1193    0    0    0     0       0          0
1777804060.930354568    br0:    4650      49    0    0    0     0          0        46     1054      13    0    0    0     0       0          0
1777804061.939135440     lo:   26548     352    0    0    0     0          0         0    26548     352    0    0    0     0       0          0
1777804061.939135440 enP1p1s0: 9089673258 35019017    0    0    0     0          0        71 9089675314 35019042    0    0    0     0       0          0
1777804061.939135440   eth0:       0       0    0    0    0     0          0         0        0       0    0    0    0     0       0          0
1777804061.939135440  wlan0:  128196    1264    0    0    0     0          0         3   143091    1193    0    0    0     0       0          0
1777804061.939135440    br0:    4650      49    0    0    0     0          0        46     1054      13    0    0    0     0       0          0
1777804062.948043091     lo:   26548     352    0    0    0     0          0         0    26548     352    0    0    0     0       0          0
1777804062.948043091 enP1p1s0: 9089673258 35019017    0    0    0     0          0        71 9089675314 35019042    0    0    0     0       0          0
1777804062.948043091   eth0:       0       0    0    0    0     0          0         0        0       0    0    0    0     0       0          0
1777804062.948043091  wlan0:  128196    1264    0    0    0     0          0         3   143091    1193    0    0    0     0       0          0
1777804062.948043091    br0:    4650      49    0    0    0     0          0        46     1054      13    0    0    0     0       0          0
1777804063.956959204     lo:   26548     352    0    0    0     0          0         0    26548     352    0    0    0     0       0          0
1777804063.956959204 enP1p1s0: 9089673258 35019017    0    0    0     0          0        71 9089675314 35019042    0    0    0     0       0          0
1777804063.956959204   eth0:       0       0    0    0    0     0          0         0        0       0    0    0    0     0       0          0
1777804063.956959204  wlan0:  128196    1264    0    0    0     0          0         3   143091    1193    0    0    0     0       0          0
1777804063.956959204    br0:    4650      49    0    0    0     0          0        46     1054      13    0    0    0     0       0          0
1777804064.965860429     lo:   26548     352    0    0    0     0          0         0    26548     352    0    0    0     0       0          0
1777804064.965860429 enP1p1s0: 9089673258 35019017    0    0    0     0          0        71 9089675314 35019042    0    0    0     0       0          0
1777804064.965860429   eth0:       0       0    0    0    0     0          0         0        0       0    0    0    0     0       0          0
1777804064.965860429  wlan0:  128196    1264    0    0    0     0          0         3   143091    1193    0    0    0     0       0          0
1777804064.965860429    br0:    4650      49    0    0    0     0          0        46     1054      13    0    0    0     0       0          0
1777804065.974704024     lo:   26548     352    0    0    0     0          0         0    26548     352    0    0    0     0       0          0
1777804065.974704024 enP1p1s0: 9089673320 35019018    0    0    0     0          0        72 9089675376 35019043    0    0    0     0       0          0
1777804065.974704024   eth0:       0       0    0    0    0     0          0         0        0       0    0    0    0     0       0          0
1777804065.974704024  wlan0:  128196    1264    0    0    0     0          0         3   143091    1193    0    0    0     0       0          0
1777804065.974704024    br0:    4698      50    0    0    0     0          0        47     1054      13    0    0    0     0       0          0
1777804066.983717786     lo:   26548     352    0    0    0     0          0         0    26548     352    0    0    0     0       0          0
1777804066.983717786 enP1p1s0: 9170812026 35118697    0    0    0     0          0        72 9170803500 35118709    0    0    0     0       0          0
1777804066.983717786   eth0:       0       0    0    0    0     0          0         0        0       0    0    0    0     0       0          0
1777804066.983717786  wlan0:  128196    1264    0    0    0     0          0         3   143091    1193    0    0    0     0       0          0
1777804066.983717786    br0:    4698      50    0    0    0     0          0        47     1054      13    0    0    0     0       0          0
1777804067.993675553     lo:   26548     352    0    0    0     0          0         0    26548     352    0    0    0     0       0          0
1777804067.993675553 enP1p1s0: 9293421590 35269323    0    0    0     0          0        72 9293404924 35269325    0    0    0     0       0          0
1777804067.993675553   eth0:       0       0    0    0    0     0          0         0        0       0    0    0    0     0       0          0
1777804067.993675553  wlan0:  128196    1264    0    0    0     0          0         3   143091    1193    0    0    0     0       0          0
1777804067.993675553    br0:    4698      50    0    0    0     0          0        47     1054      13    0    0    0     0       0          0
1777804069.003238504     lo:   26548     352    0    0    0     0          0         0    26548     352    0    0    0     0       0          0
1777804069.003238504 enP1p1s0: 9415995338 35419905    0    0    0     0          0        72 9415977044 35419905    0    0    0     0       0          0
1777804069.003238504   eth0:       0       0    0    0    0     0          0         0        0       0    0    0    0     0       0          0
1777804069.003238504  wlan0:  128196    1264    0    0    0     0          0         3   143091    1193    0    0    0     0       0          0
1777804069.003238504    br0:    4698      50    0    0    0     0          0        47     1054      13    0    0    0     0       0          0
1777804070.012878807     lo:   26548     352    0    0    0     0          0         0    26548     352    0    0    0     0       0          0
1777804070.012878807 enP1p1s0: 9538534898 35570445    0    0    0     0          0        72 9538526372 35570457    0    0    0     0       0          0
1777804070.012878807   eth0:       0       0    0    0    0     0          0         0        0       0    0    0    0     0       0          0
1777804070.012878807  wlan0:  128628    1266    0    0    0     0          0         3   143551    1195    0    0    0     0       0          0
1777804070.012878807    br0:    4698      50    0    0    0     0          0        47     1054      13    0    0    0     0       0          0
1777804071.022598073     lo:   26548     352    0    0    0     0          0         0    26548     352    0    0    0     0       0          0
1777804071.022598073 enP1p1s0: 9661146090 35721073    0    0    0     0          0        72 9661130238 35721076    0    0    0     0       0          0
1777804071.022598073   eth0:       0       0    0    0    0     0          0         0        0       0    0    0    0     0       0          0
1777804071.022598073  wlan0:  128844    1267    0    0    0     0          0         3   143781    1196    0    0    0     0       0          0
1777804071.022598073    br0:    4698      50    0    0    0     0          0        47     1054      13    0    0    0     0       0          0
1777804072.032191986     lo:   26548     352    0    0    0     0          0         0    26548     352    0    0    0     0       0          0
1777804072.032191986 enP1p1s0: 9783698674 35871629    0    0    0     0          0        72 9783690148 35871641    0    0    0     0       0          0
1777804072.032191986   eth0:       0       0    0    0    0     0          0         0        0       0    0    0    0     0       0          0
1777804072.032191986  wlan0:  129500    1269    0    0    0     0          0         3   143781    1196    0    0    0     0       0          0
1777804072.032191986    br0:    4698      50    0    0    0     0          0        47     1054      13    0    0    0     0       0          0
1777804073.041838252     lo:   26548     352    0    0    0     0          0         0    26548     352    0    0    0     0       0          0
1777804073.041838252 enP1p1s0: 9906277306 36022217    0    0    0     0          0        72 9906259012 36022217    0    0    0     0       0          0
1777804073.041838252   eth0:       0       0    0    0    0     0          0         0        0       0    0    0    0     0       0          0
1777804073.041838252  wlan0:  129500    1269    0    0    0     0          0         3   143781    1196    0    0    0     0       0          0
1777804073.041838252    br0:    4698      50    0    0    0     0          0        47     1054      13    0    0    0     0       0          0
1777804074.051458648     lo:   26548     352    0    0    0     0          0         0    26548     352    0    0    0     0       0          0
1777804074.051458648 enP1p1s0: 10028872218 36172825    0    0    0     0          0        72 10028860436 36172833    0    0    0     0       0          0
1777804074.051458648   eth0:       0       0    0    0    0     0          0         0        0       0    0    0    0     0       0          0
1777804074.051458648  wlan0:  129500    1269    0    0    0     0          0         3   143781    1196    0    0    0     0       0          0
1777804074.051458648    br0:    4698      50    0    0    0     0          0        47     1054      13    0    0    0     0       0          0
1777804075.061116530     lo:   26548     352    0    0    0     0          0         0    26548     352    0    0    0     0       0          0
1777804075.061116530 enP1p1s0: 10151437896 36323398    0    0    0     0          0        73 10151439138 36323422    0    0    0     0       0          0
1777804075.061116530   eth0:       0       0    0    0    0     0          0         0        0       0    0    0    0     0       0          0
1777804075.061116530  wlan0:  129744    1271    0    0    0     0          0         3   144053    1198    0    0    0     0       0          0
1777804075.061116530    br0:    4754      51    0    0    0     0          0        48     1054      13    0    0    0     0       0          0
1777804076.070743878     lo:   26548     352    0    0    0     0          0         0    26548     352    0    0    0     0       0          0
1777804076.070743878 enP1p1s0: 10274032928 36474008    0    0    0     0          0        73 10274024402 36474020    0    0    0     0       0          0
1777804076.070743878   eth0:       0       0    0    0    0     0          0         0        0       0    0    0    0     0       0          0
1777804076.070743878  wlan0:  129744    1271    0    0    0     0          0         3   144053    1198    0    0    0     0       0          0
1777804076.070743878    br0:    4754      51    0    0    0     0          0        48     1054      13    0    0    0     0       0          0
1777804077.080336449     lo:   26548     352    0    0    0     0          0         0    26548     352    0    0    0     0       0          0
1777804077.080336449 enP1p1s0: 10396588768 36624568    0    0    0     0          0        73 10396580242 36624580    0    0    0     0       0          0
1777804077.080336449   eth0:       0       0    0    0    0     0          0         0        0       0    0    0    0     0       0          0
1777804077.080336449  wlan0:  129744    1271    0    0    0     0          0         3   144053    1198    0    0    0     0       0          0
1777804077.080336449    br0:    4754      51    0    0    0     0          0        48     1054      13    0    0    0     0       0          0
1777804078.090005483     lo:   26548     352    0    0    0     0          0         0    26548     352    0    0    0     0       0          0
1777804078.090005483 enP1p1s0: 10519160888 36775148    0    0    0     0          0        73 10519158874 36775168    0    0    0     0       0          0
1777804078.090005483   eth0:       0       0    0    0    0     0          0         0        0       0    0    0    0     0       0          0
1777804078.090005483  wlan0:  129960    1272    0    0    0     0          0         3   144283    1199    0    0    0     0       0          0
1777804078.090005483    br0:    4754      51    0    0    0     0          0        48     1054      13    0    0    0     0       0          0
1777804079.099481756     lo:   26548     352    0    0    0     0          0         0    26548     352    0    0    0     0       0          0
1777804079.099481756 enP1p1s0: 10641743590 36925741    0    0    0     0          0        73 10641730994 36925748    0    0    0     0       0          0
1777804079.099481756   eth0:       0       0    0    0    0     0          0         0        0       0    0    0    0     0       0          0
1777804079.099481756  wlan0:  129996    1273    0    0    0     0          0         4   144283    1199    0    0    0     0       0          0
1777804079.099481756    br0:    4754      51    0    0    0     0          0        48     1054      13    0    0    0     0       0          0
1777804080.109046734     lo:   26548     352    0    0    0     0          0         0    26548     352    0    0    0     0       0          0
1777804080.109046734 enP1p1s0: 10764293732 37076294    0    0    0     0          0        73 10764277066 37076296    0    0    0     0       0          0
1777804080.109046734   eth0:       0       0    0    0    0     0          0         0        0       0    0    0    0     0       0          0
1777804080.109046734  wlan0:  129996    1273    0    0    0     0          0         4   144283    1199    0    0    0     0       0          0
1777804080.109046734    br0:    4754      51    0    0    0     0          0        48     1054      13    0    0    0     0       0          0
1777804081.118701120     lo:   26548     352    0    0    0     0          0         0    26548     352    0    0    0     0       0          0
1777804081.118701120 enP1p1s0: 10886880504 37226892    0    0    0     0          0        73 10886849186 37226876    0    0    0     0       0          0
1777804081.118701120   eth0:       0       0    0    0    0     0          0         0        0       0    0    0    0     0       0          0
1777804081.118701120  wlan0:  129996    1273    0    0    0     0          0         4   144283    1199    0    0    0     0       0          0
1777804081.118701120    br0:    4754      51    0    0    0     0          0        48     1054      13    0    0    0     0       0          0
1777804082.128140375     lo:   26548     352    0    0    0     0          0         0    26548     352    0    0    0     0       0          0
1777804082.128140375 enP1p1s0: 11009427390 37377441    0    0    0     0          0        73 11009421306 37377456    0    0    0     0       0          0
1777804082.128140375   eth0:       0       0    0    0    0     0          0         0        0       0    0    0    0     0       0          0
1777804082.128140375  wlan0:  129996    1273    0    0    0     0          0         4   144283    1199    0    0    0     0       0          0
1777804082.128140375    br0:    4754      51    0    0    0     0          0        48     1054      13    0    0    0     0       0          0
1777804083.137823205     lo:   26548     352    0    0    0     0          0         0    26548     352    0    0    0     0       0          0
1777804083.137823205 enP1p1s0: 11132014976 37528040    0    0    0     0          0        73 11131999938 37528044    0    0    0     0       0          0
1777804083.137823205   eth0:       0       0    0    0    0     0          0         0        0       0    0    0    0     0       0          0
1777804083.137823205  wlan0:  129996    1273    0    0    0     0          0         4   144283    1199    0    0    0     0       0          0
1777804083.137823205    br0:    4754      51    0    0    0     0          0        48     1054      13    0    0    0     0       0          0
1777804084.147388553     lo:   26548     352    0    0    0     0          0         0    26548     352    0    0    0     0       0          0
1777804084.147388553 enP1p1s0: 11254597250 37678634    0    0    0     0          0        75 11254585468 37678642    0    0    0     0       0          0
1777804084.147388553   eth0:       0       0    0    0    0     0          0         0        0       0    0    0    0     0       0          0
1777804084.147388553  wlan0:  130052    1274    0    0    0     0          0         4   144353    1200    0    0    0     0       0          0
1777804084.147388553    br0:    5112      53    0    0    0     0          0        50     1054      13    0    0    0     0       0          0
1777804085.156898105     lo:   26548     352    0    0    0     0          0         0    26548     352    0    0    0     0       0          0
1777804085.156898105 enP1p1s0: 11377175882 37829222    0    0    0     0          0        75 11377154332 37829218    0    0    0     0       0          0
1777804085.156898105   eth0:       0       0    0    0    0     0          0         0        0       0    0    0    0     0       0          0
1777804085.156898105  wlan0:  130052    1274    0    0    0     0          0         4   144353    1200    0    0    0     0       0          0
1777804085.156898105    br0:    5112      53    0    0    0     0          0        50     1054      13    0    0    0     0       0          0
1777804086.166636176     lo:   26548     352    0    0    0     0          0         0    26548     352    0    0    0     0       0          0
1777804086.166636176 enP1p1s0: 11499751258 37979806    0    0    0     0          0        75 11499732964 37979806    0    0    0     0       0          0
1777804086.166636176   eth0:       0       0    0    0    0     0          0         0        0       0    0    0    0     0       0          0
1777804086.166636176  wlan0:  130052    1274    0    0    0     0          0         4   144353    1200    0    0    0     0       0          0
1777804086.166636176    br0:    5112      53    0    0    0     0          0        50     1054      13    0    0    0     0       0          0
1777804087.176352098     lo:   26548     352    0    0    0     0          0         0    26548     352    0    0    0     0       0          0
1777804087.176352098 enP1p1s0: 11622285120 38130339    0    0    0     0          0        75 11622285548 38130362    0    0    0     0       0          0
1777804087.176352098   eth0:       0       0    0    0    0     0          0         0        0       0    0    0    0     0       0          0
1777804087.176352098  wlan0:  130052    1274    0    0    0     0          0         4   144353    1200    0    0    0     0       0          0
1777804087.176352098    br0:    5112      53    0    0    0     0          0        50     1054      13    0    0    0     0       0          0
1777804088.186078077     lo:   26548     352    0    0    0     0          0         0    26548     352    0    0    0     0       0          0
1777804088.186078077 enP1p1s0: 11744886544 38280955    0    0    0     0          0        75 11744880460 38280970    0    0    0     0       0          0
1777804088.186078077   eth0:       0       0    0    0    0     0          0         0        0       0    0    0    0     0       0          0
1777804088.186078077  wlan0:  130052    1274    0    0    0     0          0         4   144353    1200    0    0    0     0       0          0
1777804088.186078077    br0:    5112      53    0    0    0     0          0        50     1054      13    0    0    0     0       0          0
1777804089.195713443     lo:   26548     352    0    0    0     0          0         0    26548     352    0    0    0     0       0          0
1777804089.195713443 enP1p1s0: 11867477386 38431558    0    0    0     0          0        75 11867468860 38431570    0    0    0     0       0          0
1777804089.195713443   eth0:       0       0    0    0    0     0          0         0        0       0    0    0    0     0       0          0
1777804089.195713443  wlan0:  130052    1274    0    0    0     0          0         4   144353    1200    0    0    0     0       0          0
1777804089.195713443    br0:    5112      53    0    0    0     0          0        50     1054      13    0    0    0     0       0          0
1777804090.205324273     lo:   26548     352    0    0    0     0          0         0    26548     352    0    0    0     0       0          0
1777804090.205324273 enP1p1s0: 11990053576 38582143    0    0    0     0          0        75 11990050748 38582162    0    0    0     0       0          0
1777804090.205324273   eth0:       0       0    0    0    0     0          0         0        0       0    0    0    0     0       0          0
1777804090.205324273  wlan0:  130052    1274    0    0    0     0          0         4   144353    1200    0    0    0     0       0          0
1777804090.205324273    br0:    5112      53    0    0    0     0          0        50     1054      13    0    0    0     0       0          0
1777804091.214947640     lo:   26548     352    0    0    0     0          0         0    26548     352    0    0    0     0       0          0
1777804091.214947640 enP1p1s0: 12112631394 38732730    0    0    0     0          0        75 12112622868 38732742    0    0    0     0       0          0
1777804091.214947640   eth0:       0       0    0    0    0     0          0         0        0       0    0    0    0     0       0          0
1777804091.214947640  wlan0:  130052    1274    0    0    0     0          0         4   144353    1200    0    0    0     0       0          0
1777804091.214947640    br0:    5112      53    0    0    0     0          0        50     1054      13    0    0    0     0       0          0
1777804092.224445618     lo:   26548     352    0    0    0     0          0         0    26548     352    0    0    0     0       0          0
1777804092.224445618 enP1p1s0: 12235192118 38883296    0    0    0     0          0        75 12235175452 38883298    0    0    0     0       0          0
1777804092.224445618   eth0:       0       0    0    0    0     0          0         0        0       0    0    0    0     0       0          0
1777804092.224445618  wlan0:  130052    1274    0    0    0     0          0         4   144353    1200    0    0    0     0       0          0
1777804092.224445618    br0:    5112      53    0    0    0     0          0        50     1054      13    0    0    0     0       0          0
1777804093.234090022     lo:   26548     352    0    0    0     0          0         0    26548     352    0    0    0     0       0          0
1777804093.234090022 enP1p1s0: 12357738190 39033844    0    0    0     0          0        75 12357731362 39033859    0    0    0     0       0          0
1777804093.234090022   eth0:       0       0    0    0    0     0          0         0        0       0    0    0    0     0       0          0
1777804093.234090022  wlan0:  130052    1274    0    0    0     0          0         4   144353    1200    0    0    0     0       0          0
1777804093.234090022    br0:    5112      53    0    0    0     0          0        50     1124      14    0    0    0     0       0          0
1777804094.245243671     lo:   26548     352    0    0    0     0          0         0    26548     352    0    0    0     0       0          0
1777804094.245243671 enP1p1s0: 12480748242 39184962    0    0    0     0          0        75 12480739786 39184975    0    0    0     0       0          0
1777804094.245243671   eth0:       0       0    0    0    0     0          0         0        0       0    0    0    0     0       0          0
1777804094.245243671  wlan0:  130052    1274    0    0    0     0          0         4   144353    1200    0    0    0     0       0          0
1777804094.245243671    br0:    5112      53    0    0    0     0          0        50     1124      14    0    0    0     0       0          0
1777804095.256720821     lo:   26548     352    0    0    0     0          0         0    26548     352    0    0    0     0       0          0
1777804095.256720821 enP1p1s0: 12603326874 39335550    0    0    0     0          0        75 12603308650 39335551    0    0    0     0       0          0
1777804095.256720821   eth0:       0       0    0    0    0     0          0         0        0       0    0    0    0     0       0          0
1777804095.256720821  wlan0:  130052    1274    0    0    0     0          0         4   144353    1200    0    0    0     0       0          0
1777804095.256720821    br0:    5112      53    0    0    0     0          0        50     1124      14    0    0    0     0       0          0
1777804096.266291317     lo:   26548     352    0    0    0     0          0         0    26548     352    0    0    0     0       0          0
1777804096.266291317 enP1p1s0: 12725906320 39486139    0    0    0     0          0        75 12725884026 39486135    0    0    0     0       0          0
1777804096.266291317   eth0:       0       0    0    0    0     0          0         0        0       0    0    0    0     0       0          0
1777804096.266291317  wlan0:  130052    1274    0    0    0     0          0         4   144353    1200    0    0    0     0       0          0
1777804096.266291317    br0:    5112      53    0    0    0     0          0        50     1124      14    0    0    0     0       0          0
1777804097.275808351     lo:   26548     352    0    0    0     0          0         0    26548     352    0    0    0     0       0          0
1777804097.275808351 enP1p1s0: 12848454834 39636690    0    0    0     0          0        75 12848439866 39636695    0    0    0     0       0          0
1777804097.275808351   eth0:       0       0    0    0    0     0          0         0        0       0    0    0    0     0       0          0
1777804097.275808351  wlan0:  130052    1274    0    0    0     0          0         4   144353    1200    0    0    0     0       0          0
1777804097.275808351    br0:    5112      53    0    0    0     0          0        50     1124      14    0    0    0     0       0          0
1777804098.286378276     lo:   26548     352    0    0    0     0          0         0    26548     352    0    0    0     0       0          0
1777804098.286378276 enP1p1s0: 12971238594 39787530    0    0    0     0          0        75 12971230138 39787543    0    0    0     0       0          0
1777804098.286378276   eth0:       0       0    0    0    0     0          0         0        0       0    0    0    0     0       0          0
1777804098.286378276  wlan0:  130052    1274    0    0    0     0          0         4   144353    1200    0    0    0     0       0          0
1777804098.286378276    br0:    5112      53    0    0    0     0          0        50     1124      14    0    0    0     0       0          0
1777804099.297746296     lo:   26548     352    0    0    0     0          0         0    26548     352    0    0    0     0       0          0
1777804099.297746296 enP1p1s0: 13093957234 39938290    0    0    0     0          0        75 13093939010 39938291    0    0    0     0       0          0
1777804099.297746296   eth0:       0       0    0    0    0     0          0         0        0       0    0    0    0     0       0          0
1777804099.297746296  wlan0:  130052    1274    0    0    0     0          0         4   144353    1200    0    0    0     0       0          0
1777804099.297746296    br0:    5112      53    0    0    0     0          0        50     1124      14    0    0    0     0       0          0
1777804100.308711074     lo:   26548     352    0    0    0     0          0         0    26548     352    0    0    0     0       0          0
1777804100.308711074 enP1p1s0: 13216757274 40089150    0    0    0     0          0        75 13216748818 40089163    0    0    0     0       0          0
1777804100.308711074   eth0:       0       0    0    0    0     0          0         0        0       0    0    0    0     0       0          0
1777804100.308711074  wlan0:  130052    1274    0    0    0     0          0         4   144353    1200    0    0    0     0       0          0
1777804100.308711074    br0:    5112      53    0    0    0     0          0        50     1124      14    0    0    0     0       0          0
1777804101.325219814     lo:   26548     352    0    0    0     0          0         0    26548     352    0    0    0     0       0          0
1777804101.325219814 enP1p1s0: 13340222352 40240827    0    0    0     0          0        75 13340216338 40240843    0    0    0     0       0          0
1777804101.325219814   eth0:       0       0    0    0    0     0          0         0        0       0    0    0    0     0       0          0
1777804101.325219814  wlan0:  130052    1274    0    0    0     0          0         4   144353    1200    0    0    0     0       0          0
1777804101.325219814    br0:    5112      53    0    0    0     0          0        50     1124      14    0    0    0     0       0          0
1777804102.337537726     lo:   26548     352    0    0    0     0          0         0    26548     352    0    0    0     0       0          0
1777804102.337537726 enP1p1s0: 13463014252 40391677    0    0    0     0          0        75 13463003354 40391687    0    0    0     0       0          0
1777804102.337537726   eth0:       0       0    0    0    0     0          0         0        0       0    0    0    0     0       0          0
1777804102.337537726  wlan0:  130052    1274    0    0    0     0          0         4   144353    1200    0    0    0     0       0          0
1777804102.337537726    br0:    5112      53    0    0    0     0          0        50     1124      14    0    0    0     0       0          0
1777804103.349631507     lo:   26548     352    0    0    0     0          0         0    26548     352    0    0    0     0       0          0
1777804103.349631507 enP1p1s0: 13585881040 40542619    0    0    0     0          0        75 13585875026 40542635    0    0    0     0       0          0
1777804103.349631507   eth0:       0       0    0    0    0     0          0         0        0       0    0    0    0     0       0          0
1777804103.349631507  wlan0:  130052    1274    0    0    0     0          0         4   144353    1200    0    0    0     0       0          0
1777804103.349631507    br0:    5112      53    0    0    0     0          0        50     1124      14    0    0    0     0       0          0
1777804104.361166139     lo:   26548     352    0    0    0     0          0         0    26548     352    0    0    0     0       0          0
1777804104.361166139 enP1p1s0: 13708621728 40693407    0    0    0     0          0        76 13708613272 40693420    0    0    0     0       0          0
1777804104.361166139   eth0:       0       0    0    0    0     0          0         0        0       0    0    0    0     0       0          0
1777804104.361166139  wlan0:  130052    1274    0    0    0     0          0         4   144353    1200    0    0    0     0       0          0
1777804104.361166139    br0:    5168      54    0    0    0     0          0        51     1124      14    0    0    0     0       0          0
1777804105.372152918     lo:   26548     352    0    0    0     0          0         0    26548     352    0    0    0     0       0          0
1777804105.372152918 enP1p1s0: 13831536542 40844408    0    0    0     0          0        76 13831520760 40844412    0    0    0     0       0          0
1777804105.372152918   eth0:       0       0    0    0    0     0          0         0        0       0    0    0    0     0       0          0
1777804105.372152918  wlan0:  130052    1274    0    0    0     0          0         4   144353    1200    0    0    0     0       0          0
1777804105.372152918    br0:    5168      54    0    0    0     0          0        51     1124      14    0    0    0     0       0          0
1777804106.384523996     lo:   26548     352    0    0    0     0          0         0    26548     352    0    0    0     0       0          0
1777804106.384523996 enP1p1s0: 13954449728 40995407    0    0    0     0          0        76 13954441272 40995420    0    0    0     0       0          0
1777804106.384523996   eth0:       0       0    0    0    0     0          0         0        0       0    0    0    0     0       0          0
1777804106.384523996  wlan0:  130052    1274    0    0    0     0          0         4   144353    1200    0    0    0     0       0          0
1777804106.384523996    br0:    5168      54    0    0    0     0          0        51     1124      14    0    0    0     0       0          0
1777804107.396856983     lo:   26548     352    0    0    0     0          0         0    26548     352    0    0    0     0       0          0
1777804107.396856983 enP1p1s0: 14077223720 41146235    0    0    0     0          0        76 14077215264 41146248    0    0    0     0       0          0
1777804107.396856983   eth0:       0       0    0    0    0     0          0         0        0       0    0    0    0     0       0          0
1777804107.396856983  wlan0:  130052    1274    0    0    0     0          0         4   144353    1200    0    0    0     0       0          0
1777804107.396856983    br0:    5168      54    0    0    0     0          0        51     1124      14    0    0    0     0       0          0
1777804108.408416059     lo:   26548     352    0    0    0     0          0         0    26548     352    0    0    0     0       0          0
1777804108.408416059 enP1p1s0: 14200129580 41297225    0    0    0     0          0        76 14200112984 41297228    0    0    0     0       0          0
1777804108.408416059   eth0:       0       0    0    0    0     0          0         0        0       0    0    0    0     0       0          0
1777804108.408416059  wlan0:  130052    1274    0    0    0     0          0         4   144353    1200    0    0    0     0       0          0
1777804108.408416059    br0:    5168      54    0    0    0     0          0        51     1124      14    0    0    0     0       0          0
1777804109.420381174     lo:   26548     352    0    0    0     0          0         0    26548     352    0    0    0     0       0          0
1777804109.420381174 enP1p1s0: 14323038696 41448219    0    0    0     0          0        76 14323020472 41448220    0    0    0     0       0          0
1777804109.420381174   eth0:       0       0    0    0    0     0          0         0        0       0    0    0    0     0       0          0
1777804109.420381174  wlan0:  130052    1274    0    0    0     0          0         4   144353    1200    0    0    0     0       0          0
1777804109.420381174    br0:    5168      54    0    0    0     0          0        51     1124      14    0    0    0     0       0          0
1777804110.431366711     lo:   26548     352    0    0    0     0          0         0    26548     352    0    0    0     0       0          0
1777804110.431366711 enP1p1s0: 14445728846 41598944    0    0    0     0          0        76 14445729344 41598968    0    0    0     0       0          0
1777804110.431366711   eth0:       0       0    0    0    0     0          0         0        0       0    0    0    0     0       0          0
1777804110.431366711  wlan0:  130052    1274    0    0    0     0          0         4   144353    1200    0    0    0     0       0          0
1777804110.431366711    br0:    5168      54    0    0    0     0          0        51     1124      14    0    0    0     0       0          0
1777804111.443722346     lo:   26548     352    0    0    0     0          0         0    26548     352    0    0    0     0       0          0
1777804111.443722346 enP1p1s0: 14568552492 41749833    0    0    0     0          0        76 14568545664 41749848    0    0    0     0       0          0
1777804111.443722346   eth0:       0       0    0    0    0     0          0         0        0       0    0    0    0     0       0          0
1777804111.443722346  wlan0:  130052    1274    0    0    0     0          0         4   144353    1200    0    0    0     0       0          0
1777804111.443722346    br0:    5168      54    0    0    0     0          0        51     1124      14    0    0    0     0       0          0
1777804112.455249589     lo:   26548     352    0    0    0     0          0         0    26548     352    0    0    0     0       0          0
1777804112.455249589 enP1p1s0: 14691455096 41900819    0    0    0     0          0        76 14691417336 41900796    0    0    0     0       0          0
1777804112.455249589   eth0:       0       0    0    0    0     0          0         0        0       0    0    0    0     0       0          0
1777804112.455249589  wlan0:  130052    1274    0    0    0     0          0         4   144353    1200    0    0    0     0       0          0
1777804112.455249589    br0:    5168      54    0    0    0     0          0        51     1124      14    0    0    0     0       0          0
1777804113.467262963     lo:   26548     352    0    0    0     0          0         0    26548     352    0    0    0     0       0          0
1777804113.467262963 enP1p1s0: 14814335722 42051778    0    0    0     0          0        76 14814311800 42051772    0    0    0     0       0          0
1777804113.467262963   eth0:       0       0    0    0    0     0          0         0        0       0    0    0    0     0       0          0
1777804113.467262963  wlan0:  130052    1274    0    0    0     0          0         4   144353    1200    0    0    0     0       0          0
1777804113.467262963    br0:    5168      54    0    0    0     0          0        51     1124      14    0    0    0     0       0          0
1777804114.478043148     lo:   26548     352    0    0    0     0          0         0    26548     352    0    0    0     0       0          0
1777804114.478043148 enP1p1s0: 14937042966 42202524    0    0    0     0          0        76 14937001136 42202496    0    0    0     0       0          0
1777804114.478043148   eth0:       0       0    0    0    0     0          0         0        0       0    0    0    0     0       0          0
1777804114.478043148  wlan0:  130052    1274    0    0    0     0          0         4   144353    1200    0    0    0     0       0          0
1777804114.478043148    br0:    5168      54    0    0    0     0          0        51     1124      14    0    0    0     0       0          0
1777804115.488590962     lo:   26548     352    0    0    0     0          0         0    26548     352    0    0    0     0       0          0
1777804115.488590962 enP1p1s0: 15059738000 42353255    0    0    0     0          0        76 15059729544 42353268    0    0    0     0       0          0
1777804115.488590962   eth0:       0       0    0    0    0     0          0         0        0       0    0    0    0     0       0          0
1777804115.488590962  wlan0:  130052    1274    0    0    0     0          0         4   144353    1200    0    0    0     0       0          0
1777804115.488590962    br0:    5168      54    0    0    0     0          0        51     1124      14    0    0    0     0       0          0
1777804116.500942207     lo:   26548     352    0    0    0     0          0         0    26548     352    0    0    0     0       0          0
1777804116.500942207 enP1p1s0: 15182551064 42504131    0    0    0     0          0        76 15182542608 42504144    0    0    0     0       0          0
1777804116.500942207   eth0:       0       0    0    0    0     0          0         0        0       0    0    0    0     0       0          0
1777804116.500942207  wlan0:  130052    1274    0    0    0     0          0         4   144353    1200    0    0    0     0       0          0
1777804116.500942207    br0:    5168      54    0    0    0     0          0        51     1124      14    0    0    0     0       0          0
1777804117.512443117     lo:   26548     352    0    0    0     0          0         0    26548     352    0    0    0     0       0          0
1777804117.512443117 enP1p1s0: 15305437388 42655097    0    0    0     0          0        76 15305420792 42655100    0    0    0     0       0          0
1777804117.512443117   eth0:       0       0    0    0    0     0          0         0        0       0    0    0    0     0       0          0
1777804117.512443117  wlan0:  130052    1274    0    0    0     0          0         4   144353    1200    0    0    0     0       0          0
1777804117.512443117    br0:    5168      54    0    0    0     0          0        51     1124      14    0    0    0     0       0          0
1777804118.524753066     lo:   26548     352    0    0    0     0          0         0    26548     352    0    0    0     0       0          0
1777804118.524753066 enP1p1s0: 15428252080 42805975    0    0    0     0          0        76 15428243624 42805988    0    0    0     0       0          0
1777804118.524753066   eth0:       0       0    0    0    0     0          0         0        0       0    0    0    0     0       0          0
1777804118.524753066  wlan0:  130052    1274    0    0    0     0          0         4   144353    1200    0    0    0     0       0          0
1777804118.524753066    br0:    5168      54    0    0    0     0          0        51     1124      14    0    0    0     0       0          0
1777804119.537447609     lo:   26548     352    0    0    0     0          0         0    26548     352    0    0    0     0       0          0
1777804119.537447609 enP1p1s0: 15551212478 42957032    0    0    0     0          0        76 15551203208 42957044    0    0    0     0       0          0
1777804119.537447609   eth0:       0       0    0    0    0     0          0         0        0       0    0    0    0     0       0          0
1777804119.537447609  wlan0:  130052    1274    0    0    0     0          0         4   144353    1200    0    0    0     0       0          0
1777804119.537447609    br0:    5168      54    0    0    0     0          0        51     1124      14    0    0    0     0       0          0
1777804120.548761703     lo:   26548     352    0    0    0     0          0         0    26548     352    0    0    0     0       0          0
1777804120.548761703 enP1p1s0: 15673923792 43107783    0    0    0     0          0        76 15673921848 43107804    0    0    0     0       0          0
1777804120.548761703   eth0:       0       0    0    0    0     0          0         0        0       0    0    0    0     0       0          0
1777804120.548761703  wlan0:  130052    1274    0    0    0     0          0         4   144353    1200    0    0    0     0       0          0
1777804120.548761703    br0:    5168      54    0    0    0     0          0        51     1124      14    0    0    0     0       0          0
1777804121.559801148     lo:   26548     352    0    0    0     0          0         0    26548     352    0    0    0     0       0          0
1777804121.559801148 enP1p1s0: 15796725460 43258645    0    0    0     0          0        76 15796717888 43258660    0    0    0     0       0          0
1777804121.559801148   eth0:       0       0    0    0    0     0          0         0        0       0    0    0    0     0       0          0
1777804121.559801148  wlan0:  130052    1274    0    0    0     0          0         4   144353    1200    0    0    0     0       0          0
1777804121.559801148    br0:    5168      54    0    0    0     0          0        51     1124      14    0    0    0     0       0          0
