Linux 6.17.0-1011-raspi (raspberrypi) 	05/03/26 	_aarch64_	(4 CPU)

13:29:00     CPU    %usr   %nice    %sys %iowait    %irq   %soft  %steal  %guest  %gnice   %idle
13:29:01     all    0.75    0.00    1.75    0.00    0.00    0.00    0.00    0.00    0.00   97.50
13:29:01       0    1.00    0.00    2.00    0.00    0.00    0.00    0.00    0.00    0.00   97.00
13:29:01       1    0.99    0.00    1.98    0.00    0.00    0.00    0.00    0.00    0.00   97.03
13:29:01       2    0.99    0.00    1.98    0.00    0.00    0.00    0.00    0.00    0.00   97.03
13:29:01       3    0.00    0.00    1.02    0.00    0.00    0.00    0.00    0.00    0.00   98.98

13:29:01     CPU    %usr   %nice    %sys %iowait    %irq   %soft  %steal  %guest  %gnice   %idle
13:29:02     all    0.75    0.00    1.49    0.00    0.00    0.00    0.00    0.00    0.00   97.76
13:29:02       0    0.99    0.00    1.98    0.00    0.00    0.00    0.00    0.00    0.00   97.03
13:29:02       1    0.99    0.00    1.98    0.00    0.00    0.00    0.00    0.00    0.00   97.03
13:29:02       2    0.00    0.00    1.01    0.00    0.00    0.00    0.00    0.00    0.00   98.99
13:29:02       3    0.99    0.00    0.99    0.00    0.00    0.00    0.00    0.00    0.00   98.02

13:29:02     CPU    %usr   %nice    %sys %iowait    %irq   %soft  %steal  %guest  %gnice   %idle
13:29:03     all    0.50    0.00    1.00    0.00    0.00    0.00    0.00    0.00    0.00   98.50
13:29:03       0    0.00    0.00    1.00    0.00    0.00    0.00    0.00    0.00    0.00   99.00
13:29:03       1    0.00    0.00    1.01    0.00    0.00    0.00    0.00    0.00    0.00   98.99
13:29:03       2    1.00    0.00    1.00    0.00    0.00    0.00    0.00    0.00    0.00   98.00
13:29:03       3    1.00    0.00    1.00    0.00    0.00    0.00    0.00    0.00    0.00   98.00

13:29:03     CPU    %usr   %nice    %sys %iowait    %irq   %soft  %steal  %guest  %gnice   %idle
13:29:04     all    0.75    0.00    0.75    0.00    0.00    0.00    0.00    0.00    0.00   98.49
13:29:04       0    1.01    0.00    1.01    0.00    0.00    0.00    0.00    0.00    0.00   97.98
13:29:04       1    0.99    0.00    0.99    0.00    0.00    0.00    0.00    0.00    0.00   98.02
13:29:04       2    1.00    0.00    1.00    0.00    0.00    0.00    0.00    0.00    0.00   98.00
13:29:04       3    0.00    0.00    0.00    0.00    0.00    0.00    0.00    0.00    0.00  100.00

13:29:04     CPU    %usr   %nice    %sys %iowait    %irq   %soft  %steal  %guest  %gnice   %idle
13:29:05     all    0.25    0.00    1.25    0.00    0.00    0.00    0.00    0.00    0.00   98.50
13:29:05       0    0.00    0.00    2.00    0.00    0.00    0.00    0.00    0.00    0.00   98.00
13:29:05       1    0.00    0.00    1.00    0.00    0.00    0.00    0.00    0.00    0.00   99.00
13:29:05       2    0.00    0.00    1.01    0.00    0.00    0.00    0.00    0.00    0.00   98.99
13:29:05       3    0.99    0.00    0.99    0.00    0.00    0.00    0.00    0.00    0.00   98.02

13:29:05     CPU    %usr   %nice    %sys %iowait    %irq   %soft  %steal  %guest  %gnice   %idle
13:29:06     all    0.75    0.00    1.00    0.00    0.00    0.00    0.00    0.00    0.00   98.25
13:29:06       0    1.00    0.00    1.00    0.00    0.00    0.00    0.00    0.00    0.00   98.00
13:29:06       1    1.01    0.00    0.00    0.00    0.00    0.00    0.00    0.00    0.00   98.99
13:29:06       2    0.99    0.00    1.98    0.00    0.00    0.00    0.00    0.00    0.00   97.03
13:29:06       3    0.00    0.00    1.01    0.00    0.00    0.00    0.00    0.00    0.00   98.99

13:29:06     CPU    %usr   %nice    %sys %iowait    %irq   %soft  %steal  %guest  %gnice   %idle
13:29:07     all    0.75    0.00    1.00    0.00    0.00    0.00    0.00    0.00    0.00   98.25
13:29:07       0    1.00    0.00    1.00    0.00    0.00    0.00    0.00    0.00    0.00   98.00
13:29:07       1    0.00    0.00    1.01    0.00    0.00    0.00    0.00    0.00    0.00   98.99
13:29:07       2    1.00    0.00    1.00    0.00    0.00    0.00    0.00    0.00    0.00   98.00
13:29:07       3    1.00    0.00    1.00    0.00    0.00    0.00    0.00    0.00    0.00   98.00

13:29:07     CPU    %usr   %nice    %sys %iowait    %irq   %soft  %steal  %guest  %gnice   %idle
13:29:08     all    0.50    0.00    1.49    0.00    0.00    0.00    0.00    0.00    0.00   98.01
13:29:08       0    0.00    0.00    2.00    0.00    0.00    0.00    0.00    0.00    0.00   98.00
13:29:08       1    0.99    0.00    0.99    0.00    0.00    0.00    0.00    0.00    0.00   98.02
13:29:08       2    1.00    0.00    1.00    0.00    0.00    0.00    0.00    0.00    0.00   98.00
13:29:08       3    0.00    0.00    1.98    0.00    0.00    0.00    0.00    0.00    0.00   98.02

13:29:08     CPU    %usr   %nice    %sys %iowait    %irq   %soft  %steal  %guest  %gnice   %idle
13:29:09     all    0.50    0.00    1.25    0.00    0.00    0.00    0.00    0.00    0.00   98.25
13:29:09       0    1.00    0.00    1.00    0.00    0.00    0.00    0.00    0.00    0.00   98.00
13:29:09       1    0.00    0.00    2.00    0.00    0.00    0.00    0.00    0.00    0.00   98.00
13:29:09       2    0.00    0.00    1.00    0.00    0.00    0.00    0.00    0.00    0.00   99.00
13:29:09       3    1.00    0.00    1.00    0.00    0.00    0.00    0.00    0.00    0.00   98.00

13:29:09     CPU    %usr   %nice    %sys %iowait    %irq   %soft  %steal  %guest  %gnice   %idle
13:29:10     all    0.50    0.00    1.25    0.00    0.00    0.00    0.00    0.00    0.00   98.25
13:29:10       0    0.00    0.00    2.00    0.00    0.00    0.00    0.00    0.00    0.00   98.00
13:29:10       1    1.01    0.00    0.00    0.00    0.00    0.00    0.00    0.00    0.00   98.99
13:29:10       2    1.00    0.00    2.00    0.00    0.00    0.00    0.00    0.00    0.00   97.00
13:29:10       3    0.00    0.00    1.00    0.00    0.00    0.00    0.00    0.00    0.00   99.00

13:29:10     CPU    %usr   %nice    %sys %iowait    %irq   %soft  %steal  %guest  %gnice   %idle
13:29:11     all    0.50    0.00    1.25    0.00    0.00    0.00    0.00    0.00    0.00   98.25
13:29:11       0    1.00    0.00    1.00    0.00    0.00    0.00    0.00    0.00    0.00   98.00
13:29:11       1    0.99    0.00    1.98    0.00    0.00    0.00    0.00    0.00    0.00   97.03
13:29:11       2    0.00    0.00    1.00    0.00    0.00    0.00    0.00    0.00    0.00   99.00
13:29:11       3    0.00    0.00    1.01    0.00    0.00    0.00    0.00    0.00    0.00   98.99

13:29:11     CPU    %usr   %nice    %sys %iowait    %irq   %soft  %steal  %guest  %gnice   %idle
13:29:12     all    0.75    0.00    1.00    0.00    0.00    0.00    0.00    0.00    0.00   98.25
13:29:12       0    1.00    0.00    1.00    0.00    0.00    0.00    0.00    0.00    0.00   98.00
13:29:12       1    0.00    0.00    1.01    0.00    0.00    0.00    0.00    0.00    0.00   98.99
13:29:12       2    1.00    0.00    1.00    0.00    0.00    0.00    0.00    0.00    0.00   98.00
13:29:12       3    1.00    0.00    1.00    0.00    0.00    0.00    0.00    0.00    0.00   98.00

13:29:12     CPU    %usr   %nice    %sys %iowait    %irq   %soft  %steal  %guest  %gnice   %idle
13:29:13     all    0.50    0.00    1.24    0.25    0.00    0.00    0.00    0.00    0.00   98.01
13:29:13       0    0.00    0.00    1.98    0.99    0.00    0.00    0.00    0.00    0.00   97.03
13:29:13       1    0.00    0.00    1.00    0.00    0.00    0.00    0.00    0.00    0.00   99.00
13:29:13       2    1.00    0.00    1.00    0.00    0.00    0.00    0.00    0.00    0.00   98.00
13:29:13       3    0.99    0.00    0.99    0.00    0.00    0.00    0.00    0.00    0.00   98.02

13:29:13     CPU    %usr   %nice    %sys %iowait    %irq   %soft  %steal  %guest  %gnice   %idle
13:29:14     all    0.52    0.00    1.05    0.00    0.00    0.52    0.00    0.00    0.00   97.90
13:29:14       0    1.22    0.00    1.22    0.00    0.00    2.44    0.00    0.00    0.00   95.12
13:29:14       1    1.00    0.00    1.00    0.00    0.00    0.00    0.00    0.00    0.00   98.00
13:29:14       2    0.00    0.00    2.00    0.00    0.00    0.00    0.00    0.00    0.00   98.00
13:29:14       3    0.00    0.00    0.00    0.00    0.00    0.00    0.00    0.00    0.00  100.00

13:29:14     CPU    %usr   %nice    %sys %iowait    %irq   %soft  %steal  %guest  %gnice   %idle
13:29:15     all    0.26    0.00    1.31    0.00    0.00    0.78    0.00    0.00    0.00   97.65
13:29:15       0    0.00    0.00    2.35    0.00    0.00    3.53    0.00    0.00    0.00   94.12
13:29:15       1    0.00    0.00    1.01    0.00    0.00    0.00    0.00    0.00    0.00   98.99
13:29:15       2    0.00    0.00    1.01    0.00    0.00    0.00    0.00    0.00    0.00   98.99
13:29:15       3    1.00    0.00    1.00    0.00    0.00    0.00    0.00    0.00    0.00   98.00

13:29:15     CPU    %usr   %nice    %sys %iowait    %irq   %soft  %steal  %guest  %gnice   %idle
13:29:16     all    0.78    0.00    1.56    0.00    0.00    0.52    0.00    0.00    0.00   97.14
13:29:16       0    1.19    0.00    1.19    0.00    0.00    2.38    0.00    0.00    0.00   95.24
13:29:16       1    1.00    0.00    1.00    0.00    0.00    0.00    0.00    0.00    0.00   98.00
13:29:16       2    0.99    0.00    1.98    0.00    0.00    0.00    0.00    0.00    0.00   97.03
13:29:16       3    0.00    0.00    2.00    0.00    0.00    0.00    0.00    0.00    0.00   98.00

13:29:16     CPU    %usr   %nice    %sys %iowait    %irq   %soft  %steal  %guest  %gnice   %idle
13:29:17     all    0.26    0.00    1.05    0.00    0.00    0.53    0.00    0.00    0.00   98.16
13:29:17       0    0.00    0.00    1.25    0.00    0.00    2.50    0.00    0.00    0.00   96.25
13:29:17       1    0.00    0.00    1.01    0.00    0.00    0.00    0.00    0.00    0.00   98.99
13:29:17       2    0.99    0.00    0.99    0.00    0.00    0.00    0.00    0.00    0.00   98.02
13:29:17       3    0.00    0.00    1.00    0.00    0.00    0.00    0.00    0.00    0.00   99.00

13:29:17     CPU    %usr   %nice    %sys %iowait    %irq   %soft  %steal  %guest  %gnice   %idle
13:29:18     all    0.52    0.00    1.31    0.00    0.00    0.78    0.00    0.00    0.00   97.39
13:29:18       0    0.00    0.00    1.20    0.00    0.00    3.61    0.00    0.00    0.00   95.18
13:29:18       1    0.98    0.00    1.96    0.00    0.00    0.00    0.00    0.00    0.00   97.06
13:29:18       2    0.00    0.00    1.02    0.00    0.00    0.00    0.00    0.00    0.00   98.98
13:29:18       3    1.00    0.00    1.00    0.00    0.00    0.00    0.00    0.00    0.00   98.00

13:29:18     CPU    %usr   %nice    %sys %iowait    %irq   %soft  %steal  %guest  %gnice   %idle
13:29:19     all    0.79    0.00    1.05    0.00    0.00    0.79    0.00    0.00    0.00   97.38
13:29:19       0    1.22    0.00    1.22    0.00    0.00    3.66    0.00    0.00    0.00   93.90
13:29:19       1    0.00    0.00    1.01    0.00    0.00    0.00    0.00    0.00    0.00   98.99
13:29:19       2    0.99    0.00    0.99    0.00    0.00    0.00    0.00    0.00    0.00   98.02
13:29:19       3    1.00    0.00    1.00    0.00    0.00    0.00    0.00    0.00    0.00   98.00

13:29:19     CPU    %usr   %nice    %sys %iowait    %irq   %soft  %steal  %guest  %gnice   %idle
13:29:20     all    0.26    0.00    1.55    0.00    0.00    0.78    0.00    0.00    0.00   97.42
13:29:20       0    0.00    0.00    1.15    0.00    0.00    3.45    0.00    0.00    0.00   95.40
13:29:20       1    0.00    0.00    2.00    0.00    0.00    0.00    0.00    0.00    0.00   98.00
13:29:20       2    1.00    0.00    1.00    0.00    0.00    0.00    0.00    0.00    0.00   98.00
13:29:20       3    0.00    0.00    2.00    0.00    0.00    0.00    0.00    0.00    0.00   98.00

13:29:20     CPU    %usr   %nice    %sys %iowait    %irq   %soft  %steal  %guest  %gnice   %idle
13:29:21     all    0.77    0.00    1.28    0.26    0.00    0.51    0.00    0.00    0.00   97.18
13:29:21       0    1.12    0.00    1.12    0.00    0.00    2.25    0.00    0.00    0.00   95.51
13:29:21       1    0.99    0.00    0.99    0.99    0.00    0.00    0.00    0.00    0.00   97.03
13:29:21       2    0.00    0.00    2.00    0.00    0.00    0.00    0.00    0.00    0.00   98.00
13:29:21       3    1.00    0.00    1.00    0.00    0.00    0.00    0.00    0.00    0.00   98.00

13:29:21     CPU    %usr   %nice    %sys %iowait    %irq   %soft  %steal  %guest  %gnice   %idle
13:29:22     all    0.78    0.00    1.29    0.00    0.00    1.03    0.00    0.00    0.00   96.90
13:29:22       0    1.15    0.00    1.15    0.00    0.00    4.60    0.00    0.00    0.00   93.10
13:29:22       1    0.99    0.00    1.98    0.00    0.00    0.00    0.00    0.00    0.00   97.03
13:29:22       2    0.00    0.00    1.01    0.00    0.00    0.00    0.00    0.00    0.00   98.99
13:29:22       3    1.00    0.00    1.00    0.00    0.00    0.00    0.00    0.00    0.00   98.00

13:29:22     CPU    %usr   %nice    %sys %iowait    %irq   %soft  %steal  %guest  %gnice   %idle
13:29:23     all    0.26    0.00    1.56    0.00    0.00    0.52    0.00    0.00    0.00   97.66
13:29:23       0    0.00    0.00    1.19    0.00    0.00    2.38    0.00    0.00    0.00   96.43
13:29:23       1    0.00    0.00    1.01    0.00    0.00    0.00    0.00    0.00    0.00   98.99
13:29:23       2    0.99    0.00    1.98    0.00    0.00    0.00    0.00    0.00    0.00   97.03
13:29:23       3    0.00    0.00    2.00    0.00    0.00    0.00    0.00    0.00    0.00   98.00

13:29:23     CPU    %usr   %nice    %sys %iowait    %irq   %soft  %steal  %guest  %gnice   %idle
13:29:24     all    0.79    0.00    1.05    0.00    0.00    0.79    0.00    0.00    0.00   97.38
13:29:24       0    1.20    0.00    1.20    0.00    0.00    3.61    0.00    0.00    0.00   93.98
13:29:24       1    1.00    0.00    1.00    0.00    0.00    0.00    0.00    0.00    0.00   98.00
13:29:24       2    0.00    0.00    1.01    0.00    0.00    0.00    0.00    0.00    0.00   98.99
13:29:24       3    1.00    0.00    1.00    0.00    0.00    0.00    0.00    0.00    0.00   98.00

13:29:24     CPU    %usr   %nice    %sys %iowait    %irq   %soft  %steal  %guest  %gnice   %idle
13:29:25     all    0.26    0.00    1.31    0.00    0.00    1.05    0.00    0.00    0.00   97.38
13:29:25       0    0.00    0.00    1.22    0.00    0.00    4.88    0.00    0.00    0.00   93.90
13:29:25       1    0.00    0.00    1.01    0.00    0.00    0.00    0.00    0.00    0.00   98.99
13:29:25       2    1.00    0.00    1.00    0.00    0.00    0.00    0.00    0.00    0.00   98.00
13:29:25       3    0.00    0.00    2.00    0.00    0.00    0.00    0.00    0.00    0.00   98.00

13:29:25     CPU    %usr   %nice    %sys %iowait    %irq   %soft  %steal  %guest  %gnice   %idle
13:29:26     all    0.78    0.00    1.31    0.00    0.00    0.78    0.00    0.00    0.00   97.13
13:29:26       0    0.00    0.00    1.22    0.00    0.00    3.66    0.00    0.00    0.00   95.12
13:29:26       1    1.00    0.00    2.00    0.00    0.00    0.00    0.00    0.00    0.00   97.00
13:29:26       2    0.99    0.00    0.99    0.00    0.00    0.00    0.00    0.00    0.00   98.02
13:29:26       3    1.00    0.00    1.00    0.00    0.00    0.00    0.00    0.00    0.00   98.00

13:29:26     CPU    %usr   %nice    %sys %iowait    %irq   %soft  %steal  %guest  %gnice   %idle
13:29:27     all    0.78    0.00    0.78    0.00    0.00    0.52    0.00    0.00    0.00   97.91
13:29:27       0    1.19    0.00    1.19    0.00    0.00    2.38    0.00    0.00    0.00   95.24
13:29:27       1    0.99    0.00    0.99    0.00    0.00    0.00    0.00    0.00    0.00   98.02
13:29:27       2    0.00    0.00    0.00    0.00    0.00    0.00    0.00    0.00    0.00  100.00
13:29:27       3    1.00    0.00    1.00    0.00    0.00    0.00    0.00    0.00    0.00   98.00

13:29:27     CPU    %usr   %nice    %sys %iowait    %irq   %soft  %steal  %guest  %gnice   %idle
13:29:28     all    0.52    0.00    1.31    0.00    0.00    1.04    0.00    0.00    0.00   97.13
13:29:28       0    1.20    0.00    0.00    0.00    0.00    4.82    0.00    0.00    0.00   93.98
13:29:28       1    0.00    0.00    2.00    0.00    0.00    0.00    0.00    0.00    0.00   98.00
13:29:28       2    0.99    0.00    1.98    0.00    0.00    0.00    0.00    0.00    0.00   97.03
13:29:28       3    0.00    0.00    1.01    0.00    0.00    0.00    0.00    0.00    0.00   98.99

13:29:28     CPU    %usr   %nice    %sys %iowait    %irq   %soft  %steal  %guest  %gnice   %idle
13:29:29     all    0.26    0.00    1.05    0.00    0.00    0.79    0.00    0.00    0.00   97.89
13:29:29       0    0.00    0.00    1.22    0.00    0.00    3.66    0.00    0.00    0.00   95.12
13:29:29       1    0.00    0.00    1.01    0.00    0.00    0.00    0.00    0.00    0.00   98.99
13:29:29       2    0.00    0.00    1.01    0.00    0.00    0.00    0.00    0.00    0.00   98.99
13:29:29       3    1.00    0.00    1.00    0.00    0.00    0.00    0.00    0.00    0.00   98.00

13:29:29     CPU    %usr   %nice    %sys %iowait    %irq   %soft  %steal  %guest  %gnice   %idle
13:29:30     all    0.52    0.00    1.56    0.00    0.00    1.04    0.00    0.00    0.00   96.88
13:29:30       0    1.19    0.00    2.38    0.00    0.00    4.76    0.00    0.00    0.00   91.67
13:29:30       1    0.99    0.00    0.99    0.00    0.00    0.00    0.00    0.00    0.00   98.02
13:29:30       2    0.00    0.00    1.00    0.00    0.00    0.00    0.00    0.00    0.00   99.00
13:29:30       3    0.00    0.00    2.00    0.00    0.00    0.00    0.00    0.00    0.00   98.00

13:29:30     CPU    %usr   %nice    %sys %iowait    %irq   %soft  %steal  %guest  %gnice   %idle
13:29:31     all    0.53    0.00    1.06    0.00    0.00    0.53    0.00    0.00    0.00   97.88
13:29:31       0    0.00    0.00    1.25    0.00    0.00    2.50    0.00    0.00    0.00   96.25
13:29:31       1    0.00    0.00    1.01    0.00    0.00    0.00    0.00    0.00    0.00   98.99
13:29:31       2    1.01    0.00    1.01    0.00    0.00    0.00    0.00    0.00    0.00   97.98
13:29:31       3    1.00    0.00    1.00    0.00    0.00    0.00    0.00    0.00    0.00   98.00

13:29:31     CPU    %usr   %nice    %sys %iowait    %irq   %soft  %steal  %guest  %gnice   %idle
13:29:32     all    0.52    0.00    1.55    0.00    0.00    0.78    0.00    0.00    0.00   97.15
13:29:32       0    1.18    0.00    1.18    0.00    0.00    3.53    0.00    0.00    0.00   94.12
13:29:32       1    1.00    0.00    1.00    0.00    0.00    0.00    0.00    0.00    0.00   98.00
13:29:32       2    0.00    0.00    1.98    0.00    0.00    0.00    0.00    0.00    0.00   98.02
13:29:32       3    0.00    0.00    2.00    0.00    0.00    0.00    0.00    0.00    0.00   98.00

13:29:32     CPU    %usr   %nice    %sys %iowait    %irq   %soft  %steal  %guest  %gnice   %idle
13:29:33     all    0.52    0.00    1.30    0.00    0.00    0.52    0.00    0.00    0.00   97.66
13:29:33       0    0.00    0.00    2.35    0.00    0.00    2.35    0.00    0.00    0.00   95.29
13:29:33       1    0.00    0.00    1.00    0.00    0.00    0.00    0.00    0.00    0.00   99.00
13:29:33       2    1.00    0.00    1.00    0.00    0.00    0.00    0.00    0.00    0.00   98.00
13:29:33       3    1.00    0.00    1.00    0.00    0.00    0.00    0.00    0.00    0.00   98.00

13:29:33     CPU    %usr   %nice    %sys %iowait    %irq   %soft  %steal  %guest  %gnice   %idle
13:29:34     all    0.52    0.00    1.30    0.00    0.00    0.78    0.00    0.00    0.00   97.40
13:29:34       0    1.16    0.00    1.16    0.00    0.00    3.49    0.00    0.00    0.00   94.19
13:29:34       1    1.00    0.00    1.00    0.00    0.00    0.00    0.00    0.00    0.00   98.00
13:29:34       2    0.00    0.00    2.00    0.00    0.00    0.00    0.00    0.00    0.00   98.00
13:29:34       3    0.00    0.00    1.01    0.00    0.00    0.00    0.00    0.00    0.00   98.99

13:29:34     CPU    %usr   %nice    %sys %iowait    %irq   %soft  %steal  %guest  %gnice   %idle
13:29:35     all    0.52    0.00    1.57    0.00    0.00    0.52    0.00    0.00    0.00   97.39
13:29:35       0    0.00    0.00    1.22    0.00    0.00    2.44    0.00    0.00    0.00   96.34
13:29:35       1    0.99    0.00    1.98    0.00    0.00    0.00    0.00    0.00    0.00   97.03
13:29:35       2    1.00    0.00    1.00    0.00    0.00    0.00    0.00    0.00    0.00   98.00
13:29:35       3    0.00    0.00    2.00    0.00    0.00    0.00    0.00    0.00    0.00   98.00

13:29:35     CPU    %usr   %nice    %sys %iowait    %irq   %soft  %steal  %guest  %gnice   %idle
13:29:36     all    0.26    0.00    0.26    0.00    0.00    0.52    0.00    0.00    0.00   98.95
13:29:36       0    0.00    0.00    0.00    0.00    0.00    2.47    0.00    0.00    0.00   97.53
13:29:36       1    0.00    0.00    0.00    0.00    0.00    0.00    0.00    0.00    0.00  100.00
13:29:36       2    0.00    0.00    1.00    0.00    0.00    0.00    0.00    0.00    0.00   99.00
13:29:36       3    0.99    0.00    0.00    0.00    0.00    0.00    0.00    0.00    0.00   99.01

13:29:36     CPU    %usr   %nice    %sys %iowait    %irq   %soft  %steal  %guest  %gnice   %idle
13:29:37     all    0.26    0.00    1.31    0.26    0.00    0.78    0.00    0.00    0.00   97.39
13:29:37       0    1.18    0.00    1.18    0.00    0.00    3.53    0.00    0.00    0.00   94.12
13:29:37       1    0.00    0.00    1.01    0.00    0.00    0.00    0.00    0.00    0.00   98.99
13:29:37       2    0.00    0.00    1.00    1.00    0.00    0.00    0.00    0.00    0.00   98.00
13:29:37       3    0.00    0.00    2.02    0.00    0.00    0.00    0.00    0.00    0.00   97.98

13:29:37     CPU    %usr   %nice    %sys %iowait    %irq   %soft  %steal  %guest  %gnice   %idle
13:29:38     all    0.52    0.00    1.05    0.00    0.00    0.79    0.00    0.00    0.00   97.64
13:29:38       0    0.00    0.00    1.22    0.00    0.00    3.66    0.00    0.00    0.00   95.12
13:29:38       1    0.00    0.00    1.01    0.00    0.00    0.00    0.00    0.00    0.00   98.99
13:29:38       2    1.00    0.00    1.00    0.00    0.00    0.00    0.00    0.00    0.00   98.00
13:29:38       3    1.00    0.00    1.00    0.00    0.00    0.00    0.00    0.00    0.00   98.00

13:29:38     CPU    %usr   %nice    %sys %iowait    %irq   %soft  %steal  %guest  %gnice   %idle
13:29:39     all    0.78    0.00    1.81    0.00    0.00    1.03    0.00    0.00    0.00   96.38
13:29:39       0    1.19    0.00    2.38    0.00    0.00    4.76    0.00    0.00    0.00   91.67
13:29:39       1    0.99    0.00    0.99    0.00    0.00    0.00    0.00    0.00    0.00   98.02
13:29:39       2    0.99    0.00    1.98    0.00    0.00    0.00    0.00    0.00    0.00   97.03
13:29:39       3    0.00    0.00    1.98    0.00    0.00    0.00    0.00    0.00    0.00   98.02

13:29:39     CPU    %usr   %nice    %sys %iowait    %irq   %soft  %steal  %guest  %gnice   %idle
13:29:40     all    0.52    0.00    1.31    0.00    0.00    0.79    0.00    0.00    0.00   97.38
13:29:40       0    0.00    0.00    1.22    0.00    0.00    3.66    0.00    0.00    0.00   95.12
13:29:40       1    0.00    0.00    2.00    0.00    0.00    0.00    0.00    0.00    0.00   98.00
13:29:40       2    1.00    0.00    1.00    0.00    0.00    0.00    0.00    0.00    0.00   98.00
13:29:40       3    1.00    0.00    1.00    0.00    0.00    0.00    0.00    0.00    0.00   98.00

13:29:40     CPU    %usr   %nice    %sys %iowait    %irq   %soft  %steal  %guest  %gnice   %idle
13:29:41     all    0.26    0.00    0.79    0.00    0.00    0.79    0.00    0.00    0.00   98.15
13:29:41       0    1.23    0.00    0.00    0.00    0.00    3.70    0.00    0.00    0.00   95.06
13:29:41       1    0.00    0.00    1.00    0.00    0.00    0.00    0.00    0.00    0.00   99.00
13:29:41       2    0.00    0.00    1.01    0.00    0.00    0.00    0.00    0.00    0.00   98.99
13:29:41       3    0.00    0.00    1.01    0.00    0.00    0.00    0.00    0.00    0.00   98.99

13:29:41     CPU    %usr   %nice    %sys %iowait    %irq   %soft  %steal  %guest  %gnice   %idle
13:29:42     all    1.05    0.00    1.05    0.26    0.00    0.52    0.00    0.00    0.00   97.12
13:29:42       0    1.22    0.00    1.22    0.00    0.00    2.44    0.00    0.00    0.00   95.12
13:29:42       1    1.00    0.00    1.00    0.00    0.00    0.00    0.00    0.00    0.00   98.00
13:29:42       2    1.01    0.00    1.01    0.00    0.00    0.00    0.00    0.00    0.00   97.98
13:29:42       3    0.99    0.00    0.99    0.99    0.00    0.00    0.00    0.00    0.00   97.03

13:29:42     CPU    %usr   %nice    %sys %iowait    %irq   %soft  %steal  %guest  %gnice   %idle
13:29:43     all    0.52    0.00    1.56    0.00    0.00    0.78    0.00    0.00    0.00   97.14
13:29:43       0    0.00    0.00    1.22    0.00    0.00    3.66    0.00    0.00    0.00   95.12
13:29:43       1    0.00    0.00    1.00    0.00    0.00    0.00    0.00    0.00    0.00   99.00
13:29:43       2    0.98    0.00    1.96    0.00    0.00    0.00    0.00    0.00    0.00   97.06
13:29:43       3    0.99    0.00    1.98    0.00    0.00    0.00    0.00    0.00    0.00   97.03

13:29:43     CPU    %usr   %nice    %sys %iowait    %irq   %soft  %steal  %guest  %gnice   %idle
13:29:44     all    0.26    0.00    1.05    0.00    0.00    0.52    0.00    0.00    0.00   98.16
13:29:44       0    0.00    0.00    1.18    0.00    0.00    2.35    0.00    0.00    0.00   96.47
13:29:44       1    1.01    0.00    1.01    0.00    0.00    0.00    0.00    0.00    0.00   97.98
13:29:44       2    0.00    0.00    1.02    0.00    0.00    0.00    0.00    0.00    0.00   98.98
13:29:44       3    0.00    0.00    1.01    0.00    0.00    0.00    0.00    0.00    0.00   98.99

13:29:44     CPU    %usr   %nice    %sys %iowait    %irq   %soft  %steal  %guest  %gnice   %idle
13:29:45     all    0.78    0.00    1.30    0.00    0.00    0.78    0.00    0.00    0.00   97.14
13:29:45       0    1.20    0.00    1.20    0.00    0.00    3.61    0.00    0.00    0.00   93.98
13:29:45       1    0.00    0.00    2.00    0.00    0.00    0.00    0.00    0.00    0.00   98.00
13:29:45       2    0.99    0.00    0.99    0.00    0.00    0.00    0.00    0.00    0.00   98.02
13:29:45       3    1.00    0.00    1.00    0.00    0.00    0.00    0.00    0.00    0.00   98.00

13:29:45     CPU    %usr   %nice    %sys %iowait    %irq   %soft  %steal  %guest  %gnice   %idle
13:29:46     all    0.52    0.00    1.31    0.00    0.00    0.78    0.00    0.00    0.00   97.39
13:29:46       0    0.00    0.00    2.41    0.00    0.00    3.61    0.00    0.00    0.00   93.98
13:29:46       1    0.99    0.00    0.99    0.00    0.00    0.00    0.00    0.00    0.00   98.02
13:29:46       2    0.00    0.00    1.01    0.00    0.00    0.00    0.00    0.00    0.00   98.99
13:29:46       3    1.00    0.00    1.00    0.00    0.00    0.00    0.00    0.00    0.00   98.00

13:29:46     CPU    %usr   %nice    %sys %iowait    %irq   %soft  %steal  %guest  %gnice   %idle
13:29:47     all    0.78    0.00    1.57    0.00    0.00    0.52    0.00    0.00    0.00   97.13
13:29:47       0    0.00    0.00    1.23    0.00    0.00    2.47    0.00    0.00    0.00   96.30
13:29:47       1    1.00    0.00    1.00    0.00    0.00    0.00    0.00    0.00    0.00   98.00
13:29:47       2    0.99    0.00    1.98    0.00    0.00    0.00    0.00    0.00    0.00   97.03
13:29:47       3    0.99    0.00    1.98    0.00    0.00    0.00    0.00    0.00    0.00   97.03

13:29:47     CPU    %usr   %nice    %sys %iowait    %irq   %soft  %steal  %guest  %gnice   %idle
13:29:48     all    0.52    0.00    1.31    0.00    0.00    0.79    0.00    0.00    0.00   97.38
13:29:48       0    1.19    0.00    1.19    0.00    0.00    3.57    0.00    0.00    0.00   94.05
13:29:48       1    1.00    0.00    2.00    0.00    0.00    0.00    0.00    0.00    0.00   97.00
13:29:48       2    0.00    0.00    1.01    0.00    0.00    0.00    0.00    0.00    0.00   98.99
13:29:48       3    0.00    0.00    1.01    0.00    0.00    0.00    0.00    0.00    0.00   98.99

13:29:48     CPU    %usr   %nice    %sys %iowait    %irq   %soft  %steal  %guest  %gnice   %idle
13:29:49     all    0.79    0.00    1.31    0.00    0.00    0.26    0.00    0.00    0.00   97.64
13:29:49       0    1.23    0.00    1.23    0.00    0.00    1.23    0.00    0.00    0.00   96.30
13:29:49       1    0.00    0.00    1.01    0.00    0.00    0.00    0.00    0.00    0.00   98.99
13:29:49       2    0.99    0.00    0.99    0.00    0.00    0.00    0.00    0.00    0.00   98.02
13:29:49       3    0.99    0.00    1.98    0.00    0.00    0.00    0.00    0.00    0.00   97.03

13:29:49     CPU    %usr   %nice    %sys %iowait    %irq   %soft  %steal  %guest  %gnice   %idle
13:29:50     all    0.52    0.00    1.31    0.00    0.00    0.79    0.00    0.00    0.00   97.38
13:29:50       0    0.00    0.00    1.22    0.00    0.00    3.66    0.00    0.00    0.00   95.12
13:29:50       1    0.99    0.00    1.98    0.00    0.00    0.00    0.00    0.00    0.00   97.03
13:29:50       2    1.00    0.00    1.00    0.00    0.00    0.00    0.00    0.00    0.00   98.00
13:29:50       3    0.00    0.00    1.01    0.00    0.00    0.00    0.00    0.00    0.00   98.99

13:29:50     CPU    %usr   %nice    %sys %iowait    %irq   %soft  %steal  %guest  %gnice   %idle
13:29:51     all    0.00    0.00    1.32    0.00    0.00    0.53    0.00    0.00    0.00   98.15
13:29:51       0    0.00    0.00    1.23    0.00    0.00    2.47    0.00    0.00    0.00   96.30
13:29:51       1    0.00    0.00    1.01    0.00    0.00    0.00    0.00    0.00    0.00   98.99
13:29:51       2    0.00    0.00    2.02    0.00    0.00    0.00    0.00    0.00    0.00   97.98
13:29:51       3    0.00    0.00    1.00    0.00    0.00    0.00    0.00    0.00    0.00   99.00

13:29:51     CPU    %usr   %nice    %sys %iowait    %irq   %soft  %steal  %guest  %gnice   %idle
13:29:52     all    0.79    0.00    1.05    0.00    0.00    0.52    0.00    0.00    0.00   97.64
13:29:52       0    0.00    0.00    0.00    0.00    0.00    2.47    0.00    0.00    0.00   97.53
13:29:52       1    0.99    0.00    1.98    0.00    0.00    0.00    0.00    0.00    0.00   97.03
13:29:52       2    1.00    0.00    1.00    0.00    0.00    0.00    0.00    0.00    0.00   98.00
13:29:52       3    1.01    0.00    1.01    0.00    0.00    0.00    0.00    0.00    0.00   97.98

13:29:52     CPU    %usr   %nice    %sys %iowait    %irq   %soft  %steal  %guest  %gnice   %idle
13:29:53     all    0.52    0.00    1.31    0.00    0.00    0.52    0.00    0.00    0.00   97.64
13:29:53       0    1.19    0.00    1.19    0.00    0.00    2.38    0.00    0.00    0.00   95.24
13:29:53       1    0.00    0.00    1.02    0.00    0.00    0.00    0.00    0.00    0.00   98.98
13:29:53       2    0.00    0.00    2.00    0.00    0.00    0.00    0.00    0.00    0.00   98.00
13:29:53       3    1.00    0.00    1.00    0.00    0.00    0.00    0.00    0.00    0.00   98.00

13:29:53     CPU    %usr   %nice    %sys %iowait    %irq   %soft  %steal  %guest  %gnice   %idle
13:29:54     all    0.52    0.00    1.30    0.00    0.00    0.52    0.00    0.00    0.00   97.66
13:29:54       0    0.00    0.00    1.20    0.00    0.00    2.41    0.00    0.00    0.00   96.39
13:29:54       1    1.00    0.00    1.00    0.00    0.00    0.00    0.00    0.00    0.00   98.00
13:29:54       2    1.00    0.00    1.00    0.00    0.00    0.00    0.00    0.00    0.00   98.00
13:29:54       3    0.00    0.00    1.98    0.00    0.00    0.00    0.00    0.00    0.00   98.02

13:29:54     CPU    %usr   %nice    %sys %iowait    %irq   %soft  %steal  %guest  %gnice   %idle
13:29:55     all    1.04    0.00    1.56    0.00    0.00    0.78    0.00    0.00    0.00   96.62
13:29:55       0    1.19    0.00    1.19    0.00    0.00    3.57    0.00    0.00    0.00   94.05
13:29:55       1    0.99    0.00    1.98    0.00    0.00    0.00    0.00    0.00    0.00   97.03
13:29:55       2    1.00    0.00    2.00    0.00    0.00    0.00    0.00    0.00    0.00   97.00
13:29:55       3    1.00    0.00    1.00    0.00    0.00    0.00    0.00    0.00    0.00   98.00

13:29:55     CPU    %usr   %nice    %sys %iowait    %irq   %soft  %steal  %guest  %gnice   %idle
13:29:56     all    0.52    0.00    1.31    0.00    0.00    0.52    0.00    0.00    0.00   97.64
13:29:56       0    1.23    0.00    1.23    0.00    0.00    2.47    0.00    0.00    0.00   95.06
13:29:56       1    0.00    0.00    1.00    0.00    0.00    0.00    0.00    0.00    0.00   99.00
13:29:56       2    0.99    0.00    1.98    0.00    0.00    0.00    0.00    0.00    0.00   97.03
13:29:56       3    0.00    0.00    1.01    0.00    0.00    0.00    0.00    0.00    0.00   98.99

13:29:56     CPU    %usr   %nice    %sys %iowait    %irq   %soft  %steal  %guest  %gnice   %idle
13:29:57     all    0.79    0.00    1.05    0.00    0.00    0.52    0.00    0.00    0.00   97.64
13:29:57       0    1.23    0.00    1.23    0.00    0.00    2.47    0.00    0.00    0.00   95.06
13:29:57       1    0.00    0.00    1.00    0.00    0.00    0.00    0.00    0.00    0.00   99.00
13:29:57       2    1.00    0.00    1.00    0.00    0.00    0.00    0.00    0.00    0.00   98.00
13:29:57       3    1.00    0.00    1.00    0.00    0.00    0.00    0.00    0.00    0.00   98.00

13:29:57     CPU    %usr   %nice    %sys %iowait    %irq   %soft  %steal  %guest  %gnice   %idle
13:29:58     all    0.53    0.00    1.32    0.00    0.00    0.53    0.00    0.00    0.00   97.63
13:29:58       0    0.00    0.00    1.23    0.00    0.00    2.47    0.00    0.00    0.00   96.30
13:29:58       1    1.00    0.00    1.00    0.00    0.00    0.00    0.00    0.00    0.00   98.00
13:29:58       2    0.00    0.00    2.02    0.00    0.00    0.00    0.00    0.00    0.00   97.98
13:29:58       3    1.00    0.00    1.00    0.00    0.00    0.00    0.00    0.00    0.00   98.00

13:29:58     CPU    %usr   %nice    %sys %iowait    %irq   %soft  %steal  %guest  %gnice   %idle
13:29:59     all    0.26    0.00    1.05    0.00    0.00    0.52    0.00    0.00    0.00   98.16
13:29:59       0    0.00    0.00    1.22    0.00    0.00    2.44    0.00    0.00    0.00   96.34
13:29:59       1    0.00    0.00    1.00    0.00    0.00    0.00    0.00    0.00    0.00   99.00
13:29:59       2    1.00    0.00    1.00    0.00    0.00    0.00    0.00    0.00    0.00   98.00
13:29:59       3    0.00    0.00    1.01    0.00    0.00    0.00    0.00    0.00    0.00   98.99

13:29:59     CPU    %usr   %nice    %sys %iowait    %irq   %soft  %steal  %guest  %gnice   %idle
13:30:00     all    1.04    0.00    1.81    0.00    0.00    0.52    0.00    0.00    0.00   96.63
13:30:00       0    1.20    0.00    2.41    0.00    0.00    2.41    0.00    0.00    0.00   93.98
13:30:00       1    1.00    0.00    1.00    0.00    0.00    0.00    0.00    0.00    0.00   98.00
13:30:00       2    0.99    0.00    1.98    0.00    0.00    0.00    0.00    0.00    0.00   97.03
13:30:00       3    0.98    0.00    1.96    0.00    0.00    0.00    0.00    0.00    0.00   97.06

13:30:00     CPU    %usr   %nice    %sys %iowait    %irq   %soft  %steal  %guest  %gnice   %idle
13:30:01     all    0.26    0.00    1.32    0.00    0.00    0.53    0.00    0.00    0.00   97.89
13:30:01       0    1.23    0.00    1.23    0.00    0.00    2.47    0.00    0.00    0.00   95.06
13:30:01       1    0.00    0.00    1.00    0.00    0.00    0.00    0.00    0.00    0.00   99.00
13:30:01       2    0.00    0.00    1.01    0.00    0.00    0.00    0.00    0.00    0.00   98.99
13:30:01       3    0.00    0.00    2.02    0.00    0.00    0.00    0.00    0.00    0.00   97.98

13:30:01     CPU    %usr   %nice    %sys %iowait    %irq   %soft  %steal  %guest  %gnice   %idle
13:30:02     all    0.52    0.00    1.31    0.26    0.00    0.52    0.00    0.00    0.00   97.38
13:30:02       0    0.00    0.00    1.22    1.22    0.00    2.44    0.00    0.00    0.00   95.12
13:30:02       1    0.00    0.00    2.00    0.00    0.00    0.00    0.00    0.00    0.00   98.00
13:30:02       2    1.00    0.00    1.00    0.00    0.00    0.00    0.00    0.00    0.00   98.00
13:30:02       3    1.00    0.00    1.00    0.00    0.00    0.00    0.00    0.00    0.00   98.00

13:30:02     CPU    %usr   %nice    %sys %iowait    %irq   %soft  %steal  %guest  %gnice   %idle
13:30:03     all    0.52    0.00    0.79    0.00    0.00    0.52    0.00    0.00    0.00   98.17
13:30:03       0    1.19    0.00    1.19    0.00    0.00    2.38    0.00    0.00    0.00   95.24
13:30:03       1    0.00    0.00    0.00    0.00    0.00    0.00    0.00    0.00    0.00  100.00
13:30:03       2    0.00    0.00    2.00    0.00    0.00    0.00    0.00    0.00    0.00   98.00
13:30:03       3    1.01    0.00    0.00    0.00    0.00    0.00    0.00    0.00    0.00   98.99

13:30:03     CPU    %usr   %nice    %sys %iowait    %irq   %soft  %steal  %guest  %gnice   %idle
13:30:04     all    0.78    0.00    1.04    0.00    0.00    0.26    0.00    0.00    0.00   97.91
13:30:04       0    1.19    0.00    1.19    0.00    0.00    1.19    0.00    0.00    0.00   96.43
13:30:04       1    1.00    0.00    1.00    0.00    0.00    0.00    0.00    0.00    0.00   98.00
13:30:04       2    1.01    0.00    0.00    0.00    0.00    0.00    0.00    0.00    0.00   98.99
13:30:04       3    0.00    0.00    2.00    0.00    0.00    0.00    0.00    0.00    0.00   98.00

13:30:04     CPU    %usr   %nice    %sys %iowait    %irq   %soft  %steal  %guest  %gnice   %idle
13:30:05     all    0.52    0.00    1.56    0.00    0.00    0.52    0.00    0.00    0.00   97.40
13:30:05       0    0.00    0.00    2.41    0.00    0.00    2.41    0.00    0.00    0.00   95.18
13:30:05       1    0.00    0.00    1.00    0.00    0.00    0.00    0.00    0.00    0.00   99.00
13:30:05       2    0.99    0.00    1.98    0.00    0.00    0.00    0.00    0.00    0.00   97.03
13:30:05       3    0.99    0.00    0.99    0.00    0.00    0.00    0.00    0.00    0.00   98.02

13:30:05     CPU    %usr   %nice    %sys %iowait    %irq   %soft  %steal  %guest  %gnice   %idle
13:30:06     all    0.26    0.00    1.32    0.00    0.00    0.26    0.00    0.00    0.00   98.15
13:30:06       0    1.23    0.00    1.23    0.00    0.00    1.23    0.00    0.00    0.00   96.30
13:30:06       1    0.00    0.00    1.01    0.00    0.00    0.00    0.00    0.00    0.00   98.99
13:30:06       2    0.00    0.00    2.00    0.00    0.00    0.00    0.00    0.00    0.00   98.00
13:30:06       3    0.00    0.00    1.01    0.00    0.00    0.00    0.00    0.00    0.00   98.99

13:30:06     CPU    %usr   %nice    %sys %iowait    %irq   %soft  %steal  %guest  %gnice   %idle
13:30:07     all    1.04    0.00    2.09    0.00    0.00    0.78    0.00    0.00    0.00   96.08
13:30:07       0    1.22    0.00    2.44    0.00    0.00    3.66    0.00    0.00    0.00   92.68
13:30:07       1    0.99    0.00    1.98    0.00    0.00    0.00    0.00    0.00    0.00   97.03
13:30:07       2    1.01    0.00    2.02    0.00    0.00    0.00    0.00    0.00    0.00   96.97
13:30:07       3    0.99    0.00    1.98    0.00    0.00    0.00    0.00    0.00    0.00   97.03

13:30:07     CPU    %usr   %nice    %sys %iowait    %irq   %soft  %steal  %guest  %gnice   %idle
13:30:08     all    0.52    0.00    1.31    0.00    0.00    0.52    0.00    0.00    0.00   97.64
13:30:08       0    1.22    0.00    1.22    0.00    0.00    2.44    0.00    0.00    0.00   95.12
13:30:08       1    0.00    0.00    1.00    0.00    0.00    0.00    0.00    0.00    0.00   99.00
13:30:08       2    0.99    0.00    1.98    0.00    0.00    0.00    0.00    0.00    0.00   97.03
13:30:08       3    0.00    0.00    1.01    0.00    0.00    0.00    0.00    0.00    0.00   98.99

13:30:08     CPU    %usr   %nice    %sys %iowait    %irq   %soft  %steal  %guest  %gnice   %idle
13:30:09     all    0.79    0.00    1.05    0.00    0.00    0.26    0.00    0.00    0.00   97.90
13:30:09       0    1.23    0.00    0.00    0.00    0.00    1.23    0.00    0.00    0.00   97.53
13:30:09       1    0.99    0.00    1.98    0.00    0.00    0.00    0.00    0.00    0.00   97.03
13:30:09       2    0.00    0.00    1.01    0.00    0.00    0.00    0.00    0.00    0.00   98.99
13:30:09       3    1.00    0.00    1.00    0.00    0.00    0.00    0.00    0.00    0.00   98.00

13:30:09     CPU    %usr   %nice    %sys %iowait    %irq   %soft  %steal  %guest  %gnice   %idle
13:30:10     all    0.00    0.00    0.26    0.00    0.00    0.52    0.00    0.00    0.00   99.21
13:30:10       0    0.00    0.00    0.00    0.00    0.00    2.44    0.00    0.00    0.00   97.56
13:30:10       1    0.00    0.00    0.00    0.00    0.00    0.00    0.00    0.00    0.00  100.00
13:30:10       2    0.00    0.00    0.00    0.00    0.00    0.00    0.00    0.00    0.00  100.00
13:30:10       3    0.00    0.00    0.99    0.00    0.00    0.00    0.00    0.00    0.00   99.01

Average:     CPU    %usr   %nice    %sys %iowait    %irq   %soft  %steal  %guest  %gnice   %idle
Average:     all    0.56    0.00    1.25    0.02    0.00    0.52    0.00    0.00    0.00   97.66
Average:       0    0.63    0.00    1.30    0.03    0.00    2.32    0.00    0.00    0.00   95.72
Average:       1    0.49    0.00    1.20    0.01    0.00    0.00    0.00    0.00    0.00   98.30
Average:       2    0.59    0.00    1.30    0.01    0.00    0.00    0.00    0.00    0.00   98.10
Average:       3    0.54    0.00    1.20    0.01    0.00    0.00    0.00    0.00    0.00   98.24
