# timestamp  face |bytes    packets errs drop fifo frame compressed multicast|bytes    packets errs drop fifo colls carrier compressed
1777804140.028843209     lo:   26548     352    0    0    0     0          0         0    26548     352    0    0    0     0       0          0
1777804140.028843209 enP1p1s0: 16677812204 44341063    0    0    0     0          0        76 16677814400 44341090    0    0    0     0       0          0
1777804140.028843209   eth0:       0       0    0    0    0     0          0         0        0       0    0    0    0     0       0          0
1777804140.028843209  wlan0:  139788    1386    0    0    0     0          0         4   156827    1305    0    0    0     0       0          0
1777804140.028843209    br0:    5168      54    0    0    0     0          0        51     1124      14    0    0    0     0       0          0
1777804141.040950254     lo:   26548     352    0    0    0     0          0         0    26548     352    0    0    0     0       0          0
1777804141.040950254 enP1p1s0: 16677812204 44341063    0    0    0     0          0        76 16677814400 44341090    0    0    0     0       0          0
1777804141.040950254   eth0:       0       0    0    0    0     0          0         0        0       0    0    0    0     0       0          0
1777804141.040950254  wlan0:  144100    1435    0    0    0     0          0         4   161825    1354    0    0    0     0       0          0
1777804141.040950254    br0:    5168      54    0    0    0     0          0        51     1124      14    0    0    0     0       0          0
1777804142.049852725     lo:   26548     352    0    0    0     0          0         0    26548     352    0    0    0     0       0          0
1777804142.049852725 enP1p1s0: 16677812204 44341063    0    0    0     0          0        76 16677814400 44341090    0    0    0     0       0          0
1777804142.049852725   eth0:       0       0    0    0    0     0          0         0        0       0    0    0    0     0       0          0
1777804142.049852725  wlan0:  147672    1476    0    0    0     0          0         4   165905    1394    0    0    0     0       0          0
1777804142.049852725    br0:    5168      54    0    0    0     0          0        51     1124      14    0    0    0     0       0          0
1777804143.058814195     lo:   26548     352    0    0    0     0          0         0    26548     352    0    0    0     0       0          0
1777804143.058814195 enP1p1s0: 16677812204 44341063    0    0    0     0          0        76 16677814400 44341090    0    0    0     0       0          0
1777804143.058814195   eth0:       0       0    0    0    0     0          0         0        0       0    0    0    0     0       0          0
1777804143.058814195  wlan0:  147888    1477    0    0    0     0          0         4   166135    1395    0    0    0     0       0          0
1777804143.058814195    br0:    5168      54    0    0    0     0          0        51     1124      14    0    0    0     0       0          0
1777804144.067754703     lo:   26548     352    0    0    0     0          0         0    26548     352    0    0    0     0       0          0
1777804144.067754703 enP1p1s0: 16677812204 44341063    0    0    0     0          0        76 16677814400 44341090    0    0    0     0       0          0
1777804144.067754703   eth0:       0       0    0    0    0     0          0         0        0       0    0    0    0     0       0          0
1777804144.067754703  wlan0:  147888    1477    0    0    0     0          0         4   166135    1395    0    0    0     0       0          0
1777804144.067754703    br0:    5168      54    0    0    0     0          0        51     1124      14    0    0    0     0       0          0
1777804145.076468080     lo:   26548     352    0    0    0     0          0         0    26548     352    0    0    0     0       0          0
1777804145.076468080 enP1p1s0: 16677812204 44341063    0    0    0     0          0        76 16677814400 44341090    0    0    0     0       0          0
1777804145.076468080   eth0:       0       0    0    0    0     0          0         0        0       0    0    0    0     0       0          0
1777804145.076468080  wlan0:  147888    1477    0    0    0     0          0         4   166135    1395    0    0    0     0       0          0
1777804145.076468080    br0:    5168      54    0    0    0     0          0        51     1124      14    0    0    0     0       0          0
1777804146.085399495     lo:   26548     352    0    0    0     0          0         0    26548     352    0    0    0     0       0          0
1777804146.085399495 enP1p1s0: 16677812204 44341063    0    0    0     0          0        76 16677814400 44341090    0    0    0     0       0          0
1777804146.085399495   eth0:       0       0    0    0    0     0          0         0        0       0    0    0    0     0       0          0
1777804146.085399495  wlan0:  147888    1477    0    0    0     0          0         4   166135    1395    0    0    0     0       0          0
1777804146.085399495    br0:    5168      54    0    0    0     0          0        51     1124      14    0    0    0     0       0          0
1777804147.094287317     lo:   26548     352    0    0    0     0          0         0    26548     352    0    0    0     0       0          0
1777804147.094287317 enP1p1s0: 16677812204 44341063    0    0    0     0          0        76 16677814400 44341090    0    0    0     0       0          0
1777804147.094287317   eth0:       0       0    0    0    0     0          0         0        0       0    0    0    0     0       0          0
1777804147.094287317  wlan0:  147888    1477    0    0    0     0          0         4   166135    1395    0    0    0     0       0          0
1777804147.094287317    br0:    5168      54    0    0    0     0          0        51     1124      14    0    0    0     0       0          0
1777804148.103214473     lo:   26548     352    0    0    0     0          0         0    26548     352    0    0    0     0       0          0
1777804148.103214473 enP1p1s0: 16677812204 44341063    0    0    0     0          0        76 16677814400 44341090    0    0    0     0       0          0
1777804148.103214473   eth0:       0       0    0    0    0     0          0         0        0       0    0    0    0     0       0          0
1777804148.103214473  wlan0:  147888    1477    0    0    0     0          0         4   166135    1395    0    0    0     0       0          0
1777804148.103214473    br0:    5168      54    0    0    0     0          0        51     1124      14    0    0    0     0       0          0
1777804149.112126017     lo:   26548     352    0    0    0     0          0         0    26548     352    0    0    0     0       0          0
1777804149.112126017 enP1p1s0: 16677812204 44341063    0    0    0     0          0        76 16677814400 44341090    0    0    0     0       0          0
1777804149.112126017   eth0:       0       0    0    0    0     0          0         0        0       0    0    0    0     0       0          0
1777804149.112126017  wlan0:  147888    1477    0    0    0     0          0         4   166135    1395    0    0    0     0       0          0
1777804149.112126017    br0:    5168      54    0    0    0     0          0        51     1124      14    0    0    0     0       0          0
1777804150.121031302     lo:   26548     352    0    0    0     0          0         0    26548     352    0    0    0     0       0          0
1777804150.121031302 enP1p1s0: 16677812204 44341063    0    0    0     0          0        76 16677814400 44341090    0    0    0     0       0          0
1777804150.121031302   eth0:       0       0    0    0    0     0          0         0        0       0    0    0    0     0       0          0
1777804150.121031302  wlan0:  147888    1477    0    0    0     0          0         4   166135    1395    0    0    0     0       0          0
1777804150.121031302    br0:    5168      54    0    0    0     0          0        51     1124      14    0    0    0     0       0          0
1777804151.129829383     lo:   26548     352    0    0    0     0          0         0    26548     352    0    0    0     0       0          0
1777804151.129829383 enP1p1s0: 16677812204 44341063    0    0    0     0          0        76 16677814400 44341090    0    0    0     0       0          0
1777804151.129829383   eth0:       0       0    0    0    0     0          0         0        0       0    0    0    0     0       0          0
1777804151.129829383  wlan0:  147888    1477    0    0    0     0          0         4   166135    1395    0    0    0     0       0          0
1777804151.129829383    br0:    5168      54    0    0    0     0          0        51     1124      14    0    0    0     0       0          0
1777804152.138751724     lo:   26548     352    0    0    0     0          0         0    26548     352    0    0    0     0       0          0
1777804152.138751724 enP1p1s0: 16677812204 44341063    0    0    0     0          0        76 16677814400 44341090    0    0    0     0       0          0
1777804152.138751724   eth0:       0       0    0    0    0     0          0         0        0       0    0    0    0     0       0          0
1777804152.138751724  wlan0:  147888    1477    0    0    0     0          0         4   166135    1395    0    0    0     0       0          0
1777804152.138751724    br0:    5168      54    0    0    0     0          0        51     1124      14    0    0    0     0       0          0
1777804153.148484311     lo:   26548     352    0    0    0     0          0         0    26548     352    0    0    0     0       0          0
1777804153.148484311 enP1p1s0: 16691521474 44350118    0    0    0     0          0        76 16691500960 44350130    0    0    0     0       0          0
1777804153.148484311   eth0:       0       0    0    0    0     0          0         0        0       0    0    0    0     0       0          0
1777804153.148484311  wlan0:  147888    1477    0    0    0     0          0         4   166135    1395    0    0    0     0       0          0
1777804153.148484311    br0:    5168      54    0    0    0     0          0        51     1124      14    0    0    0     0       0          0
1777804154.158821271     lo:   26548     352    0    0    0     0          0         0    26548     352    0    0    0     0       0          0
1777804154.158821271 enP1p1s0: 16815783024 44432193    0    0    0     0          0        76 16815760996 44432204    0    0    0     0       0          0
1777804154.158821271   eth0:       0       0    0    0    0     0          0         0        0       0    0    0    0     0       0          0
1777804154.158821271  wlan0:  147888    1477    0    0    0     0          0         4   166135    1395    0    0    0     0       0          0
1777804154.158821271    br0:    5168      54    0    0    0     0          0        51     1124      14    0    0    0     0       0          0
1777804155.168179540     lo:   26548     352    0    0    0     0          0         0    26548     352    0    0    0     0       0          0
1777804155.168179540 enP1p1s0: 16939985528 44514229    0    0    0     0          0        76 16939960472 44514238    0    0    0     0       0          0
1777804155.168179540   eth0:       0       0    0    0    0     0          0         0        0       0    0    0    0     0       0          0
1777804155.168179540  wlan0:  147888    1477    0    0    0     0          0         4   166135    1395    0    0    0     0       0          0
1777804155.168179540    br0:    5168      54    0    0    0     0          0        51     1124      14    0    0    0     0       0          0
1777804156.177587365     lo:   26548     352    0    0    0     0          0         0    26548     352    0    0    0     0       0          0
1777804156.177587365 enP1p1s0: 17064247078 44596304    0    0    0     0          0        76 17064220508 44596312    0    0    0     0       0          0
1777804156.177587365   eth0:       0       0    0    0    0     0          0         0        0       0    0    0    0     0       0          0
1777804156.177587365  wlan0:  147888    1477    0    0    0     0          0         4   166135    1395    0    0    0     0       0          0
1777804156.177587365    br0:    5168      54    0    0    0     0          0        51     1124      14    0    0    0     0       0          0
1777804157.187710732     lo:   26548     352    0    0    0     0          0         0    26548     352    0    0    0     0       0          0
1777804157.187710732 enP1p1s0: 17188538908 44678399    0    0    0     0          0        76 17188516880 44678410    0    0    0     0       0          0
1777804157.187710732   eth0:       0       0    0    0    0     0          0         0        0       0    0    0    0     0       0          0
1777804157.187710732  wlan0:  147888    1477    0    0    0     0          0         4   166135    1395    0    0    0     0       0          0
1777804157.187710732    br0:    5168      54    0    0    0     0          0        51     1124      14    0    0    0     0       0          0
1777804158.197781635     lo:   26548     352    0    0    0     0          0         0    26548     352    0    0    0     0       0          0
1777804158.197781635 enP1p1s0: 17312782290 44760462    0    0    0     0          0        76 17312739066 44760459    0    0    0     0       0          0
1777804158.197781635   eth0:       0       0    0    0    0     0          0         0        0       0    0    0    0     0       0          0
1777804158.197781635  wlan0:  147888    1477    0    0    0     0          0         4   166135    1395    0    0    0     0       0          0
1777804158.197781635    br0:    5168      54    0    0    0     0          0        51     1124      14    0    0    0     0       0          0
1777804159.207851668     lo:   26548     352    0    0    0     0          0         0    26548     352    0    0    0     0       0          0
1777804159.207851668 enP1p1s0: 17437049896 44842541    0    0    0     0          0        76 17437027868 44842552    0    0    0     0       0          0
1777804159.207851668   eth0:       0       0    0    0    0     0          0         0        0       0    0    0    0     0       0          0
1777804159.207851668  wlan0:  147888    1477    0    0    0     0          0         4   166135    1395    0    0    0     0       0          0
1777804159.207851668    br0:    5168      54    0    0    0     0          0        51     1124      14    0    0    0     0       0          0
1777804160.217951608     lo:   26548     352    0    0    0     0          0         0    26548     352    0    0    0     0       0          0
1777804160.217951608 enP1p1s0: 17561228176 44924561    0    0    0     0          0        76 17561130448 44924522    0    0    0     0       0          0
1777804160.217951608   eth0:       0       0    0    0    0     0          0         0        0       0    0    0    0     0       0          0
1777804160.217951608  wlan0:  147888    1477    0    0    0     0          0         4   166135    1395    0    0    0     0       0          0
1777804160.217951608    br0:    5168      54    0    0    0     0          0        51     1124      14    0    0    0     0       0          0
1777804161.227281192     lo:   26548     352    0    0    0     0          0         0    26548     352    0    0    0     0       0          0
1777804161.227281192 enP1p1s0: 17685485184 45006633    0    0    0     0          0        76 17685407138 45006607    0    0    0     0       0          0
1777804161.227281192   eth0:       0       0    0    0    0     0          0         0        0       0    0    0    0     0       0          0
1777804161.227281192  wlan0:  147888    1477    0    0    0     0          0         4   166135    1395    0    0    0     0       0          0
1777804161.227281192    br0:    5168      54    0    0    0     0          0        51     1124      14    0    0    0     0       0          0
1777804162.237154705     lo:   26548     352    0    0    0     0          0         0    26548     352    0    0    0     0       0          0
1777804162.237154705 enP1p1s0: 17809678604 45088663    0    0    0     0          0        76 17809652034 45088671    0    0    0     0       0          0
1777804162.237154705   eth0:       0       0    0    0    0     0          0         0        0       0    0    0    0     0       0          0
1777804162.237154705  wlan0:  147888    1477    0    0    0     0          0         4   166135    1395    0    0    0     0       0          0
1777804162.237154705    br0:    5168      54    0    0    0     0          0        51     1124      14    0    0    0     0       0          0
1777804163.247116774     lo:   26548     352    0    0    0     0          0         0    26548     352    0    0    0     0       0          0
1777804163.247116774 enP1p1s0: 17933853856 45170681    0    0    0     0          0        76 17933809118 45170677    0    0    0     0       0          0
1777804163.247116774   eth0:       0       0    0    0    0     0          0         0        0       0    0    0    0     0       0          0
1777804163.247116774  wlan0:  147888    1477    0    0    0     0          0         4   166135    1395    0    0    0     0       0          0
1777804163.247116774    br0:    5168      54    0    0    0     0          0        51     1124      14    0    0    0     0       0          0
1777804164.256576637     lo:   26548     352    0    0    0     0          0         0    26548     352    0    0    0     0       0          0
1777804164.256576637 enP1p1s0: 18058109350 45252752    0    0    0     0          0        76 18058079752 45252758    0    0    0     0       0          0
1777804164.256576637   eth0:       0       0    0    0    0     0          0         0        0       0    0    0    0     0       0          0
1777804164.256576637  wlan0:  147888    1477    0    0    0     0          0         4   166135    1395    0    0    0     0       0          0
1777804164.256576637    br0:    5168      54    0    0    0     0          0        51     1124      14    0    0    0     0       0          0
1777804165.266625873     lo:   26548     352    0    0    0     0          0         0    26548     352    0    0    0     0       0          0
1777804165.266625873 enP1p1s0: 18181460986 45334226    0    0    0     0          0        76 18181440472 45334238    0    0    0     0       0          0
1777804165.266625873   eth0:       0       0    0    0    0     0          0         0        0       0    0    0    0     0       0          0
1777804165.266625873  wlan0:  147888    1477    0    0    0     0          0         4   166135    1395    0    0    0     0       0          0
1777804165.266625873    br0:    5168      54    0    0    0     0          0        51     1124      14    0    0    0     0       0          0
1777804166.276760999     lo:   26548     352    0    0    0     0          0         0    26548     352    0    0    0     0       0          0
1777804166.276760999 enP1p1s0: 18305663490 45416262    0    0    0     0          0        76 18305641462 45416273    0    0    0     0       0          0
1777804166.276760999   eth0:       0       0    0    0    0     0          0         0        0       0    0    0    0     0       0          0
1777804166.276760999  wlan0:  147888    1477    0    0    0     0          0         4   166135    1395    0    0    0     0       0          0
1777804166.276760999    br0:    5168      54    0    0    0     0          0        51     1124      14    0    0    0     0       0          0
1777804167.285828304     lo:   26548     352    0    0    0     0          0         0    26548     352    0    0    0     0       0          0
1777804167.285828304 enP1p1s0: 18429878106 45498306    0    0    0     0          0        76 18429859106 45498319    0    0    0     0       0          0
1777804167.285828304   eth0:       0       0    0    0    0     0          0         0        0       0    0    0    0     0       0          0
1777804167.285828304  wlan0:  147888    1477    0    0    0     0          0         4   166135    1395    0    0    0     0       0          0
1777804167.285828304    br0:    5168      54    0    0    0     0          0        51     1124      14    0    0    0     0       0          0
1777804168.295912633     lo:   26548     352    0    0    0     0          0         0    26548     352    0    0    0     0       0          0
1777804168.295912633 enP1p1s0: 18554048816 45580321    0    0    0     0          0        76 18554026788 45580332    0    0    0     0       0          0
1777804168.295912633   eth0:       0       0    0    0    0     0          0         0        0       0    0    0    0     0       0          0
1777804168.295912633  wlan0:  147888    1477    0    0    0     0          0         4   166135    1395    0    0    0     0       0          0
1777804168.295912633    br0:    5168      54    0    0    0     0          0        51     1124      14    0    0    0     0       0          0
1777804169.305337236     lo:   26548     352    0    0    0     0          0         0    26548     352    0    0    0     0       0          0
1777804169.305337236 enP1p1s0: 18678214984 45662333    0    0    0     0          0        76 18678192956 45662344    0    0    0     0       0          0
1777804169.305337236   eth0:       0       0    0    0    0     0          0         0        0       0    0    0    0     0       0          0
1777804169.305337236  wlan0:  147888    1477    0    0    0     0          0         4   166135    1395    0    0    0     0       0          0
1777804169.305337236    br0:    5168      54    0    0    0     0          0        51     1124      14    0    0    0     0       0          0
1777804170.315437306     lo:   26548     352    0    0    0     0          0         0    26548     352    0    0    0     0       0          0
1777804170.315437306 enP1p1s0: 18802511356 45744431    0    0    0     0          0        76 18802468132 45744428    0    0    0     0       0          0
1777804170.315437306   eth0:       0       0    0    0    0     0          0         0        0       0    0    0    0     0       0          0
1777804170.315437306  wlan0:  147888    1477    0    0    0     0          0         4   166135    1395    0    0    0     0       0          0
1777804170.315437306    br0:    5168      54    0    0    0     0          0        51     1124      14    0    0    0     0       0          0
1777804171.324820668     lo:   26548     352    0    0    0     0          0         0    26548     352    0    0    0     0       0          0
1777804171.324820668 enP1p1s0: 18926806214 45826528    0    0    0     0          0        76 18926776616 45826534    0    0    0     0       0          0
1777804171.324820668   eth0:       0       0    0    0    0     0          0         0        0       0    0    0    0     0       0          0
1777804171.324820668  wlan0:  147888    1477    0    0    0     0          0         4   166135    1395    0    0    0     0       0          0
1777804171.324820668    br0:    5168      54    0    0    0     0          0        51     1124      14    0    0    0     0       0          0
1777804172.334859719     lo:   26548     352    0    0    0     0          0         0    26548     352    0    0    0     0       0          0
1777804172.334859719 enP1p1s0: 19051017802 45908570    0    0    0     0          0        76 19050960952 45908558    0    0    0     0       0          0
1777804172.334859719   eth0:       0       0    0    0    0     0          0         0        0       0    0    0    0     0       0          0
1777804172.334859719  wlan0:  147888    1477    0    0    0     0          0         4   166135    1395    0    0    0     0       0          0
1777804172.334859719    br0:    5168      54    0    0    0     0          0        51     1124      14    0    0    0     0       0          0
1777804173.344761547     lo:   26548     352    0    0    0     0          0         0    26548     352    0    0    0     0       0          0
1777804173.344761547 enP1p1s0: 19175296006 45990656    0    0    0     0          0        76 19175207362 45990623    0    0    0     0       0          0
1777804173.344761547   eth0:       0       0    0    0    0     0          0         0        0       0    0    0    0     0       0          0
1777804173.344761547  wlan0:  147888    1477    0    0    0     0          0         4   166135    1395    0    0    0     0       0          0
1777804173.344761547    br0:    5168      54    0    0    0     0          0        51     1124      14    0    0    0     0       0          0
1777804174.354582560     lo:   26548     352    0    0    0     0          0         0    26548     352    0    0    0     0       0          0
1777804174.354582560 enP1p1s0: 19299403248 46072631    0    0    0     0          0        76 19299381220 46072642    0    0    0     0       0          0
1777804174.354582560   eth0:       0       0    0    0    0     0          0         0        0       0    0    0    0     0       0          0
1777804174.354582560  wlan0:  147888    1477    0    0    0     0          0         4   166135    1395    0    0    0     0       0          0
1777804174.354582560    br0:    5168      54    0    0    0     0          0        51     1124      14    0    0    0     0       0          0
1777804175.363927144     lo:   26548     352    0    0    0     0          0         0    26548     352    0    0    0     0       0          0
1777804175.363927144 enP1p1s0: 19423195458 46154396    0    0    0     0          0        76 19423152234 46154393    0    0    0     0       0          0
1777804175.363927144   eth0:       0       0    0    0    0     0          0         0        0       0    0    0    0     0       0          0
1777804175.363927144  wlan0:  147888    1477    0    0    0     0          0         4   166135    1395    0    0    0     0       0          0
1777804175.363927144    br0:    5168      54    0    0    0     0          0        51     1124      14    0    0    0     0       0          0
1777804176.373241543     lo:   26548     352    0    0    0     0          0         0    26548     352    0    0    0     0       0          0
1777804176.373241543 enP1p1s0: 19547493344 46236495    0    0    0     0          0        76 19547469802 46236505    0    0    0     0       0          0
1777804176.373241543   eth0:       0       0    0    0    0     0          0         0        0       0    0    0    0     0       0          0
1777804176.373241543  wlan0:  147888    1477    0    0    0     0          0         4   166135    1395    0    0    0     0       0          0
1777804176.373241543    br0:    5168      54    0    0    0     0          0        51     1124      14    0    0    0     0       0          0
1777804177.383247834     lo:   26548     352    0    0    0     0          0         0    26548     352    0    0    0     0       0          0
1777804177.383247834 enP1p1s0: 19671359740 46318309    0    0    0     0          0        76 19671316516 46318306    0    0    0     0       0          0
1777804177.383247834   eth0:       0       0    0    0    0     0          0         0        0       0    0    0    0     0       0          0
1777804177.383247834  wlan0:  147888    1477    0    0    0     0          0         4   166135    1395    0    0    0     0       0          0
1777804177.383247834    br0:    5168      54    0    0    0     0          0        51     1124      14    0    0    0     0       0          0
1777804178.393364349     lo:   26548     352    0    0    0     0          0         0    26548     352    0    0    0     0       0          0
1777804178.393364349 enP1p1s0: 19795244304 46400135    0    0    0     0          0        76 19795222276 46400146    0    0    0     0       0          0
1777804178.393364349   eth0:       0       0    0    0    0     0          0         0        0       0    0    0    0     0       0          0
1777804178.393364349  wlan0:  147888    1477    0    0    0     0          0         4   166135    1395    0    0    0     0       0          0
1777804178.393364349    br0:    5168      54    0    0    0     0          0        51     1124      14    0    0    0     0       0          0
1777804179.403515716     lo:   26548     352    0    0    0     0          0         0    26548     352    0    0    0     0       0          0
1777804179.403515716 enP1p1s0: 19919416528 46482151    0    0    0     0          0        76 19919394500 46482162    0    0    0     0       0          0
1777804179.403515716   eth0:       0       0    0    0    0     0          0         0        0       0    0    0    0     0       0          0
1777804179.403515716  wlan0:  147888    1477    0    0    0     0          0         4   166135    1395    0    0    0     0       0          0
1777804179.403515716    br0:    5168      54    0    0    0     0          0        51     1124      14    0    0    0     0       0          0
1777804180.412790429     lo:   26548     352    0    0    0     0          0         0    26548     352    0    0    0     0       0          0
1777804180.412790429 enP1p1s0: 20043711386 46564248    0    0    0     0          0        76 20043690872 46564260    0    0    0     0       0          0
1777804180.412790429   eth0:       0       0    0    0    0     0          0         0        0       0    0    0    0     0       0          0
1777804180.412790429  wlan0:  147888    1477    0    0    0     0          0         4   166135    1395    0    0    0     0       0          0
1777804180.412790429    br0:    5168      54    0    0    0     0          0        51     1124      14    0    0    0     0       0          0
1777804181.422916147     lo:   26548     352    0    0    0     0          0         0    26548     352    0    0    0     0       0          0
1777804181.422916147 enP1p1s0: 20167483914 46646000    0    0    0     0          0        76 20167440690 46645997    0    0    0     0       0          0
1777804181.422916147   eth0:       0       0    0    0    0     0          0         0        0       0    0    0    0     0       0          0
1777804181.422916147  wlan0:  147888    1477    0    0    0     0          0         4   166135    1395    0    0    0     0       0          0
1777804181.422916147    br0:    5168      54    0    0    0     0          0        51     1124      14    0    0    0     0       0          0
1777804182.432178360     lo:   26548     352    0    0    0     0          0         0    26548     352    0    0    0     0       0          0
1777804182.432178360 enP1p1s0: 20291781800 46728099    0    0    0     0          0        76 20291759772 46728110    0    0    0     0       0          0
1777804182.432178360   eth0:       0       0    0    0    0     0          0         0        0       0    0    0    0     0       0          0
1777804182.432178360  wlan0:  147888    1477    0    0    0     0          0         4   166135    1395    0    0    0     0       0          0
1777804182.432178360    br0:    5168      54    0    0    0     0          0        51     1124      14    0    0    0     0       0          0
1777804183.442341264     lo:   26548     352    0    0    0     0          0         0    26548     352    0    0    0     0       0          0
1777804183.442341264 enP1p1s0: 20415947968 46810111    0    0    0     0          0        76 20415875978 46810089    0    0    0     0       0          0
1777804183.442341264   eth0:       0       0    0    0    0     0          0         0        0       0    0    0    0     0       0          0
1777804183.442341264  wlan0:  147888    1477    0    0    0     0          0         4   166135    1395    0    0    0     0       0          0
1777804183.442341264    br0:    5168      54    0    0    0     0          0        51     1124      14    0    0    0     0       0          0
1777804184.452317852     lo:   26548     352    0    0    0     0          0         0    26548     352    0    0    0     0       0          0
1777804184.452317852 enP1p1s0: 20539885522 46891972    0    0    0     0          0        76 20539858952 46891980    0    0    0     0       0          0
1777804184.452317852   eth0:       0       0    0    0    0     0          0         0        0       0    0    0    0     0       0          0
1777804184.452317852  wlan0:  147888    1477    0    0    0     0          0         4   166135    1395    0    0    0     0       0          0
1777804184.452317852    br0:    5168      54    0    0    0     0          0        51     1124      14    0    0    0     0       0          0
1777804185.462492033     lo:   26548     352    0    0    0     0          0         0    26548     352    0    0    0     0       0          0
1777804185.462492033 enP1p1s0: 20664159184 46974055    0    0    0     0          0        76 20664134128 46974064    0    0    0     0       0          0
1777804185.462492033   eth0:       0       0    0    0    0     0          0         0        0       0    0    0    0     0       0          0
1777804185.462492033  wlan0:  147888    1477    0    0    0     0          0         4   166135    1395    0    0    0     0       0          0
1777804185.462492033    br0:    5168      54    0    0    0     0          0        51     1124      14    0    0    0     0       0          0
1777804186.472567011     lo:   26548     352    0    0    0     0          0         0    26548     352    0    0    0     0       0          0
1777804186.472567011 enP1p1s0: 20788447986 47056148    0    0    0     0          0        76 20788427472 47056160    0    0    0     0       0          0
1777804186.472567011   eth0:       0       0    0    0    0     0          0         0        0       0    0    0    0     0       0          0
1777804186.472567011  wlan0:  147888    1477    0    0    0     0          0         4   166135    1395    0    0    0     0       0          0
1777804186.472567011    br0:    5168      54    0    0    0     0          0        51     1124      14    0    0    0     0       0          0
1777804187.482599617     lo:   26548     352    0    0    0     0          0         0    26548     352    0    0    0     0       0          0
1777804187.482599617 enP1p1s0: 20912595986 47138148    0    0    0     0          0        76 20912598182 47138175    0    0    0     0       0          0
1777804187.482599617   eth0:       0       0    0    0    0     0          0         0        0       0    0    0    0     0       0          0
1777804187.482599617  wlan0:  147888    1477    0    0    0     0          0         4   166135    1395    0    0    0     0       0          0
1777804187.482599617    br0:    5168      54    0    0    0     0          0        51     1124      14    0    0    0     0       0          0
1777804188.491974461     lo:   26548     352    0    0    0     0          0         0    26548     352    0    0    0     0       0          0
1777804188.491974461 enP1p1s0: 21036798490 47220184    0    0    0     0          0        76 21036771920 47220192    0    0    0     0       0          0
1777804188.491974461   eth0:       0       0    0    0    0     0          0         0        0       0    0    0    0     0       0          0
1777804188.491974461  wlan0:  147888    1477    0    0    0     0          0         4   166135    1395    0    0    0     0       0          0
1777804188.491974461    br0:    5168      54    0    0    0     0          0        51     1124      14    0    0    0     0       0          0
1777804189.501270600     lo:   26548     352    0    0    0     0          0         0    26548     352    0    0    0     0       0          0
1777804189.501270600 enP1p1s0: 21161066096 47302263    0    0    0     0          0        76 21161044068 47302274    0    0    0     0       0          0
1777804189.501270600   eth0:       0       0    0    0    0     0          0         0        0       0    0    0    0     0       0          0
1777804189.501270600  wlan0:  147888    1477    0    0    0     0          0         4   166135    1395    0    0    0     0       0          0
1777804189.501270600    br0:    5168      54    0    0    0     0          0        51     1124      14    0    0    0     0       0          0
1777804190.511351837     lo:   26548     352    0    0    0     0          0         0    26548     352    0    0    0     0       0          0
1777804190.511351837 enP1p1s0: 21285233778 47384276    0    0    0     0          0        76 21285190554 47384273    0    0    0     0       0          0
1777804190.511351837   eth0:       0       0    0    0    0     0          0         0        0       0    0    0    0     0       0          0
1777804190.511351837  wlan0:  147888    1477    0    0    0     0          0         4   166135    1395    0    0    0     0       0          0
1777804190.511351837    br0:    5168      54    0    0    0     0          0        51     1124      14    0    0    0     0       0          0
1777804191.520851885     lo:   26548     352    0    0    0     0          0         0    26548     352    0    0    0     0       0          0
1777804191.520851885 enP1p1s0: 21409436282 47466312    0    0    0     0          0        76 21409409712 47466320    0    0    0     0       0          0
1777804191.520851885   eth0:       0       0    0    0    0     0          0         0        0       0    0    0    0     0       0          0
1777804191.520851885  wlan0:  147888    1477    0    0    0     0          0         4   166135    1395    0    0    0     0       0          0
1777804191.520851885    br0:    5168      54    0    0    0     0          0        51     1124      14    0    0    0     0       0          0
1777804192.530094524     lo:   26548     352    0    0    0     0          0         0    26548     352    0    0    0     0       0          0
1777804192.530094524 enP1p1s0: 21533606992 47548327    0    0    0     0          0        76 21533560740 47548322    0    0    0     0       0          0
1777804192.530094524   eth0:       0       0    0    0    0     0          0         0        0       0    0    0    0     0       0          0
1777804192.530094524  wlan0:  147888    1477    0    0    0     0          0         4   166135    1395    0    0    0     0       0          0
1777804192.530094524    br0:    5168      54    0    0    0     0          0        51     1124      14    0    0    0     0       0          0
1777804193.542869813     lo:   26548     352    0    0    0     0          0         0    26548     352    0    0    0     0       0          0
1777804193.542869813 enP1p1s0: 21658587692 47630877    0    0    0     0          0        76 21658539926 47630871    0    0    0     0       0          0
1777804193.542869813   eth0:       0       0    0    0    0     0          0         0        0       0    0    0    0     0       0          0
1777804193.542869813  wlan0:  147888    1477    0    0    0     0          0         4   166135    1395    0    0    0     0       0          0
1777804193.542869813    br0:    5168      54    0    0    0     0          0        51     1124      14    0    0    0     0       0          0
1777804194.557642577     lo:   26548     352    0    0    0     0          0         0    26548     352    0    0    0     0       0          0
1777804194.557642577 enP1p1s0: 21783327666 47713268    0    0    0     0          0        76 21783305638 47713279    0    0    0     0       0          0
1777804194.557642577   eth0:       0       0    0    0    0     0          0         0        0       0    0    0    0     0       0          0
1777804194.557642577  wlan0:  147888    1477    0    0    0     0          0         4   166135    1395    0    0    0     0       0          0
1777804194.557642577    br0:    5168      54    0    0    0     0          0        51     1124      14    0    0    0     0       0          0
1777804195.569830159     lo:   26548     352    0    0    0     0          0         0    26548     352    0    0    0     0       0          0
1777804195.569830159 enP1p1s0: 21907711850 47795424    0    0    0     0          0        76 21907668626 47795421    0    0    0     0       0          0
1777804195.569830159   eth0:       0       0    0    0    0     0          0         0        0       0    0    0    0     0       0          0
1777804195.569830159  wlan0:  147888    1477    0    0    0     0          0         4   166135    1395    0    0    0     0       0          0
1777804195.569830159    br0:    5168      54    0    0    0     0          0        51     1124      14    0    0    0     0       0          0
1777804196.580719160     lo:   26548     352    0    0    0     0          0         0    26548     352    0    0    0     0       0          0
1777804196.580719160 enP1p1s0: 22031634264 47877275    0    0    0     0          0        76 22031613750 47877287    0    0    0     0       0          0
1777804196.580719160   eth0:       0       0    0    0    0     0          0         0        0       0    0    0    0     0       0          0
1777804196.580719160  wlan0:  147888    1477    0    0    0     0          0         4   166135    1395    0    0    0     0       0          0
1777804196.580719160    br0:    5168      54    0    0    0     0          0        51     1124      14    0    0    0     0       0          0
1777804197.591312751     lo:   26548     352    0    0    0     0          0         0    26548     352    0    0    0     0       0          0
1777804197.591312751 enP1p1s0: 22156053270 47959454    0    0    0     0          0        76 22156028214 47959463    0    0    0     0       0          0
1777804197.591312751   eth0:       0       0    0    0    0     0          0         0        0       0    0    0    0     0       0          0
1777804197.591312751  wlan0:  147888    1477    0    0    0     0          0         4   166135    1395    0    0    0     0       0          0
1777804197.591312751    br0:    5168      54    0    0    0     0          0        51     1124      14    0    0    0     0       0          0
1777804198.601382561     lo:   26548     352    0    0    0     0          0         0    26548     352    0    0    0     0       0          0
1777804198.601382561 enP1p1s0: 22280278484 48041505    0    0    0     0          0        76 22280235260 48041502    0    0    0     0       0          0
1777804198.601382561   eth0:       0       0    0    0    0     0          0         0        0       0    0    0    0     0       0          0
1777804198.601382561  wlan0:  147888    1477    0    0    0     0          0         4   166365    1396    0    0    0     0       0          0
1777804198.601382561    br0:    5168      54    0    0    0     0          0        51     1124      14    0    0    0     0       0          0
1777804199.611382057     lo:   26548     352    0    0    0     0          0         0    26548     352    0    0    0     0       0          0
1777804199.611382057 enP1p1s0: 22404574856 48123603    0    0    0     0          0        76 22404549800 48123612    0    0    0     0       0          0
1777804199.611382057   eth0:       0       0    0    0    0     0          0         0        0       0    0    0    0     0       0          0
1777804199.611382057  wlan0:  148320    1479    0    0    0     0          0         4   166595    1397    0    0    0     0       0          0
1777804199.611382057    br0:    5168      54    0    0    0     0          0        51     1124      14    0    0    0     0       0          0
1777804200.621516460     lo:   26548     352    0    0    0     0          0         0    26548     352    0    0    0     0       0          0
1777804200.621516460 enP1p1s0: 22528725884 48205605    0    0    0     0          0        76 22528706884 48205618    0    0    0     0       0          0
1777804200.621516460   eth0:       0       0    0    0    0     0          0         0        0       0    0    0    0     0       0          0
1777804200.621516460  wlan0:  148536    1480    0    0    0     0          0         4   166825    1398    0    0    0     0       0          0
1777804200.621516460    br0:    5168      54    0    0    0     0          0        51     1124      14    0    0    0     0       0          0
1777804201.630989767     lo:   26548     352    0    0    0     0          0         0    26548     352    0    0    0     0       0          0
1777804201.630989767 enP1p1s0: 22653023770 48287704    0    0    0     0          0        76 22653001742 48287715    0    0    0     0       0          0
1777804201.630989767   eth0:       0       0    0    0    0     0          0         0        0       0    0    0    0     0       0          0
1777804201.630989767  wlan0:  148536    1480    0    0    0     0          0         4   166825    1398    0    0    0     0       0          0
1777804201.630989767    br0:    5168      54    0    0    0     0          0        51     1124      14    0    0    0     0       0          0
1777804202.640982652     lo:   26548     352    0    0    0     0          0         0    26548     352    0    0    0     0       0          0
1777804202.640982652 enP1p1s0: 22777297432 48369787    0    0    0     0          0        76 22777272376 48369796    0    0    0     0       0          0
1777804202.640982652   eth0:       0       0    0    0    0     0          0         0        0       0    0    0    0     0       0          0
1777804202.640982652  wlan0:  148536    1480    0    0    0     0          0         4   166825    1398    0    0    0     0       0          0
1777804202.640982652    br0:    5168      54    0    0    0     0          0        51     1124      14    0    0    0     0       0          0
1777804203.650934054     lo:   26548     352    0    0    0     0          0         0    26548     352    0    0    0     0       0          0
1777804203.650934054 enP1p1s0: 22901569580 48451869    0    0    0     0          0        76 22901518786 48451861    0    0    0     0       0          0
1777804203.650934054   eth0:       0       0    0    0    0     0          0         0        0       0    0    0    0     0       0          0
1777804203.650934054  wlan0:  148572    1481    0    0    0     0          0         5   166825    1398    0    0    0     0       0          0
1777804203.650934054    br0:    5168      54    0    0    0     0          0        51     1124      14    0    0    0     0       0          0
1777804204.660913338     lo:   26548     352    0    0    0     0          0         0    26548     352    0    0    0     0       0          0
1777804204.660913338 enP1p1s0: 23025841728 48533951    0    0    0     0          0        76 23025812130 48533957    0    0    0     0       0          0
1777804204.660913338   eth0:       0       0    0    0    0     0          0         0        0       0    0    0    0     0       0          0
1777804204.660913338  wlan0:  148816    1483    0    0    0     0          0         5   167097    1400    0    0    0     0       0          0
1777804204.660913338    br0:    5168      54    0    0    0     0          0        51     1124      14    0    0    0     0       0          0
1777804205.670765541     lo:   26548     352    0    0    0     0          0         0    26548     352    0    0    0     0       0          0
1777804205.670765541 enP1p1s0: 23150001840 48615959    0    0    0     0          0        76 23149976784 48615968    0    0    0     0       0          0
1777804205.670765541   eth0:       0       0    0    0    0     0          0         0        0       0    0    0    0     0       0          0
1777804205.670765541  wlan0:  148816    1483    0    0    0     0          0         5   167097    1400    0    0    0     0       0          0
1777804205.670765541    br0:    5168      54    0    0    0     0          0        51     1124      14    0    0    0     0       0          0
1777804206.680743429     lo:   26548     352    0    0    0     0          0         0    26548     352    0    0    0     0       0          0
1777804206.680743429 enP1p1s0: 23274287614 48698050    0    0    0     0          0        76 23274258016 48698056    0    0    0     0       0          0
1777804206.680743429   eth0:       0       0    0    0    0     0          0         0        0       0    0    0    0     0       0          0
1777804206.680743429  wlan0:  148816    1483    0    0    0     0          0         5   167097    1400    0    0    0     0       0          0
1777804206.680743429    br0:    5168      54    0    0    0     0          0        51     1124      14    0    0    0     0       0          0
1777804207.690912096     lo:   26548     352    0    0    0     0          0         0    26548     352    0    0    0     0       0          0
1777804207.690912096 enP1p1s0: 23398549164 48780125    0    0    0     0          0        76 23398528650 48780137    0    0    0     0       0          0
1777804207.690912096   eth0:       0       0    0    0    0     0          0         0        0       0    0    0    0     0       0          0
1777804207.690912096  wlan0:  149032    1484    0    0    0     0          0         5   167327    1401    0    0    0     0       0          0
1777804207.690912096    br0:    5168      54    0    0    0     0          0        51     1124      14    0    0    0     0       0          0
1777804208.700946855     lo:   26548     352    0    0    0     0          0         0    26548     352    0    0    0     0       0          0
1777804208.700946855 enP1p1s0: 23522464008 48861971    0    0    0     0          0        76 23522445008 48861984    0    0    0     0       0          0
1777804208.700946855   eth0:       0       0    0    0    0     0          0         0        0       0    0    0    0     0       0          0
1777804208.700946855  wlan0:  149032    1484    0    0    0     0          0         5   167327    1401    0    0    0     0       0          0
1777804208.700946855    br0:    5168      54    0    0    0     0          0        51     1124      14    0    0    0     0       0          0
1777804209.711013837     lo:   26548     352    0    0    0     0          0         0    26548     352    0    0    0     0       0          0
1777804209.711013837 enP1p1s0: 23646739184 48944055    0    0    0     0          0        76 23646717156 48944066    0    0    0     0       0          0
1777804209.711013837   eth0:       0       0    0    0    0     0          0         0        0       0    0    0    0     0       0          0
1777804209.711013837  wlan0:  149032    1484    0    0    0     0          0         5   167327    1401    0    0    0     0       0          0
1777804209.711013837    br0:    5168      54    0    0    0     0          0        51     1124      14    0    0    0     0       0          0
