# timestamp  face |bytes    packets errs drop fifo frame compressed multicast|bytes    packets errs drop fifo colls carrier compressed
1776709211.968839966     lo:   26492     352    0    0    0     0          0         0    26492     352    0    0    0     0       0          0
1776709211.968839966 enP1p1s0:    4986      35    0    0    0     0          0        29     1406      17    0    7    0     0       0          0
1776709211.968839966   eth0:     192       2    0    0    0     0          0         2     5962      45    0    0    0     0       0          0
1776709211.968839966  wlan0:  146902    1495    0    0    0     0          0         1   163795    1416    0    0    0     0       0          0
1776709212.979711528     lo:   26492     352    0    0    0     0          0         0    26492     352    0    0    0     0       0          0
1776709212.979711528 enP1p1s0:    4986      35    0    0    0     0          0        29     1406      17    0    7    0     0       0          0
1776709212.979711528   eth0:     192       2    0    0    0     0          0         2     5962      45    0    0    0     0       0          0
1776709212.979711528  wlan0:  151390    1546    0    0    0     0          0         1   168997    1467    0    0    0     0       0          0
1776709213.988793189     lo:   26492     352    0    0    0     0          0         0    26492     352    0    0    0     0       0          0
1776709213.988793189 enP1p1s0:    4986      35    0    0    0     0          0        29     1406      17    0    7    0     0       0          0
1776709213.988793189   eth0:     192       2    0    0    0     0          0         2     5962      45    0    0    0     0       0          0
1776709213.988793189  wlan0:  156086    1601    0    0    0     0          0         1   174199    1518    0    0    0     0       0          0
1776709214.997841796     lo:   26492     352    0    0    0     0          0         0    26492     352    0    0    0     0       0          0
1776709214.997841796 enP1p1s0:    4986      35    0    0    0     0          0        29     1406      17    0    7    0     0       0          0
1776709214.997841796   eth0:     192       2    0    0    0     0          0         2     5962      45    0    0    0     0       0          0
1776709214.997841796  wlan0:  156842    1610    0    0    0     0          0         1   175015    1526    0    0    0     0       0          0
1776709216.006737257     lo:   26492     352    0    0    0     0          0         0    26492     352    0    0    0     0       0          0
1776709216.006737257 enP1p1s0:    4986      35    0    0    0     0          0        29     1406      17    0    7    0     0       0          0
1776709216.006737257   eth0:     192       2    0    0    0     0          0         2     5962      45    0    0    0     0       0          0
1776709216.006737257  wlan0:  156894    1611    0    0    0     0          0         1   175157    1527    0    0    0     0       0          0
1776709217.015732382     lo:   26492     352    0    0    0     0          0         0    26492     352    0    0    0     0       0          0
1776709217.015732382 enP1p1s0:    4986      35    0    0    0     0          0        29     1406      17    0    7    0     0       0          0
1776709217.015732382   eth0:     192       2    0    0    0     0          0         2     5962      45    0    0    0     0       0          0
1776709217.015732382  wlan0:  156894    1611    0    0    0     0          0         1   175157    1527    0    0    0     0       0          0
1776709218.024713638     lo:   26492     352    0    0    0     0          0         0    26492     352    0    0    0     0       0          0
1776709218.024713638 enP1p1s0:    5372      37    0    0    0     0          0        31     1406      17    0    7    0     0       0          0
1776709218.024713638   eth0:     192       2    0    0    0     0          0         2     6356      47    0    0    0     0       0          0
1776709218.024713638  wlan0:  156894    1611    0    0    0     0          0         1   175157    1527    0    0    0     0       0          0
1776709219.033679264     lo:   26492     352    0    0    0     0          0         0    26492     352    0    0    0     0       0          0
1776709219.033679264 enP1p1s0:    5372      37    0    0    0     0          0        31     1406      17    0    7    0     0       0          0
1776709219.033679264   eth0:     192       2    0    0    0     0          0         2     6356      47    0    0    0     0       0          0
1776709219.033679264  wlan0:  156894    1611    0    0    0     0          0         1   175157    1527    0    0    0     0       0          0
1776709220.042569299     lo:   26492     352    0    0    0     0          0         0    26492     352    0    0    0     0       0          0
1776709220.042569299 enP1p1s0:    5372      37    0    0    0     0          0        31     1406      17    0    7    0     0       0          0
1776709220.042569299   eth0:     192       2    0    0    0     0          0         2     6356      47    0    0    0     0       0          0
1776709220.042569299  wlan0:  156894    1611    0    0    0     0          0         1   175157    1527    0    0    0     0       0          0
1776709221.051515333     lo:   26492     352    0    0    0     0          0         0    26492     352    0    0    0     0       0          0
1776709221.051515333 enP1p1s0:    5372      37    0    0    0     0          0        31     1406      17    0    7    0     0       0          0
1776709221.051515333   eth0:     192       2    0    0    0     0          0         2     6356      47    0    0    0     0       0          0
1776709221.051515333  wlan0:  156946    1612    0    0    0     0          0         1   175299    1528    0    0    0     0       0          0
1776709222.060607976     lo:   26492     352    0    0    0     0          0         0    26492     352    0    0    0     0       0          0
1776709222.060607976 enP1p1s0:    5434      38    0    0    0     0          0        32     1406      17    0    7    0     0       0          0
1776709222.060607976   eth0:     192       2    0    0    0     0          0         2     6422      48    0    0    0     0       0          0
1776709222.060607976  wlan0:  156946    1612    0    0    0     0          0         1   175299    1528    0    0    0     0       0          0
1776709223.069644138     lo:   26492     352    0    0    0     0          0         0    26492     352    0    0    0     0       0          0
1776709223.069644138 enP1p1s0:    5434      38    0    0    0     0          0        32     1406      17    0    7    0     0       0          0
1776709223.069644138   eth0:     192       2    0    0    0     0          0         2     6422      48    0    0    0     0       0          0
1776709223.069644138  wlan0:  156946    1612    0    0    0     0          0         1   175299    1528    0    0    0     0       0          0
1776709224.078642664     lo:   26492     352    0    0    0     0          0         0    26492     352    0    0    0     0       0          0
1776709224.078642664 enP1p1s0:    5434      38    0    0    0     0          0        32     1406      17    0    7    0     0       0          0
1776709224.078642664   eth0:     192       2    0    0    0     0          0         2     6422      48    0    0    0     0       0          0
1776709224.078642664  wlan0:  157162    1613    0    0    0     0          0         1   175759    1530    0    0    0     0       0          0
1776709225.088056703     lo:   26492     352    0    0    0     0          0         0    26492     352    0    0    0     0       0          0
1776709225.088056703 enP1p1s0: 9373840  120146    0    0    0     0          0        32     1466      18    0    7    0     0       0          0
1776709225.088056703   eth0:     238       3    0    0    0     0          0         2  9856080  120166    0    0    0     0       0          0
1776709225.088056703  wlan0:  157594    1615    0    0    0     0          0         1   176219    1532    0    0    0     0       0          0
1776709226.098137214     lo:   26492     352    0    0    0     0          0         0    26492     352    0    0    0     0       0          0
1776709226.098137214 enP1p1s0: 21193570  271681    0    0    0     0          0        32     1466      18    0    7    0     0       0          0
1776709226.098137214   eth0:     238       3    0    0    0     0          0         2 22282032  271702    0    0    0     0       0          0
1776709226.098137214  wlan0:  157926    1618    0    0    0     0          0         1   176749    1535    0    0    0     0       0          0
1776709227.108164487     lo:   26492     352    0    0    0     0          0         0    26492     352    0    0    0     0       0          0
1776709227.108164487 enP1p1s0: 33012442  423205    0    0    0     0          0        32     1466      18    0    7    0     0       0          0
1776709227.108164487   eth0:     238       3    0    0    0     0          0         2 34706754  423223    0    0    0     0       0          0
1776709227.108164487  wlan0:  157926    1618    0    0    0     0          0         1   176749    1535    0    0    0     0       0          0
1776709228.119345713     lo:   26492     352    0    0    0     0          0         0    26492     352    0    0    0     0       0          0
1776709228.119345713 enP1p1s0: 44854636  575028    0    0    0     0          0        32     1466      18    0    7    0     0       0          0
1776709228.119345713   eth0:     238       3    0    0    0     0          0         2 47156568  575050    0    0    0     0       0          0
1776709228.119345713  wlan0:  157926    1618    0    0    0     0          0         1   176749    1535    0    0    0     0       0          0
1776709229.130102012     lo:   26492     352    0    0    0     0          0         0    26492     352    0    0    0     0       0          0
1776709229.130102012 enP1p1s0: 56672260  726536    0    0    0     0          0        32     1466      18    0    7    0     0       0          0
1776709229.130102012   eth0:     238       3    0    0    0     0          0         2 59580224  726558    0    0    0     0       0          0
1776709229.130102012  wlan0:  157954    1619    0    0    0     0          0         1   176791    1536    0    0    0     0       0          0
1776709230.140244058     lo:   26492     352    0    0    0     0          0         0    26492     352    0    0    0     0       0          0
1776709230.140244058 enP1p1s0: 68493316  878088    0    0    0     0          0        32     1466      18    0    7    0     0       0          0
1776709230.140244058   eth0:     238       3    0    0    0     0          0         2 72007324  878108    0    0    0     0       0          0
1776709230.140244058  wlan0:  157954    1619    0    0    0     0          0         1   176791    1536    0    0    0     0       0          0
1776709231.150463360     lo:   26492     352    0    0    0     0          0         0    26492     352    0    0    0     0       0          0
1776709231.150463360 enP1p1s0: 80313826 1029633    0    0    0     0          0        32     1466      18    0    7    0     0       0          0
1776709231.150463360   eth0:     238       3    0    0    0     0          0         2 84434260 1029656    0    0    0     0       0          0
1776709231.150463360  wlan0:  158006    1620    0    0    0     0          0         1   176941    1537    0    0    0     0       0          0
1776709232.160518947     lo:   26492     352    0    0    0     0          0         0    26492     352    0    0    0     0       0          0
1776709232.160518947 enP1p1s0: 92133244 1181164    0    0    0     0          0        32     1466      18    0    7    0     0       0          0
1776709232.160518947   eth0:     238       3    0    0    0     0          0         2 96858982 1181177    0    0    0     0       0          0
1776709232.160518947  wlan0:  158006    1620    0    0    0     0          0         1   176941    1537    0    0    0     0       0          0
1776709233.171781003     lo:   26492     352    0    0    0     0          0         0    26492     352    0    0    0     0       0          0
1776709233.171781003 enP1p1s0: 103976374 1332999    0    0    0     0          0        32     1466      18    0    7    0     0       0          0
1776709233.171781003   eth0:     238       3    0    0    0     0          0         2 109310354 1333023    0    0    0     0       0          0
1776709233.171781003  wlan0:  158006    1620    0    0    0     0          0         1   176941    1537    0    0    0     0       0          0
1776709234.182649779     lo:   26492     352    0    0    0     0          0         0    26492     352    0    0    0     0       0          0
1776709234.182649779 enP1p1s0: 115795636 1484528    0    0    0     0          0        32     1466      18    0    7    0     0       0          0
1776709234.182649779   eth0:     238       3    0    0    0     0          0         2 121735650 1484551    0    0    0     0       0          0
1776709234.182649779  wlan0:  158006    1620    0    0    0     0          0         1   176941    1537    0    0    0     0       0          0
1776709235.192850711     lo:   26492     352    0    0    0     0          0         0    26492     352    0    0    0     0       0          0
1776709235.192850711 enP1p1s0: 127617238 1636087    0    0    0     0          0        32     1466      18    0    7    0     0       0          0
1776709235.192850711   eth0:     238       3    0    0    0     0          0         2 134163160 1636106    0    0    0     0       0          0
1776709235.192850711  wlan0:  158142    1622    0    0    0     0          0         1   176941    1537    0    0    0     0       0          0
1776709236.202910853     lo:   26492     352    0    0    0     0          0         0    26492     352    0    0    0     0       0          0
1776709236.202910853 enP1p1s0: 139437046 1787623    0    0    0     0          0        32     1466      18    0    7    0     0       0          0
1776709236.202910853   eth0:     238       3    0    0    0     0          0         2 146588948 1787640    0    0    0     0       0          0
1776709236.202910853  wlan0:  158194    1623    0    0    0     0          0         1   177091    1538    0    0    0     0       0          0
1776709237.213055658     lo:   26492     352    0    0    0     0          0         0    26492     352    0    0    0     0       0          0
1776709237.213055658 enP1p1s0: 151257634 1939169    0    0    0     0          0        32     1466      18    0    7    0     0       0          0
1776709237.213055658   eth0:     238       3    0    0    0     0          0         2 159015802 1939187    0    0    0     0       0          0
1776709237.213055658  wlan0:  158194    1623    0    0    0     0          0         1   177091    1538    0    0    0     0       0          0
1776709238.224373934     lo:   26492     352    0    0    0     0          0         0    26492     352    0    0    0     0       0          0
1776709238.224373934 enP1p1s0: 163099672 2090990    0    0    0     0          0        32     1466      18    0    7    0     0       0          0
1776709238.224373934   eth0:     238       3    0    0    0     0          0         2 171465698 2091015    0    0    0     0       0          0
1776709238.224373934  wlan0:  158194    1623    0    0    0     0          0         1   177091    1538    0    0    0     0       0          0
1776709239.235066643     lo:   26492     352    0    0    0     0          0         0    26492     352    0    0    0     0       0          0
1776709239.235066643 enP1p1s0: 174918700 2242516    0    0    0     0          0        32     1466      18    0    7    0     0       0          0
1776709239.235066643   eth0:     238       3    0    0    0     0          0         2 183890338 2242535    0    0    0     0       0          0
1776709239.235066643  wlan0:  158194    1623    0    0    0     0          0         1   177091    1538    0    0    0     0       0          0
1776709240.245262668     lo:   26492     352    0    0    0     0          0         0    26492     352    0    0    0     0       0          0
1776709240.245262668 enP1p1s0: 186739132 2394060    0    0    0     0          0        32     1466      18    0    7    0     0       0          0
1776709240.245262668   eth0:     238       3    0    0    0     0          0         2 196317192 2394082    0    0    0     0       0          0
1776709240.245262668  wlan0:  158194    1623    0    0    0     0          0         1   177091    1538    0    0    0     0       0          0
1776709241.255420788     lo:   26492     352    0    0    0     0          0         0    26492     352    0    0    0     0       0          0
1776709241.255420788 enP1p1s0: 198560188 2545612    0    0    0     0          0        32     1466      18    0    7    0     0       0          0
1776709241.255420788   eth0:     238       3    0    0    0     0          0         2 208744210 2545631    0    0    0     0       0          0
1776709241.255420788  wlan0:  158246    1624    0    0    0     0          0         1   177241    1539    0    0    0     0       0          0
1776709242.265630479     lo:   26492     352    0    0    0     0          0         0    26492     352    0    0    0     0       0          0
1776709242.265630479 enP1p1s0: 210380620 2697156    0    0    0     0          0        32     1466      18    0    7    0     0       0          0
1776709242.265630479   eth0:     238       3    0    0    0     0          0         2 221170900 2697176    0    0    0     0       0          0
1776709242.265630479  wlan0:  158246    1624    0    0    0     0          0         1   177241    1539    0    0    0     0       0          0
1776709243.276804150     lo:   26492     352    0    0    0     0          0         0    26492     352    0    0    0     0       0          0
1776709243.276804150 enP1p1s0: 222221644 2848964    0    0    0     0          0        32     1466      18    0    7    0     0       0          0
1776709243.276804150   eth0:     238       3    0    0    0     0          0         2 233619320 2848986    0    0    0     0       0          0
1776709243.276804150  wlan0:  158246    1624    0    0    0     0          0         1   177241    1539    0    0    0     0       0          0
1776709244.287642538     lo:   26492     352    0    0    0     0          0         0    26492     352    0    0    0     0       0          0
1776709244.287642538 enP1p1s0: 234041608 3000502    0    0    0     0          0        32     1466      18    0    7    0     0       0          0
1776709244.287642538   eth0:     238       3    0    0    0     0          0         2 246045272 3000522    0    0    0     0       0          0
1776709244.287642538  wlan0:  158246    1624    0    0    0     0          0         1   177241    1539    0    0    0     0       0          0
1776709245.297882265     lo:   26492     352    0    0    0     0          0         0    26492     352    0    0    0     0       0          0
1776709245.297882265 enP1p1s0: 245863132 3152060    0    0    0     0          0        32     1466      18    0    7    0     0       0          0
1776709245.297882265   eth0:     238       3    0    0    0     0          0         2 258472864 3152078    0    0    0     0       0          0
1776709245.297882265  wlan0:  158246    1624    0    0    0     0          0         1   177241    1539    0    0    0     0       0          0
