Linux 6.17.0-1011-raspi (raspberrypi) 	04/21/26 	_aarch64_	(4 CPU)

22:20:02     CPU    %usr   %nice    %sys %iowait    %irq   %soft  %steal  %guest  %gnice   %idle
22:20:03     all   28.18    0.00   23.44    0.00    0.00    0.00    0.00    0.00    0.00   48.38
22:20:03       0    1.98    0.00    1.98    0.00    0.00    0.00    0.00    0.00    0.00   96.04
22:20:03       1   10.00    0.00   90.00    0.00    0.00    0.00    0.00    0.00    0.00    0.00
22:20:03       2   99.01    0.00    0.99    0.00    0.00    0.00    0.00    0.00    0.00    0.00
22:20:03       3    1.01    0.00    1.01    0.00    0.00    0.00    0.00    0.00    0.00   97.98

22:20:03     CPU    %usr   %nice    %sys %iowait    %irq   %soft  %steal  %guest  %gnice   %idle
22:20:04     all   28.25    0.00   23.50    0.00    0.00    0.00    0.00    0.00    0.00   48.25
22:20:04       0    1.00    0.00    3.00    0.00    0.00    0.00    0.00    0.00    0.00   96.00
22:20:04       1   11.00    0.00   89.00    0.00    0.00    0.00    0.00    0.00    0.00    0.00
22:20:04       2  100.00    0.00    0.00    0.00    0.00    0.00    0.00    0.00    0.00    0.00
22:20:04       3    1.00    0.00    2.00    0.00    0.00    0.00    0.00    0.00    0.00   97.00

22:20:04     CPU    %usr   %nice    %sys %iowait    %irq   %soft  %steal  %guest  %gnice   %idle
22:20:05     all   27.89    0.00   24.12    0.00    0.00    0.00    0.00    0.00    0.00   47.99
22:20:05       0    1.01    0.00    2.02    0.00    0.00    0.00    0.00    0.00    0.00   96.97
22:20:05       1    9.00    0.00   91.00    0.00    0.00    0.00    0.00    0.00    0.00    0.00
22:20:05       2  100.00    0.00    0.00    0.00    0.00    0.00    0.00    0.00    0.00    0.00
22:20:05       3    1.01    0.00    3.03    0.00    0.00    0.00    0.00    0.00    0.00   95.96

22:20:05     CPU    %usr   %nice    %sys %iowait    %irq   %soft  %steal  %guest  %gnice   %idle
22:20:06     all   27.86    0.00   23.88    0.00    0.00    0.00    0.00    0.00    0.00   48.26
22:20:06       0    1.00    0.00    2.00    0.00    0.00    0.00    0.00    0.00    0.00   97.00
22:20:06       1    9.00    0.00   91.00    0.00    0.00    0.00    0.00    0.00    0.00    0.00
22:20:06       2  100.00    0.00    0.00    0.00    0.00    0.00    0.00    0.00    0.00    0.00
22:20:06       3    1.96    0.00    2.94    0.00    0.00    0.00    0.00    0.00    0.00   95.10

22:20:06     CPU    %usr   %nice    %sys %iowait    %irq   %soft  %steal  %guest  %gnice   %idle
22:20:07     all   27.75    0.00   23.75    0.25    0.00    0.00    0.00    0.00    0.00   48.25
22:20:07       0    0.99    0.00    1.98    0.99    0.00    0.00    0.00    0.00    0.00   96.04
22:20:07       1    9.00    0.00   91.00    0.00    0.00    0.00    0.00    0.00    0.00    0.00
22:20:07       2  100.00    0.00    0.00    0.00    0.00    0.00    0.00    0.00    0.00    0.00
22:20:07       3    1.01    0.00    2.02    0.00    0.00    0.00    0.00    0.00    0.00   96.97

22:20:07     CPU    %usr   %nice    %sys %iowait    %irq   %soft  %steal  %guest  %gnice   %idle
22:20:08     all   27.57    0.00   23.81    0.00    0.00    0.00    0.00    0.00    0.00   48.62
22:20:08       0    1.00    0.00    2.00    0.00    0.00    0.00    0.00    0.00    0.00   97.00
22:20:08       1    9.00    0.00   91.00    0.00    0.00    0.00    0.00    0.00    0.00    0.00
22:20:08       2  100.00    0.00    0.00    0.00    0.00    0.00    0.00    0.00    0.00    0.00
22:20:08       3    0.00    0.00    2.02    0.00    0.00    0.00    0.00    0.00    0.00   97.98

22:20:08     CPU    %usr   %nice    %sys %iowait    %irq   %soft  %steal  %guest  %gnice   %idle
22:20:09     all   27.93    0.00   23.69    0.00    0.00    0.25    0.00    0.00    0.00   48.13
22:20:09       0    0.99    0.00    1.98    0.00    0.00    0.99    0.00    0.00    0.00   96.04
22:20:09       1   10.00    0.00   90.00    0.00    0.00    0.00    0.00    0.00    0.00    0.00
22:20:09       2  100.00    0.00    0.00    0.00    0.00    0.00    0.00    0.00    0.00    0.00
22:20:09       3    1.00    0.00    3.00    0.00    0.00    0.00    0.00    0.00    0.00   96.00

22:20:09     CPU    %usr   %nice    %sys %iowait    %irq   %soft  %steal  %guest  %gnice   %idle
22:20:10     all   27.93    0.00   23.69    0.00    0.00    0.00    0.00    0.00    0.00   48.38
22:20:10       0    1.00    0.00    2.00    0.00    0.00    0.00    0.00    0.00    0.00   97.00
22:20:10       1   10.00    0.00   90.00    0.00    0.00    0.00    0.00    0.00    0.00    0.00
22:20:10       2  100.00    0.00    0.00    0.00    0.00    0.00    0.00    0.00    0.00    0.00
22:20:10       3    0.99    0.00    2.97    0.00    0.00    0.00    0.00    0.00    0.00   96.04

22:20:10     CPU    %usr   %nice    %sys %iowait    %irq   %soft  %steal  %guest  %gnice   %idle
22:20:11     all   28.07    0.00   23.31    0.00    0.00    0.00    0.00    0.00    0.00   48.62
22:20:11       0    1.01    0.00    1.01    0.00    0.00    0.00    0.00    0.00    0.00   97.98
22:20:11       1   10.00    0.00   90.00    0.00    0.00    0.00    0.00    0.00    0.00    0.00
22:20:11       2  100.00    0.00    0.00    0.00    0.00    0.00    0.00    0.00    0.00    0.00
22:20:11       3    1.00    0.00    2.00    0.00    0.00    0.00    0.00    0.00    0.00   97.00

22:20:11     CPU    %usr   %nice    %sys %iowait    %irq   %soft  %steal  %guest  %gnice   %idle
22:20:12     all   28.32    0.00   23.31    0.00    0.00    0.00    0.00    0.00    0.00   48.37
22:20:12       0    0.00    0.00    2.02    0.00    0.00    0.00    0.00    0.00    0.00   97.98
22:20:12       1   12.00    0.00   88.00    0.00    0.00    0.00    0.00    0.00    0.00    0.00
22:20:12       2  100.00    0.00    0.00    0.00    0.00    0.00    0.00    0.00    0.00    0.00
22:20:12       3    1.00    0.00    3.00    0.00    0.00    0.00    0.00    0.00    0.00   96.00

22:20:12     CPU    %usr   %nice    %sys %iowait    %irq   %soft  %steal  %guest  %gnice   %idle
22:20:13     all   27.68    0.00   23.94    0.00    0.00    0.00    0.00    0.00    0.00   48.38
22:20:13       0    1.98    0.00    1.98    0.00    0.00    0.00    0.00    0.00    0.00   96.04
22:20:13       1    8.00    0.00   92.00    0.00    0.00    0.00    0.00    0.00    0.00    0.00
22:20:13       2  100.00    0.00    0.00    0.00    0.00    0.00    0.00    0.00    0.00    0.00
22:20:13       3    1.00    0.00    2.00    0.00    0.00    0.00    0.00    0.00    0.00   97.00

22:20:13     CPU    %usr   %nice    %sys %iowait    %irq   %soft  %steal  %guest  %gnice   %idle
22:20:14     all   27.57    0.00   23.81    0.00    0.00    0.00    0.00    0.00    0.00   48.62
22:20:14       0    1.00    0.00    2.00    0.00    0.00    0.00    0.00    0.00    0.00   97.00
22:20:14       1    8.08    0.00   91.92    0.00    0.00    0.00    0.00    0.00    0.00    0.00
22:20:14       2  100.00    0.00    0.00    0.00    0.00    0.00    0.00    0.00    0.00    0.00
22:20:14       3    1.00    0.00    2.00    0.00    0.00    0.00    0.00    0.00    0.00   97.00

22:20:14     CPU    %usr   %nice    %sys %iowait    %irq   %soft  %steal  %guest  %gnice   %idle
22:20:15     all   27.50    0.00   24.25    0.00    0.00    0.00    0.00    0.00    0.00   48.25
22:20:15       0    0.00    0.00    2.02    0.00    0.00    0.00    0.00    0.00    0.00   97.98
22:20:15       1    8.91    0.00   91.09    0.00    0.00    0.00    0.00    0.00    0.00    0.00
22:20:15       2  100.00    0.00    0.00    0.00    0.00    0.00    0.00    0.00    0.00    0.00
22:20:15       3    1.00    0.00    3.00    0.00    0.00    0.00    0.00    0.00    0.00   96.00

22:20:15     CPU    %usr   %nice    %sys %iowait    %irq   %soft  %steal  %guest  %gnice   %idle
22:20:16     all   28.24    0.00   24.87    0.00    0.00    0.26    0.00    0.00    0.00   46.63
22:20:16       0    1.14    0.00    2.27    0.00    0.00    1.14    0.00    0.00    0.00   95.45
22:20:16       1    7.07    0.00   92.93    0.00    0.00    0.00    0.00    0.00    0.00    0.00
22:20:16       2  100.00    0.00    0.00    0.00    0.00    0.00    0.00    0.00    0.00    0.00
22:20:16       3    1.01    0.00    2.02    0.00    0.00    0.00    0.00    0.00    0.00   96.97

22:20:16     CPU    %usr   %nice    %sys %iowait    %irq   %soft  %steal  %guest  %gnice   %idle
22:20:17     all   28.68    0.00   25.06    0.00    0.00    0.52    0.00    0.00    0.00   45.74
22:20:17       0    1.16    0.00    2.33    0.00    0.00    2.33    0.00    0.00    0.00   94.19
22:20:17       1    8.00    0.00   92.00    0.00    0.00    0.00    0.00    0.00    0.00    0.00
22:20:17       2  100.00    0.00    0.00    0.00    0.00    0.00    0.00    0.00    0.00    0.00
22:20:17       3    1.98    0.00    2.97    0.00    0.00    0.00    0.00    0.00    0.00   95.05

22:20:17     CPU    %usr   %nice    %sys %iowait    %irq   %soft  %steal  %guest  %gnice   %idle
22:20:18     all   28.76    0.00   24.87    0.00    0.00    0.52    0.00    0.00    0.00   45.85
22:20:18       0    1.18    0.00    2.35    0.00    0.00    1.18    0.00    0.00    0.00   95.29
22:20:18       1    8.91    0.00   90.10    0.00    0.00    0.99    0.00    0.00    0.00    0.00
22:20:18       2  100.00    0.00    0.00    0.00    0.00    0.00    0.00    0.00    0.00    0.00
22:20:18       3    1.00    0.00    3.00    0.00    0.00    0.00    0.00    0.00    0.00   96.00

22:20:18     CPU    %usr   %nice    %sys %iowait    %irq   %soft  %steal  %guest  %gnice   %idle
22:20:19     all   28.42    0.00   25.06    0.00    0.00    0.52    0.00    0.00    0.00   45.99
22:20:19       0    1.15    0.00    2.30    0.00    0.00    2.30    0.00    0.00    0.00   94.25
22:20:19       1    7.00    0.00   93.00    0.00    0.00    0.00    0.00    0.00    0.00    0.00
22:20:19       2  100.00    0.00    0.00    0.00    0.00    0.00    0.00    0.00    0.00    0.00
22:20:19       3    2.00    0.00    2.00    0.00    0.00    0.00    0.00    0.00    0.00   96.00

22:20:19     CPU    %usr   %nice    %sys %iowait    %irq   %soft  %steal  %guest  %gnice   %idle
22:20:20     all   28.31    0.00   24.94    0.00    0.00    0.52    0.00    0.00    0.00   46.23
22:20:20       0    1.15    0.00    3.45    0.00    0.00    2.30    0.00    0.00    0.00   93.10
22:20:20       1    8.08    0.00   91.92    0.00    0.00    0.00    0.00    0.00    0.00    0.00
22:20:20       2  100.00    0.00    0.00    0.00    0.00    0.00    0.00    0.00    0.00    0.00
22:20:20       3    0.00    0.00    2.02    0.00    0.00    0.00    0.00    0.00    0.00   97.98

22:20:20     CPU    %usr   %nice    %sys %iowait    %irq   %soft  %steal  %guest  %gnice   %idle
22:20:21     all   28.12    0.00   25.52    0.00    0.00    0.52    0.00    0.00    0.00   45.83
22:20:21       0    1.18    0.00    2.35    0.00    0.00    2.35    0.00    0.00    0.00   94.12
22:20:21       1    6.00    0.00   94.00    0.00    0.00    0.00    0.00    0.00    0.00    0.00
22:20:21       2  100.00    0.00    0.00    0.00    0.00    0.00    0.00    0.00    0.00    0.00
22:20:21       3    1.01    0.00    2.02    0.00    0.00    0.00    0.00    0.00    0.00   96.97

22:20:21     CPU    %usr   %nice    %sys %iowait    %irq   %soft  %steal  %guest  %gnice   %idle
22:20:22     all   28.53    0.00   25.19    0.00    0.00    0.51    0.00    0.00    0.00   45.76
22:20:22       0    2.27    0.00    3.41    0.00    0.00    2.27    0.00    0.00    0.00   92.05
22:20:22       1    8.00    0.00   92.00    0.00    0.00    0.00    0.00    0.00    0.00    0.00
22:20:22       2  100.00    0.00    0.00    0.00    0.00    0.00    0.00    0.00    0.00    0.00
22:20:22       3    0.99    0.00    2.97    0.00    0.00    0.00    0.00    0.00    0.00   96.04

22:20:22     CPU    %usr   %nice    %sys %iowait    %irq   %soft  %steal  %guest  %gnice   %idle
22:20:23     all   28.31    0.00   25.19    0.00    0.00    0.78    0.00    0.00    0.00   45.71
22:20:23       0    1.18    0.00    2.35    0.00    0.00    2.35    0.00    0.00    0.00   94.12
22:20:23       1    6.93    0.00   92.08    0.00    0.00    0.99    0.00    0.00    0.00    0.00
22:20:23       2  100.00    0.00    0.00    0.00    0.00    0.00    0.00    0.00    0.00    0.00
22:20:23       3    1.01    0.00    2.02    0.00    0.00    0.00    0.00    0.00    0.00   96.97

22:20:23     CPU    %usr   %nice    %sys %iowait    %irq   %soft  %steal  %guest  %gnice   %idle
22:20:24     all   27.51    0.00   25.96    0.00    0.00    0.77    0.00    0.00    0.00   45.76
22:20:24       0    1.12    0.00    3.37    0.00    0.00    3.37    0.00    0.00    0.00   92.13
22:20:24       1    5.00    0.00   95.00    0.00    0.00    0.00    0.00    0.00    0.00    0.00
22:20:24       2  100.00    0.00    0.00    0.00    0.00    0.00    0.00    0.00    0.00    0.00
22:20:24       3    1.00    0.00    3.00    0.00    0.00    0.00    0.00    0.00    0.00   96.00

22:20:24     CPU    %usr   %nice    %sys %iowait    %irq   %soft  %steal  %guest  %gnice   %idle
22:20:25     all   28.28    0.00   25.45    0.00    0.00    0.77    0.00    0.00    0.00   45.50
22:20:25       0    1.14    0.00    3.41    0.00    0.00    3.41    0.00    0.00    0.00   92.05
22:20:25       1    7.00    0.00   93.00    0.00    0.00    0.00    0.00    0.00    0.00    0.00
22:20:25       2  100.00    0.00    0.00    0.00    0.00    0.00    0.00    0.00    0.00    0.00
22:20:25       3    1.98    0.00    2.97    0.00    0.00    0.00    0.00    0.00    0.00   95.05

22:20:25     CPU    %usr   %nice    %sys %iowait    %irq   %soft  %steal  %guest  %gnice   %idle
22:20:26     all   28.24    0.00   25.13    0.00    0.00    0.78    0.00    0.00    0.00   45.85
22:20:26       0    1.15    0.00    2.30    0.00    0.00    3.45    0.00    0.00    0.00   93.10
22:20:26       1    7.00    0.00   93.00    0.00    0.00    0.00    0.00    0.00    0.00    0.00
22:20:26       2  100.00    0.00    0.00    0.00    0.00    0.00    0.00    0.00    0.00    0.00
22:20:26       3    1.01    0.00    2.02    0.00    0.00    0.00    0.00    0.00    0.00   96.97

22:20:26     CPU    %usr   %nice    %sys %iowait    %irq   %soft  %steal  %guest  %gnice   %idle
22:20:27     all   27.98    0.00   25.65    0.00    0.00    0.52    0.00    0.00    0.00   45.85
22:20:27       0    1.16    0.00    2.33    0.00    0.00    2.33    0.00    0.00    0.00   94.19
22:20:27       1    6.00    0.00   94.00    0.00    0.00    0.00    0.00    0.00    0.00    0.00
22:20:27       2  100.00    0.00    0.00    0.00    0.00    0.00    0.00    0.00    0.00    0.00
22:20:27       3    1.00    0.00    3.00    0.00    0.00    0.00    0.00    0.00    0.00   96.00

22:20:27     CPU    %usr   %nice    %sys %iowait    %irq   %soft  %steal  %guest  %gnice   %idle
22:20:28     all   28.17    0.00   25.06    0.26    0.00    0.78    0.00    0.00    0.00   45.74
22:20:28       0    1.12    0.00    3.37    1.12    0.00    3.37    0.00    0.00    0.00   91.01
22:20:28       1    7.07    0.00   92.93    0.00    0.00    0.00    0.00    0.00    0.00    0.00
22:20:28       2  100.00    0.00    0.00    0.00    0.00    0.00    0.00    0.00    0.00    0.00
22:20:28       3    1.01    0.00    2.02    0.00    0.00    0.00    0.00    0.00    0.00   96.97

22:20:28     CPU    %usr   %nice    %sys %iowait    %irq   %soft  %steal  %guest  %gnice   %idle
22:20:29     all   28.61    0.00   24.74    0.00    0.00    0.77    0.00    0.00    0.00   45.88
22:20:29       0    1.15    0.00    2.30    0.00    0.00    2.30    0.00    0.00    0.00   94.25
22:20:29       1    8.91    0.00   90.10    0.00    0.00    0.99    0.00    0.00    0.00    0.00
22:20:29       2  100.00    0.00    0.00    0.00    0.00    0.00    0.00    0.00    0.00    0.00
22:20:29       3    1.00    0.00    3.00    0.00    0.00    0.00    0.00    0.00    0.00   96.00

22:20:29     CPU    %usr   %nice    %sys %iowait    %irq   %soft  %steal  %guest  %gnice   %idle
22:20:30     all   28.31    0.00   24.68    0.00    0.00    0.26    0.00    0.00    0.00   46.75
22:20:30       0    0.00    0.00    1.18    0.00    0.00    1.18    0.00    0.00    0.00   97.65
22:20:30       1    8.00    0.00   92.00    0.00    0.00    0.00    0.00    0.00    0.00    0.00
22:20:30       2  100.00    0.00    0.00    0.00    0.00    0.00    0.00    0.00    0.00    0.00
22:20:30       3    1.00    0.00    2.00    0.00    0.00    0.00    0.00    0.00    0.00   97.00

22:20:30     CPU    %usr   %nice    %sys %iowait    %irq   %soft  %steal  %guest  %gnice   %idle
22:20:31     all   28.09    0.00   25.00    0.00    0.00    0.52    0.00    0.00    0.00   46.39
22:20:31       0    1.15    0.00    1.15    0.00    0.00    2.30    0.00    0.00    0.00   95.40
22:20:31       1    6.00    0.00   94.00    0.00    0.00    0.00    0.00    0.00    0.00    0.00
22:20:31       2  100.00    0.00    0.00    0.00    0.00    0.00    0.00    0.00    0.00    0.00
22:20:31       3    1.98    0.00    1.98    0.00    0.00    0.00    0.00    0.00    0.00   96.04

22:20:31     CPU    %usr   %nice    %sys %iowait    %irq   %soft  %steal  %guest  %gnice   %idle
22:20:32     all   28.50    0.00   24.61    0.00    0.00    0.78    0.00    0.00    0.00   46.11
22:20:32       0    0.00    0.00    3.41    0.00    0.00    3.41    0.00    0.00    0.00   93.18
22:20:32       1    9.09    0.00   90.91    0.00    0.00    0.00    0.00    0.00    0.00    0.00
22:20:32       2  100.00    0.00    0.00    0.00    0.00    0.00    0.00    0.00    0.00    0.00
22:20:32       3    1.01    0.00    2.02    0.00    0.00    0.00    0.00    0.00    0.00   96.97

22:20:32     CPU    %usr   %nice    %sys %iowait    %irq   %soft  %steal  %guest  %gnice   %idle
22:20:33     all   28.05    0.00   25.45    0.00    0.00    0.52    0.00    0.00    0.00   45.97
22:20:33       0    1.16    0.00    2.33    0.00    0.00    2.33    0.00    0.00    0.00   94.19
22:20:33       1    6.00    0.00   94.00    0.00    0.00    0.00    0.00    0.00    0.00    0.00
22:20:33       2  100.00    0.00    0.00    0.00    0.00    0.00    0.00    0.00    0.00    0.00
22:20:33       3    1.01    0.00    2.02    0.00    0.00    0.00    0.00    0.00    0.00   96.97

22:20:33     CPU    %usr   %nice    %sys %iowait    %irq   %soft  %steal  %guest  %gnice   %idle
22:20:34     all   28.28    0.00   25.19    0.00    0.00    0.77    0.00    0.00    0.00   45.76
22:20:34       0    1.14    0.00    2.27    0.00    0.00    3.41    0.00    0.00    0.00   93.18
22:20:34       1    8.00    0.00   92.00    0.00    0.00    0.00    0.00    0.00    0.00    0.00
22:20:34       2  100.00    0.00    0.00    0.00    0.00    0.00    0.00    0.00    0.00    0.00
22:20:34       3    0.99    0.00    3.96    0.00    0.00    0.00    0.00    0.00    0.00   95.05

22:20:34     CPU    %usr   %nice    %sys %iowait    %irq   %soft  %steal  %guest  %gnice   %idle
22:20:35     all   28.76    0.00   24.61    0.00    0.00    0.78    0.00    0.00    0.00   45.85
22:20:35       0    2.33    0.00    1.16    0.00    0.00    2.33    0.00    0.00    0.00   94.19
22:20:35       1    7.92    0.00   91.09    0.00    0.00    0.99    0.00    0.00    0.00    0.00
22:20:35       2  100.00    0.00    0.00    0.00    0.00    0.00    0.00    0.00    0.00    0.00
22:20:35       3    1.01    0.00    2.02    0.00    0.00    0.00    0.00    0.00    0.00   96.97

22:20:35     CPU    %usr   %nice    %sys %iowait    %irq   %soft  %steal  %guest  %gnice   %idle
22:20:36     all   28.68    0.00   24.81    0.00    0.00    0.52    0.00    0.00    0.00   45.99
22:20:36       0    1.15    0.00    2.30    0.00    0.00    2.30    0.00    0.00    0.00   94.25
22:20:36       1    9.00    0.00   91.00    0.00    0.00    0.00    0.00    0.00    0.00    0.00
22:20:36       2  100.00    0.00    0.00    0.00    0.00    0.00    0.00    0.00    0.00    0.00
22:20:36       3    1.00    0.00    3.00    0.00    0.00    0.00    0.00    0.00    0.00   96.00

22:20:36     CPU    %usr   %nice    %sys %iowait    %irq   %soft  %steal  %guest  %gnice   %idle
22:20:37     all   28.24    0.00   25.13    0.00    0.00    0.52    0.00    0.00    0.00   46.11
22:20:37       0    0.00    0.00    2.33    0.00    0.00    2.33    0.00    0.00    0.00   95.35
22:20:37       1    7.07    0.00   92.93    0.00    0.00    0.00    0.00    0.00    0.00    0.00
22:20:37       2  100.00    0.00    0.00    0.00    0.00    0.00    0.00    0.00    0.00    0.00
22:20:37       3    1.98    0.00    2.97    0.00    0.00    0.00    0.00    0.00    0.00   95.05

22:20:37     CPU    %usr   %nice    %sys %iowait    %irq   %soft  %steal  %guest  %gnice   %idle
22:20:38     all   28.17    0.00   25.32    0.00    0.00    0.78    0.00    0.00    0.00   45.74
22:20:38       0    2.30    0.00    2.30    0.00    0.00    2.30    0.00    0.00    0.00   93.10
22:20:38       1    5.94    0.00   93.07    0.00    0.00    0.99    0.00    0.00    0.00    0.00
22:20:38       2  100.00    0.00    0.00    0.00    0.00    0.00    0.00    0.00    0.00    0.00
22:20:38       3    1.01    0.00    2.02    0.00    0.00    0.00    0.00    0.00    0.00   96.97

22:20:38     CPU    %usr   %nice    %sys %iowait    %irq   %soft  %steal  %guest  %gnice   %idle
22:20:39     all   28.50    0.00   24.87    0.00    0.00    0.52    0.00    0.00    0.00   46.11
22:20:39       0    1.16    0.00    2.33    0.00    0.00    2.33    0.00    0.00    0.00   94.19
22:20:39       1    8.00    0.00   92.00    0.00    0.00    0.00    0.00    0.00    0.00    0.00
22:20:39       2  100.00    0.00    0.00    0.00    0.00    0.00    0.00    0.00    0.00    0.00
22:20:39       3    1.00    0.00    2.00    0.00    0.00    0.00    0.00    0.00    0.00   97.00

22:20:39     CPU    %usr   %nice    %sys %iowait    %irq   %soft  %steal  %guest  %gnice   %idle
22:20:40     all   28.50    0.00   25.39    0.00    0.00    0.26    0.00    0.00    0.00   45.85
22:20:40       0    2.30    0.00    3.45    0.00    0.00    1.15    0.00    0.00    0.00   93.10
22:20:40       1    7.00    0.00   93.00    0.00    0.00    0.00    0.00    0.00    0.00    0.00
22:20:40       2  100.00    0.00    0.00    0.00    0.00    0.00    0.00    0.00    0.00    0.00
22:20:40       3    1.01    0.00    2.02    0.00    0.00    0.00    0.00    0.00    0.00   96.97

22:20:40     CPU    %usr   %nice    %sys %iowait    %irq   %soft  %steal  %guest  %gnice   %idle
22:20:41     all   27.98    0.00   25.39    0.00    0.00    0.52    0.00    0.00    0.00   46.11
22:20:41       0    0.00    0.00    2.33    0.00    0.00    2.33    0.00    0.00    0.00   95.35
22:20:41       1    7.00    0.00   93.00    0.00    0.00    0.00    0.00    0.00    0.00    0.00
22:20:41       2  100.00    0.00    0.00    0.00    0.00    0.00    0.00    0.00    0.00    0.00
22:20:41       3    1.00    0.00    3.00    0.00    0.00    0.00    0.00    0.00    0.00   96.00

22:20:41     CPU    %usr   %nice    %sys %iowait    %irq   %soft  %steal  %guest  %gnice   %idle
22:20:42     all   28.35    0.00   25.26    0.00    0.00    0.52    0.00    0.00    0.00   45.88
22:20:42       0    1.15    0.00    3.45    0.00    0.00    2.30    0.00    0.00    0.00   93.10
22:20:42       1    7.07    0.00   92.93    0.00    0.00    0.00    0.00    0.00    0.00    0.00
22:20:42       2  100.00    0.00    0.00    0.00    0.00    0.00    0.00    0.00    0.00    0.00
22:20:42       3    1.96    0.00    2.94    0.00    0.00    0.00    0.00    0.00    0.00   95.10

22:20:42     CPU    %usr   %nice    %sys %iowait    %irq   %soft  %steal  %guest  %gnice   %idle
22:20:43     all   28.57    0.00   24.68    0.00    0.00    0.78    0.00    0.00    0.00   45.97
22:20:43       0    1.16    0.00    2.33    0.00    0.00    2.33    0.00    0.00    0.00   94.19
22:20:43       1    8.00    0.00   91.00    0.00    0.00    1.00    0.00    0.00    0.00    0.00
22:20:43       2  100.00    0.00    0.00    0.00    0.00    0.00    0.00    0.00    0.00    0.00
22:20:43       3    1.01    0.00    2.02    0.00    0.00    0.00    0.00    0.00    0.00   96.97

22:20:43     CPU    %usr   %nice    %sys %iowait    %irq   %soft  %steal  %guest  %gnice   %idle
22:20:44     all   28.09    0.00   25.52    0.00    0.00    0.52    0.00    0.00    0.00   45.88
22:20:44       0    1.15    0.00    2.30    0.00    0.00    2.30    0.00    0.00    0.00   94.25
22:20:44       1    6.93    0.00   93.07    0.00    0.00    0.00    0.00    0.00    0.00    0.00
22:20:44       2  100.00    0.00    0.00    0.00    0.00    0.00    0.00    0.00    0.00    0.00
22:20:44       3    1.00    0.00    3.00    0.00    0.00    0.00    0.00    0.00    0.00   96.00

22:20:44     CPU    %usr   %nice    %sys %iowait    %irq   %soft  %steal  %guest  %gnice   %idle
22:20:45     all   28.17    0.00   25.32    0.00    0.00    0.78    0.00    0.00    0.00   45.74
22:20:45       0    2.30    0.00    2.30    0.00    0.00    2.30    0.00    0.00    0.00   93.10
22:20:45       1    6.00    0.00   93.00    0.00    0.00    1.00    0.00    0.00    0.00    0.00
22:20:45       2  100.00    0.00    0.00    0.00    0.00    0.00    0.00    0.00    0.00    0.00
22:20:45       3    1.00    0.00    3.00    0.00    0.00    0.00    0.00    0.00    0.00   96.00

22:20:45     CPU    %usr   %nice    %sys %iowait    %irq   %soft  %steal  %guest  %gnice   %idle
22:20:46     all   28.17    0.00   24.81    0.00    0.00    1.03    0.00    0.00    0.00   45.99
22:20:46       0    0.00    0.00    2.27    0.00    0.00    4.55    0.00    0.00    0.00   93.18
22:20:46       1    8.00    0.00   92.00    0.00    0.00    0.00    0.00    0.00    0.00    0.00
22:20:46       2  100.00    0.00    0.00    0.00    0.00    0.00    0.00    0.00    0.00    0.00
22:20:46       3    1.01    0.00    2.02    0.00    0.00    0.00    0.00    0.00    0.00   96.97

22:20:46     CPU    %usr   %nice    %sys %iowait    %irq   %soft  %steal  %guest  %gnice   %idle
22:20:47     all   28.09    0.00   25.26    0.00    0.00    0.77    0.00    0.00    0.00   45.88
22:20:47       0    2.27    0.00    2.27    0.00    0.00    2.27    0.00    0.00    0.00   93.18
22:20:47       1    6.00    0.00   93.00    0.00    0.00    1.00    0.00    0.00    0.00    0.00
22:20:47       2  100.00    0.00    0.00    0.00    0.00    0.00    0.00    0.00    0.00    0.00
22:20:47       3    1.00    0.00    3.00    0.00    0.00    0.00    0.00    0.00    0.00   96.00

22:20:47     CPU    %usr   %nice    %sys %iowait    %irq   %soft  %steal  %guest  %gnice   %idle
22:20:48     all   28.50    0.00   25.13    0.00    0.00    0.52    0.00    0.00    0.00   45.85
22:20:48       0    1.16    0.00    2.33    0.00    0.00    2.33    0.00    0.00    0.00   94.19
22:20:48       1    8.00    0.00   92.00    0.00    0.00    0.00    0.00    0.00    0.00    0.00
22:20:48       2  100.00    0.00    0.00    0.00    0.00    0.00    0.00    0.00    0.00    0.00
22:20:48       3    1.00    0.00    3.00    0.00    0.00    0.00    0.00    0.00    0.00   96.00

22:20:48     CPU    %usr   %nice    %sys %iowait    %irq   %soft  %steal  %guest  %gnice   %idle
22:20:49     all   28.53    0.00   24.94    0.00    0.00    0.77    0.00    0.00    0.00   45.76
22:20:49       0    2.25    0.00    2.25    0.00    0.00    3.37    0.00    0.00    0.00   92.13
22:20:49       1    7.07    0.00   92.93    0.00    0.00    0.00    0.00    0.00    0.00    0.00
22:20:49       2  100.00    0.00    0.00    0.00    0.00    0.00    0.00    0.00    0.00    0.00
22:20:49       3    1.98    0.00    2.97    0.00    0.00    0.00    0.00    0.00    0.00   95.05

22:20:49     CPU    %usr   %nice    %sys %iowait    %irq   %soft  %steal  %guest  %gnice   %idle
22:20:50     all   28.65    0.00   25.00    0.00    0.00    0.26    0.00    0.00    0.00   46.09
22:20:50       0    1.18    0.00    2.35    0.00    0.00    1.18    0.00    0.00    0.00   95.29
22:20:50       1    8.00    0.00   92.00    0.00    0.00    0.00    0.00    0.00    0.00    0.00
22:20:50       2  100.00    0.00    0.00    0.00    0.00    0.00    0.00    0.00    0.00    0.00
22:20:50       3    1.01    0.00    2.02    0.00    0.00    0.00    0.00    0.00    0.00   96.97

22:20:50     CPU    %usr   %nice    %sys %iowait    %irq   %soft  %steal  %guest  %gnice   %idle
22:20:51     all   28.61    0.00   24.74    0.00    0.00    0.77    0.00    0.00    0.00   45.88
22:20:51       0    1.14    0.00    2.27    0.00    0.00    3.41    0.00    0.00    0.00   93.18
22:20:51       1    9.00    0.00   91.00    0.00    0.00    0.00    0.00    0.00    0.00    0.00
22:20:51       2  100.00    0.00    0.00    0.00    0.00    0.00    0.00    0.00    0.00    0.00
22:20:51       3    1.00    0.00    3.00    0.00    0.00    0.00    0.00    0.00    0.00   96.00

22:20:51     CPU    %usr   %nice    %sys %iowait    %irq   %soft  %steal  %guest  %gnice   %idle
22:20:52     all   28.42    0.00   25.32    0.00    0.00    0.52    0.00    0.00    0.00   45.74
22:20:52       0    1.16    0.00    2.33    0.00    0.00    1.16    0.00    0.00    0.00   95.35
22:20:52       1    6.93    0.00   92.08    0.00    0.00    0.99    0.00    0.00    0.00    0.00
22:20:52       2  100.00    0.00    0.00    0.00    0.00    0.00    0.00    0.00    0.00    0.00
22:20:52       3    2.00    0.00    3.00    0.00    0.00    0.00    0.00    0.00    0.00   95.00

22:20:52     CPU    %usr   %nice    %sys %iowait    %irq   %soft  %steal  %guest  %gnice   %idle
22:20:53     all   28.46    0.00   24.87    0.51    0.00    0.51    0.00    0.00    0.00   45.64
22:20:53       0    2.25    0.00    3.37    1.12    0.00    2.25    0.00    0.00    0.00   91.01
22:20:53       1    8.00    0.00   92.00    0.00    0.00    0.00    0.00    0.00    0.00    0.00
22:20:53       2  100.00    0.00    0.00    0.00    0.00    0.00    0.00    0.00    0.00    0.00
22:20:53       3    0.99    0.00    1.98    0.99    0.00    0.00    0.00    0.00    0.00   96.04

22:20:53     CPU    %usr   %nice    %sys %iowait    %irq   %soft  %steal  %guest  %gnice   %idle
22:20:54     all   28.24    0.00   25.39    0.00    0.00    0.52    0.00    0.00    0.00   45.85
22:20:54       0    1.16    0.00    3.49    0.00    0.00    2.33    0.00    0.00    0.00   93.02
22:20:54       1    7.00    0.00   93.00    0.00    0.00    0.00    0.00    0.00    0.00    0.00
22:20:54       2  100.00    0.00    0.00    0.00    0.00    0.00    0.00    0.00    0.00    0.00
22:20:54       3    1.00    0.00    2.00    0.00    0.00    0.00    0.00    0.00    0.00   97.00

22:20:54     CPU    %usr   %nice    %sys %iowait    %irq   %soft  %steal  %guest  %gnice   %idle
22:20:55     all   27.98    0.00   25.13    0.00    0.00    0.78    0.00    0.00    0.00   46.11
22:20:55       0    0.00    0.00    2.33    0.00    0.00    2.33    0.00    0.00    0.00   95.35
22:20:55       1    7.00    0.00   92.00    0.00    0.00    1.00    0.00    0.00    0.00    0.00
22:20:55       2  100.00    0.00    0.00    0.00    0.00    0.00    0.00    0.00    0.00    0.00
22:20:55       3    1.00    0.00    3.00    0.00    0.00    0.00    0.00    0.00    0.00   96.00

22:20:55     CPU    %usr   %nice    %sys %iowait    %irq   %soft  %steal  %guest  %gnice   %idle
22:20:56     all   27.84    0.00   25.52    0.00    0.00    0.52    0.00    0.00    0.00   46.13
22:20:56       0    1.14    0.00    3.41    0.00    0.00    2.27    0.00    0.00    0.00   93.18
22:20:56       1    6.00    0.00   94.00    0.00    0.00    0.00    0.00    0.00    0.00    0.00
22:20:56       2  100.00    0.00    0.00    0.00    0.00    0.00    0.00    0.00    0.00    0.00
22:20:56       3    1.00    0.00    2.00    0.00    0.00    0.00    0.00    0.00    0.00   97.00

22:20:56     CPU    %usr   %nice    %sys %iowait    %irq   %soft  %steal  %guest  %gnice   %idle
22:20:57     all   28.05    0.00   24.42    0.00    0.00    0.52    0.00    0.00    0.00   47.01
22:20:57       0    1.15    0.00    1.15    0.00    0.00    2.30    0.00    0.00    0.00   95.40
22:20:57       1    7.07    0.00   92.93    0.00    0.00    0.00    0.00    0.00    0.00    0.00
22:20:57       2  100.00    0.00    0.00    0.00    0.00    0.00    0.00    0.00    0.00    0.00
22:20:57       3    0.00    0.00    1.01    0.00    0.00    0.00    0.00    0.00    0.00   98.99

22:20:57     CPU    %usr   %nice    %sys %iowait    %irq   %soft  %steal  %guest  %gnice   %idle
22:20:58     all   28.05    0.00   25.45    0.00    0.00    0.26    0.00    0.00    0.00   46.23
22:20:58       0    1.18    0.00    2.35    0.00    0.00    1.18    0.00    0.00    0.00   95.29
22:20:58       1    6.00    0.00   94.00    0.00    0.00    0.00    0.00    0.00    0.00    0.00
22:20:58       2  100.00    0.00    0.00    0.00    0.00    0.00    0.00    0.00    0.00    0.00
22:20:58       3    1.00    0.00    2.00    0.00    0.00    0.00    0.00    0.00    0.00   97.00

22:20:58     CPU    %usr   %nice    %sys %iowait    %irq   %soft  %steal  %guest  %gnice   %idle
22:20:59     all   28.17    0.00   25.58    0.00    0.00    0.78    0.00    0.00    0.00   45.48
22:20:59       0    1.16    0.00    3.49    0.00    0.00    2.33    0.00    0.00    0.00   93.02
22:20:59       1    6.93    0.00   92.08    0.00    0.00    0.99    0.00    0.00    0.00    0.00
22:20:59       2  100.00    0.00    0.00    0.00    0.00    0.00    0.00    0.00    0.00    0.00
22:20:59       3    1.00    0.00    3.00    0.00    0.00    0.00    0.00    0.00    0.00   96.00

22:20:59     CPU    %usr   %nice    %sys %iowait    %irq   %soft  %steal  %guest  %gnice   %idle
22:21:00     all   28.50    0.00   25.13    0.00    0.00    0.52    0.00    0.00    0.00   45.85
22:21:00       0    2.30    0.00    3.45    0.00    0.00    2.30    0.00    0.00    0.00   91.95
22:21:00       1    7.07    0.00   92.93    0.00    0.00    0.00    0.00    0.00    0.00    0.00
22:21:00       2  100.00    0.00    0.00    0.00    0.00    0.00    0.00    0.00    0.00    0.00
22:21:00       3    1.00    0.00    2.00    0.00    0.00    0.00    0.00    0.00    0.00   97.00

22:21:00     CPU    %usr   %nice    %sys %iowait    %irq   %soft  %steal  %guest  %gnice   %idle
22:21:01     all   27.98    0.00   25.65    0.00    0.00    0.52    0.00    0.00    0.00   45.85
22:21:01       0    0.00    0.00    2.35    0.00    0.00    2.35    0.00    0.00    0.00   95.29
22:21:01       1    6.93    0.00   93.07    0.00    0.00    0.00    0.00    0.00    0.00    0.00
22:21:01       2  100.00    0.00    0.00    0.00    0.00    0.00    0.00    0.00    0.00    0.00
22:21:01       3    1.00    0.00    3.00    0.00    0.00    0.00    0.00    0.00    0.00   96.00

22:21:01     CPU    %usr   %nice    %sys %iowait    %irq   %soft  %steal  %guest  %gnice   %idle
22:21:02     all   27.84    0.00   25.52    0.00    0.00    1.03    0.00    0.00    0.00   45.62
22:21:02       0    2.27    0.00    3.41    0.00    0.00    3.41    0.00    0.00    0.00   90.91
22:21:02       1    5.00    0.00   94.00    0.00    0.00    1.00    0.00    0.00    0.00    0.00
22:21:02       2  100.00    0.00    0.00    0.00    0.00    0.00    0.00    0.00    0.00    0.00
22:21:02       3    1.00    0.00    2.00    0.00    0.00    0.00    0.00    0.00    0.00   97.00

22:21:02     CPU    %usr   %nice    %sys %iowait    %irq   %soft  %steal  %guest  %gnice   %idle
22:21:03     all   28.12    0.00   25.78    0.00    0.00    0.26    0.00    0.00    0.00   45.83
22:21:03       0    1.19    0.00    2.38    0.00    0.00    1.19    0.00    0.00    0.00   95.24
22:21:03       1    6.00    0.00   94.00    0.00    0.00    0.00    0.00    0.00    0.00    0.00
22:21:03       2  100.00    0.00    0.00    0.00    0.00    0.00    0.00    0.00    0.00    0.00
22:21:03       3    1.00    0.00    3.00    0.00    0.00    0.00    0.00    0.00    0.00   96.00

22:21:03     CPU    %usr   %nice    %sys %iowait    %irq   %soft  %steal  %guest  %gnice   %idle
22:21:04     all   28.17    0.00   25.32    0.00    0.00    0.52    0.00    0.00    0.00   45.99
22:21:04       0    1.15    0.00    3.45    0.00    0.00    2.30    0.00    0.00    0.00   93.10
22:21:04       1    7.00    0.00   93.00    0.00    0.00    0.00    0.00    0.00    0.00    0.00
22:21:04       2  100.00    0.00    0.00    0.00    0.00    0.00    0.00    0.00    0.00    0.00
22:21:04       3    1.00    0.00    2.00    0.00    0.00    0.00    0.00    0.00    0.00   97.00

22:21:04     CPU    %usr   %nice    %sys %iowait    %irq   %soft  %steal  %guest  %gnice   %idle
22:21:05     all   28.53    0.00   25.19    0.00    0.00    1.03    0.00    0.00    0.00   45.24
22:21:05       0    2.27    0.00    2.27    0.00    0.00    4.55    0.00    0.00    0.00   90.91
22:21:05       1    7.00    0.00   93.00    0.00    0.00    0.00    0.00    0.00    0.00    0.00
22:21:05       2  100.00    0.00    0.00    0.00    0.00    0.00    0.00    0.00    0.00    0.00
22:21:05       3    1.98    0.00    2.97    0.00    0.00    0.00    0.00    0.00    0.00   95.05

22:21:05     CPU    %usr   %nice    %sys %iowait    %irq   %soft  %steal  %guest  %gnice   %idle
22:21:06     all   28.20    0.00   25.33    0.00    0.00    0.26    0.00    0.00    0.00   46.21
22:21:06       0    1.16    0.00    3.49    0.00    0.00    1.16    0.00    0.00    0.00   94.19
22:21:06       1    7.07    0.00   92.93    0.00    0.00    0.00    0.00    0.00    0.00    0.00
22:21:06       2  100.00    0.00    0.00    0.00    0.00    0.00    0.00    0.00    0.00    0.00
22:21:06       3    0.00    0.00    2.04    0.00    0.00    0.00    0.00    0.00    0.00   97.96

22:21:06     CPU    %usr   %nice    %sys %iowait    %irq   %soft  %steal  %guest  %gnice   %idle
22:21:07     all   27.65    0.00   24.03    0.00    0.00    0.78    0.00    0.00    0.00   47.55
22:21:07       0    0.00    0.00    0.00    0.00    0.00    2.33    0.00    0.00    0.00   97.67
22:21:07       1    6.93    0.00   92.08    0.00    0.00    0.99    0.00    0.00    0.00    0.00
22:21:07       2  100.00    0.00    0.00    0.00    0.00    0.00    0.00    0.00    0.00    0.00
22:21:07       3    0.00    0.00    0.00    0.00    0.00    0.00    0.00    0.00    0.00  100.00

Average:     CPU    %usr   %nice    %sys %iowait    %irq   %soft  %steal  %guest  %gnice   %idle
Average:     all   28.19    0.00   24.85    0.02    0.00    0.48    0.00    0.00    0.00   46.46
Average:       0    1.17    0.00    2.41    0.05    0.00    1.88    0.00    0.00    0.00   94.49
Average:       1    7.63    0.00   92.17    0.00    0.00    0.20    0.00    0.00    0.00    0.00
Average:       2   99.98    0.00    0.02    0.00    0.00    0.00    0.00    0.00    0.00    0.00
Average:       3    1.08    0.00    2.42    0.02    0.00    0.00    0.00    0.00    0.00   96.49
