# timestamp cpu_some_avg10 cpu_some_avg60 cpu_full_avg10 cpu_full_avg60 mem_some_avg10 mem_some_avg60 mem_full_avg10 mem_full_avg60 io_some_avg10 io_some_avg60 io_full_avg10 io_full_avg60
1776799202.755630521 .. .. .. .. .. ..
1776799203.793162661 .. .. .. .. .. ..
1776799204.826551028 .8.3 .. .. .. ..5 ..5
1776799205.859252376 .8.3 .. .. .. ..5 ..5
1776799206.891611777 .4.3 .. .. .. ..5 ..5
1776799207.924591403 .4.3 .. .. .. ..5 ..5
1776799208.957605918 .2.2 .. .. .. ..5 ..5
1776799209.991348805 .2.2 .. .. .. ..5 ..5
1776799211.024831821 .9.2 .. .. .. ..5 ..5
1776799212.057084464 .9.2 .. .. .. ..5 ..5
1776799213.090483202 .8.2 .. .. .. ..5 ..5
1776799214.123437105 ..2 .. .. .. ..4 ..4
1776799215.156022767 ..2 .. .. .. ..4 ..4
1776799216.189525061 .5.2 .. .. .. ..4 ..4
1776799217.226412254 .5.2 .. .. .. ..4 ..4
1776799218.265601657 .4.2 .. .. .. ..4 ..4
1776799219.303129259 .4.2 .. .. .. ..4 ..4
1776799220.341023066 .3.2 .. .. .. ..4 ..4
1776799221.380725952 .3.2 .. .. .. ..4 ..4
1776799222.420488598 .2.2 .. .. .. ..4 ..4
1776799223.463461049 .2.2 .. .. .. ..4 ..4
1776799224.504804829 .2.2 .. .. .. ..4 ..4
1776799225.543145803 .2.2 .. .. .. ..4 ..4
1776799226.581413963 ..2 .. .. .. ..3 ..3
1776799227.624435563 ..2 .. .. .. ..3 ..3
1776799228.662246906 ..2 .. .. .. ..3 ..3
1776799229.700722289 ..2 .. .. .. ..3 ..3
1776799230.740662861 .. .. .. .. ..3 ..3
1776799231.778619705 .. .. .. .. ..3 ..3
1776799232.816398123 .. .. .. .. ..3 ..3
1776799233.855256154 .. .. .. .. ..3 ..3
1776799234.893377203 .. .. .. .. ..3 ..3
1776799235.935375855 .. .. .. .. ..3 ..3
1776799236.975545983 .. .. .. .. ..3 ..3
1776799238.013764050 .. .. .. .. ..3 ..3
1776799239.052466100 .. .. .. .. ..3 ..3
1776799240.096306869 .. .. .. .. ..3 ..2
1776799241.134647769 .. .. .. .. ..2 ..2
1776799242.180852934 .. .. .. .. ..2 ..2
1776799243.222651419 .. .. .. .. ..2 ..2
1776799244.260855763 .. .. .. .. ..2 ..2
1776799245.299374776 .. .. .. .. ..2 ..2
1776799246.338838235 .. .. .. .. ..2 ..2
1776799247.378895900 .. .. .. .. ..2 ..2
1776799248.416879059 .. .. .. .. ..2 ..2
1776799249.456081092 .. .. .. .. ..2 ..2
1776799250.494715494 .. .. .. .. ..2 ..2
1776799251.533095543 .. .. .. .. ..2 ..2
1776799252.570765090 .. .. .. .. ..2 ..2
1776799253.608801675 .. .. .. .. ..2 ..2
1776799254.650843771 .. .. .. .. ..2 ..2
1776799255.690126434 .. .. .. .. ..2 ..2
1776799256.729798190 .. .. .. .. ..2 ..2
1776799257.769349317 .. .. .. .. ..2 ..2
1776799258.807646347 .. .. .. .. ..2 ..2
1776799259.846883602 .. .. .. .. ..2 ..2
1776799260.885258540 .. .. .. .. .. ..
1776799261.922632327 .. .. .. .. .. ..
1776799262.961031506 .. .. .. .. .. ..
1776799263.999650277 .. .. .. .. .. ..
1776799265.040144944 .. .. .. .. .. ..
1776799266.078873105 .. .. .. .. .. ..
